80.246.130.38 - - [23/Jun/2025:16:47:52 +0300] "POST /wp-admin/admin-ajax.php HTTP/1.0" 200 780 "https://dirata.co.il/wp-admin/post-new.php?post_type=apartment" "Mozilla/5.0 (Windows NT 10.0; Win64; x64) AppleWebKit/537.36 (KHTML, like Gecko) Chrome/137.0.0.0 Safari/537.36"
35.198.151.205 - - [23/Jun/2025:16:47:53 +0300] "POST /wp-admin/admin-ajax.php?action=async_litespeed&nonce=GihKOacma2E0xrMaAVgq0NsjRQc1xIVl&litespeed_type=imgoptm HTTP/1.0" 200 565 "-" "WordPress/6.7.2; https://dirata.co.il"
80.246.130.38 - - [23/Jun/2025:16:48:02 +0300] "POST /wp-admin/admin-ajax.php HTTP/1.0" 200 780 "https://dirata.co.il/wp-admin/post-new.php?post_type=apartment" "Mozilla/5.0 (Windows NT 10.0; Win64; x64) AppleWebKit/537.36 (KHTML, like Gecko) Chrome/137.0.0.0 Safari/537.36"
80.246.130.38 - - [23/Jun/2025:16:48:12 +0300] "POST /wp-admin/admin-ajax.php HTTP/1.0" 200 780 "https://dirata.co.il/wp-admin/post-new.php?post_type=apartment" "Mozilla/5.0 (Windows NT 10.0; Win64; x64) AppleWebKit/537.36 (KHTML, like Gecko) Chrome/137.0.0.0 Safari/537.36"
80.246.130.38 - - [23/Jun/2025:16:48:22 +0300] "POST /wp-admin/admin-ajax.php HTTP/1.0" 200 780 "https://dirata.co.il/wp-admin/post-new.php?post_type=apartment" "Mozilla/5.0 (Windows NT 10.0; Win64; x64) AppleWebKit/537.36 (KHTML, like Gecko) Chrome/137.0.0.0 Safari/537.36"
80.246.130.38 - - [23/Jun/2025:16:48:22 +0300] "POST /wp-admin/admin-ajax.php HTTP/1.0" 200 727 "https://dirata.co.il/wp-admin/post-new.php?post_type=apartment&wp-post-new-reload=true" "Mozilla/5.0 (Windows NT 10.0; Win64; x64) AppleWebKit/537.36 (KHTML, like Gecko) Chrome/137.0.0.0 Safari/537.36"
80.246.130.38 - - [23/Jun/2025:16:48:23 +0300] "POST /wp-admin/post.php HTTP/1.0" 302 1153 "https://dirata.co.il/wp-admin/post-new.php?post_type=apartment&wp-post-new-reload=true&wp-post-new-reload=true" "Mozilla/5.0 (Windows NT 10.0; Win64; x64) AppleWebKit/537.36 (KHTML, like Gecko) Chrome/137.0.0.0 Safari/537.36"
80.246.130.38 - - [23/Jun/2025:16:48:23 +0300] "GET /wp-admin/post.php?post=618&action=edit&message=6 HTTP/1.0" 200 580790 "https://dirata.co.il/wp-admin/post-new.php?post_type=apartment&wp-post-new-reload=true&wp-post-new-reload=true" "Mozilla/5.0 (Windows NT 10.0; Win64; x64) AppleWebKit/537.36 (KHTML, like Gecko) Chrome/137.0.0.0 Safari/537.36"
80.246.130.38 - - [23/Jun/2025:16:48:25 +0300] "GET /wp-admin/admin-ajax.php?action=oembed-cache&post=618 HTTP/1.0" 200 584 "https://dirata.co.il/wp-admin/post.php?post=618&action=edit" "Mozilla/5.0 (Windows NT 10.0; Win64; x64) AppleWebKit/537.36 (KHTML, like Gecko) Chrome/137.0.0.0 Safari/537.36"
80.246.130.38 - - [23/Jun/2025:16:48:27 +0300] "GET /wp-admin/edit.php?post_type=apartment HTTP/1.0" 200 220236 "https://dirata.co.il/wp-admin/post.php?post=618&action=edit" "Mozilla/5.0 (Windows NT 10.0; Win64; x64) AppleWebKit/537.36 (KHTML, like Gecko) Chrome/137.0.0.0 Safari/537.36"
80.246.130.38 - - [23/Jun/2025:16:48:28 +0300] "POST /wp-admin/admin-ajax.php HTTP/1.0" 200 675 "https://dirata.co.il/wp-admin/post.php?post=618&action=edit" "Mozilla/5.0 (Windows NT 10.0; Win64; x64) AppleWebKit/537.36 (KHTML, like Gecko) Chrome/137.0.0.0 Safari/537.36"
80.246.130.38 - - [23/Jun/2025:16:48:28 +0300] "POST /wp-admin/admin-ajax.php HTTP/1.0" 200 728 "https://dirata.co.il/wp-admin/edit.php?post_type=apartment" "Mozilla/5.0 (Windows NT 10.0; Win64; x64) AppleWebKit/537.36 (KHTML, like Gecko) Chrome/137.0.0.0 Safari/537.36"
80.246.130.38 - - [23/Jun/2025:16:48:41 +0300] "POST /wp-admin/admin-ajax.php HTTP/1.0" 200 728 "https://dirata.co.il/wp-admin/edit.php?post_type=apartment" "Mozilla/5.0 (Windows NT 10.0; Win64; x64) AppleWebKit/537.36 (KHTML, like Gecko) Chrome/137.0.0.0 Safari/537.36"
80.246.130.38 - - [23/Jun/2025:16:48:41 +0300] "GET /wp-admin/post.php?post=616&action=edit HTTP/1.0" 200 580444 "https://dirata.co.il/wp-admin/edit.php?post_type=apartment" "Mozilla/5.0 (Windows NT 10.0; Win64; x64) AppleWebKit/537.36 (KHTML, like Gecko) Chrome/137.0.0.0 Safari/537.36"
80.246.130.38 - - [23/Jun/2025:16:48:54 +0300] "POST /wp-admin/admin-ajax.php HTTP/1.0" 200 780 "https://dirata.co.il/wp-admin/post.php?post=616&action=edit" "Mozilla/5.0 (Windows NT 10.0; Win64; x64) AppleWebKit/537.36 (KHTML, like Gecko) Chrome/137.0.0.0 Safari/537.36"
35.198.151.205 - - [23/Jun/2025:16:48:55 +0300] "POST /wp-cron.php?doing_wp_cron=1750686535.0141239166259765625000 HTTP/1.0" 200 409 "-" "WordPress/6.7.2; https://dirata.co.il"
80.246.130.38 - - [23/Jun/2025:16:48:54 +0300] "POST /wp-admin/admin-ajax.php HTTP/1.0" 200 1133 "https://dirata.co.il/wp-admin/post.php?post=616&action=edit" "Mozilla/5.0 (Windows NT 10.0; Win64; x64) AppleWebKit/537.36 (KHTML, like Gecko) Chrome/137.0.0.0 Safari/537.36"
80.246.130.38 - - [23/Jun/2025:16:48:54 +0300] "POST /wp-admin/admin-ajax.php HTTP/1.0" 200 727 "https://dirata.co.il/wp-admin/post.php?post=616&action=edit" "Mozilla/5.0 (Windows NT 10.0; Win64; x64) AppleWebKit/537.36 (KHTML, like Gecko) Chrome/137.0.0.0 Safari/537.36"
35.198.151.205 - - [23/Jun/2025:16:48:55 +0300] "POST /wp-admin/admin-ajax.php?action=async_litespeed&nonce=NDUn67n4tPfhmX6U3Gzdol21Xq2t5u6F&litespeed_type=imgoptm HTTP/1.0" 200 565 "-" "WordPress/6.7.2; https://dirata.co.il"
80.246.130.38 - - [23/Jun/2025:16:48:55 +0300] "POST /wp-admin/post.php HTTP/1.0" 302 1163 "https://dirata.co.il/wp-admin/post.php?post=616&action=edit" "Mozilla/5.0 (Windows NT 10.0; Win64; x64) AppleWebKit/537.36 (KHTML, like Gecko) Chrome/137.0.0.0 Safari/537.36"
80.246.130.38 - - [23/Jun/2025:16:48:55 +0300] "GET /wp-admin/post.php?post=616&action=edit&message=1 HTTP/1.0" 200 581018 "https://dirata.co.il/wp-admin/post.php?post=616&action=edit" "Mozilla/5.0 (Windows NT 10.0; Win64; x64) AppleWebKit/537.36 (KHTML, like Gecko) Chrome/137.0.0.0 Safari/537.36"
80.246.130.38 - - [23/Jun/2025:16:48:57 +0300] "GET /wp-admin/admin-ajax.php?action=oembed-cache&post=616 HTTP/1.0" 200 584 "https://dirata.co.il/wp-admin/post.php?post=616&action=edit" "Mozilla/5.0 (Windows NT 10.0; Win64; x64) AppleWebKit/537.36 (KHTML, like Gecko) Chrome/137.0.0.0 Safari/537.36"
80.246.130.38 - - [23/Jun/2025:16:49:11 +0300] "POST /wp-admin/admin-ajax.php HTTP/1.0" 200 780 "https://dirata.co.il/wp-admin/post.php?post=616&action=edit" "Mozilla/5.0 (Windows NT 10.0; Win64; x64) AppleWebKit/537.36 (KHTML, like Gecko) Chrome/137.0.0.0 Safari/537.36"
80.246.130.38 - - [23/Jun/2025:16:49:21 +0300] "POST /wp-admin/admin-ajax.php HTTP/1.0" 200 780 "https://dirata.co.il/wp-admin/post.php?post=616&action=edit" "Mozilla/5.0 (Windows NT 10.0; Win64; x64) AppleWebKit/537.36 (KHTML, like Gecko) Chrome/137.0.0.0 Safari/537.36"
35.198.151.205 - - [23/Jun/2025:16:51:22 +0300] "POST /wp-cron.php?doing_wp_cron=1750686682.6347160339355468750000 HTTP/1.0" 200 409 "-" "WordPress/6.7.2; https://dirata.co.il"
80.246.130.38 - - [23/Jun/2025:16:51:22 +0300] "POST /wp-admin/admin-ajax.php HTTP/1.0" 200 780 "https://dirata.co.il/wp-admin/post.php?post=616&action=edit" "Mozilla/5.0 (Windows NT 10.0; Win64; x64) AppleWebKit/537.36 (KHTML, like Gecko) Chrome/137.0.0.0 Safari/537.36"
35.198.151.205 - - [23/Jun/2025:16:51:22 +0300] "POST /wp-admin/admin-ajax.php?action=async_litespeed&nonce=qNc8AwwUtQXZYmD953B6NBfzZTm5gW1Q&litespeed_type=imgoptm HTTP/1.0" 200 565 "-" "WordPress/6.7.2; https://dirata.co.il"
35.198.151.205 - - [23/Jun/2025:16:53:23 +0300] "POST /wp-cron.php?doing_wp_cron=1750686803.8437070846557617187500 HTTP/1.0" 200 409 "-" "WordPress/6.7.2; https://dirata.co.il"
80.246.130.38 - - [23/Jun/2025:16:53:23 +0300] "POST /wp-admin/admin-ajax.php HTTP/1.0" 200 780 "https://dirata.co.il/wp-admin/post.php?post=616&action=edit" "Mozilla/5.0 (Windows NT 10.0; Win64; x64) AppleWebKit/537.36 (KHTML, like Gecko) Chrome/137.0.0.0 Safari/537.36"
35.198.151.205 - - [23/Jun/2025:16:53:24 +0300] "POST /wp-admin/admin-ajax.php?action=async_litespeed&nonce=Oswd7XcZHGKY8bMJ84B7EmNNwffgIzpw&litespeed_type=imgoptm HTTP/1.0" 200 565 "-" "WordPress/6.7.2; https://dirata.co.il"
35.198.151.205 - - [23/Jun/2025:16:55:04 +0300] "POST /wp-cron.php?doing_wp_cron=1750686904.5889658927917480468750 HTTP/1.0" 200 409 "-" "WordPress/6.7.2; https://dirata.co.il"
80.246.130.38 - - [23/Jun/2025:16:55:04 +0300] "POST /wp-admin/admin-ajax.php HTTP/1.0" 200 780 "https://dirata.co.il/wp-admin/post.php?post=616&action=edit" "Mozilla/5.0 (Windows NT 10.0; Win64; x64) AppleWebKit/537.36 (KHTML, like Gecko) Chrome/137.0.0.0 Safari/537.36"
80.246.130.38 - - [23/Jun/2025:16:55:04 +0300] "GET /wp-admin/edit.php?post_type=apartment HTTP/1.0" 200 220266 "https://dirata.co.il/wp-admin/post.php?post=616&action=edit" "Mozilla/5.0 (Windows NT 10.0; Win64; x64) AppleWebKit/537.36 (KHTML, like Gecko) Chrome/137.0.0.0 Safari/537.36"
35.198.151.205 - - [23/Jun/2025:16:55:04 +0300] "POST /wp-admin/admin-ajax.php?action=async_litespeed&nonce=8aaY6gD83Io7WO5v1flFXoiF1NNOP9mi&litespeed_type=imgoptm HTTP/1.0" 200 565 "-" "WordPress/6.7.2; https://dirata.co.il"
80.246.130.38 - - [23/Jun/2025:16:55:05 +0300] "POST /wp-admin/admin-ajax.php HTTP/1.0" 200 675 "https://dirata.co.il/wp-admin/post.php?post=616&action=edit" "Mozilla/5.0 (Windows NT 10.0; Win64; x64) AppleWebKit/537.36 (KHTML, like Gecko) Chrome/137.0.0.0 Safari/537.36"
35.198.151.205 - - [23/Jun/2025:16:55:05 +0300] "POST /wp-cron.php?doing_wp_cron=1750686905.5801548957824707031250 HTTP/1.0" 200 409 "-" "WordPress/6.7.2; https://dirata.co.il"
80.246.130.38 - - [23/Jun/2025:16:55:05 +0300] "POST /wp-admin/admin-ajax.php HTTP/1.0" 200 728 "https://dirata.co.il/wp-admin/edit.php?post_type=apartment" "Mozilla/5.0 (Windows NT 10.0; Win64; x64) AppleWebKit/537.36 (KHTML, like Gecko) Chrome/137.0.0.0 Safari/537.36"
35.198.151.205 - - [23/Jun/2025:16:55:18 +0300] "POST /wp-cron.php?doing_wp_cron=1750686918.8210461139678955078125 HTTP/1.0" 200 409 "-" "WordPress/6.7.2; https://dirata.co.il"
80.246.130.38 - - [23/Jun/2025:16:55:18 +0300] "POST /wp-admin/admin-ajax.php HTTP/1.0" 200 728 "https://dirata.co.il/wp-admin/edit.php?post_type=apartment" "Mozilla/5.0 (Windows NT 10.0; Win64; x64) AppleWebKit/537.36 (KHTML, like Gecko) Chrome/137.0.0.0 Safari/537.36"
80.246.130.38 - - [23/Jun/2025:16:55:28 +0300] "POST /wp-admin/admin-ajax.php HTTP/1.0" 200 728 "https://dirata.co.il/wp-admin/edit.php?post_type=apartment" "Mozilla/5.0 (Windows NT 10.0; Win64; x64) AppleWebKit/537.36 (KHTML, like Gecko) Chrome/137.0.0.0 Safari/537.36"
35.198.151.205 - - [23/Jun/2025:16:57:29 +0300] "POST /wp-cron.php?doing_wp_cron=1750687049.6016690731048583984375 HTTP/1.0" 200 409 "-" "WordPress/6.7.2; https://dirata.co.il"
80.246.130.38 - - [23/Jun/2025:16:57:29 +0300] "POST /wp-admin/admin-ajax.php HTTP/1.0" 200 728 "https://dirata.co.il/wp-admin/edit.php?post_type=apartment" "Mozilla/5.0 (Windows NT 10.0; Win64; x64) AppleWebKit/537.36 (KHTML, like Gecko) Chrome/137.0.0.0 Safari/537.36"
35.198.151.205 - - [23/Jun/2025:16:57:29 +0300] "POST /wp-admin/admin-ajax.php?action=async_litespeed&nonce=ipf7RL2bDfNlf84diWwRj2AAJKo8EKmh&litespeed_type=imgoptm HTTP/1.0" 200 565 "-" "WordPress/6.7.2; https://dirata.co.il"
87.71.26.42 - - [23/Jun/2025:16:57:30 +0300] "POST /wp-admin/admin-ajax.php HTTP/1.0" 200 728 "https://dirata.co.il/wp-admin/profile.php?wp_http_referer=%2Fwp-admin%2Fusers.php%3Frole%3Dadministrator" "Mozilla/5.0 (Windows NT 10.0; Win64; x64) AppleWebKit/537.36 (KHTML, like Gecko) Chrome/137.0.0.0 Safari/537.36"
87.71.26.42 - - [23/Jun/2025:16:57:30 +0300] "POST /wp-admin/admin-ajax.php HTTP/1.0" 200 780 "https://dirata.co.il/wp-admin/post.php?post=81&action=edit" "Mozilla/5.0 (Windows NT 10.0; Win64; x64) AppleWebKit/537.36 (KHTML, like Gecko) Chrome/137.0.0.0 Safari/537.36"
35.198.151.205 - - [23/Jun/2025:16:59:29 +0300] "POST /wp-cron.php?doing_wp_cron=1750687169.4963090419769287109375 HTTP/1.0" 200 409 "-" "WordPress/6.7.2; https://dirata.co.il"
35.198.151.205 - - [23/Jun/2025:16:59:29 +0300] "POST /wp-cron.php?doing_wp_cron=1750687169.4963119029998779296875 HTTP/1.0" 200 409 "-" "WordPress/6.7.2; https://dirata.co.il"
87.71.26.42 - - [23/Jun/2025:16:59:29 +0300] "POST /wp-admin/admin-ajax.php HTTP/1.0" 200 728 "https://dirata.co.il/wp-admin/profile.php?wp_http_referer=%2Fwp-admin%2Fusers.php%3Frole%3Dadministrator" "Mozilla/5.0 (Windows NT 10.0; Win64; x64) AppleWebKit/537.36 (KHTML, like Gecko) Chrome/137.0.0.0 Safari/537.36"
87.71.26.42 - - [23/Jun/2025:16:59:29 +0300] "POST /wp-admin/admin-ajax.php HTTP/1.0" 200 780 "https://dirata.co.il/wp-admin/post.php?post=81&action=edit" "Mozilla/5.0 (Windows NT 10.0; Win64; x64) AppleWebKit/537.36 (KHTML, like Gecko) Chrome/137.0.0.0 Safari/537.36"
35.198.151.205 - - [23/Jun/2025:16:59:29 +0300] "POST /wp-admin/admin-ajax.php?action=async_litespeed&nonce=WXzVuQEC0mxQ1C4SQ7IJGOHuL8ZzWZYM&litespeed_type=imgoptm HTTP/1.0" 200 565 "-" "WordPress/6.7.2; https://dirata.co.il"
80.246.130.38 - - [23/Jun/2025:16:59:30 +0300] "POST /wp-admin/admin-ajax.php HTTP/1.0" 200 728 "https://dirata.co.il/wp-admin/edit.php?post_type=apartment" "Mozilla/5.0 (Windows NT 10.0; Win64; x64) AppleWebKit/537.36 (KHTML, like Gecko) Chrome/137.0.0.0 Safari/537.36"
87.71.26.42 - - [23/Jun/2025:17:01:30 +0300] "POST /wp-admin/admin-ajax.php HTTP/1.0" 200 780 "https://dirata.co.il/wp-admin/post.php?post=81&action=edit" "Mozilla/5.0 (Windows NT 10.0; Win64; x64) AppleWebKit/537.36 (KHTML, like Gecko) Chrome/137.0.0.0 Safari/537.36"
35.198.151.205 - - [23/Jun/2025:17:01:30 +0300] "POST /wp-cron.php?doing_wp_cron=1750687290.5591509342193603515625 HTTP/1.0" 200 409 "-" "WordPress/6.7.2; https://dirata.co.il"
87.71.26.42 - - [23/Jun/2025:17:01:30 +0300] "POST /wp-admin/admin-ajax.php HTTP/1.0" 200 728 "https://dirata.co.il/wp-admin/profile.php?wp_http_referer=%2Fwp-admin%2Fusers.php%3Frole%3Dadministrator" "Mozilla/5.0 (Windows NT 10.0; Win64; x64) AppleWebKit/537.36 (KHTML, like Gecko) Chrome/137.0.0.0 Safari/537.36"
35.198.151.205 - - [23/Jun/2025:17:01:30 +0300] "POST /wp-admin/admin-ajax.php?action=async_litespeed&nonce=zrPIwIa2nNexuDA6YmzFvloj8r0ZDxUX&litespeed_type=imgoptm HTTP/1.0" 200 565 "-" "WordPress/6.7.2; https://dirata.co.il"
80.246.130.38 - - [23/Jun/2025:17:01:31 +0300] "POST /wp-admin/admin-ajax.php HTTP/1.0" 200 728 "https://dirata.co.il/wp-admin/edit.php?post_type=apartment" "Mozilla/5.0 (Windows NT 10.0; Win64; x64) AppleWebKit/537.36 (KHTML, like Gecko) Chrome/137.0.0.0 Safari/537.36"
185.191.171.6 - - [23/Jun/2025:17:01:34 +0300] "GET /index.php HTTP/1.0" 301 463 "-" "Mozilla/5.0 (compatible; SemrushBot/7~bl; +http://www.semrush.com/bot.html)"
185.191.171.18 - - [23/Jun/2025:17:01:34 +0300] "GET / HTTP/1.0" 200 122073 "-" "Mozilla/5.0 (compatible; SemrushBot/7~bl; +http://www.semrush.com/bot.html)"
85.208.96.204 - - [23/Jun/2025:17:01:35 +0300] "GET /%D7%97%D7%A9%D7%91%D7%95%D7%9F-%D7%A8%D7%A9%D7%95%D7%9D/%D7%97%D7%99%D7%95%D7%91-%D7%97%D7%A9%D7%91%D7%95%D7%9F/ HTTP/1.0" 302 634 "-" "Mozilla/5.0 (compatible; SemrushBot/7~bl; +http://www.semrush.com/bot.html)"
185.191.171.1 - - [23/Jun/2025:17:01:37 +0300] "GET /login/?redirect_to=https%3A%2F%2Fdirata.co.il%2F%25d7%2597%25d7%25a9%25d7%2591%25d7%2595%25d7%259f-%25d7%25a8%25d7%25a9%25d7%2595%25d7%259d%2F%25d7%2597%25d7%2599%25d7%2595%25d7%2591-%25d7%2597%25d7%25a9%25d7%2591%25d7%2595%25d7%259f%2F HTTP/1.0" 200 34593 "-" "Mozilla/5.0 (compatible; SemrushBot/7~bl; +http://www.semrush.com/bot.html)"
185.191.171.12 - - [23/Jun/2025:17:01:40 +0300] "GET /login/ HTTP/1.0" 200 34593 "-" "Mozilla/5.0 (compatible; SemrushBot/7~bl; +http://www.semrush.com/bot.html)"
185.191.171.17 - - [23/Jun/2025:17:01:42 +0300] "GET /sitemap.xml HTTP/1.0" 301 511 "-" "Mozilla/5.0 (compatible; SemrushBot/7~bl; +http://www.semrush.com/bot.html)"
35.198.151.205 - - [23/Jun/2025:17:01:54 +0300] "POST /wp-cron.php?doing_wp_cron=1750687314.3693799972534179687500 HTTP/1.0" 200 409 "-" "WordPress/6.7.2; https://dirata.co.il"
185.191.171.10 - - [23/Jun/2025:17:01:54 +0300] "GET /sitemap_index.xml HTTP/1.0" 200 1707 "-" "Mozilla/5.0 (compatible; SemrushBot/7~bl; +http://www.semrush.com/bot.html)"
35.198.151.205 - - [23/Jun/2025:17:01:54 +0300] "POST /wp-admin/admin-ajax.php?action=async_litespeed&nonce=6uqrgP93KYlb85a53HsOVQHBQQp75BdU&litespeed_type=imgoptm HTTP/1.0" 200 565 "-" "WordPress/6.7.2; https://dirata.co.il"
185.191.171.6 - - [23/Jun/2025:17:01:55 +0300] "GET /author-sitemap.xml HTTP/1.0" 200 1087 "-" "Mozilla/5.0 (compatible; SemrushBot/7~bl; +http://www.semrush.com/bot.html)"
185.191.171.12 - - [23/Jun/2025:17:01:57 +0300] "GET /area-sitemap.xml HTTP/1.0" 200 3519 "-" "Mozilla/5.0 (compatible; SemrushBot/7~bl; +http://www.semrush.com/bot.html)"
185.191.171.6 - - [23/Jun/2025:17:01:59 +0300] "GET /city-sitemap.xml HTTP/1.0" 200 2041 "-" "Mozilla/5.0 (compatible; SemrushBot/7~bl; +http://www.semrush.com/bot.html)"
85.208.96.210 - - [23/Jun/2025:17:02:00 +0300] "GET /category-sitemap.xml HTTP/1.0" 200 1100 "-" "Mozilla/5.0 (compatible; SemrushBot/7~bl; +http://www.semrush.com/bot.html)"
87.71.26.42 - - [23/Jun/2025:17:03:31 +0300] "POST /wp-admin/admin-ajax.php HTTP/1.0" 200 728 "https://dirata.co.il/wp-admin/profile.php?wp_http_referer=%2Fwp-admin%2Fusers.php%3Frole%3Dadministrator" "Mozilla/5.0 (Windows NT 10.0; Win64; x64) AppleWebKit/537.36 (KHTML, like Gecko) Chrome/137.0.0.0 Safari/537.36"
35.198.151.205 - - [23/Jun/2025:17:03:31 +0300] "POST /wp-cron.php?doing_wp_cron=1750687411.5155119895935058593750 HTTP/1.0" 200 409 "-" "WordPress/6.7.2; https://dirata.co.il"
87.71.26.42 - - [23/Jun/2025:17:03:31 +0300] "POST /wp-admin/admin-ajax.php HTTP/1.0" 200 780 "https://dirata.co.il/wp-admin/post.php?post=81&action=edit" "Mozilla/5.0 (Windows NT 10.0; Win64; x64) AppleWebKit/537.36 (KHTML, like Gecko) Chrome/137.0.0.0 Safari/537.36"
35.198.151.205 - - [23/Jun/2025:17:03:31 +0300] "POST /wp-admin/admin-ajax.php?action=async_litespeed&nonce=lf3D4x0rX2IwOhBcCu0bf8ZuXHPHw5OM&litespeed_type=imgoptm HTTP/1.0" 200 565 "-" "WordPress/6.7.2; https://dirata.co.il"
80.246.130.38 - - [23/Jun/2025:17:03:32 +0300] "POST /wp-admin/admin-ajax.php HTTP/1.0" 200 728 "https://dirata.co.il/wp-admin/edit.php?post_type=apartment" "Mozilla/5.0 (Windows NT 10.0; Win64; x64) AppleWebKit/537.36 (KHTML, like Gecko) Chrome/137.0.0.0 Safari/537.36"
87.71.26.42 - - [23/Jun/2025:17:05:32 +0300] "POST /wp-admin/admin-ajax.php HTTP/1.0" 200 728 "https://dirata.co.il/wp-admin/profile.php?wp_http_referer=%2Fwp-admin%2Fusers.php%3Frole%3Dadministrator" "Mozilla/5.0 (Windows NT 10.0; Win64; x64) AppleWebKit/537.36 (KHTML, like Gecko) Chrome/137.0.0.0 Safari/537.36"
35.198.151.205 - - [23/Jun/2025:17:05:32 +0300] "POST /wp-cron.php?doing_wp_cron=1750687532.5575358867645263671875 HTTP/1.0" 200 409 "-" "WordPress/6.7.2; https://dirata.co.il"
87.71.26.42 - - [23/Jun/2025:17:05:32 +0300] "POST /wp-admin/admin-ajax.php HTTP/1.0" 200 780 "https://dirata.co.il/wp-admin/post.php?post=81&action=edit" "Mozilla/5.0 (Windows NT 10.0; Win64; x64) AppleWebKit/537.36 (KHTML, like Gecko) Chrome/137.0.0.0 Safari/537.36"
35.198.151.205 - - [23/Jun/2025:17:05:32 +0300] "POST /wp-admin/admin-ajax.php?action=async_litespeed&nonce=9elVy7XRQp4QG8R1Qap7sqqGaUGjn8sU&litespeed_type=imgoptm HTTP/1.0" 200 565 "-" "WordPress/6.7.2; https://dirata.co.il"
35.198.151.205 - - [23/Jun/2025:17:07:33 +0300] "POST /wp-cron.php?doing_wp_cron=1750687653.4967570304870605468750 HTTP/1.0" 200 409 "-" "WordPress/6.7.2; https://dirata.co.il"
35.198.151.205 - - [23/Jun/2025:17:07:33 +0300] "POST /wp-cron.php?doing_wp_cron=1750687653.4968500137329101562500 HTTP/1.0" 200 409 "-" "WordPress/6.7.2; https://dirata.co.il"
87.71.26.42 - - [23/Jun/2025:17:07:33 +0300] "POST /wp-admin/admin-ajax.php HTTP/1.0" 200 728 "https://dirata.co.il/wp-admin/profile.php?wp_http_referer=%2Fwp-admin%2Fusers.php%3Frole%3Dadministrator" "Mozilla/5.0 (Windows NT 10.0; Win64; x64) AppleWebKit/537.36 (KHTML, like Gecko) Chrome/137.0.0.0 Safari/537.36"
87.71.26.42 - - [23/Jun/2025:17:07:33 +0300] "POST /wp-admin/admin-ajax.php HTTP/1.0" 200 780 "https://dirata.co.il/wp-admin/post.php?post=81&action=edit" "Mozilla/5.0 (Windows NT 10.0; Win64; x64) AppleWebKit/537.36 (KHTML, like Gecko) Chrome/137.0.0.0 Safari/537.36"
35.198.151.205 - - [23/Jun/2025:17:07:33 +0300] "POST /wp-admin/admin-ajax.php?action=async_litespeed&nonce=ftIHyW9cr2mH7AfwixOKOdUibO7pDbXL&litespeed_type=imgoptm HTTP/1.0" 200 565 "-" "WordPress/6.7.2; https://dirata.co.il"
35.198.151.205 - - [23/Jun/2025:17:09:34 +0300] "POST /wp-cron.php?doing_wp_cron=1750687774.4885110855102539062500 HTTP/1.0" 200 409 "-" "WordPress/6.7.2; https://dirata.co.il"
35.198.151.205 - - [23/Jun/2025:17:09:34 +0300] "POST /wp-cron.php?doing_wp_cron=1750687774.4885039329528808593750 HTTP/1.0" 200 409 "-" "WordPress/6.7.2; https://dirata.co.il"
87.71.26.42 - - [23/Jun/2025:17:09:34 +0300] "POST /wp-admin/admin-ajax.php HTTP/1.0" 200 728 "https://dirata.co.il/wp-admin/profile.php?wp_http_referer=%2Fwp-admin%2Fusers.php%3Frole%3Dadministrator" "Mozilla/5.0 (Windows NT 10.0; Win64; x64) AppleWebKit/537.36 (KHTML, like Gecko) Chrome/137.0.0.0 Safari/537.36"
87.71.26.42 - - [23/Jun/2025:17:09:34 +0300] "POST /wp-admin/admin-ajax.php HTTP/1.0" 200 780 "https://dirata.co.il/wp-admin/post.php?post=81&action=edit" "Mozilla/5.0 (Windows NT 10.0; Win64; x64) AppleWebKit/537.36 (KHTML, like Gecko) Chrome/137.0.0.0 Safari/537.36"
35.198.151.205 - - [23/Jun/2025:17:09:34 +0300] "POST /wp-admin/admin-ajax.php?action=async_litespeed&nonce=vdU906RctXexCVeURd0XrwmZu0bhBXty&litespeed_type=imgoptm HTTP/1.0" 200 565 "-" "WordPress/6.7.2; https://dirata.co.il"
87.71.26.42 - - [23/Jun/2025:17:11:35 +0300] "POST /wp-admin/admin-ajax.php HTTP/1.0" 200 728 "https://dirata.co.il/wp-admin/profile.php?wp_http_referer=%2Fwp-admin%2Fusers.php%3Frole%3Dadministrator" "Mozilla/5.0 (Windows NT 10.0; Win64; x64) AppleWebKit/537.36 (KHTML, like Gecko) Chrome/137.0.0.0 Safari/537.36"
35.198.151.205 - - [23/Jun/2025:17:11:35 +0300] "POST /wp-cron.php?doing_wp_cron=1750687895.4996430873870849609375 HTTP/1.0" 200 409 "-" "WordPress/6.7.2; https://dirata.co.il"
87.71.26.42 - - [23/Jun/2025:17:11:35 +0300] "POST /wp-admin/admin-ajax.php HTTP/1.0" 200 780 "https://dirata.co.il/wp-admin/post.php?post=81&action=edit" "Mozilla/5.0 (Windows NT 10.0; Win64; x64) AppleWebKit/537.36 (KHTML, like Gecko) Chrome/137.0.0.0 Safari/537.36"
35.198.151.205 - - [23/Jun/2025:17:11:35 +0300] "POST /wp-admin/admin-ajax.php?action=async_litespeed&nonce=3LVjPr8Omsi6PgS717vo0kubzRqp19kg&litespeed_type=imgoptm HTTP/1.0" 200 565 "-" "WordPress/6.7.2; https://dirata.co.il"
87.71.26.42 - - [23/Jun/2025:17:13:36 +0300] "POST /wp-admin/admin-ajax.php HTTP/1.0" 200 728 "https://dirata.co.il/wp-admin/profile.php?wp_http_referer=%2Fwp-admin%2Fusers.php%3Frole%3Dadministrator" "Mozilla/5.0 (Windows NT 10.0; Win64; x64) AppleWebKit/537.36 (KHTML, like Gecko) Chrome/137.0.0.0 Safari/537.36"
35.198.151.205 - - [23/Jun/2025:17:13:36 +0300] "POST /wp-cron.php?doing_wp_cron=1750688016.4924800395965576171875 HTTP/1.0" 200 409 "-" "WordPress/6.7.2; https://dirata.co.il"
87.71.26.42 - - [23/Jun/2025:17:13:36 +0300] "POST /wp-admin/admin-ajax.php HTTP/1.0" 200 780 "https://dirata.co.il/wp-admin/post.php?post=81&action=edit" "Mozilla/5.0 (Windows NT 10.0; Win64; x64) AppleWebKit/537.36 (KHTML, like Gecko) Chrome/137.0.0.0 Safari/537.36"
35.198.151.205 - - [23/Jun/2025:17:13:36 +0300] "POST /wp-admin/admin-ajax.php?action=async_litespeed&nonce=f4UJqOSDi85agzja31nyNRCk66TTNj54&litespeed_type=imgoptm HTTP/1.0" 200 565 "-" "WordPress/6.7.2; https://dirata.co.il"
35.198.151.205 - - [23/Jun/2025:17:13:58 +0300] "POST /wp-cron.php?doing_wp_cron=1750688038.5462899208068847656250 HTTP/1.0" 200 409 "-" "WordPress/6.7.2; https://dirata.co.il"
95.168.190.199 - - [23/Jun/2025:17:13:58 +0300] "GET /index.php HTTP/1.0" 301 463 "-" "Mozilla/5.0 (compatible; ORT/v1.0.0; visit ORTc.me )"
35.198.151.205 - - [23/Jun/2025:17:13:58 +0300] "POST /wp-admin/admin-ajax.php?action=async_litespeed&nonce=GsiaO6JgaCxI6rX1PJF1tLgrAgbZgqZS&litespeed_type=imgoptm HTTP/1.0" 200 565 "-" "WordPress/6.7.2; https://dirata.co.il"
35.198.151.205 - - [23/Jun/2025:17:15:37 +0300] "POST /wp-cron.php?doing_wp_cron=1750688137.5201671123504638671875 HTTP/1.0" 200 409 "-" "WordPress/6.7.2; https://dirata.co.il"
35.198.151.205 - - [23/Jun/2025:17:15:37 +0300] "POST /wp-cron.php?doing_wp_cron=1750688137.5204229354858398437500 HTTP/1.0" 200 409 "-" "WordPress/6.7.2; https://dirata.co.il"
87.71.26.42 - - [23/Jun/2025:17:15:37 +0300] "POST /wp-admin/admin-ajax.php HTTP/1.0" 200 780 "https://dirata.co.il/wp-admin/post.php?post=81&action=edit" "Mozilla/5.0 (Windows NT 10.0; Win64; x64) AppleWebKit/537.36 (KHTML, like Gecko) Chrome/137.0.0.0 Safari/537.36"
87.71.26.42 - - [23/Jun/2025:17:15:37 +0300] "POST /wp-admin/admin-ajax.php HTTP/1.0" 200 728 "https://dirata.co.il/wp-admin/profile.php?wp_http_referer=%2Fwp-admin%2Fusers.php%3Frole%3Dadministrator" "Mozilla/5.0 (Windows NT 10.0; Win64; x64) AppleWebKit/537.36 (KHTML, like Gecko) Chrome/137.0.0.0 Safari/537.36"
35.198.151.205 - - [23/Jun/2025:17:15:37 +0300] "POST /wp-admin/admin-ajax.php?action=async_litespeed&nonce=ayLL3DVraN8wVYxD8EdoUSf5FviZykmd&litespeed_type=imgoptm HTTP/1.0" 200 565 "-" "WordPress/6.7.2; https://dirata.co.il"
87.71.26.42 - - [23/Jun/2025:17:17:38 +0300] "POST /wp-admin/admin-ajax.php HTTP/1.0" 200 728 "https://dirata.co.il/wp-admin/profile.php?wp_http_referer=%2Fwp-admin%2Fusers.php%3Frole%3Dadministrator" "Mozilla/5.0 (Windows NT 10.0; Win64; x64) AppleWebKit/537.36 (KHTML, like Gecko) Chrome/137.0.0.0 Safari/537.36"
35.198.151.205 - - [23/Jun/2025:17:17:38 +0300] "POST /wp-cron.php?doing_wp_cron=1750688258.5261659622192382812500 HTTP/1.0" 200 409 "-" "WordPress/6.7.2; https://dirata.co.il"
87.71.26.42 - - [23/Jun/2025:17:17:38 +0300] "POST /wp-admin/admin-ajax.php HTTP/1.0" 200 780 "https://dirata.co.il/wp-admin/post.php?post=81&action=edit" "Mozilla/5.0 (Windows NT 10.0; Win64; x64) AppleWebKit/537.36 (KHTML, like Gecko) Chrome/137.0.0.0 Safari/537.36"
35.198.151.205 - - [23/Jun/2025:17:17:38 +0300] "POST /wp-admin/admin-ajax.php?action=async_litespeed&nonce=dR6H7tvDy48xad2tFOeYU2OAZG9lTaw9&litespeed_type=imgoptm HTTP/1.0" 200 565 "-" "WordPress/6.7.2; https://dirata.co.il"
35.198.151.205 - - [23/Jun/2025:17:19:39 +0300] "POST /wp-cron.php?doing_wp_cron=1750688379.5355999469757080078125 HTTP/1.0" 200 409 "-" "WordPress/6.7.2; https://dirata.co.il"
35.198.151.205 - - [23/Jun/2025:17:19:39 +0300] "POST /wp-cron.php?doing_wp_cron=1750688379.5356009006500244140625 HTTP/1.0" 200 409 "-" "WordPress/6.7.2; https://dirata.co.il"
87.71.26.42 - - [23/Jun/2025:17:19:39 +0300] "POST /wp-admin/admin-ajax.php HTTP/1.0" 200 728 "https://dirata.co.il/wp-admin/profile.php?wp_http_referer=%2Fwp-admin%2Fusers.php%3Frole%3Dadministrator" "Mozilla/5.0 (Windows NT 10.0; Win64; x64) AppleWebKit/537.36 (KHTML, like Gecko) Chrome/137.0.0.0 Safari/537.36"
87.71.26.42 - - [23/Jun/2025:17:19:39 +0300] "POST /wp-admin/admin-ajax.php HTTP/1.0" 200 780 "https://dirata.co.il/wp-admin/post.php?post=81&action=edit" "Mozilla/5.0 (Windows NT 10.0; Win64; x64) AppleWebKit/537.36 (KHTML, like Gecko) Chrome/137.0.0.0 Safari/537.36"
35.198.151.205 - - [23/Jun/2025:17:19:39 +0300] "POST /wp-admin/admin-ajax.php?action=async_litespeed&nonce=KcbepX4cLgsOMs0QOiNtJOFs8PQLDCyr&litespeed_type=imgoptm HTTP/1.0" 200 565 "-" "WordPress/6.7.2; https://dirata.co.il"
87.71.26.42 - - [23/Jun/2025:17:21:40 +0300] "POST /wp-admin/admin-ajax.php HTTP/1.0" 200 728 "https://dirata.co.il/wp-admin/profile.php?wp_http_referer=%2Fwp-admin%2Fusers.php%3Frole%3Dadministrator" "Mozilla/5.0 (Windows NT 10.0; Win64; x64) AppleWebKit/537.36 (KHTML, like Gecko) Chrome/137.0.0.0 Safari/537.36"
35.198.151.205 - - [23/Jun/2025:17:21:40 +0300] "POST /wp-cron.php?doing_wp_cron=1750688500.5718650817871093750000 HTTP/1.0" 200 409 "-" "WordPress/6.7.2; https://dirata.co.il"
87.71.26.42 - - [23/Jun/2025:17:21:40 +0300] "POST /wp-admin/admin-ajax.php HTTP/1.0" 200 780 "https://dirata.co.il/wp-admin/post.php?post=81&action=edit" "Mozilla/5.0 (Windows NT 10.0; Win64; x64) AppleWebKit/537.36 (KHTML, like Gecko) Chrome/137.0.0.0 Safari/537.36"
35.198.151.205 - - [23/Jun/2025:17:21:40 +0300] "POST /wp-admin/admin-ajax.php?action=async_litespeed&nonce=tzwQC6KkiIN3C10W8zpzKI4f7I1zzJ1I&litespeed_type=imgoptm HTTP/1.0" 200 565 "-" "WordPress/6.7.2; https://dirata.co.il"
35.198.151.205 - - [23/Jun/2025:17:23:09 +0300] "POST /wp-cron.php?doing_wp_cron=1750688589.5576159954071044921875 HTTP/1.0" 200 409 "-" "WordPress/6.7.2; https://dirata.co.il"
80.246.130.19 - - [23/Jun/2025:17:23:09 +0300] "POST /wp-admin/admin-ajax.php HTTP/1.0" 200 728 "https://dirata.co.il/wp-admin/edit.php?post_type=apartment" "Mozilla/5.0 (Windows NT 10.0; Win64; x64) AppleWebKit/537.36 (KHTML, like Gecko) Chrome/137.0.0.0 Safari/537.36"
35.198.151.205 - - [23/Jun/2025:17:23:09 +0300] "POST /wp-admin/admin-ajax.php?action=async_litespeed&nonce=14yLwZLTtpD07ISRhJdB4O1D6VMQI0S6&litespeed_type=imgoptm HTTP/1.0" 200 565 "-" "WordPress/6.7.2; https://dirata.co.il"
87.71.26.42 - - [23/Jun/2025:17:23:41 +0300] "POST /wp-admin/admin-ajax.php HTTP/1.0" 200 728 "https://dirata.co.il/wp-admin/profile.php?wp_http_referer=%2Fwp-admin%2Fusers.php%3Frole%3Dadministrator" "Mozilla/5.0 (Windows NT 10.0; Win64; x64) AppleWebKit/537.36 (KHTML, like Gecko) Chrome/137.0.0.0 Safari/537.36"
35.198.151.205 - - [23/Jun/2025:17:25:08 +0300] "POST /wp-cron.php?doing_wp_cron=1750688708.6201119422912597656250 HTTP/1.0" 200 409 "-" "WordPress/6.7.2; https://dirata.co.il"
80.246.130.19 - - [23/Jun/2025:17:25:08 +0300] "POST /wp-admin/admin-ajax.php HTTP/1.0" 200 728 "https://dirata.co.il/wp-admin/edit.php?post_type=apartment" "Mozilla/5.0 (Windows NT 10.0; Win64; x64) AppleWebKit/537.36 (KHTML, like Gecko) Chrome/137.0.0.0 Safari/537.36"
35.198.151.205 - - [23/Jun/2025:17:25:08 +0300] "POST /wp-admin/admin-ajax.php?action=async_litespeed&nonce=lPCmx2z4SHKddIRbE5CFaq13SZcGUrHj&litespeed_type=imgoptm HTTP/1.0" 200 565 "-" "WordPress/6.7.2; https://dirata.co.il"
87.71.26.42 - - [23/Jun/2025:17:25:42 +0300] "POST /wp-admin/admin-ajax.php HTTP/1.0" 200 728 "https://dirata.co.il/wp-admin/profile.php?wp_http_referer=%2Fwp-admin%2Fusers.php%3Frole%3Dadministrator" "Mozilla/5.0 (Windows NT 10.0; Win64; x64) AppleWebKit/537.36 (KHTML, like Gecko) Chrome/137.0.0.0 Safari/537.36"
35.198.151.205 - - [23/Jun/2025:17:27:09 +0300] "POST /wp-cron.php?doing_wp_cron=1750688829.8130319118499755859375 HTTP/1.0" 200 409 "-" "WordPress/6.7.2; https://dirata.co.il"
80.246.130.19 - - [23/Jun/2025:17:27:09 +0300] "POST /wp-admin/admin-ajax.php HTTP/1.0" 200 728 "https://dirata.co.il/wp-admin/edit.php?post_type=apartment" "Mozilla/5.0 (Windows NT 10.0; Win64; x64) AppleWebKit/537.36 (KHTML, like Gecko) Chrome/137.0.0.0 Safari/537.36"
35.198.151.205 - - [23/Jun/2025:17:27:10 +0300] "POST /wp-admin/admin-ajax.php?action=async_litespeed&nonce=IWGiXvK1QSJgPexzEvY96Th2bBgsorfM&litespeed_type=imgoptm HTTP/1.0" 200 565 "-" "WordPress/6.7.2; https://dirata.co.il"
87.71.26.42 - - [23/Jun/2025:17:27:43 +0300] "POST /wp-admin/admin-ajax.php HTTP/1.0" 200 728 "https://dirata.co.il/wp-admin/profile.php?wp_http_referer=%2Fwp-admin%2Fusers.php%3Frole%3Dadministrator" "Mozilla/5.0 (Windows NT 10.0; Win64; x64) AppleWebKit/537.36 (KHTML, like Gecko) Chrome/137.0.0.0 Safari/537.36"
35.198.151.205 - - [23/Jun/2025:17:29:10 +0300] "POST /wp-cron.php?doing_wp_cron=1750688950.5833759307861328125000 HTTP/1.0" 200 409 "-" "WordPress/6.7.2; https://dirata.co.il"
80.246.130.19 - - [23/Jun/2025:17:29:10 +0300] "POST /wp-admin/admin-ajax.php HTTP/1.0" 200 728 "https://dirata.co.il/wp-admin/edit.php?post_type=apartment" "Mozilla/5.0 (Windows NT 10.0; Win64; x64) AppleWebKit/537.36 (KHTML, like Gecko) Chrome/137.0.0.0 Safari/537.36"
35.198.151.205 - - [23/Jun/2025:17:29:10 +0300] "POST /wp-admin/admin-ajax.php?action=async_litespeed&nonce=KEmRUC8O4b6lfEf2sPg3J1gGd3vAFXJI&litespeed_type=imgoptm HTTP/1.0" 200 565 "-" "WordPress/6.7.2; https://dirata.co.il"
87.71.26.42 - - [23/Jun/2025:17:29:44 +0300] "POST /wp-admin/admin-ajax.php HTTP/1.0" 200 728 "https://dirata.co.il/wp-admin/profile.php?wp_http_referer=%2Fwp-admin%2Fusers.php%3Frole%3Dadministrator" "Mozilla/5.0 (Windows NT 10.0; Win64; x64) AppleWebKit/537.36 (KHTML, like Gecko) Chrome/137.0.0.0 Safari/537.36"
35.198.151.205 - - [23/Jun/2025:17:31:11 +0300] "POST /wp-cron.php?doing_wp_cron=1750689071.5958209037780761718750 HTTP/1.0" 200 409 "-" "WordPress/6.7.2; https://dirata.co.il"
80.246.130.19 - - [23/Jun/2025:17:31:11 +0300] "POST /wp-admin/admin-ajax.php HTTP/1.0" 200 728 "https://dirata.co.il/wp-admin/edit.php?post_type=apartment" "Mozilla/5.0 (Windows NT 10.0; Win64; x64) AppleWebKit/537.36 (KHTML, like Gecko) Chrome/137.0.0.0 Safari/537.36"
35.198.151.205 - - [23/Jun/2025:17:31:11 +0300] "POST /wp-admin/admin-ajax.php?action=async_litespeed&nonce=kfzNKzbhCk9oR7DW7VOMRpXzkodXrlqs&litespeed_type=imgoptm HTTP/1.0" 200 565 "-" "WordPress/6.7.2; https://dirata.co.il"
35.198.151.205 - - [23/Jun/2025:17:31:45 +0300] "POST /wp-cron.php?doing_wp_cron=1750689105.6079959869384765625000 HTTP/1.0" 200 409 "-" "WordPress/6.7.2; https://dirata.co.il"
87.71.26.42 - - [23/Jun/2025:17:31:45 +0300] "POST /wp-admin/admin-ajax.php HTTP/1.0" 200 728 "https://dirata.co.il/wp-admin/profile.php?wp_http_referer=%2Fwp-admin%2Fusers.php%3Frole%3Dadministrator" "Mozilla/5.0 (Windows NT 10.0; Win64; x64) AppleWebKit/537.36 (KHTML, like Gecko) Chrome/137.0.0.0 Safari/537.36"
35.198.151.205 - - [23/Jun/2025:17:33:46 +0300] "POST /wp-cron.php?doing_wp_cron=1750689226.5589189529418945312500 HTTP/1.0" 200 409 "-" "WordPress/6.7.2; https://dirata.co.il"
87.71.26.42 - - [23/Jun/2025:17:33:46 +0300] "POST /wp-admin/admin-ajax.php HTTP/1.0" 200 728 "https://dirata.co.il/wp-admin/profile.php?wp_http_referer=%2Fwp-admin%2Fusers.php%3Frole%3Dadministrator" "Mozilla/5.0 (Windows NT 10.0; Win64; x64) AppleWebKit/537.36 (KHTML, like Gecko) Chrome/137.0.0.0 Safari/537.36"
35.198.151.205 - - [23/Jun/2025:17:33:46 +0300] "POST /wp-admin/admin-ajax.php?action=async_litespeed&nonce=Qa2Yt9QRtJzhyf5SJNOSDVYamEFcj4eG&litespeed_type=imgoptm HTTP/1.0" 200 565 "-" "WordPress/6.7.2; https://dirata.co.il"
35.198.151.205 - - [23/Jun/2025:17:35:47 +0300] "POST /wp-cron.php?doing_wp_cron=1750689347.5332829952239990234375 HTTP/1.0" 200 409 "-" "WordPress/6.7.2; https://dirata.co.il"
87.71.26.42 - - [23/Jun/2025:17:35:47 +0300] "POST /wp-admin/admin-ajax.php HTTP/1.0" 200 728 "https://dirata.co.il/wp-admin/profile.php?wp_http_referer=%2Fwp-admin%2Fusers.php%3Frole%3Dadministrator" "Mozilla/5.0 (Windows NT 10.0; Win64; x64) AppleWebKit/537.36 (KHTML, like Gecko) Chrome/137.0.0.0 Safari/537.36"
35.198.151.205 - - [23/Jun/2025:17:35:47 +0300] "POST /wp-admin/admin-ajax.php?action=async_litespeed&nonce=XfGcqYsVFgFDiOucQ0pKmWgUWCOLyyMw&litespeed_type=imgoptm HTTP/1.0" 200 565 "-" "WordPress/6.7.2; https://dirata.co.il"
35.198.151.205 - - [23/Jun/2025:17:36:09 +0300] "POST /wp-cron.php?doing_wp_cron=1750689369.9815700054168701171875 HTTP/1.0" 200 409 "-" "WordPress/6.7.2; https://dirata.co.il"
80.246.130.19 - - [23/Jun/2025:17:36:09 +0300] "POST /wp-admin/admin-ajax.php HTTP/1.0" 200 728 "https://dirata.co.il/wp-admin/edit.php?post_type=apartment" "Mozilla/5.0 (Windows NT 10.0; Win64; x64) AppleWebKit/537.36 (KHTML, like Gecko) Chrome/137.0.0.0 Safari/537.36"
35.198.151.205 - - [23/Jun/2025:17:36:10 +0300] "POST /wp-admin/admin-ajax.php?action=async_litespeed&nonce=8B32lRBx40Vc3hiUYZsQBVDHcSxpKQDM&litespeed_type=imgoptm HTTP/1.0" 200 565 "-" "WordPress/6.7.2; https://dirata.co.il"
35.198.151.205 - - [23/Jun/2025:17:37:48 +0300] "POST /wp-cron.php?doing_wp_cron=1750689468.5401840209960937500000 HTTP/1.0" 200 409 "-" "WordPress/6.7.2; https://dirata.co.il"
87.71.26.42 - - [23/Jun/2025:17:37:48 +0300] "POST /wp-admin/admin-ajax.php HTTP/1.0" 200 728 "https://dirata.co.il/wp-admin/profile.php?wp_http_referer=%2Fwp-admin%2Fusers.php%3Frole%3Dadministrator" "Mozilla/5.0 (Windows NT 10.0; Win64; x64) AppleWebKit/537.36 (KHTML, like Gecko) Chrome/137.0.0.0 Safari/537.36"
35.198.151.205 - - [23/Jun/2025:17:37:48 +0300] "POST /wp-admin/admin-ajax.php?action=async_litespeed&nonce=IhEvOw6N7BnXCiu8FH2s9wfEC0TeEDQ8&litespeed_type=imgoptm HTTP/1.0" 200 565 "-" "WordPress/6.7.2; https://dirata.co.il"
35.198.151.205 - - [23/Jun/2025:17:39:49 +0300] "POST /wp-cron.php?doing_wp_cron=1750689589.5030939579010009765625 HTTP/1.0" 200 409 "-" "WordPress/6.7.2; https://dirata.co.il"
87.71.26.42 - - [23/Jun/2025:17:39:49 +0300] "POST /wp-admin/admin-ajax.php HTTP/1.0" 200 728 "https://dirata.co.il/wp-admin/profile.php?wp_http_referer=%2Fwp-admin%2Fusers.php%3Frole%3Dadministrator" "Mozilla/5.0 (Windows NT 10.0; Win64; x64) AppleWebKit/537.36 (KHTML, like Gecko) Chrome/137.0.0.0 Safari/537.36"
35.198.151.205 - - [23/Jun/2025:17:39:49 +0300] "POST /wp-admin/admin-ajax.php?action=async_litespeed&nonce=xRsTm4eztqF5e0XdPD1FXgRENPlqcnuk&litespeed_type=imgoptm HTTP/1.0" 200 565 "-" "WordPress/6.7.2; https://dirata.co.il"
35.198.151.205 - - [23/Jun/2025:17:41:50 +0300] "POST /wp-cron.php?doing_wp_cron=1750689710.5184469223022460937500 HTTP/1.0" 200 409 "-" "WordPress/6.7.2; https://dirata.co.il"
87.71.26.42 - - [23/Jun/2025:17:41:50 +0300] "POST /wp-admin/admin-ajax.php HTTP/1.0" 200 728 "https://dirata.co.il/wp-admin/profile.php?wp_http_referer=%2Fwp-admin%2Fusers.php%3Frole%3Dadministrator" "Mozilla/5.0 (Windows NT 10.0; Win64; x64) AppleWebKit/537.36 (KHTML, like Gecko) Chrome/137.0.0.0 Safari/537.36"
35.198.151.205 - - [23/Jun/2025:17:41:50 +0300] "POST /wp-admin/admin-ajax.php?action=async_litespeed&nonce=rhTW0sSVPYmjKdeUfHbkj722GbpDBjFP&litespeed_type=imgoptm HTTP/1.0" 200 565 "-" "WordPress/6.7.2; https://dirata.co.il"
35.198.151.205 - - [23/Jun/2025:17:43:52 +0300] "POST /wp-cron.php?doing_wp_cron=1750689832.2794559001922607421875 HTTP/1.0" 200 409 "-" "WordPress/6.7.2; https://dirata.co.il"
87.71.26.42 - - [23/Jun/2025:17:43:52 +0300] "POST /wp-admin/admin-ajax.php HTTP/1.0" 200 728 "https://dirata.co.il/wp-admin/profile.php?wp_http_referer=%2Fwp-admin%2Fusers.php%3Frole%3Dadministrator" "Mozilla/5.0 (Windows NT 10.0; Win64; x64) AppleWebKit/537.36 (KHTML, like Gecko) Chrome/137.0.0.0 Safari/537.36"
35.198.151.205 - - [23/Jun/2025:17:43:52 +0300] "POST /wp-admin/admin-ajax.php?action=async_litespeed&nonce=0jgXWECWguAcbYHv80URPLsbUWhXmQlh&litespeed_type=imgoptm HTTP/1.0" 200 565 "-" "WordPress/6.7.2; https://dirata.co.il"
35.198.151.205 - - [23/Jun/2025:17:45:52 +0300] "POST /wp-cron.php?doing_wp_cron=1750689952.8675808906555175781250 HTTP/1.0" 200 409 "-" "WordPress/6.7.2; https://dirata.co.il"
87.71.26.42 - - [23/Jun/2025:17:45:52 +0300] "POST /wp-admin/admin-ajax.php HTTP/1.0" 200 728 "https://dirata.co.il/wp-admin/profile.php?wp_http_referer=%2Fwp-admin%2Fusers.php%3Frole%3Dadministrator" "Mozilla/5.0 (Windows NT 10.0; Win64; x64) AppleWebKit/537.36 (KHTML, like Gecko) Chrome/137.0.0.0 Safari/537.36"
35.198.151.205 - - [23/Jun/2025:17:45:53 +0300] "POST /wp-admin/admin-ajax.php?action=async_litespeed&nonce=3UoJ5qIU87RUtsygtIQtwDGMcJPdryX7&litespeed_type=imgoptm HTTP/1.0" 200 565 "-" "WordPress/6.7.2; https://dirata.co.il"
35.198.151.205 - - [23/Jun/2025:17:47:53 +0300] "POST /wp-cron.php?doing_wp_cron=1750690073.8097579479217529296875 HTTP/1.0" 200 409 "-" "WordPress/6.7.2; https://dirata.co.il"
87.71.26.42 - - [23/Jun/2025:17:47:53 +0300] "POST /wp-admin/admin-ajax.php HTTP/1.0" 200 728 "https://dirata.co.il/wp-admin/profile.php?wp_http_referer=%2Fwp-admin%2Fusers.php%3Frole%3Dadministrator" "Mozilla/5.0 (Windows NT 10.0; Win64; x64) AppleWebKit/537.36 (KHTML, like Gecko) Chrome/137.0.0.0 Safari/537.36"
35.198.151.205 - - [23/Jun/2025:17:47:54 +0300] "POST /wp-admin/admin-ajax.php?action=async_litespeed&nonce=WiRidUEBjz8XwIruooVhkkiBH81UTMmS&litespeed_type=imgoptm HTTP/1.0" 200 565 "-" "WordPress/6.7.2; https://dirata.co.il"
35.198.151.205 - - [23/Jun/2025:17:48:52 +0300] "POST /wp-cron.php?doing_wp_cron=1750690132.8544960021972656250000 HTTP/1.0" 200 409 "-" "WordPress/6.7.2; https://dirata.co.il"
185.191.171.12 - - [23/Jun/2025:17:48:52 +0300] "GET /apartments/%D7%A2%D7%96%D7%A8%D7%90-%D7%91%D7%A0%D7%99-%D7%91%D7%A8%D7%A7/ HTTP/1.0" 301 663 "-" "Mozilla/5.0 (compatible; SemrushBot/7~bl; +http://www.semrush.com/bot.html)"
35.198.151.205 - - [23/Jun/2025:17:48:53 +0300] "POST /wp-admin/admin-ajax.php?action=async_litespeed&nonce=y1uQdMAOdHIclaqEa5fodzQRTUqOYK7t&litespeed_type=imgoptm HTTP/1.0" 200 565 "-" "WordPress/6.7.2; https://dirata.co.il"
85.208.96.211 - - [23/Jun/2025:17:48:54 +0300] "GET /apartments/%D7%A2%D7%96%D7%A8%D7%90-%D7%91%D7%A0%D7%99-%D7%91%D7%A8%D7%A7-2/ HTTP/1.0" 200 72101 "-" "Mozilla/5.0 (compatible; SemrushBot/7~bl; +http://www.semrush.com/bot.html)"
185.191.171.9 - - [23/Jun/2025:17:49:23 +0300] "GET /login HTTP/1.0" 301 469 "-" "Mozilla/5.0 (compatible; SemrushBot/7~bl; +http://www.semrush.com/bot.html)"
35.198.151.205 - - [23/Jun/2025:17:49:54 +0300] "POST /wp-cron.php?doing_wp_cron=1750690194.5227670669555664062500 HTTP/1.0" 200 409 "-" "WordPress/6.7.2; https://dirata.co.il"
87.71.26.42 - - [23/Jun/2025:17:49:54 +0300] "POST /wp-admin/admin-ajax.php HTTP/1.0" 200 728 "https://dirata.co.il/wp-admin/profile.php?wp_http_referer=%2Fwp-admin%2Fusers.php%3Frole%3Dadministrator" "Mozilla/5.0 (Windows NT 10.0; Win64; x64) AppleWebKit/537.36 (KHTML, like Gecko) Chrome/137.0.0.0 Safari/537.36"
35.198.151.205 - - [23/Jun/2025:17:49:54 +0300] "POST /wp-admin/admin-ajax.php?action=async_litespeed&nonce=xZ5hcofKrwlaEYOc7jsfNIhWTjKSmVcF&litespeed_type=imgoptm HTTP/1.0" 200 565 "-" "WordPress/6.7.2; https://dirata.co.il"
35.198.151.205 - - [23/Jun/2025:17:51:55 +0300] "POST /wp-cron.php?doing_wp_cron=1750690315.5270090103149414062500 HTTP/1.0" 200 409 "-" "WordPress/6.7.2; https://dirata.co.il"
87.71.26.42 - - [23/Jun/2025:17:51:55 +0300] "POST /wp-admin/admin-ajax.php HTTP/1.0" 200 728 "https://dirata.co.il/wp-admin/profile.php?wp_http_referer=%2Fwp-admin%2Fusers.php%3Frole%3Dadministrator" "Mozilla/5.0 (Windows NT 10.0; Win64; x64) AppleWebKit/537.36 (KHTML, like Gecko) Chrome/137.0.0.0 Safari/537.36"
35.198.151.205 - - [23/Jun/2025:17:51:55 +0300] "POST /wp-admin/admin-ajax.php?action=async_litespeed&nonce=98CdsawDEV2Yx3shMproRMIrOP5m4WdH&litespeed_type=imgoptm HTTP/1.0" 200 565 "-" "WordPress/6.7.2; https://dirata.co.il"
35.198.151.205 - - [23/Jun/2025:17:54:17 +0300] "POST /wp-cron.php?doing_wp_cron=1750690457.5329580307006835937500 HTTP/1.0" 200 409 "-" "WordPress/6.7.2; https://dirata.co.il"
87.71.26.42 - - [23/Jun/2025:17:54:17 +0300] "POST /wp-admin/admin-ajax.php HTTP/1.0" 200 728 "https://dirata.co.il/wp-admin/profile.php?wp_http_referer=%2Fwp-admin%2Fusers.php%3Frole%3Dadministrator" "Mozilla/5.0 (Windows NT 10.0; Win64; x64) AppleWebKit/537.36 (KHTML, like Gecko) Chrome/137.0.0.0 Safari/537.36"
35.198.151.205 - - [23/Jun/2025:17:54:17 +0300] "POST /wp-admin/admin-ajax.php?action=async_litespeed&nonce=UeUC7LoAL3JVfG5sb89xCPwAqgRI8WUy&litespeed_type=imgoptm HTTP/1.0" 200 565 "-" "WordPress/6.7.2; https://dirata.co.il"
35.198.151.205 - - [23/Jun/2025:17:56:12 +0300] "POST /wp-cron.php?doing_wp_cron=1750690572.5408170223236083984375 HTTP/1.0" 200 409 "-" "WordPress/6.7.2; https://dirata.co.il"
87.71.26.42 - - [23/Jun/2025:17:56:12 +0300] "POST /wp-admin/admin-ajax.php HTTP/1.0" 200 728 "https://dirata.co.il/wp-admin/profile.php?wp_http_referer=%2Fwp-admin%2Fusers.php%3Frole%3Dadministrator" "Mozilla/5.0 (Windows NT 10.0; Win64; x64) AppleWebKit/537.36 (KHTML, like Gecko) Chrome/137.0.0.0 Safari/537.36"
35.198.151.205 - - [23/Jun/2025:17:56:12 +0300] "POST /wp-admin/admin-ajax.php?action=async_litespeed&nonce=EVqndmELc1afZEtwT8VQPHWq3LGfu1SK&litespeed_type=imgoptm HTTP/1.0" 200 565 "-" "WordPress/6.7.2; https://dirata.co.il"
35.198.151.205 - - [23/Jun/2025:17:57:58 +0300] "POST /wp-cron.php?doing_wp_cron=1750690678.5761299133300781250000 HTTP/1.0" 200 409 "-" "WordPress/6.7.2; https://dirata.co.il"
87.71.26.42 - - [23/Jun/2025:17:57:58 +0300] "POST /wp-admin/admin-ajax.php HTTP/1.0" 200 728 "https://dirata.co.il/wp-admin/profile.php?wp_http_referer=%2Fwp-admin%2Fusers.php%3Frole%3Dadministrator" "Mozilla/5.0 (Windows NT 10.0; Win64; x64) AppleWebKit/537.36 (KHTML, like Gecko) Chrome/137.0.0.0 Safari/537.36"
35.198.151.205 - - [23/Jun/2025:17:57:58 +0300] "POST /wp-admin/admin-ajax.php?action=async_litespeed&nonce=NDmbtdylUyruO8bkWpEjOoq7AuwOeYZV&litespeed_type=imgoptm HTTP/1.0" 200 565 "-" "WordPress/6.7.2; https://dirata.co.il"
35.198.151.205 - - [23/Jun/2025:17:59:59 +0300] "POST /wp-cron.php?doing_wp_cron=1750690799.5936269760131835937500 HTTP/1.0" 200 409 "-" "WordPress/6.7.2; https://dirata.co.il"
87.71.26.42 - - [23/Jun/2025:17:59:59 +0300] "POST /wp-admin/admin-ajax.php HTTP/1.0" 200 728 "https://dirata.co.il/wp-admin/profile.php?wp_http_referer=%2Fwp-admin%2Fusers.php%3Frole%3Dadministrator" "Mozilla/5.0 (Windows NT 10.0; Win64; x64) AppleWebKit/537.36 (KHTML, like Gecko) Chrome/137.0.0.0 Safari/537.36"
35.198.151.205 - - [23/Jun/2025:17:59:59 +0300] "POST /wp-admin/admin-ajax.php?action=async_litespeed&nonce=GPLJaMPg7baVxD6y9mhcG5wcQMYADvbq&litespeed_type=imgoptm HTTP/1.0" 200 565 "-" "WordPress/6.7.2; https://dirata.co.il"
35.198.151.205 - - [23/Jun/2025:18:02:00 +0300] "POST /wp-cron.php?doing_wp_cron=1750690920.5402100086212158203125 HTTP/1.0" 200 409 "-" "WordPress/6.7.2; https://dirata.co.il"
87.71.26.42 - - [23/Jun/2025:18:02:00 +0300] "POST /wp-admin/admin-ajax.php HTTP/1.0" 200 728 "https://dirata.co.il/wp-admin/profile.php?wp_http_referer=%2Fwp-admin%2Fusers.php%3Frole%3Dadministrator" "Mozilla/5.0 (Windows NT 10.0; Win64; x64) AppleWebKit/537.36 (KHTML, like Gecko) Chrome/137.0.0.0 Safari/537.36"
35.198.151.205 - - [23/Jun/2025:18:02:00 +0300] "POST /wp-admin/admin-ajax.php?action=async_litespeed&nonce=bRHb6941cLtq7GqVKZjwfPXvpyOKbzSl&litespeed_type=imgoptm HTTP/1.0" 200 565 "-" "WordPress/6.7.2; https://dirata.co.il"
35.198.151.205 - - [23/Jun/2025:18:04:01 +0300] "POST /wp-cron.php?doing_wp_cron=1750691041.5678029060363769531250 HTTP/1.0" 200 409 "-" "WordPress/6.7.2; https://dirata.co.il"
87.71.26.42 - - [23/Jun/2025:18:04:01 +0300] "POST /wp-admin/admin-ajax.php HTTP/1.0" 200 728 "https://dirata.co.il/wp-admin/profile.php?wp_http_referer=%2Fwp-admin%2Fusers.php%3Frole%3Dadministrator" "Mozilla/5.0 (Windows NT 10.0; Win64; x64) AppleWebKit/537.36 (KHTML, like Gecko) Chrome/137.0.0.0 Safari/537.36"
35.198.151.205 - - [23/Jun/2025:18:04:01 +0300] "POST /wp-admin/admin-ajax.php?action=async_litespeed&nonce=b7sOHLDc3lc3oxCofw2JOi2zfVXTAKGv&litespeed_type=imgoptm HTTP/1.0" 200 565 "-" "WordPress/6.7.2; https://dirata.co.il"
35.198.151.205 - - [23/Jun/2025:18:05:17 +0300] "POST /wp-cron.php?doing_wp_cron=1750691117.7171430587768554687500 HTTP/1.0" 200 409 "-" "WordPress/6.7.2; https://dirata.co.il"
57.141.2.26 - - [23/Jun/2025:18:05:17 +0300] "GET /page/2/Private_apartment_listing_form_for_sale.html HTTP/1.0" 404 30836 "-" "meta-externalagent/1.1 (+https://developers.facebook.com/docs/sharing/webmasters/crawler)"
35.198.151.205 - - [23/Jun/2025:18:05:17 +0300] "POST /wp-admin/admin-ajax.php?action=async_litespeed&nonce=ZYntzZRzQKQLPhOnUXRJxBYNOkxCfOMi&litespeed_type=imgoptm HTTP/1.0" 200 565 "-" "WordPress/6.7.2; https://dirata.co.il"
35.198.151.205 - - [23/Jun/2025:18:06:02 +0300] "POST /wp-cron.php?doing_wp_cron=1750691162.6314239501953125000000 HTTP/1.0" 200 409 "-" "WordPress/6.7.2; https://dirata.co.il"
87.71.26.42 - - [23/Jun/2025:18:06:02 +0300] "POST /wp-admin/admin-ajax.php HTTP/1.0" 200 728 "https://dirata.co.il/wp-admin/profile.php?wp_http_referer=%2Fwp-admin%2Fusers.php%3Frole%3Dadministrator" "Mozilla/5.0 (Windows NT 10.0; Win64; x64) AppleWebKit/537.36 (KHTML, like Gecko) Chrome/137.0.0.0 Safari/537.36"
35.198.151.205 - - [23/Jun/2025:18:06:02 +0300] "POST /wp-admin/admin-ajax.php?action=async_litespeed&nonce=Y9gaQ092ZFlAk0NPgLBKRRV6aSLyOuhW&litespeed_type=imgoptm HTTP/1.0" 200 565 "-" "WordPress/6.7.2; https://dirata.co.il"
35.198.151.205 - - [23/Jun/2025:18:08:03 +0300] "POST /wp-cron.php?doing_wp_cron=1750691283.6699860095977783203125 HTTP/1.0" 200 409 "-" "WordPress/6.7.2; https://dirata.co.il"
87.71.26.42 - - [23/Jun/2025:18:08:03 +0300] "POST /wp-admin/admin-ajax.php HTTP/1.0" 200 728 "https://dirata.co.il/wp-admin/profile.php?wp_http_referer=%2Fwp-admin%2Fusers.php%3Frole%3Dadministrator" "Mozilla/5.0 (Windows NT 10.0; Win64; x64) AppleWebKit/537.36 (KHTML, like Gecko) Chrome/137.0.0.0 Safari/537.36"
35.198.151.205 - - [23/Jun/2025:18:08:03 +0300] "POST /wp-admin/admin-ajax.php?action=async_litespeed&nonce=a7adO06aP7h6szrAiGqAHI6yKKrfTTgE&litespeed_type=imgoptm HTTP/1.0" 200 565 "-" "WordPress/6.7.2; https://dirata.co.il"
35.198.151.205 - - [23/Jun/2025:18:10:04 +0300] "POST /wp-cron.php?doing_wp_cron=1750691404.6510810852050781250000 HTTP/1.0" 200 409 "-" "WordPress/6.7.2; https://dirata.co.il"
87.71.26.42 - - [23/Jun/2025:18:10:04 +0300] "POST /wp-admin/admin-ajax.php HTTP/1.0" 200 728 "https://dirata.co.il/wp-admin/profile.php?wp_http_referer=%2Fwp-admin%2Fusers.php%3Frole%3Dadministrator" "Mozilla/5.0 (Windows NT 10.0; Win64; x64) AppleWebKit/537.36 (KHTML, like Gecko) Chrome/137.0.0.0 Safari/537.36"
35.198.151.205 - - [23/Jun/2025:18:10:04 +0300] "POST /wp-admin/admin-ajax.php?action=async_litespeed&nonce=ZUgS59KPX5t2IXf2DSyBSumPezFVm8Dp&litespeed_type=imgoptm HTTP/1.0" 200 565 "-" "WordPress/6.7.2; https://dirata.co.il"
62.219.58.137 - - [23/Jun/2025:18:10:21 +0300] "GET /index.php HTTP/1.0" 301 463 "-" "Cpanel-HTTP-Client/1.0"
62.219.58.137 - - [23/Jun/2025:18:10:21 +0300] "GET / HTTP/1.0" 200 122073 "-" "Cpanel-HTTP-Client/1.0"
62.219.58.137 - - [23/Jun/2025:18:10:22 +0300] "GET /index.php HTTP/1.0" 301 463 "-" "Cpanel-HTTP-Client/1.0"
62.219.58.137 - - [23/Jun/2025:18:10:22 +0300] "GET / HTTP/1.0" 200 122073 "-" "Cpanel-HTTP-Client/1.0"
35.198.151.205 - - [23/Jun/2025:18:12:05 +0300] "POST /wp-cron.php?doing_wp_cron=1750691525.6193549633026123046875 HTTP/1.0" 200 409 "-" "WordPress/6.7.2; https://dirata.co.il"
