213.151.54.68 - - [23/Jun/2025:16:35:45 +0300] "POST /wp-admin/admin-ajax.php HTTP/1.0" 200 1208 "https://dirata.co.il/apartments-search/?city=119&listing_type=sale&floor_min=0&floor_max=55" "Mozilla/5.0 (Windows NT 10.0; Win64; x64) AppleWebKit/537.36 (KHTML, like Gecko) Chrome/137.0.0.0 Safari/537.36"
213.151.54.68 - - [23/Jun/2025:16:35:50 +0300] "GET / HTTP/1.0" 200 122257 "https://dirata.co.il/apartments-search/?city=119&listing_type=sale&floor_min=0&floor_max=55" "Mozilla/5.0 (Windows NT 10.0; Win64; x64) AppleWebKit/537.36 (KHTML, like Gecko) Chrome/137.0.0.0 Safari/537.36"
35.198.151.205 - - [23/Jun/2025:16:35:53 +0300] "POST /wp-cron.php?doing_wp_cron=1750685753.8475749492645263671875 HTTP/1.0" 200 409 "-" "WordPress/6.7.2; https://dirata.co.il"
80.246.130.38 - - [23/Jun/2025:16:35:53 +0300] "POST /wp-admin/admin-ajax.php HTTP/1.0" 200 780 "https://dirata.co.il/wp-admin/post.php?post=613&action=edit" "Mozilla/5.0 (Windows NT 10.0; Win64; x64) AppleWebKit/537.36 (KHTML, like Gecko) Chrome/137.0.0.0 Safari/537.36"
35.198.151.205 - - [23/Jun/2025:16:35:54 +0300] "POST /wp-admin/admin-ajax.php?action=async_litespeed&nonce=tME73QCi0T4Afprgd5pVd5KcT1tKpQTV&litespeed_type=imgoptm HTTP/1.0" 200 565 "-" "WordPress/6.7.2; https://dirata.co.il"
35.198.151.205 - - [23/Jun/2025:16:36:00 +0300] "POST /wp-cron.php?doing_wp_cron=1750685760.5815610885620117187500 HTTP/1.0" 200 409 "-" "WordPress/6.7.2; https://dirata.co.il"
80.246.130.38 - - [23/Jun/2025:16:36:00 +0300] "POST /wp-admin/admin-ajax.php HTTP/1.0" 200 780 "https://dirata.co.il/wp-admin/post.php?post=613&action=edit" "Mozilla/5.0 (Windows NT 10.0; Win64; x64) AppleWebKit/537.36 (KHTML, like Gecko) Chrome/137.0.0.0 Safari/537.36"
213.151.54.68 - - [23/Jun/2025:16:36:04 +0300] "GET / HTTP/1.0" 200 122257 "https://dirata.co.il/" "Mozilla/5.0 (Windows NT 10.0; Win64; x64) AppleWebKit/537.36 (KHTML, like Gecko) Chrome/137.0.0.0 Safari/537.36"
80.246.130.38 - - [23/Jun/2025:16:36:06 +0300] "POST /wp-admin/admin-ajax.php HTTP/1.0" 200 1133 "https://dirata.co.il/wp-admin/post.php?post=613&action=edit" "Mozilla/5.0 (Windows NT 10.0; Win64; x64) AppleWebKit/537.36 (KHTML, like Gecko) Chrome/137.0.0.0 Safari/537.36"
213.151.54.68 - - [23/Jun/2025:16:36:07 +0300] "GET /apartments-search/ HTTP/1.0" 200 122579 "https://dirata.co.il/" "Mozilla/5.0 (Windows NT 10.0; Win64; x64) AppleWebKit/537.36 (KHTML, like Gecko) Chrome/137.0.0.0 Safari/537.36"
80.246.130.38 - - [23/Jun/2025:16:36:07 +0300] "POST /wp-admin/admin-ajax.php HTTP/1.0" 200 727 "https://dirata.co.il/wp-admin/post.php?post=613&action=edit" "Mozilla/5.0 (Windows NT 10.0; Win64; x64) AppleWebKit/537.36 (KHTML, like Gecko) Chrome/137.0.0.0 Safari/537.36"
213.151.54.68 - - [23/Jun/2025:16:36:07 +0300] "POST /wp-admin/admin-ajax.php HTTP/1.0" 200 11492 "https://dirata.co.il/apartments-search/" "Mozilla/5.0 (Windows NT 10.0; Win64; x64) AppleWebKit/537.36 (KHTML, like Gecko) Chrome/137.0.0.0 Safari/537.36"
80.246.130.38 - - [23/Jun/2025:16:36:07 +0300] "POST /wp-admin/post.php HTTP/1.0" 302 1173 "https://dirata.co.il/wp-admin/post.php?post=613&action=edit" "Mozilla/5.0 (Windows NT 10.0; Win64; x64) AppleWebKit/537.36 (KHTML, like Gecko) Chrome/137.0.0.0 Safari/537.36"
80.246.130.38 - - [23/Jun/2025:16:36:08 +0300] "GET /wp-admin/post.php?post=613&action=edit&message=1 HTTP/1.0" 200 579987 "https://dirata.co.il/wp-admin/post.php?post=613&action=edit" "Mozilla/5.0 (Windows NT 10.0; Win64; x64) AppleWebKit/537.36 (KHTML, like Gecko) Chrome/137.0.0.0 Safari/537.36"
213.151.54.68 - - [23/Jun/2025:16:36:08 +0300] "POST /wp-admin/admin-ajax.php HTTP/1.0" 200 56089 "https://dirata.co.il/apartments-search/" "Mozilla/5.0 (Windows NT 10.0; Win64; x64) AppleWebKit/537.36 (KHTML, like Gecko) Chrome/137.0.0.0 Safari/537.36"
213.151.54.68 - - [23/Jun/2025:16:36:08 +0300] "POST /wp-admin/admin-ajax.php HTTP/1.0" 200 56089 "https://dirata.co.il/apartments-search/" "Mozilla/5.0 (Windows NT 10.0; Win64; x64) AppleWebKit/537.36 (KHTML, like Gecko) Chrome/137.0.0.0 Safari/537.36"
213.151.54.68 - - [23/Jun/2025:16:36:09 +0300] "GET /wp-content/uploads/2025/06/apartment_image_685193f2a01d3.webp HTTP/1.0" 200 438 "https://dirata.co.il/apartments-search/" "Mozilla/5.0 (Windows NT 10.0; Win64; x64) AppleWebKit/537.36 (KHTML, like Gecko) Chrome/137.0.0.0 Safari/537.36"
213.151.54.68 - - [23/Jun/2025:16:36:09 +0300] "GET /wp-content/uploads/2025/06/apartment_image_68519bd924b7c-scaled.webp HTTP/1.0" 200 445 "https://dirata.co.il/apartments-search/" "Mozilla/5.0 (Windows NT 10.0; Win64; x64) AppleWebKit/537.36 (KHTML, like Gecko) Chrome/137.0.0.0 Safari/537.36"
80.246.130.38 - - [23/Jun/2025:16:36:10 +0300] "GET /wp-admin/admin-ajax.php?action=oembed-cache&post=613 HTTP/1.0" 200 584 "https://dirata.co.il/wp-admin/post.php?post=613&action=edit" "Mozilla/5.0 (Windows NT 10.0; Win64; x64) AppleWebKit/537.36 (KHTML, like Gecko) Chrome/137.0.0.0 Safari/537.36"
213.151.54.68 - - [23/Jun/2025:16:36:17 +0300] "GET /apartments-search/ HTTP/1.0" 200 122583 "https://dirata.co.il/apartments-search/" "Mozilla/5.0 (Windows NT 10.0; Win64; x64) AppleWebKit/537.36 (KHTML, like Gecko) Chrome/137.0.0.0 Safari/537.36"
213.151.54.68 - - [23/Jun/2025:16:36:18 +0300] "POST /wp-admin/admin-ajax.php HTTP/1.0" 200 11492 "https://dirata.co.il/apartments-search/" "Mozilla/5.0 (Windows NT 10.0; Win64; x64) AppleWebKit/537.36 (KHTML, like Gecko) Chrome/137.0.0.0 Safari/537.36"
213.151.54.68 - - [23/Jun/2025:16:36:19 +0300] "GET / HTTP/1.0" 200 122256 "https://dirata.co.il/apartments-search/" "Mozilla/5.0 (Windows NT 10.0; Win64; x64) AppleWebKit/537.36 (KHTML, like Gecko) Chrome/137.0.0.0 Safari/537.36"
213.151.54.68 - - [23/Jun/2025:16:36:19 +0300] "POST /wp-admin/admin-ajax.php HTTP/1.0" 200 56089 "https://dirata.co.il/apartments-search/" "Mozilla/5.0 (Windows NT 10.0; Win64; x64) AppleWebKit/537.36 (KHTML, like Gecko) Chrome/137.0.0.0 Safari/537.36"
213.151.54.68 - - [23/Jun/2025:16:36:19 +0300] "POST /wp-admin/admin-ajax.php HTTP/1.0" 200 56089 "https://dirata.co.il/apartments-search/" "Mozilla/5.0 (Windows NT 10.0; Win64; x64) AppleWebKit/537.36 (KHTML, like Gecko) Chrome/137.0.0.0 Safari/537.36"
213.151.54.68 - - [23/Jun/2025:16:36:21 +0300] "GET /login/ HTTP/1.0" 200 34540 "https://dirata.co.il/" "Mozilla/5.0 (Windows NT 10.0; Win64; x64) AppleWebKit/537.36 (KHTML, like Gecko) Chrome/137.0.0.0 Safari/537.36"
80.246.130.38 - - [23/Jun/2025:16:36:23 +0300] "POST /wp-admin/admin-ajax.php HTTP/1.0" 200 780 "https://dirata.co.il/wp-admin/post.php?post=613&action=edit" "Mozilla/5.0 (Windows NT 10.0; Win64; x64) AppleWebKit/537.36 (KHTML, like Gecko) Chrome/137.0.0.0 Safari/537.36"
80.246.130.38 - - [23/Jun/2025:16:36:30 +0300] "POST /wp-admin/admin-ajax.php HTTP/1.0" 200 780 "https://dirata.co.il/wp-admin/post.php?post=613&action=edit" "Mozilla/5.0 (Windows NT 10.0; Win64; x64) AppleWebKit/537.36 (KHTML, like Gecko) Chrome/137.0.0.0 Safari/537.36"
213.151.54.68 - - [23/Jun/2025:16:36:38 +0300] "GET / HTTP/1.0" 200 122256 "https://dirata.co.il/login/" "Mozilla/5.0 (Windows NT 10.0; Win64; x64) AppleWebKit/537.36 (KHTML, like Gecko) Chrome/137.0.0.0 Safari/537.36"
80.246.130.38 - - [23/Jun/2025:16:36:43 +0300] "POST /wp-admin/admin-ajax.php HTTP/1.0" 200 780 "https://dirata.co.il/wp-admin/post.php?post=613&action=edit" "Mozilla/5.0 (Windows NT 10.0; Win64; x64) AppleWebKit/537.36 (KHTML, like Gecko) Chrome/137.0.0.0 Safari/537.36"
35.198.151.205 - - [23/Jun/2025:16:36:46 +0300] "POST /wp-cron.php?doing_wp_cron=1750685806.2783520221710205078125 HTTP/1.0" 200 409 "-" "WordPress/6.7.2; https://dirata.co.il"
213.151.54.68 - - [23/Jun/2025:16:36:46 +0300] "GET / HTTP/1.0" 200 122256 "https://dirata.co.il/" "Mozilla/5.0 (Windows NT 10.0; Win64; x64) AppleWebKit/537.36 (KHTML, like Gecko) Chrome/137.0.0.0 Safari/537.36"
80.246.130.38 - - [23/Jun/2025:16:36:50 +0300] "POST /wp-admin/admin-ajax.php HTTP/1.0" 200 780 "https://dirata.co.il/wp-admin/post.php?post=613&action=edit" "Mozilla/5.0 (Windows NT 10.0; Win64; x64) AppleWebKit/537.36 (KHTML, like Gecko) Chrome/137.0.0.0 Safari/537.36"
35.198.151.205 - - [23/Jun/2025:16:36:57 +0300] "POST /wp-cron.php?doing_wp_cron=1750685817.1078410148620605468750 HTTP/1.0" 200 409 "-" "WordPress/6.7.2; https://dirata.co.il"
213.151.54.68 - - [23/Jun/2025:16:36:56 +0300] "GET / HTTP/1.0" 200 122256 "https://dirata.co.il/" "Mozilla/5.0 (Windows NT 10.0; Win64; x64) AppleWebKit/537.36 (KHTML, like Gecko) Chrome/137.0.0.0 Safari/537.36"
35.198.151.205 - - [23/Jun/2025:16:36:57 +0300] "POST /wp-admin/admin-ajax.php?action=async_litespeed&nonce=WyklCJTjVtLLUaXnN6h7sL0QQ5Rby1nw&litespeed_type=imgoptm HTTP/1.0" 200 565 "-" "WordPress/6.7.2; https://dirata.co.il"
80.246.130.38 - - [23/Jun/2025:16:36:59 +0300] "POST /wp-admin/admin-ajax.php HTTP/1.0" 200 727 "https://dirata.co.il/wp-admin/post.php?post=613&action=edit" "Mozilla/5.0 (Windows NT 10.0; Win64; x64) AppleWebKit/537.36 (KHTML, like Gecko) Chrome/137.0.0.0 Safari/537.36"
213.151.54.68 - - [23/Jun/2025:16:37:00 +0300] "GET / HTTP/1.0" 200 122256 "https://dirata.co.il/" "Mozilla/5.0 (Windows NT 10.0; Win64; x64) AppleWebKit/537.36 (KHTML, like Gecko) Chrome/137.0.0.0 Safari/537.36"
80.246.130.38 - - [23/Jun/2025:16:37:02 +0300] "POST /wp-admin/post.php HTTP/1.0" 302 1173 "https://dirata.co.il/wp-admin/post.php?post=613&action=edit" "Mozilla/5.0 (Windows NT 10.0; Win64; x64) AppleWebKit/537.36 (KHTML, like Gecko) Chrome/137.0.0.0 Safari/537.36"
80.246.130.38 - - [23/Jun/2025:16:37:02 +0300] "POST /wp-admin/admin-ajax.php HTTP/1.0" 200 780 "https://dirata.co.il/wp-admin/post.php?post=613&action=edit" "Mozilla/5.0 (Windows NT 10.0; Win64; x64) AppleWebKit/537.36 (KHTML, like Gecko) Chrome/137.0.0.0 Safari/537.36"
80.246.130.38 - - [23/Jun/2025:16:37:03 +0300] "GET /wp-admin/post.php?post=613&action=edit&message=1 HTTP/1.0" 200 580003 "https://dirata.co.il/wp-admin/post.php?post=613&action=edit" "Mozilla/5.0 (Windows NT 10.0; Win64; x64) AppleWebKit/537.36 (KHTML, like Gecko) Chrome/137.0.0.0 Safari/537.36"
80.246.130.38 - - [23/Jun/2025:16:37:05 +0300] "GET /wp-admin/admin-ajax.php?action=oembed-cache&post=613 HTTP/1.0" 200 584 "https://dirata.co.il/wp-admin/post.php?post=613&action=edit" "Mozilla/5.0 (Windows NT 10.0; Win64; x64) AppleWebKit/537.36 (KHTML, like Gecko) Chrome/137.0.0.0 Safari/537.36"
80.246.130.38 - - [23/Jun/2025:16:37:06 +0300] "GET /wp-admin/edit.php?post_type=apartment HTTP/1.0" 200 220133 "https://dirata.co.il/wp-admin/post.php?post=613&action=edit" "Mozilla/5.0 (Windows NT 10.0; Win64; x64) AppleWebKit/537.36 (KHTML, like Gecko) Chrome/137.0.0.0 Safari/537.36"
80.246.130.38 - - [23/Jun/2025:16:37:07 +0300] "POST /wp-admin/admin-ajax.php HTTP/1.0" 200 675 "https://dirata.co.il/wp-admin/post.php?post=613&action=edit" "Mozilla/5.0 (Windows NT 10.0; Win64; x64) AppleWebKit/537.36 (KHTML, like Gecko) Chrome/137.0.0.0 Safari/537.36"
80.246.130.38 - - [23/Jun/2025:16:37:08 +0300] "POST /wp-admin/admin-ajax.php HTTP/1.0" 200 728 "https://dirata.co.il/wp-admin/edit.php?post_type=apartment" "Mozilla/5.0 (Windows NT 10.0; Win64; x64) AppleWebKit/537.36 (KHTML, like Gecko) Chrome/137.0.0.0 Safari/537.36"
213.151.54.68 - - [23/Jun/2025:16:37:10 +0300] "GET / HTTP/1.0" 200 122226 "https://dirata.co.il/" "Mozilla/5.0 (Windows NT 10.0; Win64; x64) AppleWebKit/537.36 (KHTML, like Gecko) Chrome/137.0.0.0 Safari/537.36"
80.246.130.38 - - [23/Jun/2025:16:37:19 +0300] "POST /wp-admin/admin-ajax.php HTTP/1.0" 200 728 "https://dirata.co.il/wp-admin/edit.php?post_type=apartment" "Mozilla/5.0 (Windows NT 10.0; Win64; x64) AppleWebKit/537.36 (KHTML, like Gecko) Chrome/137.0.0.0 Safari/537.36"
80.246.130.38 - - [23/Jun/2025:16:37:19 +0300] "GET /wp-admin/post.php?post=612&action=trash&_wpnonce=6a08751a29 HTTP/1.0" 302 994 "https://dirata.co.il/wp-admin/edit.php?post_type=apartment" "Mozilla/5.0 (Windows NT 10.0; Win64; x64) AppleWebKit/537.36 (KHTML, like Gecko) Chrome/137.0.0.0 Safari/537.36"
80.246.130.38 - - [23/Jun/2025:16:37:19 +0300] "GET /wp-admin/edit.php?post_type=apartment&trashed=1&ids=612 HTTP/1.0" 200 220497 "https://dirata.co.il/wp-admin/edit.php?post_type=apartment" "Mozilla/5.0 (Windows NT 10.0; Win64; x64) AppleWebKit/537.36 (KHTML, like Gecko) Chrome/137.0.0.0 Safari/537.36"
80.246.130.38 - - [23/Jun/2025:16:37:20 +0300] "POST /wp-admin/admin-ajax.php HTTP/1.0" 200 728 "https://dirata.co.il/wp-admin/edit.php?post_type=apartment" "Mozilla/5.0 (Windows NT 10.0; Win64; x64) AppleWebKit/537.36 (KHTML, like Gecko) Chrome/137.0.0.0 Safari/537.36"
213.151.54.68 - - [23/Jun/2025:16:37:27 +0300] "POST /wp-admin/admin-ajax.php HTTP/1.0" 200 700 "https://dirata.co.il/" "Mozilla/5.0 (Windows NT 10.0; Win64; x64) AppleWebKit/537.36 (KHTML, like Gecko) Chrome/137.0.0.0 Safari/537.36"
213.151.54.68 - - [23/Jun/2025:16:37:27 +0300] "POST /wp-admin/admin-ajax.php HTTP/1.0" 200 700 "https://dirata.co.il/" "Mozilla/5.0 (Windows NT 10.0; Win64; x64) AppleWebKit/537.36 (KHTML, like Gecko) Chrome/137.0.0.0 Safari/537.36"
213.151.54.68 - - [23/Jun/2025:16:37:27 +0300] "GET /apartments-search/?city=94&advanced=undefined HTTP/1.0" 200 123131 "https://dirata.co.il/" "Mozilla/5.0 (Windows NT 10.0; Win64; x64) AppleWebKit/537.36 (KHTML, like Gecko) Chrome/137.0.0.0 Safari/537.36"
213.151.54.68 - - [23/Jun/2025:16:37:28 +0300] "GET /wp-content/uploads/2025/05/tall-steel-skyscraper-reflects-blue-twilight-sunlight-glow-generated-by-ai-scaled.webp HTTP/1.0" 200 490 "https://dirata.co.il/apartments-search/?city=94&advanced=undefined" "Mozilla/5.0 (Windows NT 10.0; Win64; x64) AppleWebKit/537.36 (KHTML, like Gecko) Chrome/137.0.0.0 Safari/537.36"
213.151.54.68 - - [23/Jun/2025:16:37:28 +0300] "GET /wp-content/uploads/2025/05/sunset-illuminates-modern-beijing-skyline-steel-skyscrapers-reflect-generated-by-ai-scaled.webp HTTP/1.0" 200 499 "https://dirata.co.il/apartments-search/?city=94&advanced=undefined" "Mozilla/5.0 (Windows NT 10.0; Win64; x64) AppleWebKit/537.36 (KHTML, like Gecko) Chrome/137.0.0.0 Safari/537.36"
213.151.54.68 - - [23/Jun/2025:16:37:28 +0300] "POST /wp-admin/admin-ajax.php HTTP/1.0" 200 2596 "https://dirata.co.il/apartments-search/?city=94&advanced=undefined" "Mozilla/5.0 (Windows NT 10.0; Win64; x64) AppleWebKit/537.36 (KHTML, like Gecko) Chrome/137.0.0.0 Safari/537.36"
80.246.130.38 - - [23/Jun/2025:16:37:33 +0300] "POST /wp-admin/admin-ajax.php HTTP/1.0" 200 728 "https://dirata.co.il/wp-admin/edit.php?post_type=apartment" "Mozilla/5.0 (Windows NT 10.0; Win64; x64) AppleWebKit/537.36 (KHTML, like Gecko) Chrome/137.0.0.0 Safari/537.36"
80.246.130.38 - - [23/Jun/2025:16:37:33 +0300] "GET /wp-admin/post.php?post=614&action=edit HTTP/1.0" 200 579412 "https://dirata.co.il/wp-admin/edit.php?post_type=apartment" "Mozilla/5.0 (Windows NT 10.0; Win64; x64) AppleWebKit/537.36 (KHTML, like Gecko) Chrome/137.0.0.0 Safari/537.36"
87.71.26.42 - - [23/Jun/2025:16:37:39 +0300] "POST /wp-admin/admin-ajax.php HTTP/1.0" 200 728 "https://dirata.co.il/wp-admin/profile.php?wp_http_referer=%2Fwp-admin%2Fusers.php%3Frole%3Dadministrator" "Mozilla/5.0 (Windows NT 10.0; Win64; x64) AppleWebKit/537.36 (KHTML, like Gecko) Chrome/137.0.0.0 Safari/537.36"
87.71.26.42 - - [23/Jun/2025:16:37:39 +0300] "POST /wp-admin/admin-ajax.php HTTP/1.0" 200 780 "https://dirata.co.il/wp-admin/post.php?post=81&action=edit" "Mozilla/5.0 (Windows NT 10.0; Win64; x64) AppleWebKit/537.36 (KHTML, like Gecko) Chrome/137.0.0.0 Safari/537.36"
213.151.54.68 - - [23/Jun/2025:16:37:41 +0300] "GET /wp-admin/admin-ajax.php?action=get_areas_by_city&city= HTTP/1.0" 200 597 "https://dirata.co.il/apartments-search/?city=94&advanced=undefined" "Mozilla/5.0 (Windows NT 10.0; Win64; x64) AppleWebKit/537.36 (KHTML, like Gecko) Chrome/137.0.0.0 Safari/537.36"
213.151.54.68 - - [23/Jun/2025:16:37:42 +0300] "GET / HTTP/1.0" 200 122226 "https://dirata.co.il/apartments-search/?city=94&advanced=undefined" "Mozilla/5.0 (Windows NT 10.0; Win64; x64) AppleWebKit/537.36 (KHTML, like Gecko) Chrome/137.0.0.0 Safari/537.36"
80.246.130.38 - - [23/Jun/2025:16:37:49 +0300] "POST /wp-admin/admin-ajax.php HTTP/1.0" 200 1133 "https://dirata.co.il/wp-admin/post.php?post=614&action=edit" "Mozilla/5.0 (Windows NT 10.0; Win64; x64) AppleWebKit/537.36 (KHTML, like Gecko) Chrome/137.0.0.0 Safari/537.36"
80.246.130.38 - - [23/Jun/2025:16:37:49 +0300] "POST /wp-admin/admin-ajax.php HTTP/1.0" 200 780 "https://dirata.co.il/wp-admin/post.php?post=614&action=edit" "Mozilla/5.0 (Windows NT 10.0; Win64; x64) AppleWebKit/537.36 (KHTML, like Gecko) Chrome/137.0.0.0 Safari/537.36"
35.198.151.205 - - [23/Jun/2025:16:37:51 +0300] "POST /wp-cron.php?doing_wp_cron=1750685871.3337640762329101562500 HTTP/1.0" 200 409 "-" "WordPress/6.7.2; https://dirata.co.il"
80.246.130.38 - - [23/Jun/2025:16:37:51 +0300] "POST /wp-admin/admin-ajax.php HTTP/1.0" 200 727 "https://dirata.co.il/wp-admin/post.php?post=614&action=edit" "Mozilla/5.0 (Windows NT 10.0; Win64; x64) AppleWebKit/537.36 (KHTML, like Gecko) Chrome/137.0.0.0 Safari/537.36"
35.198.151.205 - - [23/Jun/2025:16:37:51 +0300] "POST /wp-admin/admin-ajax.php?action=async_litespeed&nonce=ez5NvczNlk9aI2WgbWogH72cIUFl0NM9&litespeed_type=imgoptm HTTP/1.0" 200 565 "-" "WordPress/6.7.2; https://dirata.co.il"
80.246.130.38 - - [23/Jun/2025:16:37:51 +0300] "POST /wp-admin/post.php HTTP/1.0" 302 1163 "https://dirata.co.il/wp-admin/post.php?post=614&action=edit" "Mozilla/5.0 (Windows NT 10.0; Win64; x64) AppleWebKit/537.36 (KHTML, like Gecko) Chrome/137.0.0.0 Safari/537.36"
80.246.130.38 - - [23/Jun/2025:16:37:52 +0300] "GET /wp-admin/post.php?post=614&action=edit&message=1 HTTP/1.0" 200 580028 "https://dirata.co.il/wp-admin/post.php?post=614&action=edit" "Mozilla/5.0 (Windows NT 10.0; Win64; x64) AppleWebKit/537.36 (KHTML, like Gecko) Chrome/137.0.0.0 Safari/537.36"
80.246.130.38 - - [23/Jun/2025:16:37:53 +0300] "GET /wp-admin/admin-ajax.php?action=oembed-cache&post=614 HTTP/1.0" 200 584 "https://dirata.co.il/wp-admin/post.php?post=614&action=edit" "Mozilla/5.0 (Windows NT 10.0; Win64; x64) AppleWebKit/537.36 (KHTML, like Gecko) Chrome/137.0.0.0 Safari/537.36"
213.151.54.68 - - [23/Jun/2025:16:38:01 +0300] "GET /apartments/%d7%91%d7%a2%d7%9c%d7%99-%d7%9e%d7%9c%d7%90%d7%9b%d7%94-%d7%90%d7%a9%d7%93%d7%95%d7%93-6/ HTTP/1.0" 200 114779 "https://dirata.co.il/" "Mozilla/5.0 (Windows NT 10.0; Win64; x64) AppleWebKit/537.36 (KHTML, like Gecko) Chrome/137.0.0.0 Safari/537.36"
213.151.54.68 - - [23/Jun/2025:16:38:02 +0300] "GET /wp-content/uploads/2025/06/apartment_image_6851901226587-scaled.webp HTTP/1.0" 200 445 "https://dirata.co.il/apartments/%d7%91%d7%a2%d7%9c%d7%99-%d7%9e%d7%9c%d7%90%d7%9b%d7%94-%d7%90%d7%a9%d7%93%d7%95%d7%93-6/" "Mozilla/5.0 (Windows NT 10.0; Win64; x64) AppleWebKit/537.36 (KHTML, like Gecko) Chrome/137.0.0.0 Safari/537.36"
213.151.54.68 - - [23/Jun/2025:16:38:02 +0300] "GET /wp-content/uploads/2025/05/apartment_image_6833159a7641d-scaled.webp HTTP/1.0" 200 445 "https://dirata.co.il/apartments/%d7%91%d7%a2%d7%9c%d7%99-%d7%9e%d7%9c%d7%90%d7%9b%d7%94-%d7%90%d7%a9%d7%93%d7%95%d7%93-6/" "Mozilla/5.0 (Windows NT 10.0; Win64; x64) AppleWebKit/537.36 (KHTML, like Gecko) Chrome/137.0.0.0 Safari/537.36"
213.151.54.68 - - [23/Jun/2025:16:38:02 +0300] "GET /wp-content/uploads/2025/06/apartment_image_68518424ed840.webp HTTP/1.0" 200 438 "https://dirata.co.il/apartments/%d7%91%d7%a2%d7%9c%d7%99-%d7%9e%d7%9c%d7%90%d7%9b%d7%94-%d7%90%d7%a9%d7%93%d7%95%d7%93-6/" "Mozilla/5.0 (Windows NT 10.0; Win64; x64) AppleWebKit/537.36 (KHTML, like Gecko) Chrome/137.0.0.0 Safari/537.36"
213.151.54.68 - - [23/Jun/2025:16:38:02 +0300] "GET /wp-content/uploads/2025/06/apartment_image_683ef7fca8198.webp HTTP/1.0" 200 438 "https://dirata.co.il/apartments/%d7%91%d7%a2%d7%9c%d7%99-%d7%9e%d7%9c%d7%90%d7%9b%d7%94-%d7%90%d7%a9%d7%93%d7%95%d7%93-6/" "Mozilla/5.0 (Windows NT 10.0; Win64; x64) AppleWebKit/537.36 (KHTML, like Gecko) Chrome/137.0.0.0 Safari/537.36"
213.151.54.68 - - [23/Jun/2025:16:38:02 +0300] "GET /wp-content/uploads/2025/06/%D7%9E%D7%9C%D7%91%D7%9F-65.webp HTTP/1.0" 200 420 "https://dirata.co.il/apartments/%d7%91%d7%a2%d7%9c%d7%99-%d7%9e%d7%9c%d7%90%d7%9b%d7%94-%d7%90%d7%a9%d7%93%d7%95%d7%93-6/" "Mozilla/5.0 (Windows NT 10.0; Win64; x64) AppleWebKit/537.36 (KHTML, like Gecko) Chrome/137.0.0.0 Safari/537.36"
213.151.54.68 - - [23/Jun/2025:16:38:02 +0300] "POST /wp-admin/admin-ajax.php HTTP/1.0" 200 11492 "https://dirata.co.il/apartments/%d7%91%d7%a2%d7%9c%d7%99-%d7%9e%d7%9c%d7%90%d7%9b%d7%94-%d7%90%d7%a9%d7%93%d7%95%d7%93-6/" "Mozilla/5.0 (Windows NT 10.0; Win64; x64) AppleWebKit/537.36 (KHTML, like Gecko) Chrome/137.0.0.0 Safari/537.36"
80.246.130.38 - - [23/Jun/2025:16:38:07 +0300] "POST /wp-admin/admin-ajax.php HTTP/1.0" 200 780 "https://dirata.co.il/wp-admin/post.php?post=614&action=edit" "Mozilla/5.0 (Windows NT 10.0; Win64; x64) AppleWebKit/537.36 (KHTML, like Gecko) Chrome/137.0.0.0 Safari/537.36"
213.151.54.68 - - [23/Jun/2025:16:38:12 +0300] "GET / HTTP/1.0" 200 122216 "https://dirata.co.il/" "Mozilla/5.0 (Windows NT 10.0; Win64; x64) AppleWebKit/537.36 (KHTML, like Gecko) Chrome/137.0.0.0 Safari/537.36"
87.71.26.42 - - [23/Jun/2025:16:39:40 +0300] "POST /wp-admin/admin-ajax.php HTTP/1.0" 200 780 "https://dirata.co.il/wp-admin/post.php?post=81&action=edit" "Mozilla/5.0 (Windows NT 10.0; Win64; x64) AppleWebKit/537.36 (KHTML, like Gecko) Chrome/137.0.0.0 Safari/537.36"
35.198.151.205 - - [23/Jun/2025:16:39:40 +0300] "POST /wp-cron.php?doing_wp_cron=1750685980.5187959671020507812500 HTTP/1.0" 200 409 "-" "WordPress/6.7.2; https://dirata.co.il"
87.71.26.42 - - [23/Jun/2025:16:39:40 +0300] "POST /wp-admin/admin-ajax.php HTTP/1.0" 200 728 "https://dirata.co.il/wp-admin/profile.php?wp_http_referer=%2Fwp-admin%2Fusers.php%3Frole%3Dadministrator" "Mozilla/5.0 (Windows NT 10.0; Win64; x64) AppleWebKit/537.36 (KHTML, like Gecko) Chrome/137.0.0.0 Safari/537.36"
35.198.151.205 - - [23/Jun/2025:16:39:40 +0300] "POST /wp-admin/admin-ajax.php?action=async_litespeed&nonce=0m5dufLEolxhwgROlbWQDpwiVtnnUuKo&litespeed_type=imgoptm HTTP/1.0" 200 565 "-" "WordPress/6.7.2; https://dirata.co.il"
35.198.151.205 - - [23/Jun/2025:16:40:01 +0300] "POST /wp-cron.php?doing_wp_cron=1750686001.5908899307250976562500 HTTP/1.0" 200 409 "-" "WordPress/6.7.2; https://dirata.co.il"
80.246.130.38 - - [23/Jun/2025:16:40:01 +0300] "POST /wp-admin/admin-ajax.php HTTP/1.0" 200 780 "https://dirata.co.il/wp-admin/post.php?post=614&action=edit" "Mozilla/5.0 (Windows NT 10.0; Win64; x64) AppleWebKit/537.36 (KHTML, like Gecko) Chrome/137.0.0.0 Safari/537.36"
35.198.151.205 - - [23/Jun/2025:16:40:01 +0300] "POST /wp-admin/admin-ajax.php?action=async_litespeed&nonce=z4W5hxLMvdE8rVeWRQ544OePFCgMTT20&litespeed_type=imgoptm HTTP/1.0" 200 565 "-" "WordPress/6.7.2; https://dirata.co.il"
80.246.130.38 - - [23/Jun/2025:16:40:06 +0300] "GET /wp-admin/post-new.php?post_type=apartment HTTP/1.0" 200 578435 "https://dirata.co.il/wp-admin/post.php?post=614&action=edit" "Mozilla/5.0 (Windows NT 10.0; Win64; x64) AppleWebKit/537.36 (KHTML, like Gecko) Chrome/137.0.0.0 Safari/537.36"
80.246.130.38 - - [23/Jun/2025:16:40:07 +0300] "POST /wp-admin/admin-ajax.php HTTP/1.0" 200 675 "https://dirata.co.il/wp-admin/post.php?post=614&action=edit" "Mozilla/5.0 (Windows NT 10.0; Win64; x64) AppleWebKit/537.36 (KHTML, like Gecko) Chrome/137.0.0.0 Safari/537.36"
80.246.130.38 - - [23/Jun/2025:16:40:22 +0300] "POST /wp-admin/admin-ajax.php HTTP/1.0" 200 780 "https://dirata.co.il/wp-admin/post-new.php?post_type=apartment" "Mozilla/5.0 (Windows NT 10.0; Win64; x64) AppleWebKit/537.36 (KHTML, like Gecko) Chrome/137.0.0.0 Safari/537.36"
80.246.130.38 - - [23/Jun/2025:16:40:22 +0300] "POST /wp-admin/admin-ajax.php HTTP/1.0" 200 1133 "https://dirata.co.il/wp-admin/post-new.php?post_type=apartment" "Mozilla/5.0 (Windows NT 10.0; Win64; x64) AppleWebKit/537.36 (KHTML, like Gecko) Chrome/137.0.0.0 Safari/537.36"
80.246.130.38 - - [23/Jun/2025:16:40:22 +0300] "POST /wp-admin/admin-ajax.php HTTP/1.0" 200 899 "https://dirata.co.il/wp-admin/post-new.php?post_type=apartment" "Mozilla/5.0 (Windows NT 10.0; Win64; x64) AppleWebKit/537.36 (KHTML, like Gecko) Chrome/137.0.0.0 Safari/537.36"
80.246.130.38 - - [23/Jun/2025:16:40:22 +0300] "POST /wp-admin/admin-ajax.php HTTP/1.0" 200 1191 "https://dirata.co.il/wp-admin/post-new.php?post_type=apartment" "Mozilla/5.0 (Windows NT 10.0; Win64; x64) AppleWebKit/537.36 (KHTML, like Gecko) Chrome/137.0.0.0 Safari/537.36"
80.246.130.38 - - [23/Jun/2025:16:40:32 +0300] "POST /wp-admin/admin-ajax.php HTTP/1.0" 200 780 "https://dirata.co.il/wp-admin/post-new.php?post_type=apartment" "Mozilla/5.0 (Windows NT 10.0; Win64; x64) AppleWebKit/537.36 (KHTML, like Gecko) Chrome/137.0.0.0 Safari/537.36"
80.246.130.38 - - [23/Jun/2025:16:40:42 +0300] "POST /wp-admin/admin-ajax.php HTTP/1.0" 200 780 "https://dirata.co.il/wp-admin/post-new.php?post_type=apartment" "Mozilla/5.0 (Windows NT 10.0; Win64; x64) AppleWebKit/537.36 (KHTML, like Gecko) Chrome/137.0.0.0 Safari/537.36"
35.198.151.205 - - [23/Jun/2025:16:40:51 +0300] "POST /wp-cron.php?doing_wp_cron=1750686051.8471970558166503906250 HTTP/1.0" 200 409 "-" "WordPress/6.7.2; https://dirata.co.il"
80.246.130.38 - - [23/Jun/2025:16:40:51 +0300] "POST /wp-admin/admin-ajax.php HTTP/1.0" 200 7462 "https://dirata.co.il/wp-admin/post-new.php?post_type=apartment" "Mozilla/5.0 (Windows NT 10.0; Win64; x64) AppleWebKit/537.36 (KHTML, like Gecko) Chrome/137.0.0.0 Safari/537.36"
35.198.151.205 - - [23/Jun/2025:16:40:52 +0300] "POST /wp-admin/admin-ajax.php?action=async_litespeed&nonce=eiSeShgNM8Er49L1uIiCYWcwtU3ExE9G&litespeed_type=imgoptm HTTP/1.0" 200 565 "-" "WordPress/6.7.2; https://dirata.co.il"
80.246.130.38 - - [23/Jun/2025:16:40:52 +0300] "POST /wp-admin/admin-ajax.php HTTP/1.0" 200 780 "https://dirata.co.il/wp-admin/post-new.php?post_type=apartment" "Mozilla/5.0 (Windows NT 10.0; Win64; x64) AppleWebKit/537.36 (KHTML, like Gecko) Chrome/137.0.0.0 Safari/537.36"
35.198.151.205 - - [23/Jun/2025:16:41:02 +0300] "POST /wp-cron.php?doing_wp_cron=1750686062.7801270484924316406250 HTTP/1.0" 200 409 "-" "WordPress/6.7.2; https://dirata.co.il"
80.246.130.38 - - [23/Jun/2025:16:41:02 +0300] "POST /wp-admin/admin-ajax.php HTTP/1.0" 200 780 "https://dirata.co.il/wp-admin/post-new.php?post_type=apartment" "Mozilla/5.0 (Windows NT 10.0; Win64; x64) AppleWebKit/537.36 (KHTML, like Gecko) Chrome/137.0.0.0 Safari/537.36"
80.246.130.38 - - [23/Jun/2025:16:41:12 +0300] "POST /wp-admin/admin-ajax.php HTTP/1.0" 200 780 "https://dirata.co.il/wp-admin/post-new.php?post_type=apartment" "Mozilla/5.0 (Windows NT 10.0; Win64; x64) AppleWebKit/537.36 (KHTML, like Gecko) Chrome/137.0.0.0 Safari/537.36"
80.246.130.38 - - [23/Jun/2025:16:41:22 +0300] "POST /wp-admin/admin-ajax.php HTTP/1.0" 200 780 "https://dirata.co.il/wp-admin/post-new.php?post_type=apartment" "Mozilla/5.0 (Windows NT 10.0; Win64; x64) AppleWebKit/537.36 (KHTML, like Gecko) Chrome/137.0.0.0 Safari/537.36"
80.246.130.38 - - [23/Jun/2025:16:41:32 +0300] "POST /wp-admin/admin-ajax.php HTTP/1.0" 200 780 "https://dirata.co.il/wp-admin/post-new.php?post_type=apartment" "Mozilla/5.0 (Windows NT 10.0; Win64; x64) AppleWebKit/537.36 (KHTML, like Gecko) Chrome/137.0.0.0 Safari/537.36"
87.71.26.42 - - [23/Jun/2025:16:41:41 +0300] "POST /wp-admin/admin-ajax.php HTTP/1.0" 200 728 "https://dirata.co.il/wp-admin/profile.php?wp_http_referer=%2Fwp-admin%2Fusers.php%3Frole%3Dadministrator" "Mozilla/5.0 (Windows NT 10.0; Win64; x64) AppleWebKit/537.36 (KHTML, like Gecko) Chrome/137.0.0.0 Safari/537.36"
87.71.26.42 - - [23/Jun/2025:16:41:41 +0300] "POST /wp-admin/admin-ajax.php HTTP/1.0" 200 780 "https://dirata.co.il/wp-admin/post.php?post=81&action=edit" "Mozilla/5.0 (Windows NT 10.0; Win64; x64) AppleWebKit/537.36 (KHTML, like Gecko) Chrome/137.0.0.0 Safari/537.36"
80.246.130.38 - - [23/Jun/2025:16:41:42 +0300] "POST /wp-admin/admin-ajax.php HTTP/1.0" 200 780 "https://dirata.co.il/wp-admin/post-new.php?post_type=apartment" "Mozilla/5.0 (Windows NT 10.0; Win64; x64) AppleWebKit/537.36 (KHTML, like Gecko) Chrome/137.0.0.0 Safari/537.36"
35.198.151.205 - - [23/Jun/2025:16:41:52 +0300] "POST /wp-cron.php?doing_wp_cron=1750686112.8016788959503173828125 HTTP/1.0" 200 409 "-" "WordPress/6.7.2; https://dirata.co.il"
80.246.130.38 - - [23/Jun/2025:16:41:52 +0300] "POST /wp-admin/admin-ajax.php HTTP/1.0" 200 780 "https://dirata.co.il/wp-admin/post-new.php?post_type=apartment" "Mozilla/5.0 (Windows NT 10.0; Win64; x64) AppleWebKit/537.36 (KHTML, like Gecko) Chrome/137.0.0.0 Safari/537.36"
35.198.151.205 - - [23/Jun/2025:16:41:53 +0300] "POST /wp-admin/admin-ajax.php?action=async_litespeed&nonce=BBqtfqICtXEeEhokPvsWox5bSu9XWeES&litespeed_type=imgoptm HTTP/1.0" 200 565 "-" "WordPress/6.7.2; https://dirata.co.il"
80.246.130.38 - - [23/Jun/2025:16:42:02 +0300] "POST /wp-admin/admin-ajax.php HTTP/1.0" 200 780 "https://dirata.co.il/wp-admin/post-new.php?post_type=apartment" "Mozilla/5.0 (Windows NT 10.0; Win64; x64) AppleWebKit/537.36 (KHTML, like Gecko) Chrome/137.0.0.0 Safari/537.36"
80.246.130.38 - - [23/Jun/2025:16:42:12 +0300] "POST /wp-admin/admin-ajax.php HTTP/1.0" 200 780 "https://dirata.co.il/wp-admin/post-new.php?post_type=apartment" "Mozilla/5.0 (Windows NT 10.0; Win64; x64) AppleWebKit/537.36 (KHTML, like Gecko) Chrome/137.0.0.0 Safari/537.36"
80.246.130.38 - - [23/Jun/2025:16:42:22 +0300] "POST /wp-admin/admin-ajax.php HTTP/1.0" 200 780 "https://dirata.co.il/wp-admin/post-new.php?post_type=apartment" "Mozilla/5.0 (Windows NT 10.0; Win64; x64) AppleWebKit/537.36 (KHTML, like Gecko) Chrome/137.0.0.0 Safari/537.36"
80.246.130.38 - - [23/Jun/2025:16:42:32 +0300] "POST /wp-admin/admin-ajax.php HTTP/1.0" 200 780 "https://dirata.co.il/wp-admin/post-new.php?post_type=apartment" "Mozilla/5.0 (Windows NT 10.0; Win64; x64) AppleWebKit/537.36 (KHTML, like Gecko) Chrome/137.0.0.0 Safari/537.36"
80.246.130.38 - - [23/Jun/2025:16:42:42 +0300] "POST /wp-admin/admin-ajax.php HTTP/1.0" 200 780 "https://dirata.co.il/wp-admin/post-new.php?post_type=apartment" "Mozilla/5.0 (Windows NT 10.0; Win64; x64) AppleWebKit/537.36 (KHTML, like Gecko) Chrome/137.0.0.0 Safari/537.36"
80.246.130.38 - - [23/Jun/2025:16:42:49 +0300] "POST /wp-admin/admin-ajax.php HTTP/1.0" 200 727 "https://dirata.co.il/wp-admin/post-new.php?post_type=apartment&wp-post-new-reload=true" "Mozilla/5.0 (Windows NT 10.0; Win64; x64) AppleWebKit/537.36 (KHTML, like Gecko) Chrome/137.0.0.0 Safari/537.36"
35.198.151.205 - - [23/Jun/2025:16:42:52 +0300] "POST /wp-cron.php?doing_wp_cron=1750686172.8449549674987792968750 HTTP/1.0" 200 409 "-" "WordPress/6.7.2; https://dirata.co.il"
80.246.130.38 - - [23/Jun/2025:16:42:52 +0300] "POST /wp-admin/admin-ajax.php HTTP/1.0" 200 780 "https://dirata.co.il/wp-admin/post-new.php?post_type=apartment&wp-post-new-reload=true" "Mozilla/5.0 (Windows NT 10.0; Win64; x64) AppleWebKit/537.36 (KHTML, like Gecko) Chrome/137.0.0.0 Safari/537.36"
35.198.151.205 - - [23/Jun/2025:16:42:53 +0300] "POST /wp-admin/admin-ajax.php?action=async_litespeed&nonce=i2N8eL76EU8zQqg8nOrq5ZmbB1bnhDLx&litespeed_type=imgoptm HTTP/1.0" 200 565 "-" "WordPress/6.7.2; https://dirata.co.il"
80.246.130.38 - - [23/Jun/2025:16:43:02 +0300] "POST /wp-admin/admin-ajax.php HTTP/1.0" 200 780 "https://dirata.co.il/wp-admin/post-new.php?post_type=apartment&wp-post-new-reload=true" "Mozilla/5.0 (Windows NT 10.0; Win64; x64) AppleWebKit/537.36 (KHTML, like Gecko) Chrome/137.0.0.0 Safari/537.36"
80.246.130.38 - - [23/Jun/2025:16:43:12 +0300] "POST /wp-admin/admin-ajax.php HTTP/1.0" 200 780 "https://dirata.co.il/wp-admin/post-new.php?post_type=apartment&wp-post-new-reload=true" "Mozilla/5.0 (Windows NT 10.0; Win64; x64) AppleWebKit/537.36 (KHTML, like Gecko) Chrome/137.0.0.0 Safari/537.36"
80.246.130.38 - - [23/Jun/2025:16:43:25 +0300] "POST /wp-admin/admin-ajax.php HTTP/1.0" 200 780 "https://dirata.co.il/wp-admin/post-new.php?post_type=apartment&wp-post-new-reload=true" "Mozilla/5.0 (Windows NT 10.0; Win64; x64) AppleWebKit/537.36 (KHTML, like Gecko) Chrome/137.0.0.0 Safari/537.36"
80.246.130.38 - - [23/Jun/2025:16:43:29 +0300] "POST /wp-admin/admin-ajax.php HTTP/1.0" 200 2180 "https://dirata.co.il/wp-admin/post-new.php?post_type=apartment&wp-post-new-reload=true" "Mozilla/5.0 (Windows NT 10.0; Win64; x64) AppleWebKit/537.36 (KHTML, like Gecko) Chrome/137.0.0.0 Safari/537.36"
80.246.130.38 - - [23/Jun/2025:16:43:32 +0300] "POST /wp-admin/admin-ajax.php HTTP/1.0" 200 780 "https://dirata.co.il/wp-admin/post-new.php?post_type=apartment&wp-post-new-reload=true" "Mozilla/5.0 (Windows NT 10.0; Win64; x64) AppleWebKit/537.36 (KHTML, like Gecko) Chrome/137.0.0.0 Safari/537.36"
87.71.26.42 - - [23/Jun/2025:16:43:42 +0300] "POST /wp-admin/admin-ajax.php HTTP/1.0" 200 780 "https://dirata.co.il/wp-admin/post.php?post=81&action=edit" "Mozilla/5.0 (Windows NT 10.0; Win64; x64) AppleWebKit/537.36 (KHTML, like Gecko) Chrome/137.0.0.0 Safari/537.36"
87.71.26.42 - - [23/Jun/2025:16:43:42 +0300] "POST /wp-admin/admin-ajax.php HTTP/1.0" 200 728 "https://dirata.co.il/wp-admin/profile.php?wp_http_referer=%2Fwp-admin%2Fusers.php%3Frole%3Dadministrator" "Mozilla/5.0 (Windows NT 10.0; Win64; x64) AppleWebKit/537.36 (KHTML, like Gecko) Chrome/137.0.0.0 Safari/537.36"
80.246.130.38 - - [23/Jun/2025:16:43:45 +0300] "POST /wp-admin/admin-ajax.php HTTP/1.0" 200 780 "https://dirata.co.il/wp-admin/post-new.php?post_type=apartment&wp-post-new-reload=true" "Mozilla/5.0 (Windows NT 10.0; Win64; x64) AppleWebKit/537.36 (KHTML, like Gecko) Chrome/137.0.0.0 Safari/537.36"
80.246.130.38 - - [23/Jun/2025:16:43:46 +0300] "POST /wp-admin/admin-ajax.php HTTP/1.0" 200 727 "https://dirata.co.il/wp-admin/post-new.php?post_type=apartment&wp-post-new-reload=true&wp-post-new-reload=true" "Mozilla/5.0 (Windows NT 10.0; Win64; x64) AppleWebKit/537.36 (KHTML, like Gecko) Chrome/137.0.0.0 Safari/537.36"
35.198.151.205 - - [23/Jun/2025:16:43:52 +0300] "POST /wp-cron.php?doing_wp_cron=1750686232.8503799438476562500000 HTTP/1.0" 200 409 "-" "WordPress/6.7.2; https://dirata.co.il"
80.246.130.38 - - [23/Jun/2025:16:43:52 +0300] "POST /wp-admin/admin-ajax.php HTTP/1.0" 200 780 "https://dirata.co.il/wp-admin/post-new.php?post_type=apartment&wp-post-new-reload=true&wp-post-new-reload=true" "Mozilla/5.0 (Windows NT 10.0; Win64; x64) AppleWebKit/537.36 (KHTML, like Gecko) Chrome/137.0.0.0 Safari/537.36"
35.198.151.205 - - [23/Jun/2025:16:43:53 +0300] "POST /wp-admin/admin-ajax.php?action=async_litespeed&nonce=n5KQGIH9VIQPla7foD1cXQ89bIn9byRn&litespeed_type=imgoptm HTTP/1.0" 200 565 "-" "WordPress/6.7.2; https://dirata.co.il"
80.246.130.38 - - [23/Jun/2025:16:44:05 +0300] "POST /wp-admin/admin-ajax.php HTTP/1.0" 200 780 "https://dirata.co.il/wp-admin/post-new.php?post_type=apartment&wp-post-new-reload=true&wp-post-new-reload=true" "Mozilla/5.0 (Windows NT 10.0; Win64; x64) AppleWebKit/537.36 (KHTML, like Gecko) Chrome/137.0.0.0 Safari/537.36"
80.246.130.38 - - [23/Jun/2025:16:44:05 +0300] "POST /wp-admin/admin-ajax.php HTTP/1.0" 200 727 "https://dirata.co.il/wp-admin/post-new.php?post_type=apartment&wp-post-new-reload=true&wp-post-new-reload=true&wp-post-new-reload=true" "Mozilla/5.0 (Windows NT 10.0; Win64; x64) AppleWebKit/537.36 (KHTML, like Gecko) Chrome/137.0.0.0 Safari/537.36"
80.246.130.38 - - [23/Jun/2025:16:44:06 +0300] "POST /wp-admin/post.php HTTP/1.0" 302 1153 "https://dirata.co.il/wp-admin/post-new.php?post_type=apartment&wp-post-new-reload=true&wp-post-new-reload=true&wp-post-new-reload=true&wp-post-new-reload=true" "Mozilla/5.0 (Windows NT 10.0; Win64; x64) AppleWebKit/537.36 (KHTML, like Gecko) Chrome/137.0.0.0 Safari/537.36"
80.246.130.38 - - [23/Jun/2025:16:44:06 +0300] "GET /wp-admin/post.php?post=616&action=edit&message=6 HTTP/1.0" 200 580894 "https://dirata.co.il/wp-admin/post-new.php?post_type=apartment&wp-post-new-reload=true&wp-post-new-reload=true&wp-post-new-reload=true&wp-post-new-reload=true" "Mozilla/5.0 (Windows NT 10.0; Win64; x64) AppleWebKit/537.36 (KHTML, like Gecko) Chrome/137.0.0.0 Safari/537.36"
80.246.130.38 - - [23/Jun/2025:16:44:08 +0300] "GET /wp-admin/admin-ajax.php?action=oembed-cache&post=616 HTTP/1.0" 200 584 "https://dirata.co.il/wp-admin/post.php?post=616&action=edit" "Mozilla/5.0 (Windows NT 10.0; Win64; x64) AppleWebKit/537.36 (KHTML, like Gecko) Chrome/137.0.0.0 Safari/537.36"
80.246.130.38 - - [23/Jun/2025:16:44:12 +0300] "GET /wp-admin/post-new.php?post_type=apartment HTTP/1.0" 200 579022 "https://dirata.co.il/wp-admin/post.php?post=616&action=edit" "Mozilla/5.0 (Windows NT 10.0; Win64; x64) AppleWebKit/537.36 (KHTML, like Gecko) Chrome/137.0.0.0 Safari/537.36"
80.246.130.38 - - [23/Jun/2025:16:44:12 +0300] "POST /wp-admin/admin-ajax.php HTTP/1.0" 200 675 "https://dirata.co.il/wp-admin/post.php?post=616&action=edit" "Mozilla/5.0 (Windows NT 10.0; Win64; x64) AppleWebKit/537.36 (KHTML, like Gecko) Chrome/137.0.0.0 Safari/537.36"
80.246.130.38 - - [23/Jun/2025:16:44:27 +0300] "POST /wp-admin/admin-ajax.php HTTP/1.0" 200 1133 "https://dirata.co.il/wp-admin/post-new.php?post_type=apartment" "Mozilla/5.0 (Windows NT 10.0; Win64; x64) AppleWebKit/537.36 (KHTML, like Gecko) Chrome/137.0.0.0 Safari/537.36"
80.246.130.38 - - [23/Jun/2025:16:44:27 +0300] "POST /wp-admin/admin-ajax.php HTTP/1.0" 200 780 "https://dirata.co.il/wp-admin/post-new.php?post_type=apartment" "Mozilla/5.0 (Windows NT 10.0; Win64; x64) AppleWebKit/537.36 (KHTML, like Gecko) Chrome/137.0.0.0 Safari/537.36"
80.246.130.38 - - [23/Jun/2025:16:44:28 +0300] "POST /wp-admin/admin-ajax.php HTTP/1.0" 200 899 "https://dirata.co.il/wp-admin/post-new.php?post_type=apartment" "Mozilla/5.0 (Windows NT 10.0; Win64; x64) AppleWebKit/537.36 (KHTML, like Gecko) Chrome/137.0.0.0 Safari/537.36"
80.246.130.38 - - [23/Jun/2025:16:44:28 +0300] "POST /wp-admin/admin-ajax.php HTTP/1.0" 200 1183 "https://dirata.co.il/wp-admin/post-new.php?post_type=apartment" "Mozilla/5.0 (Windows NT 10.0; Win64; x64) AppleWebKit/537.36 (KHTML, like Gecko) Chrome/137.0.0.0 Safari/537.36"
80.246.130.38 - - [23/Jun/2025:16:44:41 +0300] "POST /wp-admin/admin-ajax.php HTTP/1.0" 200 780 "https://dirata.co.il/wp-admin/post-new.php?post_type=apartment" "Mozilla/5.0 (Windows NT 10.0; Win64; x64) AppleWebKit/537.36 (KHTML, like Gecko) Chrome/137.0.0.0 Safari/537.36"
80.246.130.38 - - [23/Jun/2025:16:44:41 +0300] "POST /wp-admin/admin-ajax.php HTTP/1.0" 200 1133 "https://dirata.co.il/wp-admin/post-new.php?post_type=apartment" "Mozilla/5.0 (Windows NT 10.0; Win64; x64) AppleWebKit/537.36 (KHTML, like Gecko) Chrome/137.0.0.0 Safari/537.36"
35.198.151.205 - - [23/Jun/2025:16:44:51 +0300] "POST /wp-cron.php?doing_wp_cron=1750686291.5314910411834716796875 HTTP/1.0" 200 409 "-" "WordPress/6.7.2; https://dirata.co.il"
80.246.130.38 - - [23/Jun/2025:16:44:51 +0300] "POST /wp-admin/admin-ajax.php HTTP/1.0" 200 780 "https://dirata.co.il/wp-admin/post-new.php?post_type=apartment" "Mozilla/5.0 (Windows NT 10.0; Win64; x64) AppleWebKit/537.36 (KHTML, like Gecko) Chrome/137.0.0.0 Safari/537.36"
35.198.151.205 - - [23/Jun/2025:16:44:51 +0300] "POST /wp-admin/admin-ajax.php?action=async_litespeed&nonce=psTDqXOD1snW9YTlUQsJCBSFt0G3mvXt&litespeed_type=imgoptm HTTP/1.0" 200 565 "-" "WordPress/6.7.2; https://dirata.co.il"
80.246.130.38 - - [23/Jun/2025:16:45:01 +0300] "POST /wp-admin/admin-ajax.php HTTP/1.0" 200 780 "https://dirata.co.il/wp-admin/post-new.php?post_type=apartment" "Mozilla/5.0 (Windows NT 10.0; Win64; x64) AppleWebKit/537.36 (KHTML, like Gecko) Chrome/137.0.0.0 Safari/537.36"
80.246.130.38 - - [23/Jun/2025:16:45:11 +0300] "POST /wp-admin/admin-ajax.php HTTP/1.0" 200 780 "https://dirata.co.il/wp-admin/post-new.php?post_type=apartment" "Mozilla/5.0 (Windows NT 10.0; Win64; x64) AppleWebKit/537.36 (KHTML, like Gecko) Chrome/137.0.0.0 Safari/537.36"
80.246.130.38 - - [23/Jun/2025:16:45:21 +0300] "POST /wp-admin/admin-ajax.php HTTP/1.0" 200 780 "https://dirata.co.il/wp-admin/post-new.php?post_type=apartment" "Mozilla/5.0 (Windows NT 10.0; Win64; x64) AppleWebKit/537.36 (KHTML, like Gecko) Chrome/137.0.0.0 Safari/537.36"
80.246.130.38 - - [23/Jun/2025:16:45:31 +0300] "POST /wp-admin/admin-ajax.php HTTP/1.0" 200 780 "https://dirata.co.il/wp-admin/post-new.php?post_type=apartment" "Mozilla/5.0 (Windows NT 10.0; Win64; x64) AppleWebKit/537.36 (KHTML, like Gecko) Chrome/137.0.0.0 Safari/537.36"
80.246.130.38 - - [23/Jun/2025:16:45:41 +0300] "POST /wp-admin/admin-ajax.php HTTP/1.0" 200 780 "https://dirata.co.il/wp-admin/post-new.php?post_type=apartment" "Mozilla/5.0 (Windows NT 10.0; Win64; x64) AppleWebKit/537.36 (KHTML, like Gecko) Chrome/137.0.0.0 Safari/537.36"
87.71.26.42 - - [23/Jun/2025:16:45:43 +0300] "POST /wp-admin/admin-ajax.php HTTP/1.0" 200 728 "https://dirata.co.il/wp-admin/profile.php?wp_http_referer=%2Fwp-admin%2Fusers.php%3Frole%3Dadministrator" "Mozilla/5.0 (Windows NT 10.0; Win64; x64) AppleWebKit/537.36 (KHTML, like Gecko) Chrome/137.0.0.0 Safari/537.36"
87.71.26.42 - - [23/Jun/2025:16:45:43 +0300] "POST /wp-admin/admin-ajax.php HTTP/1.0" 200 780 "https://dirata.co.il/wp-admin/post.php?post=81&action=edit" "Mozilla/5.0 (Windows NT 10.0; Win64; x64) AppleWebKit/537.36 (KHTML, like Gecko) Chrome/137.0.0.0 Safari/537.36"
35.198.151.205 - - [23/Jun/2025:16:45:51 +0300] "POST /wp-cron.php?doing_wp_cron=1750686351.6947109699249267578125 HTTP/1.0" 200 409 "-" "WordPress/6.7.2; https://dirata.co.il"
80.246.130.38 - - [23/Jun/2025:16:45:51 +0300] "POST /wp-admin/admin-ajax.php HTTP/1.0" 200 780 "https://dirata.co.il/wp-admin/post-new.php?post_type=apartment" "Mozilla/5.0 (Windows NT 10.0; Win64; x64) AppleWebKit/537.36 (KHTML, like Gecko) Chrome/137.0.0.0 Safari/537.36"
35.198.151.205 - - [23/Jun/2025:16:45:51 +0300] "POST /wp-admin/admin-ajax.php?action=async_litespeed&nonce=4X20VEpoT3J4Qu7c7YwEIV1sPsqgJ6yf&litespeed_type=imgoptm HTTP/1.0" 200 565 "-" "WordPress/6.7.2; https://dirata.co.il"
213.151.54.68 - - [23/Jun/2025:16:45:54 +0300] "GET / HTTP/1.0" 200 122283 "https://www.google.com/" "Mozilla/5.0 (Windows NT 10.0; Win64; x64) AppleWebKit/537.36 (KHTML, like Gecko) Chrome/137.0.0.0 Safari/537.36"
35.198.151.205 - - [23/Jun/2025:16:46:01 +0300] "POST /wp-cron.php?doing_wp_cron=1750686361.5872180461883544921875 HTTP/1.0" 200 409 "-" "WordPress/6.7.2; https://dirata.co.il"
80.246.130.38 - - [23/Jun/2025:16:46:01 +0300] "POST /wp-admin/admin-ajax.php HTTP/1.0" 200 780 "https://dirata.co.il/wp-admin/post-new.php?post_type=apartment" "Mozilla/5.0 (Windows NT 10.0; Win64; x64) AppleWebKit/537.36 (KHTML, like Gecko) Chrome/137.0.0.0 Safari/537.36"
213.151.54.68 - - [23/Jun/2025:16:46:10 +0300] "GET /Private_apartment_listing_form_for_sale.html HTTP/1.0" 404 30783 "https://dirata.co.il/" "Mozilla/5.0 (Windows NT 10.0; Win64; x64) AppleWebKit/537.36 (KHTML, like Gecko) Chrome/137.0.0.0 Safari/537.36"
80.246.130.38 - - [23/Jun/2025:16:46:11 +0300] "POST /wp-admin/admin-ajax.php HTTP/1.0" 200 780 "https://dirata.co.il/wp-admin/post-new.php?post_type=apartment" "Mozilla/5.0 (Windows NT 10.0; Win64; x64) AppleWebKit/537.36 (KHTML, like Gecko) Chrome/137.0.0.0 Safari/537.36"
80.246.130.38 - - [23/Jun/2025:16:46:19 +0300] "POST /wp-admin/admin-ajax.php HTTP/1.0" 200 780 "https://dirata.co.il/wp-admin/post-new.php?post_type=apartment&wp-post-new-reload=true" "Mozilla/5.0 (Windows NT 10.0; Win64; x64) AppleWebKit/537.36 (KHTML, like Gecko) Chrome/137.0.0.0 Safari/537.36"
80.246.130.38 - - [23/Jun/2025:16:46:19 +0300] "POST /wp-admin/admin-ajax.php HTTP/1.0" 200 727 "https://dirata.co.il/wp-admin/post-new.php?post_type=apartment&wp-post-new-reload=true" "Mozilla/5.0 (Windows NT 10.0; Win64; x64) AppleWebKit/537.36 (KHTML, like Gecko) Chrome/137.0.0.0 Safari/537.36"
80.246.130.38 - - [23/Jun/2025:16:46:20 +0300] "POST /wp-admin/post.php HTTP/1.0" 302 1163 "https://dirata.co.il/wp-admin/post-new.php?post_type=apartment&wp-post-new-reload=true&wp-post-new-reload=true" "Mozilla/5.0 (Windows NT 10.0; Win64; x64) AppleWebKit/537.36 (KHTML, like Gecko) Chrome/137.0.0.0 Safari/537.36"
80.246.130.38 - - [23/Jun/2025:16:46:20 +0300] "GET /wp-admin/post.php?post=617&action=edit&message=6 HTTP/1.0" 200 580777 "https://dirata.co.il/wp-admin/post-new.php?post_type=apartment&wp-post-new-reload=true&wp-post-new-reload=true" "Mozilla/5.0 (Windows NT 10.0; Win64; x64) AppleWebKit/537.36 (KHTML, like Gecko) Chrome/137.0.0.0 Safari/537.36"
80.246.130.38 - - [23/Jun/2025:16:46:22 +0300] "GET /wp-admin/admin-ajax.php?action=oembed-cache&post=617 HTTP/1.0" 200 584 "https://dirata.co.il/wp-admin/post.php?post=617&action=edit" "Mozilla/5.0 (Windows NT 10.0; Win64; x64) AppleWebKit/537.36 (KHTML, like Gecko) Chrome/137.0.0.0 Safari/537.36"
80.246.130.38 - - [23/Jun/2025:16:46:28 +0300] "GET /wp-admin/post-new.php?post_type=apartment HTTP/1.0" 200 579085 "https://dirata.co.il/wp-admin/post.php?post=617&action=edit" "Mozilla/5.0 (Windows NT 10.0; Win64; x64) AppleWebKit/537.36 (KHTML, like Gecko) Chrome/137.0.0.0 Safari/537.36"
80.246.130.38 - - [23/Jun/2025:16:46:29 +0300] "POST /wp-admin/admin-ajax.php HTTP/1.0" 200 675 "https://dirata.co.il/wp-admin/post.php?post=617&action=edit" "Mozilla/5.0 (Windows NT 10.0; Win64; x64) AppleWebKit/537.36 (KHTML, like Gecko) Chrome/137.0.0.0 Safari/537.36"
80.246.130.38 - - [23/Jun/2025:16:46:42 +0300] "POST /wp-admin/admin-ajax.php HTTP/1.0" 200 1133 "https://dirata.co.il/wp-admin/post-new.php?post_type=apartment" "Mozilla/5.0 (Windows NT 10.0; Win64; x64) AppleWebKit/537.36 (KHTML, like Gecko) Chrome/137.0.0.0 Safari/537.36"
80.246.130.38 - - [23/Jun/2025:16:46:42 +0300] "POST /wp-admin/admin-ajax.php HTTP/1.0" 200 780 "https://dirata.co.il/wp-admin/post-new.php?post_type=apartment" "Mozilla/5.0 (Windows NT 10.0; Win64; x64) AppleWebKit/537.36 (KHTML, like Gecko) Chrome/137.0.0.0 Safari/537.36"
213.151.54.68 - - [23/Jun/2025:16:46:43 +0300] "POST /wp-admin/admin-ajax.php HTTP/1.0" 200 700 "https://dirata.co.il/" "Mozilla/5.0 (Windows NT 10.0; Win64; x64) AppleWebKit/537.36 (KHTML, like Gecko) Chrome/137.0.0.0 Safari/537.36"
213.151.54.68 - - [23/Jun/2025:16:46:43 +0300] "POST /wp-admin/admin-ajax.php HTTP/1.0" 200 700 "https://dirata.co.il/" "Mozilla/5.0 (Windows NT 10.0; Win64; x64) AppleWebKit/537.36 (KHTML, like Gecko) Chrome/137.0.0.0 Safari/537.36"
213.151.54.68 - - [23/Jun/2025:16:46:43 +0300] "GET /apartments-search/?city=94&advanced=undefined HTTP/1.0" 200 122172 "https://dirata.co.il/" "Mozilla/5.0 (Windows NT 10.0; Win64; x64) AppleWebKit/537.36 (KHTML, like Gecko) Chrome/137.0.0.0 Safari/537.36"
213.151.54.68 - - [23/Jun/2025:16:46:44 +0300] "POST /wp-admin/admin-ajax.php HTTP/1.0" 200 2596 "https://dirata.co.il/apartments-search/?city=94&advanced=undefined" "Mozilla/5.0 (Windows NT 10.0; Win64; x64) AppleWebKit/537.36 (KHTML, like Gecko) Chrome/137.0.0.0 Safari/537.36"
35.198.151.205 - - [23/Jun/2025:16:46:52 +0300] "POST /wp-cron.php?doing_wp_cron=1750686412.8877189159393310546875 HTTP/1.0" 200 409 "-" "WordPress/6.7.2; https://dirata.co.il"
80.246.130.38 - - [23/Jun/2025:16:46:52 +0300] "POST /wp-admin/admin-ajax.php HTTP/1.0" 200 780 "https://dirata.co.il/wp-admin/post-new.php?post_type=apartment" "Mozilla/5.0 (Windows NT 10.0; Win64; x64) AppleWebKit/537.36 (KHTML, like Gecko) Chrome/137.0.0.0 Safari/537.36"
35.198.151.205 - - [23/Jun/2025:16:46:53 +0300] "POST /wp-admin/admin-ajax.php?action=async_litespeed&nonce=zLxlgsgsSJs6fsVt6lHe3jnPK8CtUzHE&litespeed_type=imgoptm HTTP/1.0" 200 565 "-" "WordPress/6.7.2; https://dirata.co.il"
80.246.130.38 - - [23/Jun/2025:16:46:58 +0300] "POST /wp-admin/admin-ajax.php HTTP/1.0" 200 2231 "https://dirata.co.il/wp-admin/post-new.php?post_type=apartment" "Mozilla/5.0 (Windows NT 10.0; Win64; x64) AppleWebKit/537.36 (KHTML, like Gecko) Chrome/137.0.0.0 Safari/537.36"
80.246.130.38 - - [23/Jun/2025:16:46:59 +0300] "POST /wp-admin/admin-ajax.php HTTP/1.0" 200 780 "https://dirata.co.il/wp-admin/post-new.php?post_type=apartment" "Mozilla/5.0 (Windows NT 10.0; Win64; x64) AppleWebKit/537.36 (KHTML, like Gecko) Chrome/137.0.0.0 Safari/537.36"
80.246.130.38 - - [23/Jun/2025:16:47:12 +0300] "POST /wp-admin/admin-ajax.php HTTP/1.0" 200 780 "https://dirata.co.il/wp-admin/post-new.php?post_type=apartment" "Mozilla/5.0 (Windows NT 10.0; Win64; x64) AppleWebKit/537.36 (KHTML, like Gecko) Chrome/137.0.0.0 Safari/537.36"
80.246.130.38 - - [23/Jun/2025:16:47:22 +0300] "POST /wp-admin/admin-ajax.php HTTP/1.0" 200 780 "https://dirata.co.il/wp-admin/post-new.php?post_type=apartment" "Mozilla/5.0 (Windows NT 10.0; Win64; x64) AppleWebKit/537.36 (KHTML, like Gecko) Chrome/137.0.0.0 Safari/537.36"
80.246.130.38 - - [23/Jun/2025:16:47:32 +0300] "POST /wp-admin/admin-ajax.php HTTP/1.0" 200 780 "https://dirata.co.il/wp-admin/post-new.php?post_type=apartment" "Mozilla/5.0 (Windows NT 10.0; Win64; x64) AppleWebKit/537.36 (KHTML, like Gecko) Chrome/137.0.0.0 Safari/537.36"
80.246.130.38 - - [23/Jun/2025:16:47:42 +0300] "POST /wp-admin/admin-ajax.php HTTP/1.0" 200 780 "https://dirata.co.il/wp-admin/post-new.php?post_type=apartment" "Mozilla/5.0 (Windows NT 10.0; Win64; x64) AppleWebKit/537.36 (KHTML, like Gecko) Chrome/137.0.0.0 Safari/537.36"
87.71.26.42 - - [23/Jun/2025:16:47:44 +0300] "POST /wp-admin/admin-ajax.php HTTP/1.0" 200 728 "https://dirata.co.il/wp-admin/profile.php?wp_http_referer=%2Fwp-admin%2Fusers.php%3Frole%3Dadministrator" "Mozilla/5.0 (Windows NT 10.0; Win64; x64) AppleWebKit/537.36 (KHTML, like Gecko) Chrome/137.0.0.0 Safari/537.36"
87.71.26.42 - - [23/Jun/2025:16:47:44 +0300] "POST /wp-admin/admin-ajax.php HTTP/1.0" 200 780 "https://dirata.co.il/wp-admin/post.php?post=81&action=edit" "Mozilla/5.0 (Windows NT 10.0; Win64; x64) AppleWebKit/537.36 (KHTML, like Gecko) Chrome/137.0.0.0 Safari/537.36"
35.198.151.205 - - [23/Jun/2025:16:47:52 +0300] "POST /wp-cron.php?doing_wp_cron=1750686472.8633189201354980468750 HTTP/1.0" 200 409 "-" "WordPress/6.7.2; https://dirata.co.il"
