54.86.50.139 - - [23/Jun/2025:12:47:19 +0300] "POST /wp-json/yedaphone/v1/get_data_house HTTP/1.0" 404 994 "-" "PostmanRuntime/7.44.1"
87.71.26.42 - - [23/Jun/2025:12:47:19 +0300] "GET /profile-page/?tab=publish HTTP/1.0" 200 447353 "https://dirata.co.il/profile-page/" "Mozilla/5.0 (Windows NT 10.0; Win64; x64) AppleWebKit/537.36 (KHTML, like Gecko) Chrome/137.0.0.0 Safari/537.36"
87.71.26.42 - - [23/Jun/2025:12:47:19 +0300] "POST /wp-admin/admin-ajax.php HTTP/1.0" 200 89922 "https://dirata.co.il/profile-page/?tab=publish" "Mozilla/5.0 (Windows NT 10.0; Win64; x64) AppleWebKit/537.36 (KHTML, like Gecko) Chrome/137.0.0.0 Safari/537.36"
54.86.50.139 - - [23/Jun/2025:12:47:26 +0300] "POST /wp-json/yedaphone/v2/get_data_house HTTP/1.0" 404 994 "-" "PostmanRuntime/7.44.1"
35.198.151.205 - - [23/Jun/2025:12:47:59 +0300] "POST /wp-cron.php?doing_wp_cron=1750672079.5351889133453369140625 HTTP/1.0" 200 409 "-" "WordPress/6.7.2; https://dirata.co.il"
87.71.26.42 - - [23/Jun/2025:12:47:59 +0300] "POST /wp-admin/admin-ajax.php HTTP/1.0" 200 728 "https://dirata.co.il/wp-admin/profile.php?wp_http_referer=%2Fwp-admin%2Fusers.php%3Frole%3Dadministrator" "Mozilla/5.0 (Windows NT 10.0; Win64; x64) AppleWebKit/537.36 (KHTML, like Gecko) Chrome/137.0.0.0 Safari/537.36"
35.198.151.205 - - [23/Jun/2025:12:47:59 +0300] "POST /wp-admin/admin-ajax.php?action=async_litespeed&nonce=h9tz4r6JBqCGvl9BxqSuqt9zZ9ji8GTI&litespeed_type=imgoptm HTTP/1.0" 200 565 "-" "WordPress/6.7.2; https://dirata.co.il"
54.86.50.139 - - [23/Jun/2025:12:48:07 +0300] "POST /wp-json/yedaphone/v1/get_search_data/ HTTP/1.0" 200 650 "-" "PostmanRuntime/7.44.1"
87.71.26.42 - - [23/Jun/2025:12:48:12 +0300] "POST /wp-admin/admin-ajax.php HTTP/1.0" 200 780 "https://dirata.co.il/wp-admin/post.php?post=81&action=edit" "Mozilla/5.0 (Windows NT 10.0; Win64; x64) AppleWebKit/537.36 (KHTML, like Gecko) Chrome/137.0.0.0 Safari/537.36"
35.198.151.205 - - [23/Jun/2025:12:50:00 +0300] "POST /wp-cron.php?doing_wp_cron=1750672200.4665489196777343750000 HTTP/1.0" 200 409 "-" "WordPress/6.7.2; https://dirata.co.il"
87.71.26.42 - - [23/Jun/2025:12:50:00 +0300] "POST /wp-admin/admin-ajax.php HTTP/1.0" 200 728 "https://dirata.co.il/wp-admin/profile.php?wp_http_referer=%2Fwp-admin%2Fusers.php%3Frole%3Dadministrator" "Mozilla/5.0 (Windows NT 10.0; Win64; x64) AppleWebKit/537.36 (KHTML, like Gecko) Chrome/137.0.0.0 Safari/537.36"
35.198.151.205 - - [23/Jun/2025:12:50:00 +0300] "POST /wp-admin/admin-ajax.php?action=async_litespeed&nonce=vligKyC2sWad5FeGqzqzkXbV7dWnjJN1&litespeed_type=imgoptm HTTP/1.0" 200 565 "-" "WordPress/6.7.2; https://dirata.co.il"
87.71.26.42 - - [23/Jun/2025:12:50:13 +0300] "POST /wp-admin/admin-ajax.php HTTP/1.0" 200 780 "https://dirata.co.il/wp-admin/post.php?post=81&action=edit" "Mozilla/5.0 (Windows NT 10.0; Win64; x64) AppleWebKit/537.36 (KHTML, like Gecko) Chrome/137.0.0.0 Safari/537.36"
35.198.151.205 - - [23/Jun/2025:12:51:35 +0300] "POST /wp-cron.php?doing_wp_cron=1750672295.7154250144958496093750 HTTP/1.0" 200 409 "-" "WordPress/6.7.2; https://dirata.co.il"
54.86.50.139 - - [23/Jun/2025:12:51:35 +0300] "POST /wp-json/yedaphone/v1/calling_broker/ HTTP/1.0" 400 706 "-" "PostmanRuntime/7.44.1"
35.198.151.205 - - [23/Jun/2025:12:51:35 +0300] "POST /wp-admin/admin-ajax.php?action=async_litespeed&nonce=HKYzKBVQhNoQhwV3KEr2YpB2NopLRJUL&litespeed_type=imgoptm HTTP/1.0" 200 565 "-" "WordPress/6.7.2; https://dirata.co.il"
35.198.151.205 - - [23/Jun/2025:12:51:50 +0300] "POST /wp-cron.php?doing_wp_cron=1750672310.2193551063537597656250 HTTP/1.0" 200 409 "-" "WordPress/6.7.2; https://dirata.co.il"
54.86.50.139 - - [23/Jun/2025:12:51:48 +0300] "POST /wp-json/yedaphone/v1/calling_broker/ HTTP/1.0" 400 706 "-" "PostmanRuntime/7.44.1"
35.198.151.205 - - [23/Jun/2025:12:52:01 +0300] "POST /wp-cron.php?doing_wp_cron=1750672321.4564321041107177734375 HTTP/1.0" 200 409 "-" "WordPress/6.7.2; https://dirata.co.il"
87.71.26.42 - - [23/Jun/2025:12:52:01 +0300] "POST /wp-admin/admin-ajax.php HTTP/1.0" 200 728 "https://dirata.co.il/wp-admin/profile.php?wp_http_referer=%2Fwp-admin%2Fusers.php%3Frole%3Dadministrator" "Mozilla/5.0 (Windows NT 10.0; Win64; x64) AppleWebKit/537.36 (KHTML, like Gecko) Chrome/137.0.0.0 Safari/537.36"
35.198.151.205 - - [23/Jun/2025:12:52:01 +0300] "POST /wp-admin/admin-ajax.php?action=async_litespeed&nonce=lwxnzUuejUBz1SVjm6ZKXpVdUKwoxCwc&litespeed_type=imgoptm HTTP/1.0" 200 565 "-" "WordPress/6.7.2; https://dirata.co.il"
87.71.26.42 - - [23/Jun/2025:12:52:14 +0300] "POST /wp-admin/admin-ajax.php HTTP/1.0" 200 780 "https://dirata.co.il/wp-admin/post.php?post=81&action=edit" "Mozilla/5.0 (Windows NT 10.0; Win64; x64) AppleWebKit/537.36 (KHTML, like Gecko) Chrome/137.0.0.0 Safari/537.36"
35.198.151.205 - - [23/Jun/2025:12:53:19 +0300] "POST /wp-cron.php?doing_wp_cron=1750672399.9172389507293701171875 HTTP/1.0" 200 409 "-" "WordPress/6.7.2; https://dirata.co.il"
185.175.33.220 - - [23/Jun/2025:12:53:19 +0300] "GET /login/ HTTP/1.0" 200 34593 "-" "Mozilla/5.0 (Windows NT 10.0; Win64; x64) AppleWebKit/537.36 (KHTML, like Gecko) Chrome/137.0.0.0 Safari/537.36"
35.198.151.205 - - [23/Jun/2025:12:53:20 +0300] "POST /wp-admin/admin-ajax.php?action=async_litespeed&nonce=Pnk4F6LMt8n9A8BTm5HD5EiJh7zGSoC4&litespeed_type=imgoptm HTTP/1.0" 200 565 "-" "WordPress/6.7.2; https://dirata.co.il"
185.175.33.220 - - [23/Jun/2025:12:53:21 +0300] "GET /wp-content/themes/dirata/assets/img/bodyImg.webp HTTP/1.0" 200 425 "https://dirata.co.il/wp-content/themes/dirata/style.css?ver=1.0.0" "Mozilla/5.0 (Windows NT 10.0; Win64; x64) AppleWebKit/537.36 (KHTML, like Gecko) Chrome/137.0.0.0 Safari/537.36"
185.175.33.220 - - [23/Jun/2025:12:53:39 +0300] "GET /private-signup/ HTTP/1.0" 200 56619 "https://dirata.co.il/login/" "Mozilla/5.0 (Windows NT 10.0; Win64; x64) AppleWebKit/537.36 (KHTML, like Gecko) Chrome/137.0.0.0 Safari/537.36"
185.175.33.220 - - [23/Jun/2025:12:53:40 +0300] "GET /index.php HTTP/1.0" 301 410 "https://dirata.co.il/private-signup/" "Mozilla/5.0 (Windows NT 10.0; Win64; x64) AppleWebKit/537.36 (KHTML, like Gecko) Chrome/137.0.0.0 Safari/537.36"
185.175.33.220 - - [23/Jun/2025:12:53:40 +0300] "GET /index.php HTTP/1.0" 301 410 "https://dirata.co.il/private-signup/" "Mozilla/5.0 (Windows NT 10.0; Win64; x64) AppleWebKit/537.36 (KHTML, like Gecko) Chrome/137.0.0.0 Safari/537.36"
185.175.33.220 - - [23/Jun/2025:12:53:40 +0300] "GET /index.php HTTP/1.0" 301 410 "https://dirata.co.il/private-signup/" "Mozilla/5.0 (Windows NT 10.0; Win64; x64) AppleWebKit/537.36 (KHTML, like Gecko) Chrome/137.0.0.0 Safari/537.36"
185.175.33.220 - - [23/Jun/2025:12:53:40 +0300] "GET /index.php HTTP/1.0" 301 410 "https://dirata.co.il/private-signup/" "Mozilla/5.0 (Windows NT 10.0; Win64; x64) AppleWebKit/537.36 (KHTML, like Gecko) Chrome/137.0.0.0 Safari/537.36"
185.175.33.220 - - [23/Jun/2025:12:53:40 +0300] "GET / HTTP/1.0" 200 122285 "https://dirata.co.il/private-signup/" "Mozilla/5.0 (Windows NT 10.0; Win64; x64) AppleWebKit/537.36 (KHTML, like Gecko) Chrome/137.0.0.0 Safari/537.36"
185.175.33.220 - - [23/Jun/2025:12:53:41 +0300] "GET / HTTP/1.0" 200 122285 "https://dirata.co.il/private-signup/" "Mozilla/5.0 (Windows NT 10.0; Win64; x64) AppleWebKit/537.36 (KHTML, like Gecko) Chrome/137.0.0.0 Safari/537.36"
185.175.33.220 - - [23/Jun/2025:12:53:42 +0300] "GET / HTTP/1.0" 200 122285 "https://dirata.co.il/private-signup/" "Mozilla/5.0 (Windows NT 10.0; Win64; x64) AppleWebKit/537.36 (KHTML, like Gecko) Chrome/137.0.0.0 Safari/537.36"
185.175.33.220 - - [23/Jun/2025:12:53:42 +0300] "GET / HTTP/1.0" 200 122285 "https://dirata.co.il/private-signup/" "Mozilla/5.0 (Windows NT 10.0; Win64; x64) AppleWebKit/537.36 (KHTML, like Gecko) Chrome/137.0.0.0 Safari/537.36"
35.198.151.205 - - [23/Jun/2025:12:54:03 +0300] "POST /wp-cron.php?doing_wp_cron=1750672442.9235749244689941406250 HTTP/1.0" 200 409 "-" "WordPress/6.7.2; https://dirata.co.il"
87.71.26.42 - - [23/Jun/2025:12:54:02 +0300] "POST /wp-admin/admin-ajax.php HTTP/1.0" 200 728 "https://dirata.co.il/wp-admin/profile.php?wp_http_referer=%2Fwp-admin%2Fusers.php%3Frole%3Dadministrator" "Mozilla/5.0 (Windows NT 10.0; Win64; x64) AppleWebKit/537.36 (KHTML, like Gecko) Chrome/137.0.0.0 Safari/537.36"
35.198.151.205 - - [23/Jun/2025:12:54:03 +0300] "POST /wp-admin/admin-ajax.php?action=async_litespeed&nonce=qU71SDa2wL5IGEJ9bv7jaW6wNJra3YGj&litespeed_type=imgoptm HTTP/1.0" 200 565 "-" "WordPress/6.7.2; https://dirata.co.il"
87.71.26.42 - - [23/Jun/2025:12:54:04 +0300] "GET /apartments-search/ HTTP/1.0" 200 122474 "https://dirata.co.il/profile-page/?tab=publish" "Mozilla/5.0 (Windows NT 10.0; Win64; x64) AppleWebKit/537.36 (KHTML, like Gecko) Chrome/137.0.0.0 Safari/537.36"
87.71.26.42 - - [23/Jun/2025:12:54:05 +0300] "POST /wp-admin/admin-ajax.php HTTP/1.0" 200 13192 "https://dirata.co.il/apartments-search/" "Mozilla/5.0 (Windows NT 10.0; Win64; x64) AppleWebKit/537.36 (KHTML, like Gecko) Chrome/137.0.0.0 Safari/537.36"
87.71.26.42 - - [23/Jun/2025:12:54:06 +0300] "POST /wp-admin/admin-ajax.php HTTP/1.0" 200 56413 "https://dirata.co.il/apartments-search/" "Mozilla/5.0 (Windows NT 10.0; Win64; x64) AppleWebKit/537.36 (KHTML, like Gecko) Chrome/137.0.0.0 Safari/537.36"
87.71.26.42 - - [23/Jun/2025:12:54:06 +0300] "POST /wp-admin/admin-ajax.php HTTP/1.0" 200 56413 "https://dirata.co.il/apartments-search/" "Mozilla/5.0 (Windows NT 10.0; Win64; x64) AppleWebKit/537.36 (KHTML, like Gecko) Chrome/137.0.0.0 Safari/537.36"
87.71.26.42 - - [23/Jun/2025:12:54:15 +0300] "POST /wp-admin/admin-ajax.php HTTP/1.0" 200 780 "https://dirata.co.il/wp-admin/post.php?post=81&action=edit" "Mozilla/5.0 (Windows NT 10.0; Win64; x64) AppleWebKit/537.36 (KHTML, like Gecko) Chrome/137.0.0.0 Safari/537.36"
87.71.26.42 - - [23/Jun/2025:12:54:15 +0300] "GET / HTTP/1.0" 200 122398 "https://dirata.co.il/apartments-search/" "Mozilla/5.0 (Windows NT 10.0; Win64; x64) AppleWebKit/537.36 (KHTML, like Gecko) Chrome/137.0.0.0 Safari/537.36"
87.71.26.42 - - [23/Jun/2025:12:54:27 +0300] "GET /wp-admin/edit.php?post_type=apartment HTTP/1.0" 200 219509 "https://dirata.co.il/wp-admin/profile.php?wp_http_referer=%2Fwp-admin%2Fusers.php%3Frole%3Dadministrator" "Mozilla/5.0 (Windows NT 10.0; Win64; x64) AppleWebKit/537.36 (KHTML, like Gecko) Chrome/137.0.0.0 Safari/537.36"
87.71.26.42 - - [23/Jun/2025:12:54:28 +0300] "GET /wp-admin/load-styles.php?c=1&dir=rtl&load%5Bchunk_0%5D=dashicons,admin-bar,common,forms,admin-menu,dashboard,list-tables,edit,revisions,media,themes,about,nav-menus,wp-pointer,widgets&load%5Bchunk_1%5D=,site-icon,l10n,buttons,wp-auth-check&ver=6.7.2 HTTP/1.0" 200 401374 "https://dirata.co.il/wp-admin/edit.php?post_type=apartment" "Mozilla/5.0 (Windows NT 10.0; Win64; x64) AppleWebKit/537.36 (KHTML, like Gecko) Chrome/137.0.0.0 Safari/537.36"
87.71.26.42 - - [23/Jun/2025:12:54:28 +0300] "GET /wp-admin/load-scripts.php?c=1&load%5Bchunk_0%5D=jquery-core,jquery-migrate,utils,jquery-ui-core,jquery-ui-mouse,jquery-ui-sortable,wp-polyfill&ver=6.7.2 HTTP/1.0" 200 192111 "https://dirata.co.il/wp-admin/edit.php?post_type=apartment" "Mozilla/5.0 (Windows NT 10.0; Win64; x64) AppleWebKit/537.36 (KHTML, like Gecko) Chrome/137.0.0.0 Safari/537.36"
87.71.26.42 - - [23/Jun/2025:12:54:28 +0300] "GET /wp-admin/load-scripts.php?c=1&load%5Bchunk_0%5D=hoverIntent,wp-dom-ready,wp-hooks&ver=6.7.2 HTTP/1.0" 200 7199 "https://dirata.co.il/wp-admin/edit.php?post_type=apartment" "Mozilla/5.0 (Windows NT 10.0; Win64; x64) AppleWebKit/537.36 (KHTML, like Gecko) Chrome/137.0.0.0 Safari/537.36"
87.71.26.42 - - [23/Jun/2025:12:54:28 +0300] "POST /wp-admin/admin-ajax.php HTTP/1.0" 200 728 "https://dirata.co.il/wp-admin/edit.php?post_type=apartment" "Mozilla/5.0 (Windows NT 10.0; Win64; x64) AppleWebKit/537.36 (KHTML, like Gecko) Chrome/137.0.0.0 Safari/537.36"
87.71.26.42 - - [23/Jun/2025:12:54:38 +0300] "POST /wp-admin/admin-ajax.php HTTP/1.0" 200 728 "https://dirata.co.il/wp-admin/edit.php?post_type=apartment" "Mozilla/5.0 (Windows NT 10.0; Win64; x64) AppleWebKit/537.36 (KHTML, like Gecko) Chrome/137.0.0.0 Safari/537.36"
87.71.26.42 - - [23/Jun/2025:12:54:39 +0300] "GET /wp-admin/post.php?post=596&action=trash&_wpnonce=e4031def5f HTTP/1.0" 302 1055 "https://dirata.co.il/wp-admin/edit.php?post_type=apartment" "Mozilla/5.0 (Windows NT 10.0; Win64; x64) AppleWebKit/537.36 (KHTML, like Gecko) Chrome/137.0.0.0 Safari/537.36"
87.71.26.42 - - [23/Jun/2025:12:54:40 +0300] "GET /wp-admin/edit.php?post_type=apartment&trashed=1&ids=596 HTTP/1.0" 200 221407 "https://dirata.co.il/wp-admin/edit.php?post_type=apartment" "Mozilla/5.0 (Windows NT 10.0; Win64; x64) AppleWebKit/537.36 (KHTML, like Gecko) Chrome/137.0.0.0 Safari/537.36"
87.71.26.42 - - [23/Jun/2025:12:54:41 +0300] "POST /wp-admin/admin-ajax.php HTTP/1.0" 200 728 "https://dirata.co.il/wp-admin/edit.php?post_type=apartment" "Mozilla/5.0 (Windows NT 10.0; Win64; x64) AppleWebKit/537.36 (KHTML, like Gecko) Chrome/137.0.0.0 Safari/537.36"
87.71.26.42 - - [23/Jun/2025:12:54:42 +0300] "GET /wp-admin/edit.php?post_type=apartment&author=12 HTTP/1.0" 200 221463 "https://dirata.co.il/wp-admin/edit.php?post_type=apartment" "Mozilla/5.0 (Windows NT 10.0; Win64; x64) AppleWebKit/537.36 (KHTML, like Gecko) Chrome/137.0.0.0 Safari/537.36"
87.71.26.42 - - [23/Jun/2025:12:54:42 +0300] "POST /wp-admin/admin-ajax.php HTTP/1.0" 200 728 "https://dirata.co.il/wp-admin/edit.php?post_type=apartment&author=12" "Mozilla/5.0 (Windows NT 10.0; Win64; x64) AppleWebKit/537.36 (KHTML, like Gecko) Chrome/137.0.0.0 Safari/537.36"
185.175.33.220 - - [23/Jun/2025:12:54:48 +0300] "POST /wp-admin/admin-post.php HTTP/1.0" 302 673 "https://dirata.co.il/private-signup/" "Mozilla/5.0 (Windows NT 10.0; Win64; x64) AppleWebKit/537.36 (KHTML, like Gecko) Chrome/137.0.0.0 Safari/537.36"
185.175.33.220 - - [23/Jun/2025:12:54:48 +0300] "GET /profile-page HTTP/1.0" 301 423 "https://dirata.co.il/private-signup/" "Mozilla/5.0 (Windows NT 10.0; Win64; x64) AppleWebKit/537.36 (KHTML, like Gecko) Chrome/137.0.0.0 Safari/537.36"
185.175.33.220 - - [23/Jun/2025:12:54:48 +0300] "GET /profile-page/ HTTP/1.0" 302 384 "https://dirata.co.il/private-signup/" "Mozilla/5.0 (Windows NT 10.0; Win64; x64) AppleWebKit/537.36 (KHTML, like Gecko) Chrome/137.0.0.0 Safari/537.36"
185.175.33.220 - - [23/Jun/2025:12:54:48 +0300] "GET /login/ HTTP/1.0" 200 34540 "https://dirata.co.il/private-signup/" "Mozilla/5.0 (Windows NT 10.0; Win64; x64) AppleWebKit/537.36 (KHTML, like Gecko) Chrome/137.0.0.0 Safari/537.36"
35.198.151.205 - - [23/Jun/2025:12:54:52 +0300] "POST /wp-cron.php?doing_wp_cron=1750672492.9009070396423339843750 HTTP/1.0" 200 409 "-" "WordPress/6.7.2; https://dirata.co.il"
87.71.26.42 - - [23/Jun/2025:12:54:52 +0300] "POST /wp-admin/admin-ajax.php HTTP/1.0" 200 728 "https://dirata.co.il/wp-admin/edit.php?post_type=apartment&author=12" "Mozilla/5.0 (Windows NT 10.0; Win64; x64) AppleWebKit/537.36 (KHTML, like Gecko) Chrome/137.0.0.0 Safari/537.36"
35.198.151.205 - - [23/Jun/2025:12:54:53 +0300] "POST /wp-admin/admin-ajax.php?action=async_litespeed&nonce=yHqzEnHdfgl7hib8XgQ6bCgaN78gWVKF&litespeed_type=imgoptm HTTP/1.0" 200 565 "-" "WordPress/6.7.2; https://dirata.co.il"
185.175.33.220 - - [23/Jun/2025:12:54:53 +0300] "POST /wp-login.php HTTP/1.0" 200 11666 "https://dirata.co.il/login/" "Mozilla/5.0 (Windows NT 10.0; Win64; x64) AppleWebKit/537.36 (KHTML, like Gecko) Chrome/137.0.0.0 Safari/537.36"
54.86.50.139 - - [23/Jun/2025:12:54:54 +0300] "POST /wp-json/yedaphone/v1/send_message/ HTTP/1.0" 400 673 "-" "PostmanRuntime/7.44.1"
185.175.33.220 - - [23/Jun/2025:12:54:56 +0300] "POST /wp-login.php HTTP/1.0" 302 650 "https://dirata.co.il/wp-login.php" "Mozilla/5.0 (Windows NT 10.0; Win64; x64) AppleWebKit/537.36 (KHTML, like Gecko) Chrome/137.0.0.0 Safari/537.36"
185.175.33.220 - - [23/Jun/2025:12:54:56 +0300] "GET /%D7%97%D7%A9%D7%91%D7%95%D7%9F-%D7%A8%D7%A9%D7%95%D7%9D/your-profile/ HTTP/1.0" 200 110692 "https://dirata.co.il/wp-login.php" "Mozilla/5.0 (Windows NT 10.0; Win64; x64) AppleWebKit/537.36 (KHTML, like Gecko) Chrome/137.0.0.0 Safari/537.36"
87.71.26.42 - - [23/Jun/2025:12:55:02 +0300] "POST /wp-admin/admin-ajax.php HTTP/1.0" 200 728 "https://dirata.co.il/wp-admin/edit.php?post_type=apartment&author=12" "Mozilla/5.0 (Windows NT 10.0; Win64; x64) AppleWebKit/537.36 (KHTML, like Gecko) Chrome/137.0.0.0 Safari/537.36"
35.198.151.205 - - [23/Jun/2025:12:55:09 +0300] "POST /wp-cron.php?doing_wp_cron=1750672509.4315741062164306640625 HTTP/1.0" 200 409 "-" "WordPress/6.7.2; https://dirata.co.il"
185.175.33.220 - - [23/Jun/2025:12:55:09 +0300] "POST /wp-admin/admin-ajax.php HTTP/1.0" 200 743 "https://dirata.co.il/%D7%97%D7%A9%D7%91%D7%95%D7%9F-%D7%A8%D7%A9%D7%95%D7%9D/your-profile/" "Mozilla/5.0 (Windows NT 10.0; Win64; x64) AppleWebKit/537.36 (KHTML, like Gecko) Chrome/137.0.0.0 Safari/537.36"
54.86.50.139 - - [23/Jun/2025:12:55:09 +0300] "POST /wp-json/yedaphone/v1/send_message/ HTTP/1.0" 400 673 "-" "PostmanRuntime/7.44.1"
87.71.26.42 - - [23/Jun/2025:12:55:12 +0300] "POST /wp-admin/admin-ajax.php HTTP/1.0" 200 728 "https://dirata.co.il/wp-admin/edit.php?post_type=apartment&author=12" "Mozilla/5.0 (Windows NT 10.0; Win64; x64) AppleWebKit/537.36 (KHTML, like Gecko) Chrome/137.0.0.0 Safari/537.36"
87.71.26.42 - - [23/Jun/2025:12:55:22 +0300] "POST /wp-admin/admin-ajax.php HTTP/1.0" 200 728 "https://dirata.co.il/wp-admin/edit.php?post_type=apartment&author=12" "Mozilla/5.0 (Windows NT 10.0; Win64; x64) AppleWebKit/537.36 (KHTML, like Gecko) Chrome/137.0.0.0 Safari/537.36"
87.71.26.42 - - [23/Jun/2025:12:55:28 +0300] "GET /wp-admin/edit.php?s=&post_status=all&post_type=apartment&author=12&_wpnonce=3eca6c05aa&_wp_http_referer=%2Fwp-admin%2Fedit.php%3Fpost_type%3Dapartment%26author%3D12&action=trash&bulk_action=%D7%94%D7%97%D7%9C&m=0&seo_filter=&readability_filter=&paged=1&post%5B%5D=601&post%5B%5D=386&post%5B%5D=265&post%5B%5D=283&post%5B%5D=281&post%5B%5D=271&post%5B%5D=268&action2=trash HTTP/1.0" 302 2624 "https://dirata.co.il/wp-admin/edit.php?post_type=apartment&author=12" "Mozilla/5.0 (Windows NT 10.0; Win64; x64) AppleWebKit/537.36 (KHTML, like Gecko) Chrome/137.0.0.0 Safari/537.36"
87.71.26.42 - - [23/Jun/2025:12:55:28 +0300] "GET /wp-admin/edit.php?post_type=apartment&author=12&paged=1&trashed=7&ids=601%2C386%2C265%2C283%2C281%2C271%2C268&locked=0 HTTP/1.0" 200 204482 "https://dirata.co.il/wp-admin/edit.php?post_type=apartment&author=12" "Mozilla/5.0 (Windows NT 10.0; Win64; x64) AppleWebKit/537.36 (KHTML, like Gecko) Chrome/137.0.0.0 Safari/537.36"
87.71.26.42 - - [23/Jun/2025:12:55:29 +0300] "POST /wp-admin/admin-ajax.php HTTP/1.0" 200 728 "https://dirata.co.il/wp-admin/edit.php?post_type=apartment&author=12&paged=1" "Mozilla/5.0 (Windows NT 10.0; Win64; x64) AppleWebKit/537.36 (KHTML, like Gecko) Chrome/137.0.0.0 Safari/537.36"
87.71.26.42 - - [23/Jun/2025:12:55:39 +0300] "POST /wp-admin/admin-ajax.php HTTP/1.0" 200 728 "https://dirata.co.il/wp-admin/edit.php?post_type=apartment&author=12&paged=1" "Mozilla/5.0 (Windows NT 10.0; Win64; x64) AppleWebKit/537.36 (KHTML, like Gecko) Chrome/137.0.0.0 Safari/537.36"
87.71.26.42 - - [23/Jun/2025:12:55:41 +0300] "GET /wp-admin/edit.php?s=&post_status=all&post_type=apartment&author=12&_wpnonce=3eca6c05aa&_wp_http_referer=%2Fwp-admin%2Fedit.php%3Fpost_type%3Dapartment%26author%3D12%26paged%3D1%26ids%3D601%252C386%252C265%252C283%252C281%252C271%252C268&action=trash&bulk_action=%D7%94%D7%97%D7%9C&m=0&seo_filter=&readability_filter=&paged=1&post%5B%5D=101&post%5B%5D=53&post%5B%5D=67&action2=trash HTTP/1.0" 302 1608 "https://dirata.co.il/wp-admin/edit.php?post_type=apartment&author=12&paged=1" "Mozilla/5.0 (Windows NT 10.0; Win64; x64) AppleWebKit/537.36 (KHTML, like Gecko) Chrome/137.0.0.0 Safari/537.36"
87.71.26.42 - - [23/Jun/2025:12:55:42 +0300] "GET /wp-admin/edit.php?post_type=apartment&author=12&paged=1&trashed=3&ids=101%2C53%2C67&locked=0 HTTP/1.0" 200 188820 "https://dirata.co.il/wp-admin/edit.php?post_type=apartment&author=12&paged=1" "Mozilla/5.0 (Windows NT 10.0; Win64; x64) AppleWebKit/537.36 (KHTML, like Gecko) Chrome/137.0.0.0 Safari/537.36"
87.71.26.42 - - [23/Jun/2025:12:55:42 +0300] "POST /wp-admin/admin-ajax.php HTTP/1.0" 200 728 "https://dirata.co.il/wp-admin/edit.php?post_type=apartment&author=12&paged=1" "Mozilla/5.0 (Windows NT 10.0; Win64; x64) AppleWebKit/537.36 (KHTML, like Gecko) Chrome/137.0.0.0 Safari/537.36"
87.71.26.42 - - [23/Jun/2025:12:55:48 +0300] "GET /wp-admin/edit.php?post_type=apartment HTTP/1.0" 200 219365 "https://dirata.co.il/wp-admin/edit.php?post_type=apartment&author=12&paged=1" "Mozilla/5.0 (Windows NT 10.0; Win64; x64) AppleWebKit/537.36 (KHTML, like Gecko) Chrome/137.0.0.0 Safari/537.36"
87.71.26.42 - - [23/Jun/2025:12:55:48 +0300] "POST /wp-admin/admin-ajax.php HTTP/1.0" 200 728 "https://dirata.co.il/wp-admin/edit.php?post_type=apartment" "Mozilla/5.0 (Windows NT 10.0; Win64; x64) AppleWebKit/537.36 (KHTML, like Gecko) Chrome/137.0.0.0 Safari/537.36"
35.198.151.205 - - [23/Jun/2025:12:55:54 +0300] "POST /wp-cron.php?doing_wp_cron=1750672554.2249169349670410156250 HTTP/1.0" 200 409 "-" "WordPress/6.7.2; https://dirata.co.il"
87.71.26.42 - - [23/Jun/2025:12:55:54 +0300] "GET /apartments-search/ HTTP/1.0" 200 121506 "https://dirata.co.il/" "Mozilla/5.0 (Windows NT 10.0; Win64; x64) AppleWebKit/537.36 (KHTML, like Gecko) Chrome/137.0.0.0 Safari/537.36"
35.198.151.205 - - [23/Jun/2025:12:55:54 +0300] "POST /wp-admin/admin-ajax.php?action=async_litespeed&nonce=L5BAFQEffaCSj6RDjWqt0y15UGXtbJl6&litespeed_type=imgoptm HTTP/1.0" 200 565 "-" "WordPress/6.7.2; https://dirata.co.il"
87.71.26.42 - - [23/Jun/2025:12:55:54 +0300] "POST /wp-admin/admin-ajax.php HTTP/1.0" 200 10437 "https://dirata.co.il/apartments-search/" "Mozilla/5.0 (Windows NT 10.0; Win64; x64) AppleWebKit/537.36 (KHTML, like Gecko) Chrome/137.0.0.0 Safari/537.36"
87.71.26.42 - - [23/Jun/2025:12:55:56 +0300] "POST /wp-admin/admin-ajax.php HTTP/1.0" 200 56293 "https://dirata.co.il/apartments-search/" "Mozilla/5.0 (Windows NT 10.0; Win64; x64) AppleWebKit/537.36 (KHTML, like Gecko) Chrome/137.0.0.0 Safari/537.36"
87.71.26.42 - - [23/Jun/2025:12:55:56 +0300] "POST /wp-admin/admin-ajax.php HTTP/1.0" 200 56293 "https://dirata.co.il/apartments-search/" "Mozilla/5.0 (Windows NT 10.0; Win64; x64) AppleWebKit/537.36 (KHTML, like Gecko) Chrome/137.0.0.0 Safari/537.36"
35.198.151.205 - - [23/Jun/2025:12:55:59 +0300] "POST /wp-cron.php?doing_wp_cron=1750672559.2431480884552001953125 HTTP/1.0" 200 409 "-" "WordPress/6.7.2; https://dirata.co.il"
87.71.26.42 - - [23/Jun/2025:12:55:59 +0300] "POST /wp-admin/admin-ajax.php HTTP/1.0" 200 728 "https://dirata.co.il/wp-admin/edit.php?post_type=apartment" "Mozilla/5.0 (Windows NT 10.0; Win64; x64) AppleWebKit/537.36 (KHTML, like Gecko) Chrome/137.0.0.0 Safari/537.36"
87.71.26.42 - - [23/Jun/2025:12:56:12 +0300] "POST /wp-admin/admin-ajax.php HTTP/1.0" 200 56293 "https://dirata.co.il/apartments-search/" "Mozilla/5.0 (Windows NT 10.0; Win64; x64) AppleWebKit/537.36 (KHTML, like Gecko) Chrome/137.0.0.0 Safari/537.36"
87.71.26.42 - - [23/Jun/2025:12:56:12 +0300] "POST /wp-admin/admin-ajax.php HTTP/1.0" 200 56293 "https://dirata.co.il/apartments-search/" "Mozilla/5.0 (Windows NT 10.0; Win64; x64) AppleWebKit/537.36 (KHTML, like Gecko) Chrome/137.0.0.0 Safari/537.36"
87.71.26.42 - - [23/Jun/2025:12:56:16 +0300] "POST /wp-admin/admin-ajax.php HTTP/1.0" 200 780 "https://dirata.co.il/wp-admin/post.php?post=81&action=edit" "Mozilla/5.0 (Windows NT 10.0; Win64; x64) AppleWebKit/537.36 (KHTML, like Gecko) Chrome/137.0.0.0 Safari/537.36"
87.71.26.42 - - [23/Jun/2025:12:56:18 +0300] "POST /wp-admin/admin-ajax.php HTTP/1.0" 200 56293 "https://dirata.co.il/apartments-search/" "Mozilla/5.0 (Windows NT 10.0; Win64; x64) AppleWebKit/537.36 (KHTML, like Gecko) Chrome/137.0.0.0 Safari/537.36"
87.71.26.42 - - [23/Jun/2025:12:56:18 +0300] "POST /wp-admin/admin-ajax.php HTTP/1.0" 200 56293 "https://dirata.co.il/apartments-search/" "Mozilla/5.0 (Windows NT 10.0; Win64; x64) AppleWebKit/537.36 (KHTML, like Gecko) Chrome/137.0.0.0 Safari/537.36"
87.71.26.42 - - [23/Jun/2025:12:56:23 +0300] "GET / HTTP/1.0" 200 120558 "https://dirata.co.il/apartments-search/" "Mozilla/5.0 (Windows NT 10.0; Win64; x64) AppleWebKit/537.36 (KHTML, like Gecko) Chrome/137.0.0.0 Safari/537.36"
35.198.151.205 - - [23/Jun/2025:12:58:02 +0300] "POST /wp-cron.php?doing_wp_cron=1750672682.5221459865570068359375 HTTP/1.0" 200 409 "-" "WordPress/6.7.2; https://dirata.co.il"
87.71.26.42 - - [23/Jun/2025:12:58:02 +0300] "POST /wp-admin/admin-ajax.php HTTP/1.0" 200 728 "https://dirata.co.il/wp-admin/edit.php?post_type=apartment" "Mozilla/5.0 (Windows NT 10.0; Win64; x64) AppleWebKit/537.36 (KHTML, like Gecko) Chrome/137.0.0.0 Safari/537.36"
35.198.151.205 - - [23/Jun/2025:12:58:02 +0300] "POST /wp-admin/admin-ajax.php?action=async_litespeed&nonce=Y7gxnTb8thfRUOHRWQlI3ZWrCopEkJ63&litespeed_type=imgoptm HTTP/1.0" 200 565 "-" "WordPress/6.7.2; https://dirata.co.il"
87.71.26.42 - - [23/Jun/2025:12:58:17 +0300] "POST /wp-admin/admin-ajax.php HTTP/1.0" 200 780 "https://dirata.co.il/wp-admin/post.php?post=81&action=edit" "Mozilla/5.0 (Windows NT 10.0; Win64; x64) AppleWebKit/537.36 (KHTML, like Gecko) Chrome/137.0.0.0 Safari/537.36"
66.249.79.193 - - [23/Jun/2025:12:58:28 +0300] "GET /index.php HTTP/1.0" 301 463 "-" "Mozilla/5.0 (compatible; Googlebot/2.1; +http://www.google.com/bot.html)"
66.249.79.193 - - [23/Jun/2025:12:58:28 +0300] "GET / HTTP/1.0" 200 120498 "-" "Mozilla/5.0 (compatible; Googlebot/2.1; +http://www.google.com/bot.html)"
66.249.79.206 - - [23/Jun/2025:12:58:29 +0300] "GET / HTTP/1.0" 200 120498 "-" "Mozilla/5.0 (compatible; Googlebot/2.1; +http://www.google.com/bot.html)"
87.71.26.42 - - [23/Jun/2025:12:58:31 +0300] "GET / HTTP/1.0" 200 120558 "https://dirata.co.il/" "Mozilla/5.0 (Windows NT 10.0; Win64; x64) AppleWebKit/537.36 (KHTML, like Gecko) Chrome/137.0.0.0 Safari/537.36"
185.175.33.220 - - [23/Jun/2025:12:58:39 +0300] "POST /wp-admin/admin-ajax.php HTTP/1.0" 200 743 "https://dirata.co.il/%D7%97%D7%A9%D7%91%D7%95%D7%9F-%D7%A8%D7%A9%D7%95%D7%9D/your-profile/" "Mozilla/5.0 (Windows NT 10.0; Win64; x64) AppleWebKit/537.36 (KHTML, like Gecko) Chrome/137.0.0.0 Safari/537.36"
35.198.151.205 - - [23/Jun/2025:12:59:31 +0300] "POST /wp-cron.php?doing_wp_cron=1750672771.5572860240936279296875 HTTP/1.0" 200 409 "-" "WordPress/6.7.2; https://dirata.co.il"
185.175.33.220 - - [23/Jun/2025:12:59:31 +0300] "GET /profile-page/ HTTP/1.0" 200 109552 "https://dirata.co.il/%D7%97%D7%A9%D7%91%D7%95%D7%9F-%D7%A8%D7%A9%D7%95%D7%9D/your-profile/" "Mozilla/5.0 (Windows NT 10.0; Win64; x64) AppleWebKit/537.36 (KHTML, like Gecko) Chrome/137.0.0.0 Safari/537.36"
35.198.151.205 - - [23/Jun/2025:12:59:31 +0300] "POST /wp-admin/admin-ajax.php?action=async_litespeed&nonce=04w0lWzEB9JbS98ln0VMDIeMO4K1NUIU&litespeed_type=imgoptm HTTP/1.0" 200 565 "-" "WordPress/6.7.2; https://dirata.co.il"
35.198.151.205 - - [23/Jun/2025:13:00:01 +0300] "POST /wp-cron.php?doing_wp_cron=1750672801.7509269714355468750000 HTTP/1.0" 200 409 "-" "WordPress/6.7.2; https://dirata.co.il"
87.71.26.42 - - [23/Jun/2025:13:00:01 +0300] "POST /wp-admin/admin-ajax.php HTTP/1.0" 200 728 "https://dirata.co.il/wp-admin/edit.php?post_type=apartment" "Mozilla/5.0 (Windows NT 10.0; Win64; x64) AppleWebKit/537.36 (KHTML, like Gecko) Chrome/137.0.0.0 Safari/537.36"
35.198.151.205 - - [23/Jun/2025:13:00:02 +0300] "POST /wp-admin/admin-ajax.php?action=async_litespeed&nonce=2th9BTuucvAPJ269uk8LO7CyjkEpmwXW&litespeed_type=imgoptm HTTP/1.0" 200 565 "-" "WordPress/6.7.2; https://dirata.co.il"
87.71.26.42 - - [23/Jun/2025:13:00:18 +0300] "POST /wp-admin/admin-ajax.php HTTP/1.0" 200 780 "https://dirata.co.il/wp-admin/post.php?post=81&action=edit" "Mozilla/5.0 (Windows NT 10.0; Win64; x64) AppleWebKit/537.36 (KHTML, like Gecko) Chrome/137.0.0.0 Safari/537.36"
185.175.33.220 - - [23/Jun/2025:13:00:27 +0300] "POST /wp-admin/admin-ajax.php HTTP/1.0" 200 752 "https://dirata.co.il/profile-page/" "Mozilla/5.0 (Windows NT 10.0; Win64; x64) AppleWebKit/537.36 (KHTML, like Gecko) Chrome/137.0.0.0 Safari/537.36"
35.198.151.205 - - [23/Jun/2025:13:02:02 +0300] "POST /wp-cron.php?doing_wp_cron=1750672922.4783840179443359375000 HTTP/1.0" 200 409 "-" "WordPress/6.7.2; https://dirata.co.il"
87.71.26.42 - - [23/Jun/2025:13:02:02 +0300] "POST /wp-admin/admin-ajax.php HTTP/1.0" 200 728 "https://dirata.co.il/wp-admin/edit.php?post_type=apartment" "Mozilla/5.0 (Windows NT 10.0; Win64; x64) AppleWebKit/537.36 (KHTML, like Gecko) Chrome/137.0.0.0 Safari/537.36"
35.198.151.205 - - [23/Jun/2025:13:02:02 +0300] "POST /wp-admin/admin-ajax.php?action=async_litespeed&nonce=VNJBbYqAZs3YghJ8OLxJjwQpk50oZPyM&litespeed_type=imgoptm HTTP/1.0" 200 565 "-" "WordPress/6.7.2; https://dirata.co.il"
87.71.26.42 - - [23/Jun/2025:13:02:18 +0300] "POST /wp-admin/admin-ajax.php HTTP/1.0" 200 728 "https://dirata.co.il/wp-admin/edit.php?post_type=apartment" "Mozilla/5.0 (Windows NT 10.0; Win64; x64) AppleWebKit/537.36 (KHTML, like Gecko) Chrome/137.0.0.0 Safari/537.36"
87.71.26.42 - - [23/Jun/2025:13:02:19 +0300] "POST /wp-admin/admin-ajax.php HTTP/1.0" 200 780 "https://dirata.co.il/wp-admin/post.php?post=81&action=edit" "Mozilla/5.0 (Windows NT 10.0; Win64; x64) AppleWebKit/537.36 (KHTML, like Gecko) Chrome/137.0.0.0 Safari/537.36"
185.175.33.220 - - [23/Jun/2025:13:02:23 +0300] "GET /wp-login.php?action=logout&_wpnonce=9b5842b0c9 HTTP/1.0" 302 2853 "https://dirata.co.il/profile-page/" "Mozilla/5.0 (Windows NT 10.0; Win64; x64) AppleWebKit/537.36 (KHTML, like Gecko) Chrome/137.0.0.0 Safari/537.36"
185.175.33.220 - - [23/Jun/2025:13:02:23 +0300] "GET /wp-login.php?loggedout=true&wp_lang=he_IL HTTP/1.0" 302 659 "https://dirata.co.il/profile-page/" "Mozilla/5.0 (Windows NT 10.0; Win64; x64) AppleWebKit/537.36 (KHTML, like Gecko) Chrome/137.0.0.0 Safari/537.36"
185.175.33.220 - - [23/Jun/2025:13:02:23 +0300] "GET /profile-page/?login=empty HTTP/1.0" 302 384 "https://dirata.co.il/profile-page/" "Mozilla/5.0 (Windows NT 10.0; Win64; x64) AppleWebKit/537.36 (KHTML, like Gecko) Chrome/137.0.0.0 Safari/537.36"
185.175.33.220 - - [23/Jun/2025:13:02:24 +0300] "GET /login/ HTTP/1.0" 200 34540 "https://dirata.co.il/profile-page/" "Mozilla/5.0 (Windows NT 10.0; Win64; x64) AppleWebKit/537.36 (KHTML, like Gecko) Chrome/137.0.0.0 Safari/537.36"
185.175.33.220 - - [23/Jun/2025:13:02:26 +0300] "GET /private-signup/ HTTP/1.0" 200 56619 "https://dirata.co.il/login/" "Mozilla/5.0 (Windows NT 10.0; Win64; x64) AppleWebKit/537.36 (KHTML, like Gecko) Chrome/137.0.0.0 Safari/537.36"
185.175.33.220 - - [23/Jun/2025:13:02:27 +0300] "GET / HTTP/1.0" 200 120445 "https://dirata.co.il/private-signup/" "Mozilla/5.0 (Windows NT 10.0; Win64; x64) AppleWebKit/537.36 (KHTML, like Gecko) Chrome/137.0.0.0 Safari/537.36"
185.175.33.220 - - [23/Jun/2025:13:02:27 +0300] "GET / HTTP/1.0" 200 120445 "https://dirata.co.il/private-signup/" "Mozilla/5.0 (Windows NT 10.0; Win64; x64) AppleWebKit/537.36 (KHTML, like Gecko) Chrome/137.0.0.0 Safari/537.36"
87.71.26.42 - - [23/Jun/2025:13:02:28 +0300] "POST /wp-admin/admin-ajax.php HTTP/1.0" 200 728 "https://dirata.co.il/wp-admin/edit.php?post_type=apartment" "Mozilla/5.0 (Windows NT 10.0; Win64; x64) AppleWebKit/537.36 (KHTML, like Gecko) Chrome/137.0.0.0 Safari/537.36"
185.175.33.220 - - [23/Jun/2025:13:02:28 +0300] "GET / HTTP/1.0" 200 120445 "https://dirata.co.il/private-signup/" "Mozilla/5.0 (Windows NT 10.0; Win64; x64) AppleWebKit/537.36 (KHTML, like Gecko) Chrome/137.0.0.0 Safari/537.36"
185.175.33.220 - - [23/Jun/2025:13:02:28 +0300] "GET / HTTP/1.0" 200 120445 "https://dirata.co.il/private-signup/" "Mozilla/5.0 (Windows NT 10.0; Win64; x64) AppleWebKit/537.36 (KHTML, like Gecko) Chrome/137.0.0.0 Safari/537.36"
35.198.151.205 - - [23/Jun/2025:13:02:55 +0300] "POST /wp-cron.php?doing_wp_cron=1750672975.8464109897613525390625 HTTP/1.0" 200 409 "-" "WordPress/6.7.2; https://dirata.co.il"
185.175.33.220 - - [23/Jun/2025:13:02:55 +0300] "GET /phone-login/ HTTP/1.0" 404 30783 "https://dirata.co.il/private-signup/" "Mozilla/5.0 (Windows NT 10.0; Win64; x64) AppleWebKit/537.36 (KHTML, like Gecko) Chrome/137.0.0.0 Safari/537.36"
35.198.151.205 - - [23/Jun/2025:13:02:56 +0300] "POST /wp-admin/admin-ajax.php?action=async_litespeed&nonce=YwnOUJrJjvDRD0gEJMKTFjeoFnP9aOsG&litespeed_type=imgoptm HTTP/1.0" 200 565 "-" "WordPress/6.7.2; https://dirata.co.il"
35.198.151.205 - - [23/Jun/2025:13:04:20 +0300] "POST /wp-cron.php?doing_wp_cron=1750673060.5500800609588623046875 HTTP/1.0" 200 409 "-" "WordPress/6.7.2; https://dirata.co.il"
87.71.26.42 - - [23/Jun/2025:13:04:20 +0300] "POST /wp-admin/admin-ajax.php HTTP/1.0" 200 780 "https://dirata.co.il/wp-admin/post.php?post=81&action=edit" "Mozilla/5.0 (Windows NT 10.0; Win64; x64) AppleWebKit/537.36 (KHTML, like Gecko) Chrome/137.0.0.0 Safari/537.36"
35.198.151.205 - - [23/Jun/2025:13:04:20 +0300] "POST /wp-admin/admin-ajax.php?action=async_litespeed&nonce=NzcR7ISStWfqnj7qah0vgEutGoYOePPx&litespeed_type=imgoptm HTTP/1.0" 200 565 "-" "WordPress/6.7.2; https://dirata.co.il"
87.71.26.42 - - [23/Jun/2025:13:04:29 +0300] "POST /wp-admin/admin-ajax.php HTTP/1.0" 200 728 "https://dirata.co.il/wp-admin/edit.php?post_type=apartment" "Mozilla/5.0 (Windows NT 10.0; Win64; x64) AppleWebKit/537.36 (KHTML, like Gecko) Chrome/137.0.0.0 Safari/537.36"
35.198.151.205 - - [23/Jun/2025:13:05:42 +0300] "POST /wp-cron.php?doing_wp_cron=1750673142.1517379283905029296875 HTTP/1.0" 200 409 "-" "WordPress/6.7.2; https://dirata.co.il"
87.71.26.42 - - [23/Jun/2025:13:05:41 +0300] "GET / HTTP/1.0" 200 120498 "-" "WhatsApp/2.23.20.0"
35.198.151.205 - - [23/Jun/2025:13:05:43 +0300] "POST /wp-admin/admin-ajax.php?action=async_litespeed&nonce=4RC8KjwLsyLtdxYUXFFMkuvwU2uOV3S2&litespeed_type=imgoptm HTTP/1.0" 200 565 "-" "WordPress/6.7.2; https://dirata.co.il"
87.71.26.42 - - [23/Jun/2025:13:05:43 +0300] "GET / HTTP/1.0" 200 120498 "-" "WhatsApp/2.23.20.0"
35.198.151.205 - - [23/Jun/2025:13:06:21 +0300] "POST /wp-cron.php?doing_wp_cron=1750673181.5523450374603271484375 HTTP/1.0" 200 409 "-" "WordPress/6.7.2; https://dirata.co.il"
87.71.26.42 - - [23/Jun/2025:13:06:21 +0300] "POST /wp-admin/admin-ajax.php HTTP/1.0" 200 780 "https://dirata.co.il/wp-admin/post.php?post=81&action=edit" "Mozilla/5.0 (Windows NT 10.0; Win64; x64) AppleWebKit/537.36 (KHTML, like Gecko) Chrome/137.0.0.0 Safari/537.36"
35.198.151.205 - - [23/Jun/2025:13:06:21 +0300] "POST /wp-admin/admin-ajax.php?action=async_litespeed&nonce=4Ug162sSWuEPImwLSnrBfSgzLPgxy6dw&litespeed_type=imgoptm HTTP/1.0" 200 565 "-" "WordPress/6.7.2; https://dirata.co.il"
87.71.26.42 - - [23/Jun/2025:13:06:30 +0300] "POST /wp-admin/admin-ajax.php HTTP/1.0" 200 728 "https://dirata.co.il/wp-admin/edit.php?post_type=apartment" "Mozilla/5.0 (Windows NT 10.0; Win64; x64) AppleWebKit/537.36 (KHTML, like Gecko) Chrome/137.0.0.0 Safari/537.36"
35.198.151.205 - - [23/Jun/2025:13:08:22 +0300] "POST /wp-cron.php?doing_wp_cron=1750673302.4058899879455566406250 HTTP/1.0" 200 409 "-" "WordPress/6.7.2; https://dirata.co.il"
87.71.26.42 - - [23/Jun/2025:13:08:22 +0300] "POST /wp-admin/admin-ajax.php HTTP/1.0" 200 780 "https://dirata.co.il/wp-admin/post.php?post=81&action=edit" "Mozilla/5.0 (Windows NT 10.0; Win64; x64) AppleWebKit/537.36 (KHTML, like Gecko) Chrome/137.0.0.0 Safari/537.36"
35.198.151.205 - - [23/Jun/2025:13:08:22 +0300] "POST /wp-admin/admin-ajax.php?action=async_litespeed&nonce=eisSZ9Z9HJ6xbyr3Vui7B3tqrKur6cUL&litespeed_type=imgoptm HTTP/1.0" 200 565 "-" "WordPress/6.7.2; https://dirata.co.il"
87.71.26.42 - - [23/Jun/2025:13:08:31 +0300] "POST /wp-admin/admin-ajax.php HTTP/1.0" 200 728 "https://dirata.co.il/wp-admin/edit.php?post_type=apartment" "Mozilla/5.0 (Windows NT 10.0; Win64; x64) AppleWebKit/537.36 (KHTML, like Gecko) Chrome/137.0.0.0 Safari/537.36"
87.71.26.42 - - [23/Jun/2025:13:08:34 +0300] "GET / HTTP/1.0" 200 120558 "https://dirata.co.il/" "Mozilla/5.0 (Windows NT 10.0; Win64; x64) AppleWebKit/537.36 (KHTML, like Gecko) Chrome/137.0.0.0 Safari/537.36"
87.71.26.42 - - [23/Jun/2025:13:08:39 +0300] "GET /wp-admin/users.php HTTP/1.0" 200 125833 "https://dirata.co.il/wp-admin/edit.php?post_type=apartment" "Mozilla/5.0 (Windows NT 10.0; Win64; x64) AppleWebKit/537.36 (KHTML, like Gecko) Chrome/137.0.0.0 Safari/537.36"
87.71.26.42 - - [23/Jun/2025:13:08:41 +0300] "GET /wp-admin/users.php?role=subscriber HTTP/1.0" 200 115860 "https://dirata.co.il/wp-admin/users.php" "Mozilla/5.0 (Windows NT 10.0; Win64; x64) AppleWebKit/537.36 (KHTML, like Gecko) Chrome/137.0.0.0 Safari/537.36"
35.198.151.205 - - [23/Jun/2025:13:10:23 +0300] "POST /wp-cron.php?doing_wp_cron=1750673423.4496090412139892578125 HTTP/1.0" 200 409 "-" "WordPress/6.7.2; https://dirata.co.il"
87.71.26.42 - - [23/Jun/2025:13:10:23 +0300] "POST /wp-admin/admin-ajax.php HTTP/1.0" 200 780 "https://dirata.co.il/wp-admin/post.php?post=81&action=edit" "Mozilla/5.0 (Windows NT 10.0; Win64; x64) AppleWebKit/537.36 (KHTML, like Gecko) Chrome/137.0.0.0 Safari/537.36"
35.198.151.205 - - [23/Jun/2025:13:10:23 +0300] "POST /wp-admin/admin-ajax.php?action=async_litespeed&nonce=w0uPPDxXdNvc6fewKYnLawCht7fZyaev&litespeed_type=imgoptm HTTP/1.0" 200 565 "-" "WordPress/6.7.2; https://dirata.co.il"
35.198.151.205 - - [23/Jun/2025:13:11:26 +0300] "POST /wp-cron.php?doing_wp_cron=1750673486.2683429718017578125000 HTTP/1.0" 200 409 "-" "WordPress/6.7.2; https://dirata.co.il"
40.77.167.93 - - [23/Jun/2025:13:11:26 +0300] "GET /index.php HTTP/1.0" 301 463 "-" "Mozilla/5.0 AppleWebKit/537.36 (KHTML, like Gecko; compatible; bingbot/2.0; +http://www.bing.com/bingbot.htm) Chrome/116.0.1938.76 Safari/537.36"
35.198.151.205 - - [23/Jun/2025:13:11:26 +0300] "POST /wp-admin/admin-ajax.php?action=async_litespeed&nonce=KRoUpUEbZM6lYqblSJPS6pwOC0ydQW1L&litespeed_type=imgoptm HTTP/1.0" 200 565 "-" "WordPress/6.7.2; https://dirata.co.il"
40.77.167.93 - - [23/Jun/2025:13:11:26 +0300] "GET / HTTP/1.0" 200 120498 "-" "Mozilla/5.0 AppleWebKit/537.36 (KHTML, like Gecko; compatible; bingbot/2.0; +http://www.bing.com/bingbot.htm) Chrome/116.0.1938.76 Safari/537.36"
35.198.151.205 - - [23/Jun/2025:13:12:02 +0300] "POST /wp-cron.php?doing_wp_cron=1750673522.5177109241485595703125 HTTP/1.0" 200 409 "-" "WordPress/6.7.2; https://dirata.co.il"
87.71.26.42 - - [23/Jun/2025:13:12:02 +0300] "POST /wp-admin/admin-ajax.php HTTP/1.0" 200 728 "https://dirata.co.il/wp-admin/users.php?role=subscriber" "Mozilla/5.0 (Windows NT 10.0; Win64; x64) AppleWebKit/537.36 (KHTML, like Gecko) Chrome/137.0.0.0 Safari/537.36"
35.198.151.205 - - [23/Jun/2025:13:12:02 +0300] "POST /wp-admin/admin-ajax.php?action=async_litespeed&nonce=yUy2LcQ9p0AcCilaHKPpjHuffidNfE2O&litespeed_type=imgoptm HTTP/1.0" 200 565 "-" "WordPress/6.7.2; https://dirata.co.il"
87.71.26.42 - - [23/Jun/2025:13:12:24 +0300] "POST /wp-admin/admin-ajax.php HTTP/1.0" 200 780 "https://dirata.co.il/wp-admin/post.php?post=81&action=edit" "Mozilla/5.0 (Windows NT 10.0; Win64; x64) AppleWebKit/537.36 (KHTML, like Gecko) Chrome/137.0.0.0 Safari/537.36"
35.198.151.205 - - [23/Jun/2025:13:14:04 +0300] "POST /wp-cron.php?doing_wp_cron=1750673644.4450240135192871093750 HTTP/1.0" 200 409 "-" "WordPress/6.7.2; https://dirata.co.il"
87.71.26.42 - - [23/Jun/2025:13:14:04 +0300] "POST /wp-admin/admin-ajax.php HTTP/1.0" 200 728 "https://dirata.co.il/wp-admin/users.php?role=subscriber" "Mozilla/5.0 (Windows NT 10.0; Win64; x64) AppleWebKit/537.36 (KHTML, like Gecko) Chrome/137.0.0.0 Safari/537.36"
35.198.151.205 - - [23/Jun/2025:13:14:04 +0300] "POST /wp-admin/admin-ajax.php?action=async_litespeed&nonce=eTPTvt1nn3uqEi0hD1g4cNP8NSbWAlZ9&litespeed_type=imgoptm HTTP/1.0" 200 565 "-" "WordPress/6.7.2; https://dirata.co.il"
54.236.1.11 - - [23/Jun/2025:13:14:23 +0300] "GET /transparent-wallpaper-for-window/ HTTP/1.0" 404 30836 "-" "Mozilla/5.0 (compatible; Pinterestbot/1.0; +http://www.pinterest.com/bot.html)"
87.71.26.42 - - [23/Jun/2025:13:14:25 +0300] "POST /wp-admin/admin-ajax.php HTTP/1.0" 200 780 "https://dirata.co.il/wp-admin/post.php?post=81&action=edit" "Mozilla/5.0 (Windows NT 10.0; Win64; x64) AppleWebKit/537.36 (KHTML, like Gecko) Chrome/137.0.0.0 Safari/537.36"
35.198.151.205 - - [23/Jun/2025:13:16:04 +0300] "POST /wp-cron.php?doing_wp_cron=1750673764.6726009845733642578125 HTTP/1.0" 200 409 "-" "WordPress/6.7.2; https://dirata.co.il"
87.71.26.42 - - [23/Jun/2025:13:16:04 +0300] "POST /wp-admin/admin-ajax.php HTTP/1.0" 200 728 "https://dirata.co.il/wp-admin/users.php?role=subscriber" "Mozilla/5.0 (Windows NT 10.0; Win64; x64) AppleWebKit/537.36 (KHTML, like Gecko) Chrome/137.0.0.0 Safari/537.36"
35.198.151.205 - - [23/Jun/2025:13:16:04 +0300] "POST /wp-admin/admin-ajax.php?action=async_litespeed&nonce=B2jAJR2kmSFz85rjsrdql9icCDOF0sI0&litespeed_type=imgoptm HTTP/1.0" 200 565 "-" "WordPress/6.7.2; https://dirata.co.il"
185.175.33.220 - - [23/Jun/2025:13:16:10 +0300] "GET /login/ HTTP/1.0" 200 34540 "-" "Mozilla/5.0 (Windows NT 10.0; Win64; x64) AppleWebKit/537.36 (KHTML, like Gecko) Chrome/137.0.0.0 Safari/537.36"
87.71.26.42 - - [23/Jun/2025:13:16:26 +0300] "POST /wp-admin/admin-ajax.php HTTP/1.0" 200 780 "https://dirata.co.il/wp-admin/post.php?post=81&action=edit" "Mozilla/5.0 (Windows NT 10.0; Win64; x64) AppleWebKit/537.36 (KHTML, like Gecko) Chrome/137.0.0.0 Safari/537.36"
35.198.151.205 - - [23/Jun/2025:13:17:21 +0300] "POST /wp-cron.php?doing_wp_cron=1750673841.1990029811859130859375 HTTP/1.0" 200 409 "-" "WordPress/6.7.2; https://dirata.co.il"
87.71.26.42 - - [23/Jun/2025:13:17:21 +0300] "GET / HTTP/1.0" 200 120558 "https://dirata.co.il/" "Mozilla/5.0 (Windows NT 10.0; Win64; x64) AppleWebKit/537.36 (KHTML, like Gecko) Chrome/137.0.0.0 Safari/537.36"
35.198.151.205 - - [23/Jun/2025:13:17:21 +0300] "POST /wp-admin/admin-ajax.php?action=async_litespeed&nonce=KHSwUwwNGi667CgrELrTvsFSOCuPkhzV&litespeed_type=imgoptm HTTP/1.0" 200 565 "-" "WordPress/6.7.2; https://dirata.co.il"
87.71.26.42 - - [23/Jun/2025:13:17:22 +0300] "GET /profile-page/?tab=publish HTTP/1.0" 200 378379 "https://dirata.co.il/" "Mozilla/5.0 (Windows NT 10.0; Win64; x64) AppleWebKit/537.36 (KHTML, like Gecko) Chrome/137.0.0.0 Safari/537.36"
87.71.26.42 - - [23/Jun/2025:13:17:23 +0300] "POST /wp-admin/admin-ajax.php HTTP/1.0" 200 89922 "https://dirata.co.il/profile-page/?tab=publish" "Mozilla/5.0 (Windows NT 10.0; Win64; x64) AppleWebKit/537.36 (KHTML, like Gecko) Chrome/137.0.0.0 Safari/537.36"
185.175.33.220 - - [23/Jun/2025:13:17:30 +0300] "POST /wp-login.php HTTP/1.0" 302 1636 "https://dirata.co.il/login/" "Mozilla/5.0 (Windows NT 10.0; Win64; x64) AppleWebKit/537.36 (KHTML, like Gecko) Chrome/137.0.0.0 Safari/537.36"
185.175.33.220 - - [23/Jun/2025:13:17:30 +0300] "GET /%D7%97%D7%A9%D7%91%D7%95%D7%9F-%D7%A8%D7%A9%D7%95%D7%9D/your-profile/ HTTP/1.0" 200 110750 "https://dirata.co.il/login/" "Mozilla/5.0 (Windows NT 10.0; Win64; x64) AppleWebKit/537.36 (KHTML, like Gecko) Chrome/137.0.0.0 Safari/537.36"
185.175.33.220 - - [23/Jun/2025:13:17:33 +0300] "GET /wp-admin/profile.php HTTP/1.0" 200 125408 "https://dirata.co.il/%D7%97%D7%A9%D7%91%D7%95%D7%9F-%D7%A8%D7%A9%D7%95%D7%9D/your-profile/" "Mozilla/5.0 (Windows NT 10.0; Win64; x64) AppleWebKit/537.36 (KHTML, like Gecko) Chrome/137.0.0.0 Safari/537.36"
185.175.33.220 - - [23/Jun/2025:13:17:34 +0300] "GET /wp-admin/load-styles.php?c=1&dir=rtl&load%5Bchunk_0%5D=dashicons,admin-bar,common,forms,admin-menu,dashboard,list-tables,edit,revisions,media,themes,about,nav-menus,wp-pointer,widgets&load%5Bchunk_1%5D=,site-icon,l10n,buttons,wp-auth-check,wp-color-picker&ver=6.7.2 HTTP/1.0" 200 404504 "https://dirata.co.il/wp-admin/profile.php" "Mozilla/5.0 (Windows NT 10.0; Win64; x64) AppleWebKit/537.36 (KHTML, like Gecko) Chrome/137.0.0.0 Safari/537.36"
185.175.33.220 - - [23/Jun/2025:13:17:34 +0300] "GET /wp-admin/load-scripts.php?c=1&load%5Bchunk_0%5D=jquery-core,jquery-migrate,utils,wp-dom-ready,wp-hooks&ver=6.7.2 HTTP/1.0" 200 108870 "https://dirata.co.il/wp-admin/profile.php" "Mozilla/5.0 (Windows NT 10.0; Win64; x64) AppleWebKit/537.36 (KHTML, like Gecko) Chrome/137.0.0.0 Safari/537.36"
185.175.33.220 - - [23/Jun/2025:13:17:35 +0300] "GET /wp-admin/load-scripts.php?c=1&load%5Bchunk_0%5D=hoverIntent&ver=6.7.2 HTTP/1.0" 200 1964 "https://dirata.co.il/wp-admin/profile.php" "Mozilla/5.0 (Windows NT 10.0; Win64; x64) AppleWebKit/537.36 (KHTML, like Gecko) Chrome/137.0.0.0 Safari/537.36"
185.175.33.220 - - [23/Jun/2025:13:17:35 +0300] "GET /wp-admin/profile.php HTTP/1.0" 200 125408 "https://dirata.co.il/wp-admin/profile.php" "Mozilla/5.0 (Windows NT 10.0; Win64; x64) AppleWebKit/537.36 (KHTML, like Gecko) Chrome/137.0.0.0 Safari/537.36"
185.175.33.220 - - [23/Jun/2025:13:17:44 +0300] "GET / HTTP/1.0" 200 126284 "https://dirata.co.il/%D7%97%D7%A9%D7%91%D7%95%D7%9F-%D7%A8%D7%A9%D7%95%D7%9D/your-profile/" "Mozilla/5.0 (Windows NT 10.0; Win64; x64) AppleWebKit/537.36 (KHTML, like Gecko) Chrome/137.0.0.0 Safari/537.36"
185.175.33.220 - - [23/Jun/2025:13:17:45 +0300] "GET /wp-content/uploads/2025/06/apartment_image_68519d087de27.webp HTTP/1.0" 200 438 "https://dirata.co.il/" "Mozilla/5.0 (Windows NT 10.0; Win64; x64) AppleWebKit/537.36 (KHTML, like Gecko) Chrome/137.0.0.0 Safari/537.36"
185.175.33.220 - - [23/Jun/2025:13:17:46 +0300] "GET /wp-login.php?action=logout&_wpnonce=7aeec4250a HTTP/1.0" 302 2853 "https://dirata.co.il/" "Mozilla/5.0 (Windows NT 10.0; Win64; x64) AppleWebKit/537.36 (KHTML, like Gecko) Chrome/137.0.0.0 Safari/537.36"
185.175.33.220 - - [23/Jun/2025:13:17:46 +0300] "GET /wp-login.php?loggedout=true&wp_lang=he_IL HTTP/1.0" 302 646 "https://dirata.co.il/" "Mozilla/5.0 (Windows NT 10.0; Win64; x64) AppleWebKit/537.36 (KHTML, like Gecko) Chrome/137.0.0.0 Safari/537.36"
185.175.33.220 - - [23/Jun/2025:13:17:46 +0300] "GET /?login=empty HTTP/1.0" 200 120445 "https://dirata.co.il/" "Mozilla/5.0 (Windows NT 10.0; Win64; x64) AppleWebKit/537.36 (KHTML, like Gecko) Chrome/137.0.0.0 Safari/537.36"
185.175.33.220 - - [23/Jun/2025:13:17:49 +0300] "GET /login/ HTTP/1.0" 200 34540 "https://dirata.co.il/?login=empty" "Mozilla/5.0 (Windows NT 10.0; Win64; x64) AppleWebKit/537.36 (KHTML, like Gecko) Chrome/137.0.0.0 Safari/537.36"
35.198.151.205 - - [23/Jun/2025:13:17:57 +0300] "POST /wp-cron.php?doing_wp_cron=1750673877.3266489505767822265625 HTTP/1.0" 200 409 "-" "WordPress/6.7.2; https://dirata.co.il"
185.175.33.220 - - [23/Jun/2025:13:17:57 +0300] "GET /private-signup/ HTTP/1.0" 200 56619 "https://dirata.co.il/login/" "Mozilla/5.0 (Windows NT 10.0; Win64; x64) AppleWebKit/537.36 (KHTML, like Gecko) Chrome/137.0.0.0 Safari/537.36"
35.198.151.205 - - [23/Jun/2025:13:17:57 +0300] "POST /wp-admin/admin-ajax.php?action=async_litespeed&nonce=VvgWl0fTVc8keIMToJBNmYhLi0b3io2b&litespeed_type=imgoptm HTTP/1.0" 200 565 "-" "WordPress/6.7.2; https://dirata.co.il"
185.175.33.220 - - [23/Jun/2025:13:17:57 +0300] "GET / HTTP/1.0" 200 120445 "https://dirata.co.il/private-signup/" "Mozilla/5.0 (Windows NT 10.0; Win64; x64) AppleWebKit/537.36 (KHTML, like Gecko) Chrome/137.0.0.0 Safari/537.36"
185.175.33.220 - - [23/Jun/2025:13:17:58 +0300] "GET / HTTP/1.0" 200 120445 "https://dirata.co.il/private-signup/" "Mozilla/5.0 (Windows NT 10.0; Win64; x64) AppleWebKit/537.36 (KHTML, like Gecko) Chrome/137.0.0.0 Safari/537.36"
185.175.33.220 - - [23/Jun/2025:13:17:58 +0300] "GET / HTTP/1.0" 200 120445 "https://dirata.co.il/private-signup/" "Mozilla/5.0 (Windows NT 10.0; Win64; x64) AppleWebKit/537.36 (KHTML, like Gecko) Chrome/137.0.0.0 Safari/537.36"
185.175.33.220 - - [23/Jun/2025:13:17:59 +0300] "GET / HTTP/1.0" 200 120445 "https://dirata.co.il/private-signup/" "Mozilla/5.0 (Windows NT 10.0; Win64; x64) AppleWebKit/537.36 (KHTML, like Gecko) Chrome/137.0.0.0 Safari/537.36"
87.71.26.42 - - [23/Jun/2025:13:18:05 +0300] "POST /wp-admin/admin-ajax.php HTTP/1.0" 200 728 "https://dirata.co.il/wp-admin/users.php?role=subscriber" "Mozilla/5.0 (Windows NT 10.0; Win64; x64) AppleWebKit/537.36 (KHTML, like Gecko) Chrome/137.0.0.0 Safari/537.36"
87.71.26.42 - - [23/Jun/2025:13:18:08 +0300] "POST /wp-admin/admin-ajax.php HTTP/1.0" 200 1230 "https://dirata.co.il/profile-page/?tab=publish" "Mozilla/5.0 (Windows NT 10.0; Win64; x64) AppleWebKit/537.36 (KHTML, like Gecko) Chrome/137.0.0.0 Safari/537.36"
87.71.26.42 - - [23/Jun/2025:13:18:27 +0300] "POST /wp-admin/admin-ajax.php HTTP/1.0" 200 780 "https://dirata.co.il/wp-admin/post.php?post=81&action=edit" "Mozilla/5.0 (Windows NT 10.0; Win64; x64) AppleWebKit/537.36 (KHTML, like Gecko) Chrome/137.0.0.0 Safari/537.36"
35.198.151.205 - - [23/Jun/2025:13:18:52 +0300] "POST /wp-cron.php?doing_wp_cron=1750673932.8821721076965332031250 HTTP/1.0" 200 409 "-" "WordPress/6.7.2; https://dirata.co.il"
35.198.151.205 - - [23/Jun/2025:13:18:53 +0300] "POST /wp-admin/admin-ajax.php?action=async_litespeed&nonce=lofYd9Y8wHdOrviTZ0imgh7X8aDc5YiY&litespeed_type=imgoptm HTTP/1.0" 200 565 "-" "WordPress/6.7.2; https://dirata.co.il"
185.175.33.220 - - [23/Jun/2025:13:18:52 +0300] "POST /wp-admin/admin-post.php HTTP/1.0" 500 4716 "https://dirata.co.il/private-signup/" "Mozilla/5.0 (Windows NT 10.0; Win64; x64) AppleWebKit/537.36 (KHTML, like Gecko) Chrome/137.0.0.0 Safari/537.36"
185.175.33.220 - - [23/Jun/2025:13:19:09 +0300] "POST /wp-admin/admin-post.php HTTP/1.0" 500 4312 "https://dirata.co.il/private-signup/" "Mozilla/5.0 (Windows NT 10.0; Win64; x64) AppleWebKit/537.36 (KHTML, like Gecko) Chrome/137.0.0.0 Safari/537.36"
185.175.33.220 - - [23/Jun/2025:13:19:34 +0300] "POST /wp-login.php HTTP/1.0" 302 1636 "https://dirata.co.il/login/" "Mozilla/5.0 (Windows NT 10.0; Win64; x64) AppleWebKit/537.36 (KHTML, like Gecko) Chrome/137.0.0.0 Safari/537.36"
185.175.33.220 - - [23/Jun/2025:13:19:34 +0300] "GET /%D7%97%D7%A9%D7%91%D7%95%D7%9F-%D7%A8%D7%A9%D7%95%D7%9D/your-profile/ HTTP/1.0" 200 110750 "https://dirata.co.il/login/" "Mozilla/5.0 (Windows NT 10.0; Win64; x64) AppleWebKit/537.36 (KHTML, like Gecko) Chrome/137.0.0.0 Safari/537.36"
