40.77.167.85 - - [24/Jun/2025:14:19:24 +0300] "GET /index.php HTTP/1.0" 301 463 "-" "Mozilla/5.0 AppleWebKit/537.36 (KHTML, like Gecko; compatible; bingbot/2.0; +http://www.bing.com/bingbot.htm) Chrome/116.0.1938.76 Safari/537.36"
40.77.167.85 - - [24/Jun/2025:14:19:24 +0300] "GET / HTTP/1.0" 200 121406 "-" "Mozilla/5.0 AppleWebKit/537.36 (KHTML, like Gecko; compatible; bingbot/2.0; +http://www.bing.com/bingbot.htm) Chrome/116.0.1938.76 Safari/537.36"
157.55.39.201 - - [24/Jun/2025:14:19:40 +0300] "GET /carmel-deak/ HTTP/1.0" 404 30836 "-" "Mozilla/5.0 AppleWebKit/537.36 (KHTML, like Gecko; compatible; bingbot/2.0; +http://www.bing.com/bingbot.htm) Chrome/116.0.1938.76 Safari/537.36"
35.198.151.205 - - [24/Jun/2025:14:20:22 +0300] "POST /wp-cron.php?doing_wp_cron=1750764022.9196169376373291015625 HTTP/1.0" 200 409 "-" "WordPress/6.7.2; https://dirata.co.il"
35.198.151.205 - - [24/Jun/2025:14:20:23 +0300] "POST /wp-admin/admin-ajax.php?action=async_litespeed&nonce=UOwvebxppMCOtxXUdduGngYCtFMfvTk0&litespeed_type=imgoptm HTTP/1.0" 200 565 "-" "WordPress/6.7.2; https://dirata.co.il"
87.71.26.42 - - [24/Jun/2025:14:20:22 +0300] "POST /wp-admin/async-upload.php HTTP/1.0" 200 2171 "https://dirata.co.il/wp-admin/upload.php" "Mozilla/5.0 (Windows NT 10.0; Win64; x64) AppleWebKit/537.36 (KHTML, like Gecko) Chrome/137.0.0.0 Safari/537.36"
87.71.26.42 - - [24/Jun/2025:14:20:24 +0300] "GET /wp-content/uploads/2025/06/Group-639-1-300x131.webp HTTP/1.0" 200 428 "https://dirata.co.il/wp-admin/upload.php" "Mozilla/5.0 (Windows NT 10.0; Win64; x64) AppleWebKit/537.36 (KHTML, like Gecko) Chrome/137.0.0.0 Safari/537.36"
87.71.26.42 - - [24/Jun/2025:14:20:24 +0300] "GET /wp-content/uploads/2025/06/apartment_image_685a78e2b527e-300x169.webp HTTP/1.0" 200 446 "https://dirata.co.il/wp-admin/upload.php" "Mozilla/5.0 (Windows NT 10.0; Win64; x64) AppleWebKit/537.36 (KHTML, like Gecko) Chrome/137.0.0.0 Safari/537.36"
87.71.26.42 - - [24/Jun/2025:14:20:24 +0300] "GET /wp-content/uploads/2025/06/apartment_image_685a78de72d0e-300x169.webp HTTP/1.0" 200 446 "https://dirata.co.il/wp-admin/upload.php" "Mozilla/5.0 (Windows NT 10.0; Win64; x64) AppleWebKit/537.36 (KHTML, like Gecko) Chrome/137.0.0.0 Safari/537.36"
87.71.26.42 - - [24/Jun/2025:14:20:26 +0300] "GET /wp-content/uploads/2025/06/Group-639-1.webp HTTP/1.0" 200 420 "https://dirata.co.il/wp-admin/upload.php?item=668" "Mozilla/5.0 (Windows NT 10.0; Win64; x64) AppleWebKit/537.36 (KHTML, like Gecko) Chrome/137.0.0.0 Safari/537.36"
87.71.26.42 - - [24/Jun/2025:14:20:31 +0300] "POST /wp-admin/admin-ajax.php HTTP/1.0" 200 728 "https://dirata.co.il/wp-admin/profile.php?wp_http_referer=%2Fwp-admin%2Fusers.php%3Frole%3Dadministrator" "Mozilla/5.0 (Windows NT 10.0; Win64; x64) AppleWebKit/537.36 (KHTML, like Gecko) Chrome/137.0.0.0 Safari/537.36"
87.71.26.42 - - [24/Jun/2025:14:20:46 +0300] "POST /wp-admin/admin-ajax.php HTTP/1.0" 200 843 "https://dirata.co.il/wp-admin/upload.php?item=667" "Mozilla/5.0 (Windows NT 10.0; Win64; x64) AppleWebKit/537.36 (KHTML, like Gecko) Chrome/137.0.0.0 Safari/537.36"
35.198.151.205 - - [24/Jun/2025:14:20:53 +0300] "POST /wp-cron.php?doing_wp_cron=1750764053.3205440044403076171875 HTTP/1.0" 200 409 "-" "WordPress/6.7.2; https://dirata.co.il"
57.141.6.20 - - [24/Jun/2025:14:20:53 +0300] "GET /apartments/\xd7\xa8\xd7\x9e\xd7\xaa-\xd7\xa9\xd7\x9c\xd7\x9e\xd7\x94-1298-\xd7\x90\xd7\xa9\xd7\x93\xd7\x95\xd7\x93/0556614238 HTTP/1.0" 301 678 "-" "meta-externalagent/1.1 (+https://developers.facebook.com/docs/sharing/webmasters/crawler)"
35.198.151.205 - - [24/Jun/2025:14:20:53 +0300] "POST /wp-admin/admin-ajax.php?action=async_litespeed&nonce=XQWXkRD2DqSzraXVSVQ0vRFB2szulHxW&litespeed_type=imgoptm HTTP/1.0" 200 565 "-" "WordPress/6.7.2; https://dirata.co.il"
57.141.6.21 - - [24/Jun/2025:14:20:55 +0300] "GET /apartments/%d7%a8%d7%9e%d7%aa-%d7%a9%d7%9c%d7%9e%d7%94-1298-%d7%90%d7%a9%d7%93%d7%95%d7%93/ HTTP/1.0" 200 169348 "-" "meta-externalagent/1.1 (+https://developers.facebook.com/docs/sharing/webmasters/crawler)"
35.198.151.205 - - [24/Jun/2025:14:20:59 +0300] "POST /wp-cron.php?doing_wp_cron=1750764059.6218791007995605468750 HTTP/1.0" 200 409 "-" "WordPress/6.7.2; https://dirata.co.il"
87.71.26.42 - - [24/Jun/2025:14:20:59 +0300] "POST /wp-admin/admin-ajax.php HTTP/1.0" 200 728 "https://dirata.co.il/wp-admin/users.php?role=administrator" "Mozilla/5.0 (Windows NT 10.0; Win64; x64) AppleWebKit/537.36 (KHTML, like Gecko) Chrome/137.0.0.0 Safari/537.36"
87.71.26.42 - - [24/Jun/2025:14:21:00 +0300] "GET /wp-admin/profile.php?wp_http_referer=%2Fwp-admin%2Fusers.php%3Frole%3Dadministrator HTTP/1.0" 200 165891 "https://dirata.co.il/wp-admin/profile.php?wp_http_referer=%2Fwp-admin%2Fusers.php%3Frole%3Dadministrator" "Mozilla/5.0 (Windows NT 10.0; Win64; x64) AppleWebKit/537.36 (KHTML, like Gecko) Chrome/137.0.0.0 Safari/537.36"
87.71.26.42 - - [24/Jun/2025:14:21:03 +0300] "POST /wp-admin/admin-ajax.php HTTP/1.0" 200 2445 "https://dirata.co.il/wp-admin/profile.php?wp_http_referer=%2Fwp-admin%2Fusers.php%3Frole%3Dadministrator" "Mozilla/5.0 (Windows NT 10.0; Win64; x64) AppleWebKit/537.36 (KHTML, like Gecko) Chrome/137.0.0.0 Safari/537.36"
87.71.26.42 - - [24/Jun/2025:14:21:08 +0300] "POST /wp-admin/admin-ajax.php HTTP/1.0" 200 727 "https://dirata.co.il/wp-admin/profile.php?wp_http_referer=%2Fwp-admin%2Fusers.php%3Frole%3Dadministrator" "Mozilla/5.0 (Windows NT 10.0; Win64; x64) AppleWebKit/537.36 (KHTML, like Gecko) Chrome/137.0.0.0 Safari/537.36"
87.71.26.42 - - [24/Jun/2025:14:21:08 +0300] "POST /wp-admin/profile.php HTTP/1.0" 302 682 "https://dirata.co.il/wp-admin/profile.php?wp_http_referer=%2Fwp-admin%2Fusers.php%3Frole%3Dadministrator" "Mozilla/5.0 (Windows NT 10.0; Win64; x64) AppleWebKit/537.36 (KHTML, like Gecko) Chrome/137.0.0.0 Safari/537.36"
87.71.26.42 - - [24/Jun/2025:14:21:08 +0300] "GET /wp-admin/profile.php?updated=1&wp_http_referer=%2Fwp-admin%2Fusers.php%3Frole%3Dadministrator HTTP/1.0" 200 166084 "https://dirata.co.il/wp-admin/profile.php?wp_http_referer=%2Fwp-admin%2Fusers.php%3Frole%3Dadministrator" "Mozilla/5.0 (Windows NT 10.0; Win64; x64) AppleWebKit/537.36 (KHTML, like Gecko) Chrome/137.0.0.0 Safari/537.36"
87.71.26.42 - - [24/Jun/2025:14:21:13 +0300] "GET /wp-admin/admin.php?page=dirata-run-cron HTTP/1.0" 200 68195 "https://dirata.co.il/wp-admin/admin.php?page=dirata-run-cron" "Mozilla/5.0 (Windows NT 10.0; Win64; x64) AppleWebKit/537.36 (KHTML, like Gecko) Chrome/137.0.0.0 Safari/537.36"
87.71.26.42 - - [24/Jun/2025:14:21:14 +0300] "POST /wp-admin/admin.php?page=dirata-run-cron HTTP/1.0" 200 68293 "https://dirata.co.il/wp-admin/admin.php?page=dirata-run-cron" "Mozilla/5.0 (Windows NT 10.0; Win64; x64) AppleWebKit/537.36 (KHTML, like Gecko) Chrome/137.0.0.0 Safari/537.36"
87.71.26.42 - - [24/Jun/2025:14:21:17 +0300] "POST /wp-admin/admin-ajax.php HTTP/1.0" 200 728 "https://dirata.co.il/wp-admin/edit.php?post_type=apartment" "Mozilla/5.0 (Windows NT 10.0; Win64; x64) AppleWebKit/537.36 (KHTML, like Gecko) Chrome/137.0.0.0 Safari/537.36"
66.249.89.32 - - [24/Jun/2025:14:21:23 +0300] "GET /wp-content/uploads/2025/06/Group-639-1.webp HTTP/1.0" 200 420 "http://mail.google.com/" "Mozilla/5.0 (Windows NT 10.0; Win64; x64) AppleWebKit/537.36 (KHTML, like Gecko) Chrome/42.0.2311.135 Safari/537.36 Edge/12.246 Mozilla/5.0"
35.198.151.205 - - [24/Jun/2025:14:21:53 +0300] "POST /wp-cron.php?doing_wp_cron=1750764113.6709589958190917968750 HTTP/1.0" 200 409 "-" "WordPress/6.7.2; https://dirata.co.il"
87.71.26.42 - - [24/Jun/2025:14:21:53 +0300] "POST /wp-admin/admin-ajax.php HTTP/1.0" 200 728 "https://dirata.co.il/wp-admin/upload.php" "Mozilla/5.0 (Windows NT 10.0; Win64; x64) AppleWebKit/537.36 (KHTML, like Gecko) Chrome/137.0.0.0 Safari/537.36"
35.198.151.205 - - [24/Jun/2025:14:21:53 +0300] "POST /wp-admin/admin-ajax.php?action=async_litespeed&nonce=4bYOPyF0frJp5KJIzz51EBbi4FLUGhs7&litespeed_type=imgoptm HTTP/1.0" 200 565 "-" "WordPress/6.7.2; https://dirata.co.il"
66.249.93.32 - - [24/Jun/2025:14:22:25 +0300] "GET /wp-content/uploads/2025/06/Group-639-1.webp HTTP/1.0" 200 420 "-" "Mozilla/5.0 (Windows NT 5.1; rv:11.0) Gecko Firefox/11.0 (via ggpht.com GoogleImageProxy)"
35.198.151.205 - - [24/Jun/2025:14:23:07 +0300] "POST /wp-cron.php?doing_wp_cron=1750764187.3924798965454101562500 HTTP/1.0" 200 409 "-" "WordPress/6.7.2; https://dirata.co.il"
35.198.151.205 - - [24/Jun/2025:14:23:08 +0300] "POST /wp-admin/admin-ajax.php?action=async_litespeed&nonce=7j2hImruwHk5T4WrmJSph85aj8LNee4W&litespeed_type=imgoptm HTTP/1.0" 200 565 "-" "WordPress/6.7.2; https://dirata.co.il"
87.71.26.42 - - [24/Jun/2025:14:23:06 +0300] "POST /wp-admin/async-upload.php HTTP/1.0" 200 2143 "https://dirata.co.il/wp-admin/upload.php" "Mozilla/5.0 (Windows NT 10.0; Win64; x64) AppleWebKit/537.36 (KHTML, like Gecko) Chrome/137.0.0.0 Safari/537.36"
87.71.26.42 - - [24/Jun/2025:14:23:18 +0300] "POST /wp-admin/admin-ajax.php HTTP/1.0" 200 728 "https://dirata.co.il/wp-admin/edit.php?post_type=apartment" "Mozilla/5.0 (Windows NT 10.0; Win64; x64) AppleWebKit/537.36 (KHTML, like Gecko) Chrome/137.0.0.0 Safari/537.36"
87.71.26.42 - - [24/Jun/2025:14:23:40 +0300] "GET /wp-admin/profile.php?wp_http_referer=%2Fwp-admin%2Fusers.php%3Frole%3Dadministrator HTTP/1.0" 200 165891 "https://dirata.co.il/wp-admin/profile.php?wp_http_referer=%2Fwp-admin%2Fusers.php%3Frole%3Dadministrator" "Mozilla/5.0 (Windows NT 10.0; Win64; x64) AppleWebKit/537.36 (KHTML, like Gecko) Chrome/137.0.0.0 Safari/537.36"
87.71.26.42 - - [24/Jun/2025:14:23:42 +0300] "POST /wp-admin/admin-ajax.php HTTP/1.0" 200 2445 "https://dirata.co.il/wp-admin/profile.php?wp_http_referer=%2Fwp-admin%2Fusers.php%3Frole%3Dadministrator" "Mozilla/5.0 (Windows NT 10.0; Win64; x64) AppleWebKit/537.36 (KHTML, like Gecko) Chrome/137.0.0.0 Safari/537.36"
87.71.26.42 - - [24/Jun/2025:14:23:48 +0300] "POST /wp-admin/admin-ajax.php HTTP/1.0" 200 727 "https://dirata.co.il/wp-admin/profile.php?wp_http_referer=%2Fwp-admin%2Fusers.php%3Frole%3Dadministrator" "Mozilla/5.0 (Windows NT 10.0; Win64; x64) AppleWebKit/537.36 (KHTML, like Gecko) Chrome/137.0.0.0 Safari/537.36"
87.71.26.42 - - [24/Jun/2025:14:23:49 +0300] "POST /wp-admin/profile.php HTTP/1.0" 302 682 "https://dirata.co.il/wp-admin/profile.php?wp_http_referer=%2Fwp-admin%2Fusers.php%3Frole%3Dadministrator" "Mozilla/5.0 (Windows NT 10.0; Win64; x64) AppleWebKit/537.36 (KHTML, like Gecko) Chrome/137.0.0.0 Safari/537.36"
87.71.26.42 - - [24/Jun/2025:14:23:49 +0300] "GET /wp-admin/profile.php?updated=1&wp_http_referer=%2Fwp-admin%2Fusers.php%3Frole%3Dadministrator HTTP/1.0" 200 166080 "https://dirata.co.il/wp-admin/profile.php?wp_http_referer=%2Fwp-admin%2Fusers.php%3Frole%3Dadministrator" "Mozilla/5.0 (Windows NT 10.0; Win64; x64) AppleWebKit/537.36 (KHTML, like Gecko) Chrome/137.0.0.0 Safari/537.36"
35.198.151.205 - - [24/Jun/2025:14:23:55 +0300] "POST /wp-cron.php?doing_wp_cron=1750764235.5263340473175048828125 HTTP/1.0" 200 409 "-" "WordPress/6.7.2; https://dirata.co.il"
87.71.26.42 - - [24/Jun/2025:14:23:55 +0300] "GET /wp-admin/admin.php?page=dirata-run-cron HTTP/1.0" 200 68195 "https://dirata.co.il/wp-admin/admin.php?page=dirata-run-cron" "Mozilla/5.0 (Windows NT 10.0; Win64; x64) AppleWebKit/537.36 (KHTML, like Gecko) Chrome/137.0.0.0 Safari/537.36"
35.198.151.205 - - [24/Jun/2025:14:23:55 +0300] "POST /wp-admin/admin-ajax.php?action=async_litespeed&nonce=sIt9hBdPlBjuCzb9eRo5ykbcHQuh3Nft&litespeed_type=imgoptm HTTP/1.0" 200 565 "-" "WordPress/6.7.2; https://dirata.co.il"
87.71.26.42 - - [24/Jun/2025:14:23:56 +0300] "POST /wp-admin/admin.php?page=dirata-run-cron HTTP/1.0" 200 68293 "https://dirata.co.il/wp-admin/admin.php?page=dirata-run-cron" "Mozilla/5.0 (Windows NT 10.0; Win64; x64) AppleWebKit/537.36 (KHTML, like Gecko) Chrome/137.0.0.0 Safari/537.36"
87.71.26.42 - - [24/Jun/2025:14:24:20 +0300] "POST /wp-admin/admin-ajax.php HTTP/1.0" 200 728 "https://dirata.co.il/wp-admin/users.php?role=administrator" "Mozilla/5.0 (Windows NT 10.0; Win64; x64) AppleWebKit/537.36 (KHTML, like Gecko) Chrome/137.0.0.0 Safari/537.36"
35.198.151.205 - - [24/Jun/2025:14:25:15 +0300] "POST /wp-cron.php?doing_wp_cron=1750764315.8760581016540527343750 HTTP/1.0" 200 409 "-" "WordPress/6.7.2; https://dirata.co.il"
87.71.26.42 - - [24/Jun/2025:14:25:15 +0300] "POST /wp-admin/admin-ajax.php HTTP/1.0" 200 728 "https://dirata.co.il/wp-admin/upload.php" "Mozilla/5.0 (Windows NT 10.0; Win64; x64) AppleWebKit/537.36 (KHTML, like Gecko) Chrome/137.0.0.0 Safari/537.36"
35.198.151.205 - - [24/Jun/2025:14:25:16 +0300] "POST /wp-admin/admin-ajax.php?action=async_litespeed&nonce=ZOAEHHNV9Ex8Q6M7AZHnz3EKgYJbGXbM&litespeed_type=imgoptm HTTP/1.0" 200 565 "-" "WordPress/6.7.2; https://dirata.co.il"
87.71.26.42 - - [24/Jun/2025:14:25:19 +0300] "POST /wp-admin/admin-ajax.php HTTP/1.0" 200 728 "https://dirata.co.il/wp-admin/edit.php?post_type=apartment" "Mozilla/5.0 (Windows NT 10.0; Win64; x64) AppleWebKit/537.36 (KHTML, like Gecko) Chrome/137.0.0.0 Safari/537.36"
35.198.151.205 - - [24/Jun/2025:14:26:20 +0300] "POST /wp-cron.php?doing_wp_cron=1750764380.6684451103210449218750 HTTP/1.0" 200 409 "-" "WordPress/6.7.2; https://dirata.co.il"
87.71.26.42 - - [24/Jun/2025:14:26:20 +0300] "POST /wp-admin/admin-ajax.php HTTP/1.0" 200 728 "https://dirata.co.il/wp-admin/users.php?role=administrator" "Mozilla/5.0 (Windows NT 10.0; Win64; x64) AppleWebKit/537.36 (KHTML, like Gecko) Chrome/137.0.0.0 Safari/537.36"
35.198.151.205 - - [24/Jun/2025:14:26:20 +0300] "POST /wp-admin/admin-ajax.php?action=async_litespeed&nonce=g1AtIopC3GrRwr6NNsfJXnazsZnS2b0K&litespeed_type=imgoptm HTTP/1.0" 200 565 "-" "WordPress/6.7.2; https://dirata.co.il"
37.142.84.111 - - [24/Jun/2025:14:26:55 +0300] "GET /index.php HTTP/1.0" 301 410 "-" "Mozilla/5.0 (Windows NT 10.0; Win64; x64) AppleWebKit/537.36 (KHTML, like Gecko) Chrome/137.0.0.0 Safari/537.36"
35.198.151.205 - - [24/Jun/2025:14:26:55 +0300] "POST /wp-cron.php?doing_wp_cron=1750764415.5248339176177978515625 HTTP/1.0" 200 409 "-" "WordPress/6.7.2; https://dirata.co.il"
37.142.84.111 - - [24/Jun/2025:14:26:55 +0300] "GET /index.php HTTP/1.0" 301 410 "-" "Mozilla/5.0 (Windows NT 10.0; Win64; x64) AppleWebKit/537.36 (KHTML, like Gecko) Chrome/137.0.0.0 Safari/537.36"
37.142.84.111 - - [24/Jun/2025:14:26:55 +0300] "GET / HTTP/1.0" 200 121353 "-" "Mozilla/5.0 (Windows NT 10.0; Win64; x64) AppleWebKit/537.36 (KHTML, like Gecko) Chrome/137.0.0.0 Safari/537.36"
35.198.151.205 - - [24/Jun/2025:14:26:55 +0300] "POST /wp-admin/admin-ajax.php?action=async_litespeed&nonce=TfmROPCykq0gPpZ3ZqQtb1FkNaelToII&litespeed_type=imgoptm HTTP/1.0" 200 565 "-" "WordPress/6.7.2; https://dirata.co.il"
37.142.84.111 - - [24/Jun/2025:14:26:55 +0300] "GET / HTTP/1.0" 200 121353 "-" "Mozilla/5.0 (Windows NT 10.0; Win64; x64) AppleWebKit/537.36 (KHTML, like Gecko) Chrome/137.0.0.0 Safari/537.36"
87.71.26.42 - - [24/Jun/2025:14:27:10 +0300] "POST /wp-admin/admin-ajax.php HTTP/1.0" 200 728 "https://dirata.co.il/wp-admin/profile.php?wp_http_referer=%2Fwp-admin%2Fusers.php%3Frole%3Dadministrator" "Mozilla/5.0 (Windows NT 10.0; Win64; x64) AppleWebKit/537.36 (KHTML, like Gecko) Chrome/137.0.0.0 Safari/537.36"
87.71.26.42 - - [24/Jun/2025:14:27:15 +0300] "POST /wp-admin/admin-ajax.php HTTP/1.0" 200 728 "https://dirata.co.il/wp-admin/upload.php" "Mozilla/5.0 (Windows NT 10.0; Win64; x64) AppleWebKit/537.36 (KHTML, like Gecko) Chrome/137.0.0.0 Safari/537.36"
87.71.26.42 - - [24/Jun/2025:14:27:17 +0300] "POST /wp-admin/admin-ajax.php HTTP/1.0" 200 728 "https://dirata.co.il/wp-admin/admin.php?page=dirata-run-cron" "Mozilla/5.0 (Windows NT 10.0; Win64; x64) AppleWebKit/537.36 (KHTML, like Gecko) Chrome/137.0.0.0 Safari/537.36"
87.71.26.42 - - [24/Jun/2025:14:27:20 +0300] "POST /wp-admin/admin-ajax.php HTTP/1.0" 200 728 "https://dirata.co.il/wp-admin/edit.php?post_type=apartment" "Mozilla/5.0 (Windows NT 10.0; Win64; x64) AppleWebKit/537.36 (KHTML, like Gecko) Chrome/137.0.0.0 Safari/537.36"
37.142.84.111 - - [24/Jun/2025:14:27:33 +0300] "GET / HTTP/1.0" 200 121353 "-" "Mozilla/5.0 (Windows NT 10.0; Win64; x64) AppleWebKit/537.36 (KHTML, like Gecko) Chrome/137.0.0.0 Safari/537.36"
37.142.84.111 - - [24/Jun/2025:14:27:33 +0300] "GET / HTTP/1.0" 200 121353 "-" "Mozilla/5.0 (Windows NT 10.0; Win64; x64) AppleWebKit/537.36 (KHTML, like Gecko) Chrome/137.0.0.0 Safari/537.36"
37.142.84.111 - - [24/Jun/2025:14:27:39 +0300] "GET /apartments-search/ HTTP/1.0" 200 121555 "https://dirata.co.il/" "Mozilla/5.0 (Windows NT 10.0; Win64; x64) AppleWebKit/537.36 (KHTML, like Gecko) Chrome/137.0.0.0 Safari/537.36"
37.142.84.111 - - [24/Jun/2025:14:27:39 +0300] "GET /wp-content/uploads/2025/06/apartment_image_685a78de72d0e-scaled.webp HTTP/1.0" 200 445 "https://dirata.co.il/apartments-search/" "Mozilla/5.0 (Windows NT 10.0; Win64; x64) AppleWebKit/537.36 (KHTML, like Gecko) Chrome/137.0.0.0 Safari/537.36"
37.142.84.111 - - [24/Jun/2025:14:27:39 +0300] "GET / HTTP/1.0" 200 121353 "-" "Mozilla/5.0 (Windows NT 10.0; Win64; x64) AppleWebKit/537.36 (KHTML, like Gecko) Chrome/137.0.0.0 Safari/537.36"
37.142.84.111 - - [24/Jun/2025:14:27:40 +0300] "GET / HTTP/1.0" 200 121353 "-" "Mozilla/5.0 (Windows NT 10.0; Win64; x64) AppleWebKit/537.36 (KHTML, like Gecko) Chrome/137.0.0.0 Safari/537.36"
37.142.84.111 - - [24/Jun/2025:14:27:44 +0300] "POST /wp-admin/admin-ajax.php HTTP/1.0" 200 12008 "https://dirata.co.il/apartments-search/" "Mozilla/5.0 (Windows NT 10.0; Win64; x64) AppleWebKit/537.36 (KHTML, like Gecko) Chrome/137.0.0.0 Safari/537.36"
37.142.84.111 - - [24/Jun/2025:14:27:46 +0300] "POST /wp-admin/admin-ajax.php HTTP/1.0" 200 55962 "https://dirata.co.il/apartments-search/" "Mozilla/5.0 (Windows NT 10.0; Win64; x64) AppleWebKit/537.36 (KHTML, like Gecko) Chrome/137.0.0.0 Safari/537.36"
37.142.84.111 - - [24/Jun/2025:14:27:46 +0300] "POST /wp-admin/admin-ajax.php HTTP/1.0" 200 55962 "https://dirata.co.il/apartments-search/" "Mozilla/5.0 (Windows NT 10.0; Win64; x64) AppleWebKit/537.36 (KHTML, like Gecko) Chrome/137.0.0.0 Safari/537.36"
37.142.84.111 - - [24/Jun/2025:14:27:47 +0300] "GET /wp-content/uploads/2025/06/apartment_image_6859359439adc.webp HTTP/1.0" 200 438 "https://dirata.co.il/apartments-search/" "Mozilla/5.0 (Windows NT 10.0; Win64; x64) AppleWebKit/537.36 (KHTML, like Gecko) Chrome/137.0.0.0 Safari/537.36"
37.142.84.111 - - [24/Jun/2025:14:27:47 +0300] "GET /wp-content/uploads/2025/06/apartment_image_685930c0ebb72.webp HTTP/1.0" 200 438 "https://dirata.co.il/apartments-search/" "Mozilla/5.0 (Windows NT 10.0; Win64; x64) AppleWebKit/537.36 (KHTML, like Gecko) Chrome/137.0.0.0 Safari/537.36"
37.142.84.111 - - [24/Jun/2025:14:27:47 +0300] "GET /wp-content/uploads/2025/06/apartment_image_685929e171b52-scaled.webp HTTP/1.0" 200 445 "https://dirata.co.il/apartments-search/" "Mozilla/5.0 (Windows NT 10.0; Win64; x64) AppleWebKit/537.36 (KHTML, like Gecko) Chrome/137.0.0.0 Safari/537.36"
37.142.84.111 - - [24/Jun/2025:14:27:47 +0300] "GET /wp-content/uploads/2025/06/apartment_image_68519d087de27.webp HTTP/1.0" 200 438 "https://dirata.co.il/apartments-search/" "Mozilla/5.0 (Windows NT 10.0; Win64; x64) AppleWebKit/537.36 (KHTML, like Gecko) Chrome/137.0.0.0 Safari/537.36"
37.142.84.111 - - [24/Jun/2025:14:27:47 +0300] "GET /wp-content/uploads/2025/06/apartment_image_68519bd924b7c-scaled.webp HTTP/1.0" 200 445 "https://dirata.co.il/apartments-search/" "Mozilla/5.0 (Windows NT 10.0; Win64; x64) AppleWebKit/537.36 (KHTML, like Gecko) Chrome/137.0.0.0 Safari/537.36"
37.142.84.111 - - [24/Jun/2025:14:27:47 +0300] "GET /wp-content/uploads/2025/06/apartment_image_685198543cc84.webp HTTP/1.0" 200 438 "https://dirata.co.il/apartments-search/" "Mozilla/5.0 (Windows NT 10.0; Win64; x64) AppleWebKit/537.36 (KHTML, like Gecko) Chrome/137.0.0.0 Safari/537.36"
35.198.151.205 - - [24/Jun/2025:14:28:12 +0300] "POST /wp-cron.php?doing_wp_cron=1750764492.2294919490814208984375 HTTP/1.0" 200 409 "-" "WordPress/6.7.2; https://dirata.co.il"
87.71.26.42 - - [24/Jun/2025:14:28:12 +0300] "GET /wp-admin/profile.php?wp_http_referer=%2Fwp-admin%2Fusers.php%3Frole%3Dadministrator HTTP/1.0" 200 165899 "https://dirata.co.il/wp-admin/profile.php?wp_http_referer=%2Fwp-admin%2Fusers.php%3Frole%3Dadministrator" "Mozilla/5.0 (Windows NT 10.0; Win64; x64) AppleWebKit/537.36 (KHTML, like Gecko) Chrome/137.0.0.0 Safari/537.36"
35.198.151.205 - - [24/Jun/2025:14:28:12 +0300] "POST /wp-admin/admin-ajax.php?action=async_litespeed&nonce=CF2tmmH4LowzfRPhClcWyey8EsPz0Mlq&litespeed_type=imgoptm HTTP/1.0" 200 565 "-" "WordPress/6.7.2; https://dirata.co.il"
87.71.26.42 - - [24/Jun/2025:14:28:15 +0300] "POST /wp-admin/admin-ajax.php HTTP/1.0" 200 727 "https://dirata.co.il/wp-admin/profile.php?wp_http_referer=%2Fwp-admin%2Fusers.php%3Frole%3Dadministrator" "Mozilla/5.0 (Windows NT 10.0; Win64; x64) AppleWebKit/537.36 (KHTML, like Gecko) Chrome/137.0.0.0 Safari/537.36"
87.71.26.42 - - [24/Jun/2025:14:28:15 +0300] "POST /wp-admin/profile.php HTTP/1.0" 302 682 "https://dirata.co.il/wp-admin/profile.php?wp_http_referer=%2Fwp-admin%2Fusers.php%3Frole%3Dadministrator" "Mozilla/5.0 (Windows NT 10.0; Win64; x64) AppleWebKit/537.36 (KHTML, like Gecko) Chrome/137.0.0.0 Safari/537.36"
87.71.26.42 - - [24/Jun/2025:14:28:15 +0300] "GET /wp-admin/profile.php?updated=1&wp_http_referer=%2Fwp-admin%2Fusers.php%3Frole%3Dadministrator HTTP/1.0" 200 166080 "https://dirata.co.il/wp-admin/profile.php?wp_http_referer=%2Fwp-admin%2Fusers.php%3Frole%3Dadministrator" "Mozilla/5.0 (Windows NT 10.0; Win64; x64) AppleWebKit/537.36 (KHTML, like Gecko) Chrome/137.0.0.0 Safari/537.36"
87.71.26.42 - - [24/Jun/2025:14:28:20 +0300] "GET /wp-admin/admin.php?page=dirata-run-cron HTTP/1.0" 200 68195 "https://dirata.co.il/wp-admin/admin.php?page=dirata-run-cron" "Mozilla/5.0 (Windows NT 10.0; Win64; x64) AppleWebKit/537.36 (KHTML, like Gecko) Chrome/137.0.0.0 Safari/537.36"
87.71.26.42 - - [24/Jun/2025:14:28:22 +0300] "POST /wp-admin/admin.php?page=dirata-run-cron HTTP/1.0" 200 68293 "https://dirata.co.il/wp-admin/admin.php?page=dirata-run-cron" "Mozilla/5.0 (Windows NT 10.0; Win64; x64) AppleWebKit/537.36 (KHTML, like Gecko) Chrome/137.0.0.0 Safari/537.36"
87.71.26.42 - - [24/Jun/2025:14:29:16 +0300] "POST /wp-admin/admin-ajax.php HTTP/1.0" 500 836 "https://dirata.co.il/wp-admin/upload.php" "Mozilla/5.0 (Windows NT 10.0; Win64; x64) AppleWebKit/537.36 (KHTML, like Gecko) Chrome/137.0.0.0 Safari/537.36"
35.198.151.205 - - [24/Jun/2025:14:29:21 +0300] "POST /wp-cron.php?doing_wp_cron=1750764561.6912150382995605468750 HTTP/1.0" 200 409 "-" "WordPress/6.7.2; https://dirata.co.il"
87.71.26.42 - - [24/Jun/2025:14:29:21 +0300] "POST /wp-admin/admin-ajax.php HTTP/1.0" 200 728 "https://dirata.co.il/wp-admin/edit.php?post_type=apartment" "Mozilla/5.0 (Windows NT 10.0; Win64; x64) AppleWebKit/537.36 (KHTML, like Gecko) Chrome/137.0.0.0 Safari/537.36"
35.198.151.205 - - [24/Jun/2025:14:29:21 +0300] "POST /wp-admin/admin-ajax.php?action=async_litespeed&nonce=gx7HwP0VoGxNnCRwxlG3aFDxRFzDWXME&litespeed_type=imgoptm HTTP/1.0" 200 565 "-" "WordPress/6.7.2; https://dirata.co.il"
37.142.84.111 - - [24/Jun/2025:14:29:27 +0300] "GET / HTTP/1.0" 200 121353 "-" "Mozilla/5.0 (Windows NT 10.0; Win64; x64) AppleWebKit/537.36 (KHTML, like Gecko) Chrome/137.0.0.0 Safari/537.36"
37.142.84.111 - - [24/Jun/2025:14:29:27 +0300] "GET / HTTP/1.0" 200 121353 "-" "Mozilla/5.0 (Windows NT 10.0; Win64; x64) AppleWebKit/537.36 (KHTML, like Gecko) Chrome/137.0.0.0 Safari/537.36"
37.142.84.111 - - [24/Jun/2025:14:29:32 +0300] "GET /profile-page/?tab=publish HTTP/1.0" 302 384 "https://dirata.co.il/" "Mozilla/5.0 (Windows NT 10.0; Win64; x64) AppleWebKit/537.36 (KHTML, like Gecko) Chrome/137.0.0.0 Safari/537.36"
37.142.84.111 - - [24/Jun/2025:14:29:32 +0300] "GET /login/ HTTP/1.0" 200 34540 "https://dirata.co.il/" "Mozilla/5.0 (Windows NT 10.0; Win64; x64) AppleWebKit/537.36 (KHTML, like Gecko) Chrome/137.0.0.0 Safari/537.36"
37.142.84.111 - - [24/Jun/2025:14:29:32 +0300] "GET / HTTP/1.0" 200 121353 "-" "Mozilla/5.0 (Windows NT 10.0; Win64; x64) AppleWebKit/537.36 (KHTML, like Gecko) Chrome/137.0.0.0 Safari/537.36"
37.142.84.111 - - [24/Jun/2025:14:29:33 +0300] "GET / HTTP/1.0" 200 121353 "-" "Mozilla/5.0 (Windows NT 10.0; Win64; x64) AppleWebKit/537.36 (KHTML, like Gecko) Chrome/137.0.0.0 Safari/537.36"
37.142.84.111 - - [24/Jun/2025:14:29:39 +0300] "GET / HTTP/1.0" 200 121353 "-" "Mozilla/5.0 (Windows NT 10.0; Win64; x64) AppleWebKit/537.36 (KHTML, like Gecko) Chrome/137.0.0.0 Safari/537.36"
37.142.84.111 - - [24/Jun/2025:14:29:39 +0300] "GET / HTTP/1.0" 200 121353 "-" "Mozilla/5.0 (Windows NT 10.0; Win64; x64) AppleWebKit/537.36 (KHTML, like Gecko) Chrome/137.0.0.0 Safari/537.36"
87.71.26.42 - - [24/Jun/2025:14:29:41 +0300] "POST /wp-admin/admin-ajax.php HTTP/1.0" 200 728 "https://dirata.co.il/wp-admin/users.php?role=administrator" "Mozilla/5.0 (Windows NT 10.0; Win64; x64) AppleWebKit/537.36 (KHTML, like Gecko) Chrome/137.0.0.0 Safari/537.36"
35.198.151.205 - - [24/Jun/2025:14:31:17 +0300] "POST /wp-cron.php?doing_wp_cron=1750764677.9424779415130615234375 HTTP/1.0" 200 409 "-" "WordPress/6.7.2; https://dirata.co.il"
87.71.26.42 - - [24/Jun/2025:14:31:17 +0300] "POST /wp-admin/admin-ajax.php HTTP/1.0" 200 728 "https://dirata.co.il/wp-admin/upload.php" "Mozilla/5.0 (Windows NT 10.0; Win64; x64) AppleWebKit/537.36 (KHTML, like Gecko) Chrome/137.0.0.0 Safari/537.36"
35.198.151.205 - - [24/Jun/2025:14:31:18 +0300] "POST /wp-admin/admin-ajax.php?action=async_litespeed&nonce=9F8dvBD60hk81IBFJz6ofR4ujoaK8bTr&litespeed_type=imgoptm HTTP/1.0" 200 565 "-" "WordPress/6.7.2; https://dirata.co.il"
87.71.26.42 - - [24/Jun/2025:14:31:22 +0300] "POST /wp-admin/admin-ajax.php HTTP/1.0" 200 728 "https://dirata.co.il/wp-admin/edit.php?post_type=apartment" "Mozilla/5.0 (Windows NT 10.0; Win64; x64) AppleWebKit/537.36 (KHTML, like Gecko) Chrome/137.0.0.0 Safari/537.36"
87.71.26.42 - - [24/Jun/2025:14:31:36 +0300] "POST /wp-admin/admin-ajax.php HTTP/1.0" 200 728 "https://dirata.co.il/wp-admin/profile.php?wp_http_referer=%2Fwp-admin%2Fusers.php%3Frole%3Dadministrator" "Mozilla/5.0 (Windows NT 10.0; Win64; x64) AppleWebKit/537.36 (KHTML, like Gecko) Chrome/137.0.0.0 Safari/537.36"
87.71.26.42 - - [24/Jun/2025:14:31:42 +0300] "POST /wp-admin/admin-ajax.php HTTP/1.0" 200 728 "https://dirata.co.il/wp-admin/users.php?role=administrator" "Mozilla/5.0 (Windows NT 10.0; Win64; x64) AppleWebKit/537.36 (KHTML, like Gecko) Chrome/137.0.0.0 Safari/537.36"
87.71.26.42 - - [24/Jun/2025:14:31:43 +0300] "POST /wp-admin/admin-ajax.php HTTP/1.0" 200 728 "https://dirata.co.il/wp-admin/admin.php?page=dirata-run-cron" "Mozilla/5.0 (Windows NT 10.0; Win64; x64) AppleWebKit/537.36 (KHTML, like Gecko) Chrome/137.0.0.0 Safari/537.36"
35.198.151.205 - - [24/Jun/2025:14:33:19 +0300] "POST /wp-cron.php?doing_wp_cron=1750764799.1491169929504394531250 HTTP/1.0" 200 409 "-" "WordPress/6.7.2; https://dirata.co.il"
87.71.26.42 - - [24/Jun/2025:14:33:18 +0300] "POST /wp-admin/admin-ajax.php HTTP/1.0" 200 728 "https://dirata.co.il/wp-admin/upload.php" "Mozilla/5.0 (Windows NT 10.0; Win64; x64) AppleWebKit/537.36 (KHTML, like Gecko) Chrome/137.0.0.0 Safari/537.36"
35.198.151.205 - - [24/Jun/2025:14:33:19 +0300] "POST /wp-admin/admin-ajax.php?action=async_litespeed&nonce=QY5GD35Er0HnlVQVeLuLtm97UY5sZdyI&litespeed_type=imgoptm HTTP/1.0" 200 565 "-" "WordPress/6.7.2; https://dirata.co.il"
87.71.26.42 - - [24/Jun/2025:14:33:23 +0300] "POST /wp-admin/admin-ajax.php HTTP/1.0" 200 728 "https://dirata.co.il/wp-admin/edit.php?post_type=apartment" "Mozilla/5.0 (Windows NT 10.0; Win64; x64) AppleWebKit/537.36 (KHTML, like Gecko) Chrome/137.0.0.0 Safari/537.36"
87.71.26.42 - - [24/Jun/2025:14:33:37 +0300] "POST /wp-admin/admin-ajax.php HTTP/1.0" 200 728 "https://dirata.co.il/wp-admin/profile.php?wp_http_referer=%2Fwp-admin%2Fusers.php%3Frole%3Dadministrator" "Mozilla/5.0 (Windows NT 10.0; Win64; x64) AppleWebKit/537.36 (KHTML, like Gecko) Chrome/137.0.0.0 Safari/537.36"
87.71.26.42 - - [24/Jun/2025:14:33:43 +0300] "POST /wp-admin/admin-ajax.php HTTP/1.0" 200 728 "https://dirata.co.il/wp-admin/users.php?role=administrator" "Mozilla/5.0 (Windows NT 10.0; Win64; x64) AppleWebKit/537.36 (KHTML, like Gecko) Chrome/137.0.0.0 Safari/537.36"
87.71.26.42 - - [24/Jun/2025:14:33:44 +0300] "POST /wp-admin/admin-ajax.php HTTP/1.0" 200 728 "https://dirata.co.il/wp-admin/admin.php?page=dirata-run-cron" "Mozilla/5.0 (Windows NT 10.0; Win64; x64) AppleWebKit/537.36 (KHTML, like Gecko) Chrome/137.0.0.0 Safari/537.36"
35.198.151.205 - - [24/Jun/2025:14:35:24 +0300] "POST /wp-cron.php?doing_wp_cron=1750764924.7907080650329589843750 HTTP/1.0" 200 409 "-" "WordPress/6.7.2; https://dirata.co.il"
87.71.26.42 - - [24/Jun/2025:14:35:24 +0300] "POST /wp-admin/admin-ajax.php HTTP/1.0" 200 728 "https://dirata.co.il/wp-admin/edit.php?post_type=apartment" "Mozilla/5.0 (Windows NT 10.0; Win64; x64) AppleWebKit/537.36 (KHTML, like Gecko) Chrome/137.0.0.0 Safari/537.36"
35.198.151.205 - - [24/Jun/2025:14:35:24 +0300] "POST /wp-admin/admin-ajax.php?action=async_litespeed&nonce=SQRinLLWsIeVqySjFN6Eg2lnhpHngBOj&litespeed_type=imgoptm HTTP/1.0" 200 565 "-" "WordPress/6.7.2; https://dirata.co.il"
87.71.26.42 - - [24/Jun/2025:14:35:26 +0300] "GET /wp-admin/profile.php?wp_http_referer=%2Fwp-admin%2Fusers.php%3Frole%3Dadministrator HTTP/1.0" 200 165891 "https://dirata.co.il/wp-admin/profile.php?wp_http_referer=%2Fwp-admin%2Fusers.php%3Frole%3Dadministrator" "Mozilla/5.0 (Windows NT 10.0; Win64; x64) AppleWebKit/537.36 (KHTML, like Gecko) Chrome/137.0.0.0 Safari/537.36"
87.71.26.42 - - [24/Jun/2025:14:35:36 +0300] "POST /wp-admin/admin-ajax.php HTTP/1.0" 200 727 "https://dirata.co.il/wp-admin/profile.php?wp_http_referer=%2Fwp-admin%2Fusers.php%3Frole%3Dadministrator" "Mozilla/5.0 (Windows NT 10.0; Win64; x64) AppleWebKit/537.36 (KHTML, like Gecko) Chrome/137.0.0.0 Safari/537.36"
87.71.26.42 - - [24/Jun/2025:14:35:36 +0300] "POST /wp-admin/profile.php HTTP/1.0" 302 682 "https://dirata.co.il/wp-admin/profile.php?wp_http_referer=%2Fwp-admin%2Fusers.php%3Frole%3Dadministrator" "Mozilla/5.0 (Windows NT 10.0; Win64; x64) AppleWebKit/537.36 (KHTML, like Gecko) Chrome/137.0.0.0 Safari/537.36"
87.71.26.42 - - [24/Jun/2025:14:35:36 +0300] "GET /wp-admin/profile.php?updated=1&wp_http_referer=%2Fwp-admin%2Fusers.php%3Frole%3Dadministrator HTTP/1.0" 200 166108 "https://dirata.co.il/wp-admin/profile.php?wp_http_referer=%2Fwp-admin%2Fusers.php%3Frole%3Dadministrator" "Mozilla/5.0 (Windows NT 10.0; Win64; x64) AppleWebKit/537.36 (KHTML, like Gecko) Chrome/137.0.0.0 Safari/537.36"
87.71.26.42 - - [24/Jun/2025:14:35:40 +0300] "GET /wp-admin/admin.php?page=dirata-run-cron HTTP/1.0" 200 68195 "https://dirata.co.il/wp-admin/admin.php?page=dirata-run-cron" "Mozilla/5.0 (Windows NT 10.0; Win64; x64) AppleWebKit/537.36 (KHTML, like Gecko) Chrome/137.0.0.0 Safari/537.36"
87.71.26.42 - - [24/Jun/2025:14:35:48 +0300] "POST /wp-admin/admin.php?page=dirata-run-cron HTTP/1.0" 200 68293 "https://dirata.co.il/wp-admin/admin.php?page=dirata-run-cron" "Mozilla/5.0 (Windows NT 10.0; Win64; x64) AppleWebKit/537.36 (KHTML, like Gecko) Chrome/137.0.0.0 Safari/537.36"
35.198.151.205 - - [24/Jun/2025:14:36:39 +0300] "POST /wp-cron.php?doing_wp_cron=1750764999.6869709491729736328125 HTTP/1.0" 200 409 "-" "WordPress/6.7.2; https://dirata.co.il"
87.71.26.42 - - [24/Jun/2025:14:36:39 +0300] "POST /wp-admin/admin-ajax.php HTTP/1.0" 200 728 "https://dirata.co.il/wp-admin/upload.php" "Mozilla/5.0 (Windows NT 10.0; Win64; x64) AppleWebKit/537.36 (KHTML, like Gecko) Chrome/137.0.0.0 Safari/537.36"
35.198.151.205 - - [24/Jun/2025:14:36:39 +0300] "POST /wp-admin/admin-ajax.php?action=async_litespeed&nonce=JJklXk5APukaJU4PWmyuhnEtK4a1Hu1N&litespeed_type=imgoptm HTTP/1.0" 200 565 "-" "WordPress/6.7.2; https://dirata.co.il"
35.198.151.205 - - [24/Jun/2025:14:37:04 +0300] "POST /wp-cron.php?doing_wp_cron=1750765024.6623721122741699218750 HTTP/1.0" 200 409 "-" "WordPress/6.7.2; https://dirata.co.il"
87.71.26.42 - - [24/Jun/2025:14:37:04 +0300] "POST /wp-admin/admin-ajax.php HTTP/1.0" 200 728 "https://dirata.co.il/wp-admin/users.php?role=administrator" "Mozilla/5.0 (Windows NT 10.0; Win64; x64) AppleWebKit/537.36 (KHTML, like Gecko) Chrome/137.0.0.0 Safari/537.36"
35.198.151.205 - - [24/Jun/2025:14:37:04 +0300] "POST /wp-admin/admin-ajax.php?action=async_litespeed&nonce=6gztpqUIcV4vVDVItdDSCIZBqNZMGRNA&litespeed_type=imgoptm HTTP/1.0" 200 565 "-" "WordPress/6.7.2; https://dirata.co.il"
87.71.26.42 - - [24/Jun/2025:14:37:25 +0300] "POST /wp-admin/admin-ajax.php HTTP/1.0" 200 728 "https://dirata.co.il/wp-admin/edit.php?post_type=apartment" "Mozilla/5.0 (Windows NT 10.0; Win64; x64) AppleWebKit/537.36 (KHTML, like Gecko) Chrome/137.0.0.0 Safari/537.36"
87.71.26.42 - - [24/Jun/2025:14:37:49 +0300] "POST /wp-admin/admin-ajax.php HTTP/1.0" 200 728 "https://dirata.co.il/wp-admin/admin.php?page=dirata-run-cron" "Mozilla/5.0 (Windows NT 10.0; Win64; x64) AppleWebKit/537.36 (KHTML, like Gecko) Chrome/137.0.0.0 Safari/537.36"
35.198.151.205 - - [24/Jun/2025:14:37:55 +0300] "POST /wp-cron.php?doing_wp_cron=1750765075.3933739662170410156250 HTTP/1.0" 200 409 "-" "WordPress/6.7.2; https://dirata.co.il"
87.71.26.42 - - [24/Jun/2025:14:37:55 +0300] "GET /wp-admin/profile.php?wp_http_referer=%2Fwp-admin%2Fusers.php%3Frole%3Dadministrator HTTP/1.0" 200 165891 "https://dirata.co.il/wp-admin/profile.php?wp_http_referer=%2Fwp-admin%2Fusers.php%3Frole%3Dadministrator" "Mozilla/5.0 (Windows NT 10.0; Win64; x64) AppleWebKit/537.36 (KHTML, like Gecko) Chrome/137.0.0.0 Safari/537.36"
35.198.151.205 - - [24/Jun/2025:14:37:55 +0300] "POST /wp-admin/admin-ajax.php?action=async_litespeed&nonce=LHutonKQ6273ybBgDK5Vn8Uf7CkQDnd6&litespeed_type=imgoptm HTTP/1.0" 200 565 "-" "WordPress/6.7.2; https://dirata.co.il"
87.71.26.42 - - [24/Jun/2025:14:37:58 +0300] "POST /wp-admin/admin-ajax.php HTTP/1.0" 200 2445 "https://dirata.co.il/wp-admin/profile.php?wp_http_referer=%2Fwp-admin%2Fusers.php%3Frole%3Dadministrator" "Mozilla/5.0 (Windows NT 10.0; Win64; x64) AppleWebKit/537.36 (KHTML, like Gecko) Chrome/137.0.0.0 Safari/537.36"
87.71.26.42 - - [24/Jun/2025:14:38:38 +0300] "GET /wp-admin/admin.php?page=dirata-run-cron HTTP/1.0" 200 68195 "https://dirata.co.il/wp-admin/admin.php?page=dirata-run-cron" "Mozilla/5.0 (Windows NT 10.0; Win64; x64) AppleWebKit/537.36 (KHTML, like Gecko) Chrome/137.0.0.0 Safari/537.36"
87.71.26.42 - - [24/Jun/2025:14:38:50 +0300] "POST /wp-admin/admin-ajax.php HTTP/1.0" 200 727 "https://dirata.co.il/wp-admin/profile.php?wp_http_referer=%2Fwp-admin%2Fusers.php%3Frole%3Dadministrator" "Mozilla/5.0 (Windows NT 10.0; Win64; x64) AppleWebKit/537.36 (KHTML, like Gecko) Chrome/137.0.0.0 Safari/537.36"
87.71.26.42 - - [24/Jun/2025:14:38:50 +0300] "POST /wp-admin/profile.php HTTP/1.0" 302 682 "https://dirata.co.il/wp-admin/profile.php?wp_http_referer=%2Fwp-admin%2Fusers.php%3Frole%3Dadministrator" "Mozilla/5.0 (Windows NT 10.0; Win64; x64) AppleWebKit/537.36 (KHTML, like Gecko) Chrome/137.0.0.0 Safari/537.36"
35.198.151.205 - - [24/Jun/2025:14:38:51 +0300] "POST /wp-cron.php?doing_wp_cron=1750765131.4089329242706298828125 HTTP/1.0" 200 409 "-" "WordPress/6.7.2; https://dirata.co.il"
87.71.26.42 - - [24/Jun/2025:14:38:51 +0300] "GET /wp-admin/profile.php?updated=1&wp_http_referer=%2Fwp-admin%2Fusers.php%3Frole%3Dadministrator HTTP/1.0" 200 166080 "https://dirata.co.il/wp-admin/profile.php?wp_http_referer=%2Fwp-admin%2Fusers.php%3Frole%3Dadministrator" "Mozilla/5.0 (Windows NT 10.0; Win64; x64) AppleWebKit/537.36 (KHTML, like Gecko) Chrome/137.0.0.0 Safari/537.36"
35.198.151.205 - - [24/Jun/2025:14:38:51 +0300] "POST /wp-admin/admin-ajax.php?action=async_litespeed&nonce=WTV64blWsBrHb5hHfBDcHBw9Xq1vxZdA&litespeed_type=imgoptm HTTP/1.0" 200 565 "-" "WordPress/6.7.2; https://dirata.co.il"
87.71.26.42 - - [24/Jun/2025:14:39:06 +0300] "POST /wp-admin/admin.php?page=dirata-run-cron HTTP/1.0" 200 68293 "https://dirata.co.il/wp-admin/admin.php?page=dirata-run-cron" "Mozilla/5.0 (Windows NT 10.0; Win64; x64) AppleWebKit/537.36 (KHTML, like Gecko) Chrome/137.0.0.0 Safari/537.36"
87.71.26.42 - - [24/Jun/2025:14:39:26 +0300] "POST /wp-admin/admin-ajax.php HTTP/1.0" 200 728 "https://dirata.co.il/wp-admin/edit.php?post_type=apartment" "Mozilla/5.0 (Windows NT 10.0; Win64; x64) AppleWebKit/537.36 (KHTML, like Gecko) Chrome/137.0.0.0 Safari/537.36"
35.198.151.205 - - [24/Jun/2025:14:40:00 +0300] "POST /wp-cron.php?doing_wp_cron=1750765200.6701099872589111328125 HTTP/1.0" 200 409 "-" "WordPress/6.7.2; https://dirata.co.il"
87.71.26.42 - - [24/Jun/2025:14:40:00 +0300] "POST /wp-admin/admin-ajax.php HTTP/1.0" 200 728 "https://dirata.co.il/wp-admin/upload.php" "Mozilla/5.0 (Windows NT 10.0; Win64; x64) AppleWebKit/537.36 (KHTML, like Gecko) Chrome/137.0.0.0 Safari/537.36"
35.198.151.205 - - [24/Jun/2025:14:40:00 +0300] "POST /wp-admin/admin-ajax.php?action=async_litespeed&nonce=9bS7cDxxzNR1NvXCe0spIHwl8a297wnI&litespeed_type=imgoptm HTTP/1.0" 200 565 "-" "WordPress/6.7.2; https://dirata.co.il"
87.71.26.42 - - [24/Jun/2025:14:40:25 +0300] "POST /wp-admin/admin-ajax.php HTTP/1.0" 200 728 "https://dirata.co.il/wp-admin/users.php?role=administrator" "Mozilla/5.0 (Windows NT 10.0; Win64; x64) AppleWebKit/537.36 (KHTML, like Gecko) Chrome/137.0.0.0 Safari/537.36"
35.198.151.205 - - [24/Jun/2025:14:41:27 +0300] "POST /wp-cron.php?doing_wp_cron=1750765287.6693279743194580078125 HTTP/1.0" 200 409 "-" "WordPress/6.7.2; https://dirata.co.il"
87.71.26.42 - - [24/Jun/2025:14:41:27 +0300] "POST /wp-admin/admin-ajax.php HTTP/1.0" 200 728 "https://dirata.co.il/wp-admin/edit.php?post_type=apartment" "Mozilla/5.0 (Windows NT 10.0; Win64; x64) AppleWebKit/537.36 (KHTML, like Gecko) Chrome/137.0.0.0 Safari/537.36"
35.198.151.205 - - [24/Jun/2025:14:41:27 +0300] "POST /wp-admin/admin-ajax.php?action=async_litespeed&nonce=JdeiSikMtDxTlYqdAJmFngiVO7GMaTbW&litespeed_type=imgoptm HTTP/1.0" 200 565 "-" "WordPress/6.7.2; https://dirata.co.il"
35.198.151.205 - - [24/Jun/2025:14:42:03 +0300] "POST /wp-cron.php?doing_wp_cron=1750765323.4709560871124267578125 HTTP/1.0" 200 409 "-" "WordPress/6.7.2; https://dirata.co.il"
87.71.26.42 - - [24/Jun/2025:14:42:03 +0300] "POST /wp-admin/admin-ajax.php HTTP/1.0" 200 728 "https://dirata.co.il/wp-admin/upload.php" "Mozilla/5.0 (Windows NT 10.0; Win64; x64) AppleWebKit/537.36 (KHTML, like Gecko) Chrome/137.0.0.0 Safari/537.36"
35.198.151.205 - - [24/Jun/2025:14:42:03 +0300] "POST /wp-admin/admin-ajax.php?action=async_litespeed&nonce=ZTsPvNKccXk0bs1dJcVhbMZNzOQwZKbz&litespeed_type=imgoptm HTTP/1.0" 200 565 "-" "WordPress/6.7.2; https://dirata.co.il"
87.71.26.42 - - [24/Jun/2025:14:42:12 +0300] "POST /wp-admin/admin-ajax.php HTTP/1.0" 200 728 "https://dirata.co.il/wp-admin/profile.php?wp_http_referer=%2Fwp-admin%2Fusers.php%3Frole%3Dadministrator" "Mozilla/5.0 (Windows NT 10.0; Win64; x64) AppleWebKit/537.36 (KHTML, like Gecko) Chrome/137.0.0.0 Safari/537.36"
87.71.26.42 - - [24/Jun/2025:14:42:26 +0300] "POST /wp-admin/admin-ajax.php HTTP/1.0" 200 728 "https://dirata.co.il/wp-admin/users.php?role=administrator" "Mozilla/5.0 (Windows NT 10.0; Win64; x64) AppleWebKit/537.36 (KHTML, like Gecko) Chrome/137.0.0.0 Safari/537.36"
87.71.26.42 - - [24/Jun/2025:14:42:28 +0300] "POST /wp-admin/admin-ajax.php HTTP/1.0" 200 728 "https://dirata.co.il/wp-admin/admin.php?page=dirata-run-cron" "Mozilla/5.0 (Windows NT 10.0; Win64; x64) AppleWebKit/537.36 (KHTML, like Gecko) Chrome/137.0.0.0 Safari/537.36"
35.198.151.205 - - [24/Jun/2025:14:43:28 +0300] "POST /wp-cron.php?doing_wp_cron=1750765408.7217218875885009765625 HTTP/1.0" 200 409 "-" "WordPress/6.7.2; https://dirata.co.il"
87.71.26.42 - - [24/Jun/2025:14:43:28 +0300] "POST /wp-admin/admin-ajax.php HTTP/1.0" 200 728 "https://dirata.co.il/wp-admin/edit.php?post_type=apartment" "Mozilla/5.0 (Windows NT 10.0; Win64; x64) AppleWebKit/537.36 (KHTML, like Gecko) Chrome/137.0.0.0 Safari/537.36"
35.198.151.205 - - [24/Jun/2025:14:43:28 +0300] "POST /wp-admin/admin-ajax.php?action=async_litespeed&nonce=PuXu6LFzA7UcpTjnuD4xpuJzf9wTsqSW&litespeed_type=imgoptm HTTP/1.0" 200 565 "-" "WordPress/6.7.2; https://dirata.co.il"
35.198.151.205 - - [24/Jun/2025:14:44:01 +0300] "POST /wp-cron.php?doing_wp_cron=1750765441.6829330921173095703125 HTTP/1.0" 200 409 "-" "WordPress/6.7.2; https://dirata.co.il"
87.71.26.42 - - [24/Jun/2025:14:44:01 +0300] "POST /wp-admin/admin-ajax.php HTTP/1.0" 200 728 "https://dirata.co.il/wp-admin/upload.php" "Mozilla/5.0 (Windows NT 10.0; Win64; x64) AppleWebKit/537.36 (KHTML, like Gecko) Chrome/137.0.0.0 Safari/537.36"
35.198.151.205 - - [24/Jun/2025:14:44:01 +0300] "POST /wp-admin/admin-ajax.php?action=async_litespeed&nonce=kTbF7IFMBHDJsEbWNxbIYNUoAoc7jlQk&litespeed_type=imgoptm HTTP/1.0" 200 565 "-" "WordPress/6.7.2; https://dirata.co.il"
87.71.26.42 - - [24/Jun/2025:14:44:13 +0300] "POST /wp-admin/admin-ajax.php HTTP/1.0" 200 728 "https://dirata.co.il/wp-admin/profile.php?wp_http_referer=%2Fwp-admin%2Fusers.php%3Frole%3Dadministrator" "Mozilla/5.0 (Windows NT 10.0; Win64; x64) AppleWebKit/537.36 (KHTML, like Gecko) Chrome/137.0.0.0 Safari/537.36"
87.71.26.42 - - [24/Jun/2025:14:44:27 +0300] "POST /wp-admin/admin-ajax.php HTTP/1.0" 200 728 "https://dirata.co.il/wp-admin/users.php?role=administrator" "Mozilla/5.0 (Windows NT 10.0; Win64; x64) AppleWebKit/537.36 (KHTML, like Gecko) Chrome/137.0.0.0 Safari/537.36"
87.71.26.42 - - [24/Jun/2025:14:44:29 +0300] "POST /wp-admin/admin-ajax.php HTTP/1.0" 200 728 "https://dirata.co.il/wp-admin/admin.php?page=dirata-run-cron" "Mozilla/5.0 (Windows NT 10.0; Win64; x64) AppleWebKit/537.36 (KHTML, like Gecko) Chrome/137.0.0.0 Safari/537.36"
35.198.151.205 - - [24/Jun/2025:14:45:29 +0300] "POST /wp-cron.php?doing_wp_cron=1750765529.6874809265136718750000 HTTP/1.0" 200 409 "-" "WordPress/6.7.2; https://dirata.co.il"
87.71.26.42 - - [24/Jun/2025:14:45:29 +0300] "POST /wp-admin/admin-ajax.php HTTP/1.0" 200 728 "https://dirata.co.il/wp-admin/edit.php?post_type=apartment" "Mozilla/5.0 (Windows NT 10.0; Win64; x64) AppleWebKit/537.36 (KHTML, like Gecko) Chrome/137.0.0.0 Safari/537.36"
35.198.151.205 - - [24/Jun/2025:14:45:29 +0300] "POST /wp-admin/admin-ajax.php?action=async_litespeed&nonce=mUp8JUZQIu7WlKgqYDkV7JvxcfohRfXP&litespeed_type=imgoptm HTTP/1.0" 200 565 "-" "WordPress/6.7.2; https://dirata.co.il"
35.198.151.205 - - [24/Jun/2025:14:46:02 +0300] "POST /wp-cron.php?doing_wp_cron=1750765562.7997689247131347656250 HTTP/1.0" 200 409 "-" "WordPress/6.7.2; https://dirata.co.il"
87.71.26.42 - - [24/Jun/2025:14:46:02 +0300] "POST /wp-admin/admin-ajax.php HTTP/1.0" 200 728 "https://dirata.co.il/wp-admin/upload.php" "Mozilla/5.0 (Windows NT 10.0; Win64; x64) AppleWebKit/537.36 (KHTML, like Gecko) Chrome/137.0.0.0 Safari/537.36"
35.198.151.205 - - [24/Jun/2025:14:46:03 +0300] "POST /wp-admin/admin-ajax.php?action=async_litespeed&nonce=KnkFak9mysIV1staB0d2aU5jUHaQlRzN&litespeed_type=imgoptm HTTP/1.0" 200 565 "-" "WordPress/6.7.2; https://dirata.co.il"
87.71.26.42 - - [24/Jun/2025:14:46:14 +0300] "POST /wp-admin/admin-ajax.php HTTP/1.0" 200 728 "https://dirata.co.il/wp-admin/profile.php?wp_http_referer=%2Fwp-admin%2Fusers.php%3Frole%3Dadministrator" "Mozilla/5.0 (Windows NT 10.0; Win64; x64) AppleWebKit/537.36 (KHTML, like Gecko) Chrome/137.0.0.0 Safari/537.36"
87.71.26.42 - - [24/Jun/2025:14:46:28 +0300] "POST /wp-admin/admin-ajax.php HTTP/1.0" 200 728 "https://dirata.co.il/wp-admin/users.php?role=administrator" "Mozilla/5.0 (Windows NT 10.0; Win64; x64) AppleWebKit/537.36 (KHTML, like Gecko) Chrome/137.0.0.0 Safari/537.36"
87.71.26.42 - - [24/Jun/2025:14:46:30 +0300] "POST /wp-admin/admin-ajax.php HTTP/1.0" 200 728 "https://dirata.co.il/wp-admin/admin.php?page=dirata-run-cron" "Mozilla/5.0 (Windows NT 10.0; Win64; x64) AppleWebKit/537.36 (KHTML, like Gecko) Chrome/137.0.0.0 Safari/537.36"
35.198.151.205 - - [24/Jun/2025:14:47:30 +0300] "POST /wp-cron.php?doing_wp_cron=1750765650.6691389083862304687500 HTTP/1.0" 200 409 "-" "WordPress/6.7.2; https://dirata.co.il"
87.71.26.42 - - [24/Jun/2025:14:47:30 +0300] "POST /wp-admin/admin-ajax.php HTTP/1.0" 200 728 "https://dirata.co.il/wp-admin/edit.php?post_type=apartment" "Mozilla/5.0 (Windows NT 10.0; Win64; x64) AppleWebKit/537.36 (KHTML, like Gecko) Chrome/137.0.0.0 Safari/537.36"
35.198.151.205 - - [24/Jun/2025:14:47:30 +0300] "POST /wp-admin/admin-ajax.php?action=async_litespeed&nonce=xKHZk70YfPbKGyL0lvQRShakBZqoMOlm&litespeed_type=imgoptm HTTP/1.0" 200 565 "-" "WordPress/6.7.2; https://dirata.co.il"
87.71.26.42 - - [24/Jun/2025:14:47:59 +0300] "GET /wp-admin/profile.php?wp_http_referer=%2Fwp-admin%2Fusers.php%3Frole%3Dadministrator HTTP/1.0" 500 3547 "https://dirata.co.il/wp-admin/profile.php?wp_http_referer=%2Fwp-admin%2Fusers.php%3Frole%3Dadministrator" "Mozilla/5.0 (Windows NT 10.0; Win64; x64) AppleWebKit/537.36 (KHTML, like Gecko) Chrome/137.0.0.0 Safari/537.36"
35.198.151.205 - - [24/Jun/2025:14:49:13 +0300] "POST /wp-cron.php?doing_wp_cron=1750765753.7468590736389160156250 HTTP/1.0" 200 409 "-" "WordPress/6.7.2; https://dirata.co.il"
87.71.26.42 - - [24/Jun/2025:14:49:13 +0300] "POST /wp-admin/admin.php?page=dirata-run-cron HTTP/1.0" 200 68293 "https://dirata.co.il/wp-admin/admin.php?page=dirata-run-cron" "Mozilla/5.0 (Windows NT 10.0; Win64; x64) AppleWebKit/537.36 (KHTML, like Gecko) Chrome/137.0.0.0 Safari/537.36"
35.198.151.205 - - [24/Jun/2025:14:49:14 +0300] "POST /wp-admin/admin-ajax.php?action=async_litespeed&nonce=A2Cj8VV4D2wFvy0KBZEDeVxmjsA1TXxf&litespeed_type=imgoptm HTTP/1.0" 200 565 "-" "WordPress/6.7.2; https://dirata.co.il"
87.71.26.42 - - [24/Jun/2025:14:49:23 +0300] "POST /wp-admin/admin-ajax.php HTTP/1.0" 200 728 "https://dirata.co.il/wp-admin/upload.php" "Mozilla/5.0 (Windows NT 10.0; Win64; x64) AppleWebKit/537.36 (KHTML, like Gecko) Chrome/137.0.0.0 Safari/537.36"
87.71.26.42 - - [24/Jun/2025:14:49:29 +0300] "GET /wp-admin/profile.php?wp_http_referer=%2Fwp-admin%2Fusers.php%3Frole%3Dadministrator HTTP/1.0" 200 165891 "https://dirata.co.il/wp-admin/profile.php?wp_http_referer=%2Fwp-admin%2Fusers.php%3Frole%3Dadministrator" "Mozilla/5.0 (Windows NT 10.0; Win64; x64) AppleWebKit/537.36 (KHTML, like Gecko) Chrome/137.0.0.0 Safari/537.36"
87.71.26.42 - - [24/Jun/2025:14:49:31 +0300] "POST /wp-admin/admin-ajax.php HTTP/1.0" 200 728 "https://dirata.co.il/wp-admin/edit.php?post_type=apartment" "Mozilla/5.0 (Windows NT 10.0; Win64; x64) AppleWebKit/537.36 (KHTML, like Gecko) Chrome/137.0.0.0 Safari/537.36"
87.71.26.42 - - [24/Jun/2025:14:49:32 +0300] "POST /wp-admin/admin-ajax.php HTTP/1.0" 200 2445 "https://dirata.co.il/wp-admin/profile.php?wp_http_referer=%2Fwp-admin%2Fusers.php%3Frole%3Dadministrator" "Mozilla/5.0 (Windows NT 10.0; Win64; x64) AppleWebKit/537.36 (KHTML, like Gecko) Chrome/137.0.0.0 Safari/537.36"
87.71.26.42 - - [24/Jun/2025:14:49:37 +0300] "POST /wp-admin/admin-ajax.php HTTP/1.0" 200 727 "https://dirata.co.il/wp-admin/profile.php?wp_http_referer=%2Fwp-admin%2Fusers.php%3Frole%3Dadministrator" "Mozilla/5.0 (Windows NT 10.0; Win64; x64) AppleWebKit/537.36 (KHTML, like Gecko) Chrome/137.0.0.0 Safari/537.36"
87.71.26.42 - - [24/Jun/2025:14:49:37 +0300] "POST /wp-admin/profile.php HTTP/1.0" 302 682 "https://dirata.co.il/wp-admin/profile.php?wp_http_referer=%2Fwp-admin%2Fusers.php%3Frole%3Dadministrator" "Mozilla/5.0 (Windows NT 10.0; Win64; x64) AppleWebKit/537.36 (KHTML, like Gecko) Chrome/137.0.0.0 Safari/537.36"
87.71.26.42 - - [24/Jun/2025:14:49:38 +0300] "GET /wp-admin/profile.php?updated=1&wp_http_referer=%2Fwp-admin%2Fusers.php%3Frole%3Dadministrator HTTP/1.0" 200 166080 "https://dirata.co.il/wp-admin/profile.php?wp_http_referer=%2Fwp-admin%2Fusers.php%3Frole%3Dadministrator" "Mozilla/5.0 (Windows NT 10.0; Win64; x64) AppleWebKit/537.36 (KHTML, like Gecko) Chrome/137.0.0.0 Safari/537.36"
87.71.26.42 - - [24/Jun/2025:14:49:40 +0300] "GET /wp-admin/admin.php?page=dirata-run-cron HTTP/1.0" 200 68195 "https://dirata.co.il/wp-admin/admin.php?page=dirata-run-cron" "Mozilla/5.0 (Windows NT 10.0; Win64; x64) AppleWebKit/537.36 (KHTML, like Gecko) Chrome/137.0.0.0 Safari/537.36"
87.71.26.42 - - [24/Jun/2025:14:49:41 +0300] "POST /wp-admin/admin.php?page=dirata-run-cron HTTP/1.0" 200 68455 "https://dirata.co.il/wp-admin/admin.php?page=dirata-run-cron" "Mozilla/5.0 (Windows NT 10.0; Win64; x64) AppleWebKit/537.36 (KHTML, like Gecko) Chrome/137.0.0.0 Safari/537.36"
