80.246.130.4 - - [24/Jun/2025:13:08:49 +0300] "POST /wp-admin/admin-ajax.php HTTP/1.0" 200 728 "https://dirata.co.il/wp-admin/edit.php?post_type=apartment" "Mozilla/5.0 (Windows NT 10.0; Win64; x64) AppleWebKit/537.36 (KHTML, like Gecko) Chrome/137.0.0.0 Safari/537.36"
35.198.151.205 - - [24/Jun/2025:13:08:52 +0300] "POST /wp-cron.php?doing_wp_cron=1750759732.4145319461822509765625 HTTP/1.0" 200 409 "-" "WordPress/6.7.2; https://dirata.co.il"
87.71.26.42 - - [24/Jun/2025:13:08:52 +0300] "GET /profile-page/?notification_frequency%5B%5D=daily HTTP/1.0" 200 161864 "https://dirata.co.il/profile-page/" "Mozilla/5.0 (Windows NT 10.0; Win64; x64) AppleWebKit/537.36 (KHTML, like Gecko) Chrome/137.0.0.0 Safari/537.36"
35.198.151.205 - - [24/Jun/2025:13:08:52 +0300] "POST /wp-admin/admin-ajax.php?action=async_litespeed&nonce=OoTYCWX8fvb1fLo3odviDlyzMYBlP9gt&litespeed_type=imgoptm HTTP/1.0" 200 565 "-" "WordPress/6.7.2; https://dirata.co.il"
80.246.130.4 - - [24/Jun/2025:13:08:55 +0300] "GET /wp-admin/edit.php?post_type=apartment HTTP/1.0" 200 221099 "https://dirata.co.il/wp-admin/post-new.php?post_type=apartment" "Mozilla/5.0 (Windows NT 10.0; Win64; x64) AppleWebKit/537.36 (KHTML, like Gecko) Chrome/137.0.0.0 Safari/537.36"
80.246.130.4 - - [24/Jun/2025:13:08:56 +0300] "POST /wp-admin/admin-ajax.php HTTP/1.0" 200 728 "https://dirata.co.il/wp-admin/edit.php?post_type=apartment" "Mozilla/5.0 (Windows NT 10.0; Win64; x64) AppleWebKit/537.36 (KHTML, like Gecko) Chrome/137.0.0.0 Safari/537.36"
80.246.130.4 - - [24/Jun/2025:13:08:57 +0300] "GET / HTTP/1.0" 200 144554 "https://dirata.co.il/wp-admin/edit.php?post_type=apartment" "Mozilla/5.0 (Windows NT 10.0; Win64; x64) AppleWebKit/537.36 (KHTML, like Gecko) Chrome/137.0.0.0 Safari/537.36"
80.246.130.4 - - [24/Jun/2025:13:08:57 +0300] "GET /wp-content/uploads/2025/06/apartment_image_685a78de72d0e-scaled.webp HTTP/1.0" 200 445 "https://dirata.co.il/" "Mozilla/5.0 (Windows NT 10.0; Win64; x64) AppleWebKit/537.36 (KHTML, like Gecko) Chrome/137.0.0.0 Safari/537.36"
87.71.26.42 - - [24/Jun/2025:13:08:59 +0300] "GET /profile-page/?notification_frequency%5B%5D=daily HTTP/1.0" 200 161864 "https://dirata.co.il/profile-page/?notification_frequency%5B%5D=daily" "Mozilla/5.0 (Windows NT 10.0; Win64; x64) AppleWebKit/537.36 (KHTML, like Gecko) Chrome/137.0.0.0 Safari/537.36"
142.147.226.38 - - [24/Jun/2025:13:09:13 +0300] "GET /index.php HTTP/1.0" 301 463 "https://www.google.com/" "Mozilla/5.0 (X11; Ubuntu; Linux x86_64; rv:72.0) Gecko/20100101 Firefox/72.0"
87.71.26.42 - - [24/Jun/2025:13:09:14 +0300] "POST /wp-admin/admin-ajax.php HTTP/1.0" 200 752 "https://dirata.co.il/profile-page/?notification_frequency%5B%5D=daily" "Mozilla/5.0 (Windows NT 10.0; Win64; x64) AppleWebKit/537.36 (KHTML, like Gecko) Chrome/137.0.0.0 Safari/537.36"
142.147.226.38 - - [24/Jun/2025:13:09:14 +0300] "GET / HTTP/1.0" 200 121353 "https://www.google.com/" "Mozilla/5.0 (X11; Ubuntu; Linux x86_64; rv:72.0) Gecko/20100101 Firefox/72.0"
35.198.151.205 - - [24/Jun/2025:13:09:54 +0300] "POST /wp-cron.php?doing_wp_cron=1750759794.9159810543060302734375 HTTP/1.0" 200 409 "-" "WordPress/6.7.2; https://dirata.co.il"
87.71.26.42 - - [24/Jun/2025:13:09:54 +0300] "POST /wp-admin/admin-ajax.php HTTP/1.0" 200 728 "https://dirata.co.il/wp-admin/edit.php?post_type=apartment" "Mozilla/5.0 (Windows NT 10.0; Win64; x64) AppleWebKit/537.36 (KHTML, like Gecko) Chrome/137.0.0.0 Safari/537.36"
35.198.151.205 - - [24/Jun/2025:13:09:55 +0300] "POST /wp-admin/admin-ajax.php?action=async_litespeed&nonce=0KOo4WcZ9MRbZnKA3IfhQ7YL8alI9SNY&litespeed_type=imgoptm HTTP/1.0" 200 565 "-" "WordPress/6.7.2; https://dirata.co.il"
87.71.26.42 - - [24/Jun/2025:13:10:50 +0300] "POST /wp-admin/admin-ajax.php HTTP/1.0" 200 728 "https://dirata.co.il/wp-admin/edit.php?post_type=apartment" "Mozilla/5.0 (Windows NT 10.0; Win64; x64) AppleWebKit/537.36 (KHTML, like Gecko) Chrome/137.0.0.0 Safari/537.36"
35.198.151.205 - - [24/Jun/2025:13:11:09 +0300] "POST /wp-cron.php?doing_wp_cron=1750759869.6605169773101806640625 HTTP/1.0" 200 409 "-" "WordPress/6.7.2; https://dirata.co.il"
87.71.26.42 - - [24/Jun/2025:13:11:09 +0300] "POST /wp-admin/admin-ajax.php HTTP/1.0" 200 728 "https://dirata.co.il/wp-admin/admin.php?page=dirata-run-cron" "Mozilla/5.0 (Windows NT 10.0; Win64; x64) AppleWebKit/537.36 (KHTML, like Gecko) Chrome/137.0.0.0 Safari/537.36"
35.198.151.205 - - [24/Jun/2025:13:11:09 +0300] "POST /wp-admin/admin-ajax.php?action=async_litespeed&nonce=D7c2h9huSLngFw69jhwv6hjCoqFoQNcy&litespeed_type=imgoptm HTTP/1.0" 200 565 "-" "WordPress/6.7.2; https://dirata.co.il"
35.198.151.205 - - [24/Jun/2025:13:11:55 +0300] "POST /wp-cron.php?doing_wp_cron=1750759915.6180920600891113281250 HTTP/1.0" 200 409 "-" "WordPress/6.7.2; https://dirata.co.il"
87.71.26.42 - - [24/Jun/2025:13:11:55 +0300] "POST /wp-admin/admin-ajax.php HTTP/1.0" 200 728 "https://dirata.co.il/wp-admin/edit.php?post_type=apartment" "Mozilla/5.0 (Windows NT 10.0; Win64; x64) AppleWebKit/537.36 (KHTML, like Gecko) Chrome/137.0.0.0 Safari/537.36"
35.198.151.205 - - [24/Jun/2025:13:11:55 +0300] "POST /wp-admin/admin-ajax.php?action=async_litespeed&nonce=u8inUODsWPSZppnGq9zd1eRQKDWhOtb9&litespeed_type=imgoptm HTTP/1.0" 200 565 "-" "WordPress/6.7.2; https://dirata.co.il"
35.198.151.205 - - [24/Jun/2025:13:12:53 +0300] "POST /wp-cron.php?doing_wp_cron=1750759973.0917460918426513671875 HTTP/1.0" 200 409 "-" "WordPress/6.7.2; https://dirata.co.il"
87.71.26.42 - - [24/Jun/2025:13:12:52 +0300] "POST /wp-admin/admin-ajax.php HTTP/1.0" 200 728 "https://dirata.co.il/wp-admin/edit.php?post_type=apartment" "Mozilla/5.0 (Windows NT 10.0; Win64; x64) AppleWebKit/537.36 (KHTML, like Gecko) Chrome/137.0.0.0 Safari/537.36"
35.198.151.205 - - [24/Jun/2025:13:12:53 +0300] "POST /wp-admin/admin-ajax.php?action=async_litespeed&nonce=flG1Xl63KGm7Fo2X7UTB1nyYDhtsaOvf&litespeed_type=imgoptm HTTP/1.0" 200 565 "-" "WordPress/6.7.2; https://dirata.co.il"
87.71.26.42 - - [24/Jun/2025:13:13:10 +0300] "POST /wp-admin/admin-ajax.php HTTP/1.0" 200 728 "https://dirata.co.il/wp-admin/admin.php?page=dirata-run-cron" "Mozilla/5.0 (Windows NT 10.0; Win64; x64) AppleWebKit/537.36 (KHTML, like Gecko) Chrome/137.0.0.0 Safari/537.36"
87.71.26.42 - - [24/Jun/2025:13:13:24 +0300] "POST /wp-admin/admin-ajax.php HTTP/1.0" 200 728 "https://dirata.co.il/wp-admin/edit.php?post_type=apartment" "Mozilla/5.0 (Windows NT 10.0; Win64; x64) AppleWebKit/537.36 (KHTML, like Gecko) Chrome/137.0.0.0 Safari/537.36"
87.71.26.42 - - [24/Jun/2025:13:13:25 +0300] "GET /wp-admin/edit.php HTTP/1.0" 200 189988 "https://dirata.co.il/wp-admin/edit.php?post_type=apartment" "Mozilla/5.0 (Windows NT 10.0; Win64; x64) AppleWebKit/537.36 (KHTML, like Gecko) Chrome/137.0.0.0 Safari/537.36"
87.71.26.42 - - [24/Jun/2025:13:13:26 +0300] "POST /wp-admin/admin-ajax.php HTTP/1.0" 200 728 "https://dirata.co.il/wp-admin/edit.php" "Mozilla/5.0 (Windows NT 10.0; Win64; x64) AppleWebKit/537.36 (KHTML, like Gecko) Chrome/137.0.0.0 Safari/537.36"
87.71.26.42 - - [24/Jun/2025:13:13:27 +0300] "GET /wp-admin/edit.php?post_type=apartment HTTP/1.0" 200 220896 "https://dirata.co.il/wp-admin/edit.php" "Mozilla/5.0 (Windows NT 10.0; Win64; x64) AppleWebKit/537.36 (KHTML, like Gecko) Chrome/137.0.0.0 Safari/537.36"
87.71.26.42 - - [24/Jun/2025:13:13:28 +0300] "POST /wp-admin/admin-ajax.php HTTP/1.0" 200 728 "https://dirata.co.il/wp-admin/edit.php?post_type=apartment" "Mozilla/5.0 (Windows NT 10.0; Win64; x64) AppleWebKit/537.36 (KHTML, like Gecko) Chrome/137.0.0.0 Safari/537.36"
87.71.26.42 - - [24/Jun/2025:13:13:32 +0300] "GET /wp-admin/post.php?post=661&action=edit HTTP/1.0" 200 583929 "https://dirata.co.il/wp-admin/edit.php?post_type=apartment" "Mozilla/5.0 (Windows NT 10.0; Win64; x64) AppleWebKit/537.36 (KHTML, like Gecko) Chrome/137.0.0.0 Safari/537.36"
87.71.26.42 - - [24/Jun/2025:13:13:33 +0300] "GET /wp-json/wp/v2/ HTTP/1.0" 200 350716 "https://dirata.co.il/wp-admin/post.php?post=661&action=edit" "Mozilla/5.0 (Windows NT 10.0; Win64; x64) AppleWebKit/537.36 (KHTML, like Gecko) Chrome/137.0.0.0 Safari/537.36"
87.71.26.42 - - [24/Jun/2025:13:13:38 +0300] "POST /wp-admin/admin-ajax.php HTTP/1.0" 200 728 "https://dirata.co.il/wp-admin/edit.php?post_type=apartment" "Mozilla/5.0 (Windows NT 10.0; Win64; x64) AppleWebKit/537.36 (KHTML, like Gecko) Chrome/137.0.0.0 Safari/537.36"
87.71.26.42 - - [24/Jun/2025:13:13:39 +0300] "GET /wp-admin/post.php?post=660&action=edit HTTP/1.0" 200 583886 "https://dirata.co.il/wp-admin/edit.php?post_type=apartment" "Mozilla/5.0 (Windows NT 10.0; Win64; x64) AppleWebKit/537.36 (KHTML, like Gecko) Chrome/137.0.0.0 Safari/537.36"
87.71.26.42 - - [24/Jun/2025:13:13:40 +0300] "GET /wp-admin/post.php?post=659&action=edit HTTP/1.0" 200 584015 "https://dirata.co.il/wp-admin/edit.php?post_type=apartment" "Mozilla/5.0 (Windows NT 10.0; Win64; x64) AppleWebKit/537.36 (KHTML, like Gecko) Chrome/137.0.0.0 Safari/537.36"
87.71.26.42 - - [24/Jun/2025:13:13:40 +0300] "GET /wp-json/wp/v2/ HTTP/1.0" 200 350716 "https://dirata.co.il/wp-admin/post.php?post=660&action=edit" "Mozilla/5.0 (Windows NT 10.0; Win64; x64) AppleWebKit/537.36 (KHTML, like Gecko) Chrome/137.0.0.0 Safari/537.36"
87.71.26.42 - - [24/Jun/2025:13:13:41 +0300] "GET /wp-json/wp/v2/ HTTP/1.0" 200 350716 "https://dirata.co.il/wp-admin/post.php?post=659&action=edit" "Mozilla/5.0 (Windows NT 10.0; Win64; x64) AppleWebKit/537.36 (KHTML, like Gecko) Chrome/137.0.0.0 Safari/537.36"
87.71.26.42 - - [24/Jun/2025:13:13:44 +0300] "POST /wp-admin/admin-ajax.php HTTP/1.0" 200 780 "https://dirata.co.il/wp-admin/post.php?post=661&action=edit" "Mozilla/5.0 (Windows NT 10.0; Win64; x64) AppleWebKit/537.36 (KHTML, like Gecko) Chrome/137.0.0.0 Safari/537.36"
87.71.26.42 - - [24/Jun/2025:13:13:48 +0300] "POST /wp-admin/admin-ajax.php HTTP/1.0" 200 728 "https://dirata.co.il/wp-admin/edit.php?post_type=apartment" "Mozilla/5.0 (Windows NT 10.0; Win64; x64) AppleWebKit/537.36 (KHTML, like Gecko) Chrome/137.0.0.0 Safari/537.36"
35.198.151.205 - - [24/Jun/2025:13:13:56 +0300] "POST /wp-cron.php?doing_wp_cron=1750760036.6955990791320800781250 HTTP/1.0" 200 409 "-" "WordPress/6.7.2; https://dirata.co.il"
87.71.26.42 - - [24/Jun/2025:13:13:56 +0300] "POST /wp-admin/admin-ajax.php HTTP/1.0" 200 780 "https://dirata.co.il/wp-admin/post.php?post=661&action=edit" "Mozilla/5.0 (Windows NT 10.0; Win64; x64) AppleWebKit/537.36 (KHTML, like Gecko) Chrome/137.0.0.0 Safari/537.36"
35.198.151.205 - - [24/Jun/2025:13:13:56 +0300] "POST /wp-admin/admin-ajax.php?action=async_litespeed&nonce=CiVgl0YLtPwQt7pqtPItcEko1hWNGzae&litespeed_type=imgoptm HTTP/1.0" 200 565 "-" "WordPress/6.7.2; https://dirata.co.il"
87.71.26.42 - - [24/Jun/2025:13:14:07 +0300] "GET /wp-admin/post.php?post=661&action=edit HTTP/1.0" 302 587 "-" "WhatsApp/2.23.20.0"
87.71.26.42 - - [24/Jun/2025:13:14:07 +0300] "GET /login/?redirect_to=https%3A%2F%2Fdirata.co.il%2Fwp-admin%2Fpost.php%3Fpost%3D661%26action%3Dedit HTTP/1.0" 200 34593 "-" "WhatsApp/2.23.20.0"
87.71.26.42 - - [24/Jun/2025:13:14:08 +0300] "GET /login/ HTTP/1.0" 200 34593 "-" "WhatsApp/2.23.20.0"
35.198.151.205 - - [24/Jun/2025:13:14:52 +0300] "POST /wp-cron.php?doing_wp_cron=1750760092.8113279342651367187500 HTTP/1.0" 200 409 "-" "WordPress/6.7.2; https://dirata.co.il"
87.71.26.42 - - [24/Jun/2025:13:14:52 +0300] "POST /wp-admin/admin-ajax.php HTTP/1.0" 200 728 "https://dirata.co.il/wp-admin/edit.php?post_type=apartment" "Mozilla/5.0 (Windows NT 10.0; Win64; x64) AppleWebKit/537.36 (KHTML, like Gecko) Chrome/137.0.0.0 Safari/537.36"
35.198.151.205 - - [24/Jun/2025:13:14:53 +0300] "POST /wp-admin/admin-ajax.php?action=async_litespeed&nonce=6ItISZxMcHUlQhuiWT9ubZbeGIZP6b8g&litespeed_type=imgoptm HTTP/1.0" 200 565 "-" "WordPress/6.7.2; https://dirata.co.il"
87.71.26.42 - - [24/Jun/2025:13:15:11 +0300] "POST /wp-admin/admin-ajax.php HTTP/1.0" 200 728 "https://dirata.co.il/wp-admin/admin.php?page=dirata-run-cron" "Mozilla/5.0 (Windows NT 10.0; Win64; x64) AppleWebKit/537.36 (KHTML, like Gecko) Chrome/137.0.0.0 Safari/537.36"
87.71.26.42 - - [24/Jun/2025:13:15:25 +0300] "POST /wp-admin/admin-ajax.php HTTP/1.0" 200 780 "https://dirata.co.il/wp-admin/post.php?post=661&action=edit" "Mozilla/5.0 (Windows NT 10.0; Win64; x64) AppleWebKit/537.36 (KHTML, like Gecko) Chrome/137.0.0.0 Safari/537.36"
87.71.26.42 - - [24/Jun/2025:13:15:28 +0300] "POST /wp-admin/admin-ajax.php HTTP/1.0" 200 675 "https://dirata.co.il/wp-admin/post.php?post=661&action=edit" "Mozilla/5.0 (Windows NT 10.0; Win64; x64) AppleWebKit/537.36 (KHTML, like Gecko) Chrome/137.0.0.0 Safari/537.36"
87.71.26.42 - - [24/Jun/2025:13:15:28 +0300] "POST /wp-admin/admin-ajax.php HTTP/1.0" 200 780 "https://dirata.co.il/wp-admin/post.php?post=660&action=edit" "Mozilla/5.0 (Windows NT 10.0; Win64; x64) AppleWebKit/537.36 (KHTML, like Gecko) Chrome/137.0.0.0 Safari/537.36"
87.71.26.42 - - [24/Jun/2025:13:15:29 +0300] "POST /wp-admin/admin-ajax.php HTTP/1.0" 200 728 "https://dirata.co.il/wp-admin/edit.php?post_type=apartment" "Mozilla/5.0 (Windows NT 10.0; Win64; x64) AppleWebKit/537.36 (KHTML, like Gecko) Chrome/137.0.0.0 Safari/537.36"
87.71.26.42 - - [24/Jun/2025:13:15:33 +0300] "POST /wp-admin/admin-ajax.php HTTP/1.0" 200 780 "https://dirata.co.il/wp-admin/post.php?post=659&action=edit" "Mozilla/5.0 (Windows NT 10.0; Win64; x64) AppleWebKit/537.36 (KHTML, like Gecko) Chrome/137.0.0.0 Safari/537.36"
87.71.26.42 - - [24/Jun/2025:13:15:33 +0300] "POST /wp-admin/admin-ajax.php HTTP/1.0" 200 675 "https://dirata.co.il/wp-admin/post.php?post=660&action=edit" "Mozilla/5.0 (Windows NT 10.0; Win64; x64) AppleWebKit/537.36 (KHTML, like Gecko) Chrome/137.0.0.0 Safari/537.36"
87.71.26.42 - - [24/Jun/2025:13:15:33 +0300] "POST /wp-admin/admin-ajax.php HTTP/1.0" 200 675 "https://dirata.co.il/wp-admin/post.php?post=659&action=edit" "Mozilla/5.0 (Windows NT 10.0; Win64; x64) AppleWebKit/537.36 (KHTML, like Gecko) Chrome/137.0.0.0 Safari/537.36"
35.198.151.205 - - [24/Jun/2025:13:16:04 +0300] "POST /wp-cron.php?doing_wp_cron=1750760164.1475369930267333984375 HTTP/1.0" 200 409 "-" "WordPress/6.7.2; https://dirata.co.il"
87.71.26.42 - - [24/Jun/2025:13:16:03 +0300] "GET / HTTP/1.0" 200 121466 "https://dirata.co.il/profile-page/?tab=publish" "Mozilla/5.0 (Windows NT 10.0; Win64; x64) AppleWebKit/537.36 (KHTML, like Gecko) Chrome/137.0.0.0 Safari/537.36"
87.71.26.42 - - [24/Jun/2025:13:16:04 +0300] "GET /wp-content/uploads/2025/06/apartment_image_685a78de72d0e-scaled.webp HTTP/1.0" 200 445 "https://dirata.co.il/" "Mozilla/5.0 (Windows NT 10.0; Win64; x64) AppleWebKit/537.36 (KHTML, like Gecko) Chrome/137.0.0.0 Safari/537.36"
35.198.151.205 - - [24/Jun/2025:13:16:04 +0300] "POST /wp-admin/admin-ajax.php?action=async_litespeed&nonce=2cyvN4muYd2a3nSmT5bGmBPNbYxHTp06&litespeed_type=imgoptm HTTP/1.0" 200 565 "-" "WordPress/6.7.2; https://dirata.co.il"
87.71.26.42 - - [24/Jun/2025:13:16:06 +0300] "GET /apartments-search/ HTTP/1.0" 200 121668 "https://dirata.co.il/" "Mozilla/5.0 (Windows NT 10.0; Win64; x64) AppleWebKit/537.36 (KHTML, like Gecko) Chrome/137.0.0.0 Safari/537.36"
87.71.26.42 - - [24/Jun/2025:13:16:07 +0300] "POST /wp-admin/admin-ajax.php HTTP/1.0" 200 12027 "https://dirata.co.il/apartments-search/" "Mozilla/5.0 (Windows NT 10.0; Win64; x64) AppleWebKit/537.36 (KHTML, like Gecko) Chrome/137.0.0.0 Safari/537.36"
87.71.26.42 - - [24/Jun/2025:13:16:08 +0300] "POST /wp-admin/admin-ajax.php HTTP/1.0" 200 55981 "https://dirata.co.il/apartments-search/" "Mozilla/5.0 (Windows NT 10.0; Win64; x64) AppleWebKit/537.36 (KHTML, like Gecko) Chrome/137.0.0.0 Safari/537.36"
87.71.26.42 - - [24/Jun/2025:13:16:08 +0300] "POST /wp-admin/admin-ajax.php HTTP/1.0" 200 55981 "https://dirata.co.il/apartments-search/" "Mozilla/5.0 (Windows NT 10.0; Win64; x64) AppleWebKit/537.36 (KHTML, like Gecko) Chrome/137.0.0.0 Safari/537.36"
87.71.26.42 - - [24/Jun/2025:13:16:26 +0300] "GET /wp-admin/admin-ajax.php?action=get_areas_by_city&city=119 HTTP/1.0" 200 1485 "https://dirata.co.il/apartments-search/" "Mozilla/5.0 (Windows NT 10.0; Win64; x64) AppleWebKit/537.36 (KHTML, like Gecko) Chrome/137.0.0.0 Safari/537.36"
87.71.26.42 - - [24/Jun/2025:13:16:29 +0300] "POST /wp-admin/admin-ajax.php HTTP/1.0" 200 805 "https://dirata.co.il/apartments-search/" "Mozilla/5.0 (Windows NT 10.0; Win64; x64) AppleWebKit/537.36 (KHTML, like Gecko) Chrome/137.0.0.0 Safari/537.36"
87.71.26.42 - - [24/Jun/2025:13:16:29 +0300] "POST /wp-admin/admin-ajax.php HTTP/1.0" 200 742 "https://dirata.co.il/apartments-search/" "Mozilla/5.0 (Windows NT 10.0; Win64; x64) AppleWebKit/537.36 (KHTML, like Gecko) Chrome/137.0.0.0 Safari/537.36"
87.71.26.42 - - [24/Jun/2025:13:16:40 +0300] "GET /apartments-search/ HTTP/1.0" 200 146708 "https://dirata.co.il/profile-page/?notification_frequency%5B%5D=daily" "Mozilla/5.0 (Windows NT 10.0; Win64; x64) AppleWebKit/537.36 (KHTML, like Gecko) Chrome/137.0.0.0 Safari/537.36"
87.71.26.42 - - [24/Jun/2025:13:16:41 +0300] "GET /wp-content/uploads/2025/06/apartment_image_685a78de72d0e-scaled.webp HTTP/1.0" 200 445 "https://dirata.co.il/apartments-search/" "Mozilla/5.0 (Windows NT 10.0; Win64; x64) AppleWebKit/537.36 (KHTML, like Gecko) Chrome/137.0.0.0 Safari/537.36"
87.71.26.42 - - [24/Jun/2025:13:16:41 +0300] "POST /wp-admin/admin-ajax.php HTTP/1.0" 200 12027 "https://dirata.co.il/apartments-search/" "Mozilla/5.0 (Windows NT 10.0; Win64; x64) AppleWebKit/537.36 (KHTML, like Gecko) Chrome/137.0.0.0 Safari/537.36"
87.71.26.42 - - [24/Jun/2025:13:16:43 +0300] "POST /wp-admin/admin-ajax.php HTTP/1.0" 200 55981 "https://dirata.co.il/apartments-search/" "Mozilla/5.0 (Windows NT 10.0; Win64; x64) AppleWebKit/537.36 (KHTML, like Gecko) Chrome/137.0.0.0 Safari/537.36"
87.71.26.42 - - [24/Jun/2025:13:16:43 +0300] "POST /wp-admin/admin-ajax.php HTTP/1.0" 200 55981 "https://dirata.co.il/apartments-search/" "Mozilla/5.0 (Windows NT 10.0; Win64; x64) AppleWebKit/537.36 (KHTML, like Gecko) Chrome/137.0.0.0 Safari/537.36"
35.198.151.205 - - [24/Jun/2025:13:16:45 +0300] "POST /wp-cron.php?doing_wp_cron=1750760205.4482989311218261718750 HTTP/1.0" 200 409 "-" "WordPress/6.7.2; https://dirata.co.il"
87.71.26.42 - - [24/Jun/2025:13:16:45 +0300] "GET /wp-admin/admin-ajax.php?action=get_areas_by_city&city=124 HTTP/1.0" 200 616 "https://dirata.co.il/apartments-search/" "Mozilla/5.0 (Windows NT 10.0; Win64; x64) AppleWebKit/537.36 (KHTML, like Gecko) Chrome/137.0.0.0 Safari/537.36"
66.249.70.2 - - [24/Jun/2025:13:16:48 +0300] "GET /index.php HTTP/1.0" 301 463 "-" "Mozilla/5.0 (compatible; Googlebot/2.1; +http://www.google.com/bot.html)"
87.71.26.42 - - [24/Jun/2025:13:16:48 +0300] "GET /wp-admin/admin-ajax.php?action=get_areas_by_city&city=115 HTTP/1.0" 200 791 "https://dirata.co.il/apartments-search/" "Mozilla/5.0 (Windows NT 10.0; Win64; x64) AppleWebKit/537.36 (KHTML, like Gecko) Chrome/137.0.0.0 Safari/537.36"
66.249.70.2 - - [24/Jun/2025:13:16:48 +0300] "GET / HTTP/1.0" 200 121406 "-" "Mozilla/5.0 (compatible; Googlebot/2.1; +http://www.google.com/bot.html)"
66.249.70.8 - - [24/Jun/2025:13:16:49 +0300] "GET /apartments/%D7%91%D7%A2%D7%9C%D7%99-%D7%9E%D7%9C%D7%90%D7%9B%D7%94-3/ HTTP/1.0" 200 137071 "-" "Mozilla/5.0 (Linux; Android 6.0.1; Nexus 5X Build/MMB29P) AppleWebKit/537.36 (KHTML, like Gecko) Chrome/137.0.7151.103 Mobile Safari/537.36 (compatible; Googlebot/2.1; +http://www.google.com/bot.html)"
35.198.151.205 - - [24/Jun/2025:13:16:52 +0300] "POST /wp-cron.php?doing_wp_cron=1750760212.3925759792327880859375 HTTP/1.0" 200 409 "-" "WordPress/6.7.2; https://dirata.co.il"
87.71.26.42 - - [24/Jun/2025:13:16:52 +0300] "POST /wp-admin/admin-ajax.php HTTP/1.0" 200 1398 "https://dirata.co.il/apartments-search/" "Mozilla/5.0 (Windows NT 10.0; Win64; x64) AppleWebKit/537.36 (KHTML, like Gecko) Chrome/137.0.0.0 Safari/537.36"
87.71.26.42 - - [24/Jun/2025:13:16:52 +0300] "POST /wp-admin/admin-ajax.php HTTP/1.0" 200 742 "https://dirata.co.il/apartments-search/" "Mozilla/5.0 (Windows NT 10.0; Win64; x64) AppleWebKit/537.36 (KHTML, like Gecko) Chrome/137.0.0.0 Safari/537.36"
35.198.151.205 - - [24/Jun/2025:13:16:52 +0300] "POST /wp-admin/admin-ajax.php?action=async_litespeed&nonce=5SqF8FONOM2NZMRDW5v9Zk1YiSkotIfo&litespeed_type=imgoptm HTTP/1.0" 200 565 "-" "WordPress/6.7.2; https://dirata.co.il"
87.71.26.42 - - [24/Jun/2025:13:16:53 +0300] "POST /wp-admin/admin-ajax.php HTTP/1.0" 200 728 "https://dirata.co.il/wp-admin/edit.php?post_type=apartment" "Mozilla/5.0 (Windows NT 10.0; Win64; x64) AppleWebKit/537.36 (KHTML, like Gecko) Chrome/137.0.0.0 Safari/537.36"
80.246.130.4 - - [24/Jun/2025:13:16:53 +0300] "GET /wp-admin/post.php?post=661&action=edit HTTP/1.0" 302 587 "-" "Mozilla/5.0 (Windows NT 10.0; Win64; x64) AppleWebKit/537.36 (KHTML, like Gecko) Chrome/137.0.0.0 Safari/537.36 Edg/137.0.0.0"
80.246.130.4 - - [24/Jun/2025:13:16:54 +0300] "GET /login/?redirect_to=https%3A%2F%2Fdirata.co.il%2Fwp-admin%2Fpost.php%3Fpost%3D661%26action%3Dedit HTTP/1.0" 200 34593 "-" "Mozilla/5.0 (Windows NT 10.0; Win64; x64) AppleWebKit/537.36 (KHTML, like Gecko) Chrome/137.0.0.0 Safari/537.36 Edg/137.0.0.0"
80.246.130.4 - - [24/Jun/2025:13:16:55 +0300] "GET /wp-content/themes/dirata/assets/img/bodyImg.webp HTTP/1.0" 200 425 "https://dirata.co.il/wp-content/themes/dirata/style.css?ver=1.0.0" "Mozilla/5.0 (Windows NT 10.0; Win64; x64) AppleWebKit/537.36 (KHTML, like Gecko) Chrome/137.0.0.0 Safari/537.36 Edg/137.0.0.0"
87.71.26.42 - - [24/Jun/2025:13:16:56 +0300] "GET /wp-admin/users.php HTTP/1.0" 200 126243 "https://dirata.co.il/wp-admin/admin.php?page=dirata-run-cron" "Mozilla/5.0 (Windows NT 10.0; Win64; x64) AppleWebKit/537.36 (KHTML, like Gecko) Chrome/137.0.0.0 Safari/537.36"
87.71.26.42 - - [24/Jun/2025:13:17:01 +0300] "GET /wp-admin/users.php?role=administrator HTTP/1.0" 200 95914 "https://dirata.co.il/wp-admin/users.php" "Mozilla/5.0 (Windows NT 10.0; Win64; x64) AppleWebKit/537.36 (KHTML, like Gecko) Chrome/137.0.0.0 Safari/537.36"
87.71.26.42 - - [24/Jun/2025:13:17:04 +0300] "GET /wp-admin/profile.php?wp_http_referer=%2Fwp-admin%2Fusers.php%3Frole%3Dadministrator HTTP/1.0" 200 165882 "https://dirata.co.il/wp-admin/users.php?role=administrator" "Mozilla/5.0 (Windows NT 10.0; Win64; x64) AppleWebKit/537.36 (KHTML, like Gecko) Chrome/137.0.0.0 Safari/537.36"
87.71.26.42 - - [24/Jun/2025:13:17:08 +0300] "POST /wp-admin/admin-ajax.php HTTP/1.0" 200 2445 "https://dirata.co.il/wp-admin/profile.php?wp_http_referer=%2Fwp-admin%2Fusers.php%3Frole%3Dadministrator" "Mozilla/5.0 (Windows NT 10.0; Win64; x64) AppleWebKit/537.36 (KHTML, like Gecko) Chrome/137.0.0.0 Safari/537.36"
80.246.130.4 - - [24/Jun/2025:13:17:20 +0300] "GET /wp-admin/post-new.php?post_type=apartment HTTP/1.0" 200 583036 "https://dirata.co.il/" "Mozilla/5.0 (Windows NT 10.0; Win64; x64) AppleWebKit/537.36 (KHTML, like Gecko) Chrome/137.0.0.0 Safari/537.36"
80.246.130.4 - - [24/Jun/2025:13:17:36 +0300] "POST /wp-admin/admin-ajax.php HTTP/1.0" 200 780 "https://dirata.co.il/wp-admin/post-new.php?post_type=apartment" "Mozilla/5.0 (Windows NT 10.0; Win64; x64) AppleWebKit/537.36 (KHTML, like Gecko) Chrome/137.0.0.0 Safari/537.36"
80.246.130.4 - - [24/Jun/2025:13:17:46 +0300] "POST /wp-admin/admin-ajax.php HTTP/1.0" 200 780 "https://dirata.co.il/wp-admin/post-new.php?post_type=apartment" "Mozilla/5.0 (Windows NT 10.0; Win64; x64) AppleWebKit/537.36 (KHTML, like Gecko) Chrome/137.0.0.0 Safari/537.36"
35.198.151.205 - - [24/Jun/2025:13:17:57 +0300] "POST /wp-cron.php?doing_wp_cron=1750760277.2313089370727539062500 HTTP/1.0" 200 409 "-" "WordPress/6.7.2; https://dirata.co.il"
87.71.26.42 - - [24/Jun/2025:13:17:57 +0300] "POST /wp-admin/admin-ajax.php HTTP/1.0" 200 727 "https://dirata.co.il/wp-admin/profile.php?wp_http_referer=%2Fwp-admin%2Fusers.php%3Frole%3Dadministrator" "Mozilla/5.0 (Windows NT 10.0; Win64; x64) AppleWebKit/537.36 (KHTML, like Gecko) Chrome/137.0.0.0 Safari/537.36"
35.198.151.205 - - [24/Jun/2025:13:17:57 +0300] "POST /wp-admin/admin-ajax.php?action=async_litespeed&nonce=R7GNSEoOqIkkha9j7u4U9iVScfTWxTKK&litespeed_type=imgoptm HTTP/1.0" 200 565 "-" "WordPress/6.7.2; https://dirata.co.il"
87.71.26.42 - - [24/Jun/2025:13:17:57 +0300] "POST /wp-admin/profile.php HTTP/1.0" 302 682 "https://dirata.co.il/wp-admin/profile.php?wp_http_referer=%2Fwp-admin%2Fusers.php%3Frole%3Dadministrator" "Mozilla/5.0 (Windows NT 10.0; Win64; x64) AppleWebKit/537.36 (KHTML, like Gecko) Chrome/137.0.0.0 Safari/537.36"
87.71.26.42 - - [24/Jun/2025:13:17:58 +0300] "GET /wp-admin/profile.php?updated=1&wp_http_referer=%2Fwp-admin%2Fusers.php%3Frole%3Dadministrator HTTP/1.0" 200 166099 "https://dirata.co.il/wp-admin/profile.php?wp_http_referer=%2Fwp-admin%2Fusers.php%3Frole%3Dadministrator" "Mozilla/5.0 (Windows NT 10.0; Win64; x64) AppleWebKit/537.36 (KHTML, like Gecko) Chrome/137.0.0.0 Safari/537.36"
80.246.130.4 - - [24/Jun/2025:13:18:05 +0300] "POST /wp-admin/admin-ajax.php HTTP/1.0" 200 780 "https://dirata.co.il/wp-admin/post-new.php?post_type=apartment" "Mozilla/5.0 (Windows NT 10.0; Win64; x64) AppleWebKit/537.36 (KHTML, like Gecko) Chrome/137.0.0.0 Safari/537.36"
80.246.130.4 - - [24/Jun/2025:13:18:12 +0300] "POST /wp-admin/admin-ajax.php HTTP/1.0" 200 780 "https://dirata.co.il/wp-admin/post-new.php?post_type=apartment" "Mozilla/5.0 (Windows NT 10.0; Win64; x64) AppleWebKit/537.36 (KHTML, like Gecko) Chrome/137.0.0.0 Safari/537.36"
66.249.70.1 - - [24/Jun/2025:13:18:12 +0300] "GET /apartments/%D7%A8%D7%97%D7%95%D7%91-%D7%A8%D7%9E%D7%91%D7%9D/ HTTP/1.0" 200 170298 "-" "Mozilla/5.0 (Linux; Android 6.0.1; Nexus 5X Build/MMB29P) AppleWebKit/537.36 (KHTML, like Gecko) Chrome/137.0.7151.103 Mobile Safari/537.36 (compatible; Googlebot/2.1; +http://www.google.com/bot.html)"
87.71.26.42 - - [24/Jun/2025:13:18:32 +0300] "POST /wp-admin/admin-ajax.php HTTP/1.0" 200 728 "https://dirata.co.il/wp-admin/admin.php?page=dirata-run-cron" "Mozilla/5.0 (Windows NT 10.0; Win64; x64) AppleWebKit/537.36 (KHTML, like Gecko) Chrome/137.0.0.0 Safari/537.36"
35.198.151.205 - - [24/Jun/2025:13:18:51 +0300] "POST /wp-cron.php?doing_wp_cron=1750760331.8814260959625244140625 HTTP/1.0" 200 409 "-" "WordPress/6.7.2; https://dirata.co.il"
66.249.70.8 - - [24/Jun/2025:13:18:51 +0300] "POST /wp-admin/admin-ajax.php HTTP/1.0" 200 12008 "https://dirata.co.il/apartments/%D7%A8%D7%97%D7%95%D7%91-%D7%A8%D7%9E%D7%91%D7%9D/" "Mozilla/5.0 (Linux; Android 6.0.1; Nexus 5X Build/MMB29P) AppleWebKit/537.36 (KHTML, like Gecko) Chrome/137.0.7151.68 Mobile Safari/537.36 (compatible; Googlebot/2.1; +http://www.google.com/bot.html)"
35.198.151.205 - - [24/Jun/2025:13:18:52 +0300] "POST /wp-admin/admin-ajax.php?action=async_litespeed&nonce=e1YlcMUgScJ9XdNgGcDzoSo5WyADC9jH&litespeed_type=imgoptm HTTP/1.0" 200 565 "-" "WordPress/6.7.2; https://dirata.co.il"
66.249.70.8 - - [24/Jun/2025:13:18:52 +0300] "POST /wp-admin/admin-ajax.php HTTP/1.0" 200 55962 "https://dirata.co.il/apartments/%D7%A8%D7%97%D7%95%D7%91-%D7%A8%D7%9E%D7%91%D7%9D/" "Mozilla/5.0 (Linux; Android 6.0.1; Nexus 5X Build/MMB29P) AppleWebKit/537.36 (KHTML, like Gecko) Chrome/137.0.7151.68 Mobile Safari/537.36 (compatible; Googlebot/2.1; +http://www.google.com/bot.html)"
66.249.70.8 - - [24/Jun/2025:13:18:52 +0300] "POST /wp-admin/admin-ajax.php HTTP/1.0" 200 55962 "https://dirata.co.il/apartments/%D7%A8%D7%97%D7%95%D7%91-%D7%A8%D7%9E%D7%91%D7%9D/" "Mozilla/5.0 (Linux; Android 6.0.1; Nexus 5X Build/MMB29P) AppleWebKit/537.36 (KHTML, like Gecko) Chrome/137.0.7151.68 Mobile Safari/537.36 (compatible; Googlebot/2.1; +http://www.google.com/bot.html)"
87.71.26.42 - - [24/Jun/2025:13:18:54 +0300] "POST /wp-admin/admin-ajax.php HTTP/1.0" 200 728 "https://dirata.co.il/wp-admin/edit.php?post_type=apartment" "Mozilla/5.0 (Windows NT 10.0; Win64; x64) AppleWebKit/537.36 (KHTML, like Gecko) Chrome/137.0.0.0 Safari/537.36"
80.246.130.4 - - [24/Jun/2025:13:18:56 +0300] "POST /wp-admin/admin-ajax.php HTTP/1.0" 200 780 "https://dirata.co.il/wp-admin/post-new.php?post_type=apartment" "Mozilla/5.0 (Windows NT 10.0; Win64; x64) AppleWebKit/537.36 (KHTML, like Gecko) Chrome/137.0.0.0 Safari/537.36"
80.246.130.4 - - [24/Jun/2025:13:19:02 +0300] "POST /wp-admin/admin-ajax.php HTTP/1.0" 200 780 "https://dirata.co.il/wp-admin/post-new.php?post_type=apartment" "Mozilla/5.0 (Windows NT 10.0; Win64; x64) AppleWebKit/537.36 (KHTML, like Gecko) Chrome/137.0.0.0 Safari/537.36"
80.246.130.4 - - [24/Jun/2025:13:19:15 +0300] "POST /wp-admin/admin-ajax.php HTTP/1.0" 200 780 "https://dirata.co.il/wp-admin/post-new.php?post_type=apartment" "Mozilla/5.0 (Windows NT 10.0; Win64; x64) AppleWebKit/537.36 (KHTML, like Gecko) Chrome/137.0.0.0 Safari/537.36"
80.246.130.4 - - [24/Jun/2025:13:19:25 +0300] "POST /wp-admin/admin-ajax.php HTTP/1.0" 200 780 "https://dirata.co.il/wp-admin/post-new.php?post_type=apartment" "Mozilla/5.0 (Windows NT 10.0; Win64; x64) AppleWebKit/537.36 (KHTML, like Gecko) Chrome/137.0.0.0 Safari/537.36"
35.198.151.205 - - [24/Jun/2025:13:20:23 +0300] "POST /wp-cron.php?doing_wp_cron=1750760423.1963479518890380859375 HTTP/1.0" 200 409 "-" "WordPress/6.7.2; https://dirata.co.il"
87.71.26.42 - - [24/Jun/2025:13:20:22 +0300] "POST /wp-admin/admin-ajax.php HTTP/1.0" 200 728 "https://dirata.co.il/wp-admin/users.php?role=administrator" "Mozilla/5.0 (Windows NT 10.0; Win64; x64) AppleWebKit/537.36 (KHTML, like Gecko) Chrome/137.0.0.0 Safari/537.36"
35.198.151.205 - - [24/Jun/2025:13:20:23 +0300] "POST /wp-admin/admin-ajax.php?action=async_litespeed&nonce=AqYL8Yi10vmnSROt1Ou7Vwft6UOJ1LmC&litespeed_type=imgoptm HTTP/1.0" 200 565 "-" "WordPress/6.7.2; https://dirata.co.il"
87.71.26.42 - - [24/Jun/2025:13:20:33 +0300] "POST /wp-admin/admin-ajax.php HTTP/1.0" 200 728 "https://dirata.co.il/wp-admin/admin.php?page=dirata-run-cron" "Mozilla/5.0 (Windows NT 10.0; Win64; x64) AppleWebKit/537.36 (KHTML, like Gecko) Chrome/137.0.0.0 Safari/537.36"
35.198.151.205 - - [24/Jun/2025:13:20:55 +0300] "POST /wp-cron.php?doing_wp_cron=1750760455.6504189968109130859375 HTTP/1.0" 200 409 "-" "WordPress/6.7.2; https://dirata.co.il"
87.71.26.42 - - [24/Jun/2025:13:20:55 +0300] "POST /wp-admin/admin-ajax.php HTTP/1.0" 200 728 "https://dirata.co.il/wp-admin/edit.php?post_type=apartment" "Mozilla/5.0 (Windows NT 10.0; Win64; x64) AppleWebKit/537.36 (KHTML, like Gecko) Chrome/137.0.0.0 Safari/537.36"
35.198.151.205 - - [24/Jun/2025:13:20:55 +0300] "POST /wp-admin/admin-ajax.php?action=async_litespeed&nonce=ef9SlZtbENM4UMPZHPpYX3VgijRUtg1S&litespeed_type=imgoptm HTTP/1.0" 200 565 "-" "WordPress/6.7.2; https://dirata.co.il"
35.198.151.205 - - [24/Jun/2025:13:21:09 +0300] "POST /wp-cron.php?doing_wp_cron=1750760469.1721661090850830078125 HTTP/1.0" 200 409 "-" "WordPress/6.7.2; https://dirata.co.il"
66.249.70.8 - - [24/Jun/2025:13:21:08 +0300] "GET /apartments/%D7%90%D7%91%D7%95%D7%97%D7%A6%D7%99%D7%A8%D7%90/ HTTP/1.0" 200 132267 "-" "Mozilla/5.0 (Linux; Android 6.0.1; Nexus 5X Build/MMB29P) AppleWebKit/537.36 (KHTML, like Gecko) Chrome/137.0.7151.103 Mobile Safari/537.36 (compatible; Googlebot/2.1; +http://www.google.com/bot.html)"
87.71.26.42 - - [24/Jun/2025:13:21:19 +0300] "POST /wp-admin/admin-ajax.php HTTP/1.0" 200 728 "https://dirata.co.il/wp-admin/profile.php?wp_http_referer=%2Fwp-admin%2Fusers.php%3Frole%3Dadministrator" "Mozilla/5.0 (Windows NT 10.0; Win64; x64) AppleWebKit/537.36 (KHTML, like Gecko) Chrome/137.0.0.0 Safari/537.36"
80.246.130.4 - - [24/Jun/2025:13:21:25 +0300] "POST /wp-admin/admin-ajax.php HTTP/1.0" 200 780 "https://dirata.co.il/wp-admin/post-new.php?post_type=apartment" "Mozilla/5.0 (Windows NT 10.0; Win64; x64) AppleWebKit/537.36 (KHTML, like Gecko) Chrome/137.0.0.0 Safari/537.36"
35.198.151.205 - - [24/Jun/2025:13:22:23 +0300] "POST /wp-cron.php?doing_wp_cron=1750760543.8445129394531250000000 HTTP/1.0" 200 409 "-" "WordPress/6.7.2; https://dirata.co.il"
87.71.26.42 - - [24/Jun/2025:13:22:23 +0300] "POST /wp-admin/admin-ajax.php HTTP/1.0" 200 728 "https://dirata.co.il/wp-admin/users.php?role=administrator" "Mozilla/5.0 (Windows NT 10.0; Win64; x64) AppleWebKit/537.36 (KHTML, like Gecko) Chrome/137.0.0.0 Safari/537.36"
35.198.151.205 - - [24/Jun/2025:13:22:24 +0300] "POST /wp-admin/admin-ajax.php?action=async_litespeed&nonce=4dTcj00XiWef6jeJxcEKBL6BEsTlaYmG&litespeed_type=imgoptm HTTP/1.0" 200 565 "-" "WordPress/6.7.2; https://dirata.co.il"
87.71.26.42 - - [24/Jun/2025:13:22:34 +0300] "POST /wp-admin/admin-ajax.php HTTP/1.0" 200 728 "https://dirata.co.il/wp-admin/admin.php?page=dirata-run-cron" "Mozilla/5.0 (Windows NT 10.0; Win64; x64) AppleWebKit/537.36 (KHTML, like Gecko) Chrome/137.0.0.0 Safari/537.36"
35.198.151.205 - - [24/Jun/2025:13:22:56 +0300] "POST /wp-cron.php?doing_wp_cron=1750760576.6811370849609375000000 HTTP/1.0" 200 409 "-" "WordPress/6.7.2; https://dirata.co.il"
87.71.26.42 - - [24/Jun/2025:13:22:56 +0300] "POST /wp-admin/admin-ajax.php HTTP/1.0" 200 728 "https://dirata.co.il/wp-admin/edit.php?post_type=apartment" "Mozilla/5.0 (Windows NT 10.0; Win64; x64) AppleWebKit/537.36 (KHTML, like Gecko) Chrome/137.0.0.0 Safari/537.36"
35.198.151.205 - - [24/Jun/2025:13:22:56 +0300] "POST /wp-admin/admin-ajax.php?action=async_litespeed&nonce=sYRJBNB4fAm4VTBJeOaGQpiMpq3Xk1SY&litespeed_type=imgoptm HTTP/1.0" 200 565 "-" "WordPress/6.7.2; https://dirata.co.il"
87.71.26.42 - - [24/Jun/2025:13:23:20 +0300] "POST /wp-admin/admin-ajax.php HTTP/1.0" 200 728 "https://dirata.co.il/wp-admin/profile.php?wp_http_referer=%2Fwp-admin%2Fusers.php%3Frole%3Dadministrator" "Mozilla/5.0 (Windows NT 10.0; Win64; x64) AppleWebKit/537.36 (KHTML, like Gecko) Chrome/137.0.0.0 Safari/537.36"
80.246.130.4 - - [24/Jun/2025:13:23:25 +0300] "POST /wp-admin/admin-ajax.php HTTP/1.0" 200 780 "https://dirata.co.il/wp-admin/post-new.php?post_type=apartment" "Mozilla/5.0 (Windows NT 10.0; Win64; x64) AppleWebKit/537.36 (KHTML, like Gecko) Chrome/137.0.0.0 Safari/537.36"
35.198.151.205 - - [24/Jun/2025:13:24:24 +0300] "POST /wp-cron.php?doing_wp_cron=1750760664.6822519302368164062500 HTTP/1.0" 200 409 "-" "WordPress/6.7.2; https://dirata.co.il"
87.71.26.42 - - [24/Jun/2025:13:24:24 +0300] "POST /wp-admin/admin-ajax.php HTTP/1.0" 200 728 "https://dirata.co.il/wp-admin/users.php?role=administrator" "Mozilla/5.0 (Windows NT 10.0; Win64; x64) AppleWebKit/537.36 (KHTML, like Gecko) Chrome/137.0.0.0 Safari/537.36"
35.198.151.205 - - [24/Jun/2025:13:24:24 +0300] "POST /wp-admin/admin-ajax.php?action=async_litespeed&nonce=Eqw0j8g7KkaZ6T6RyHXgWiVWWX39MRsa&litespeed_type=imgoptm HTTP/1.0" 200 565 "-" "WordPress/6.7.2; https://dirata.co.il"
87.71.26.42 - - [24/Jun/2025:13:24:35 +0300] "POST /wp-admin/admin-ajax.php HTTP/1.0" 200 728 "https://dirata.co.il/wp-admin/admin.php?page=dirata-run-cron" "Mozilla/5.0 (Windows NT 10.0; Win64; x64) AppleWebKit/537.36 (KHTML, like Gecko) Chrome/137.0.0.0 Safari/537.36"
35.198.151.205 - - [24/Jun/2025:13:24:57 +0300] "POST /wp-cron.php?doing_wp_cron=1750760697.6546530723571777343750 HTTP/1.0" 200 409 "-" "WordPress/6.7.2; https://dirata.co.il"
87.71.26.42 - - [24/Jun/2025:13:24:57 +0300] "POST /wp-admin/admin-ajax.php HTTP/1.0" 200 728 "https://dirata.co.il/wp-admin/edit.php?post_type=apartment" "Mozilla/5.0 (Windows NT 10.0; Win64; x64) AppleWebKit/537.36 (KHTML, like Gecko) Chrome/137.0.0.0 Safari/537.36"
35.198.151.205 - - [24/Jun/2025:13:24:57 +0300] "POST /wp-admin/admin-ajax.php?action=async_litespeed&nonce=WHc34TWSC2rIEDQbDBCZxIEYUltxoA0U&litespeed_type=imgoptm HTTP/1.0" 200 565 "-" "WordPress/6.7.2; https://dirata.co.il"
87.71.26.42 - - [24/Jun/2025:13:25:21 +0300] "POST /wp-admin/admin-ajax.php HTTP/1.0" 200 728 "https://dirata.co.il/wp-admin/profile.php?wp_http_referer=%2Fwp-admin%2Fusers.php%3Frole%3Dadministrator" "Mozilla/5.0 (Windows NT 10.0; Win64; x64) AppleWebKit/537.36 (KHTML, like Gecko) Chrome/137.0.0.0 Safari/537.36"
80.246.130.4 - - [24/Jun/2025:13:25:26 +0300] "POST /wp-admin/admin-ajax.php HTTP/1.0" 200 780 "https://dirata.co.il/wp-admin/post-new.php?post_type=apartment" "Mozilla/5.0 (Windows NT 10.0; Win64; x64) AppleWebKit/537.36 (KHTML, like Gecko) Chrome/137.0.0.0 Safari/537.36"
87.71.26.42 - - [24/Jun/2025:13:25:48 +0300] "POST /wp-admin/admin-ajax.php HTTP/1.0" 200 727 "https://dirata.co.il/wp-admin/profile.php?wp_http_referer=%2Fwp-admin%2Fusers.php%3Frole%3Dadministrator" "Mozilla/5.0 (Windows NT 10.0; Win64; x64) AppleWebKit/537.36 (KHTML, like Gecko) Chrome/137.0.0.0 Safari/537.36"
87.71.26.42 - - [24/Jun/2025:13:25:48 +0300] "POST /wp-admin/profile.php HTTP/1.0" 302 682 "https://dirata.co.il/wp-admin/profile.php?wp_http_referer=%2Fwp-admin%2Fusers.php%3Frole%3Dadministrator" "Mozilla/5.0 (Windows NT 10.0; Win64; x64) AppleWebKit/537.36 (KHTML, like Gecko) Chrome/137.0.0.0 Safari/537.36"
87.71.26.42 - - [24/Jun/2025:13:25:49 +0300] "GET /wp-admin/profile.php?updated=1&wp_http_referer=%2Fwp-admin%2Fusers.php%3Frole%3Dadministrator HTTP/1.0" 200 166080 "https://dirata.co.il/wp-admin/profile.php?wp_http_referer=%2Fwp-admin%2Fusers.php%3Frole%3Dadministrator" "Mozilla/5.0 (Windows NT 10.0; Win64; x64) AppleWebKit/537.36 (KHTML, like Gecko) Chrome/137.0.0.0 Safari/537.36"
35.198.151.205 - - [24/Jun/2025:13:25:52 +0300] "POST /wp-cron.php?doing_wp_cron=1750760751.9962530136108398437500 HTTP/1.0" 200 409 "-" "WordPress/6.7.2; https://dirata.co.il"
87.71.26.42 - - [24/Jun/2025:13:25:51 +0300] "GET /wp-admin/admin.php?page=dirata-run-cron HTTP/1.0" 200 68195 "https://dirata.co.il/wp-admin/admin.php?page=dirata-run-cron" "Mozilla/5.0 (Windows NT 10.0; Win64; x64) AppleWebKit/537.36 (KHTML, like Gecko) Chrome/137.0.0.0 Safari/537.36"
35.198.151.205 - - [24/Jun/2025:13:25:52 +0300] "POST /wp-admin/admin-ajax.php?action=async_litespeed&nonce=vMvNiqMg5FnkEGC5ebvoTWRmJFt0pOax&litespeed_type=imgoptm HTTP/1.0" 200 565 "-" "WordPress/6.7.2; https://dirata.co.il"
87.71.26.42 - - [24/Jun/2025:13:25:54 +0300] "POST /wp-admin/admin.php?page=dirata-run-cron HTTP/1.0" 200 68293 "https://dirata.co.il/wp-admin/admin.php?page=dirata-run-cron" "Mozilla/5.0 (Windows NT 10.0; Win64; x64) AppleWebKit/537.36 (KHTML, like Gecko) Chrome/137.0.0.0 Safari/537.36"
35.198.151.205 - - [24/Jun/2025:13:26:25 +0300] "POST /wp-cron.php?doing_wp_cron=1750760785.6297929286956787109375 HTTP/1.0" 200 409 "-" "WordPress/6.7.2; https://dirata.co.il"
87.71.26.42 - - [24/Jun/2025:13:26:25 +0300] "POST /wp-admin/admin-ajax.php HTTP/1.0" 200 728 "https://dirata.co.il/wp-admin/users.php?role=administrator" "Mozilla/5.0 (Windows NT 10.0; Win64; x64) AppleWebKit/537.36 (KHTML, like Gecko) Chrome/137.0.0.0 Safari/537.36"
35.198.151.205 - - [24/Jun/2025:13:26:58 +0300] "POST /wp-cron.php?doing_wp_cron=1750760818.6401679515838623046875 HTTP/1.0" 200 409 "-" "WordPress/6.7.2; https://dirata.co.il"
87.71.26.42 - - [24/Jun/2025:13:26:58 +0300] "POST /wp-admin/admin-ajax.php HTTP/1.0" 200 728 "https://dirata.co.il/wp-admin/edit.php?post_type=apartment" "Mozilla/5.0 (Windows NT 10.0; Win64; x64) AppleWebKit/537.36 (KHTML, like Gecko) Chrome/137.0.0.0 Safari/537.36"
35.198.151.205 - - [24/Jun/2025:13:26:58 +0300] "POST /wp-admin/admin-ajax.php?action=async_litespeed&nonce=Q4HfxVpJ6sxVri3rJ1NDPdgFBCaHpvKv&litespeed_type=imgoptm HTTP/1.0" 200 565 "-" "WordPress/6.7.2; https://dirata.co.il"
80.246.130.4 - - [24/Jun/2025:13:27:27 +0300] "POST /wp-admin/admin-ajax.php HTTP/1.0" 200 780 "https://dirata.co.il/wp-admin/post-new.php?post_type=apartment" "Mozilla/5.0 (Windows NT 10.0; Win64; x64) AppleWebKit/537.36 (KHTML, like Gecko) Chrome/137.0.0.0 Safari/537.36"
80.246.130.4 - - [24/Jun/2025:13:27:45 +0300] "POST /wp-admin/admin-ajax.php HTTP/1.0" 200 780 "https://dirata.co.il/wp-admin/post-new.php?post_type=apartment" "Mozilla/5.0 (Windows NT 10.0; Win64; x64) AppleWebKit/537.36 (KHTML, like Gecko) Chrome/137.0.0.0 Safari/537.36"
87.71.26.42 - - [24/Jun/2025:13:27:47 +0300] "GET /wp-admin/profile.php?wp_http_referer=%2Fwp-admin%2Fusers.php%3Frole%3Dadministrator HTTP/1.0" 200 165886 "https://dirata.co.il/wp-admin/profile.php?wp_http_referer=%2Fwp-admin%2Fusers.php%3Frole%3Dadministrator" "Mozilla/5.0 (Windows NT 10.0; Win64; x64) AppleWebKit/537.36 (KHTML, like Gecko) Chrome/137.0.0.0 Safari/537.36"
87.71.26.42 - - [24/Jun/2025:13:27:50 +0300] "POST /wp-admin/admin-ajax.php HTTP/1.0" 200 2445 "https://dirata.co.il/wp-admin/profile.php?wp_http_referer=%2Fwp-admin%2Fusers.php%3Frole%3Dadministrator" "Mozilla/5.0 (Windows NT 10.0; Win64; x64) AppleWebKit/537.36 (KHTML, like Gecko) Chrome/137.0.0.0 Safari/537.36"
35.198.151.205 - - [24/Jun/2025:13:27:52 +0300] "POST /wp-cron.php?doing_wp_cron=1750760872.1319999694824218750000 HTTP/1.0" 200 409 "-" "WordPress/6.7.2; https://dirata.co.il"
80.246.130.4 - - [24/Jun/2025:13:27:51 +0300] "POST /wp-admin/admin-ajax.php HTTP/1.0" 200 780 "https://dirata.co.il/wp-admin/post-new.php?post_type=apartment" "Mozilla/5.0 (Windows NT 10.0; Win64; x64) AppleWebKit/537.36 (KHTML, like Gecko) Chrome/137.0.0.0 Safari/537.36"
35.198.151.205 - - [24/Jun/2025:13:27:52 +0300] "POST /wp-admin/admin-ajax.php?action=async_litespeed&nonce=ZEYvV5IfPAnzpwXsxilO8zgUJI38xYDA&litespeed_type=imgoptm HTTP/1.0" 200 565 "-" "WordPress/6.7.2; https://dirata.co.il"
35.198.151.205 - - [24/Jun/2025:13:28:59 +0300] "POST /wp-cron.php?doing_wp_cron=1750760939.8920059204101562500000 HTTP/1.0" 200 409 "-" "WordPress/6.7.2; https://dirata.co.il"
87.71.26.42 - - [24/Jun/2025:13:28:59 +0300] "POST /wp-admin/admin-ajax.php HTTP/1.0" 200 728 "https://dirata.co.il/wp-admin/edit.php?post_type=apartment" "Mozilla/5.0 (Windows NT 10.0; Win64; x64) AppleWebKit/537.36 (KHTML, like Gecko) Chrome/137.0.0.0 Safari/537.36"
35.198.151.205 - - [24/Jun/2025:13:29:00 +0300] "POST /wp-admin/admin-ajax.php?action=async_litespeed&nonce=ySxSDZdjn5ZzTidUz2M8zkdWbicDFQUx&litespeed_type=imgoptm HTTP/1.0" 200 565 "-" "WordPress/6.7.2; https://dirata.co.il"
87.71.26.42 - - [24/Jun/2025:13:29:15 +0300] "POST /wp-admin/admin-ajax.php HTTP/1.0" 200 728 "https://dirata.co.il/wp-admin/admin.php?page=dirata-run-cron" "Mozilla/5.0 (Windows NT 10.0; Win64; x64) AppleWebKit/537.36 (KHTML, like Gecko) Chrome/137.0.0.0 Safari/537.36"
87.71.26.42 - - [24/Jun/2025:13:29:46 +0300] "POST /wp-admin/admin-ajax.php HTTP/1.0" 200 728 "https://dirata.co.il/wp-admin/users.php?role=administrator" "Mozilla/5.0 (Windows NT 10.0; Win64; x64) AppleWebKit/537.36 (KHTML, like Gecko) Chrome/137.0.0.0 Safari/537.36"
35.198.151.205 - - [24/Jun/2025:13:29:56 +0300] "POST /wp-cron.php?doing_wp_cron=1750760996.1796240806579589843750 HTTP/1.0" 200 409 "-" "WordPress/6.7.2; https://dirata.co.il"
80.246.130.4 - - [24/Jun/2025:13:29:55 +0300] "POST /wp-admin/admin-ajax.php HTTP/1.0" 200 780 "https://dirata.co.il/wp-admin/post-new.php?post_type=apartment" "Mozilla/5.0 (Windows NT 10.0; Win64; x64) AppleWebKit/537.36 (KHTML, like Gecko) Chrome/137.0.0.0 Safari/537.36"
35.198.151.205 - - [24/Jun/2025:13:29:56 +0300] "POST /wp-admin/admin-ajax.php?action=async_litespeed&nonce=U5RykoyI9kjwGd213bLRiQkTXJsDepeM&litespeed_type=imgoptm HTTP/1.0" 200 565 "-" "WordPress/6.7.2; https://dirata.co.il"
35.198.151.205 - - [24/Jun/2025:13:30:43 +0300] "POST /wp-cron.php?doing_wp_cron=1750761043.8870460987091064453125 HTTP/1.0" 200 409 "-" "WordPress/6.7.2; https://dirata.co.il"
87.71.26.42 - - [24/Jun/2025:13:30:43 +0300] "GET /wp-admin/profile.php?wp_http_referer=%2Fwp-admin%2Fusers.php%3Frole%3Dadministrator HTTP/1.0" 200 165895 "https://dirata.co.il/wp-admin/profile.php?wp_http_referer=%2Fwp-admin%2Fusers.php%3Frole%3Dadministrator" "Mozilla/5.0 (Windows NT 10.0; Win64; x64) AppleWebKit/537.36 (KHTML, like Gecko) Chrome/137.0.0.0 Safari/537.36"
87.71.26.42 - - [24/Jun/2025:13:31:00 +0300] "POST /wp-admin/admin-ajax.php HTTP/1.0" 200 728 "https://dirata.co.il/wp-admin/edit.php?post_type=apartment" "Mozilla/5.0 (Windows NT 10.0; Win64; x64) AppleWebKit/537.36 (KHTML, like Gecko) Chrome/137.0.0.0 Safari/537.36"
87.71.26.42 - - [24/Jun/2025:13:31:16 +0300] "POST /wp-admin/admin-ajax.php HTTP/1.0" 200 728 "https://dirata.co.il/wp-admin/admin.php?page=dirata-run-cron" "Mozilla/5.0 (Windows NT 10.0; Win64; x64) AppleWebKit/537.36 (KHTML, like Gecko) Chrome/137.0.0.0 Safari/537.36"
35.198.151.205 - - [24/Jun/2025:13:31:47 +0300] "POST /wp-cron.php?doing_wp_cron=1750761107.6533179283142089843750 HTTP/1.0" 200 409 "-" "WordPress/6.7.2; https://dirata.co.il"
87.71.26.42 - - [24/Jun/2025:13:31:47 +0300] "POST /wp-admin/admin-ajax.php HTTP/1.0" 200 728 "https://dirata.co.il/wp-admin/users.php?role=administrator" "Mozilla/5.0 (Windows NT 10.0; Win64; x64) AppleWebKit/537.36 (KHTML, like Gecko) Chrome/137.0.0.0 Safari/537.36"
35.198.151.205 - - [24/Jun/2025:13:31:47 +0300] "POST /wp-admin/admin-ajax.php?action=async_litespeed&nonce=Sq5cT9jFwmJRkMG9LKqMjKz4gaAzB6mm&litespeed_type=imgoptm HTTP/1.0" 200 565 "-" "WordPress/6.7.2; https://dirata.co.il"
35.198.151.205 - - [24/Jun/2025:13:31:56 +0300] "POST /wp-cron.php?doing_wp_cron=1750761116.8231940269470214843750 HTTP/1.0" 200 409 "-" "WordPress/6.7.2; https://dirata.co.il"
80.246.130.4 - - [24/Jun/2025:13:31:56 +0300] "POST /wp-admin/admin-ajax.php HTTP/1.0" 200 780 "https://dirata.co.il/wp-admin/post-new.php?post_type=apartment" "Mozilla/5.0 (Windows NT 10.0; Win64; x64) AppleWebKit/537.36 (KHTML, like Gecko) Chrome/137.0.0.0 Safari/537.36"
35.198.151.205 - - [24/Jun/2025:13:31:57 +0300] "POST /wp-admin/admin-ajax.php?action=async_litespeed&nonce=vO17z7HVbCtBKbV8GGxljS9N4KRPQtBs&litespeed_type=imgoptm HTTP/1.0" 200 565 "-" "WordPress/6.7.2; https://dirata.co.il"
35.198.151.205 - - [24/Jun/2025:13:33:01 +0300] "POST /wp-cron.php?doing_wp_cron=1750761181.8514900207519531250000 HTTP/1.0" 200 409 "-" "WordPress/6.7.2; https://dirata.co.il"
87.71.26.42 - - [24/Jun/2025:13:33:01 +0300] "POST /wp-admin/admin-ajax.php HTTP/1.0" 200 728 "https://dirata.co.il/wp-admin/edit.php?post_type=apartment" "Mozilla/5.0 (Windows NT 10.0; Win64; x64) AppleWebKit/537.36 (KHTML, like Gecko) Chrome/137.0.0.0 Safari/537.36"
35.198.151.205 - - [24/Jun/2025:13:33:02 +0300] "POST /wp-admin/admin-ajax.php?action=async_litespeed&nonce=HBmnhnwbQdkklIyA31J41Kpx7WAWWlSt&litespeed_type=imgoptm HTTP/1.0" 200 565 "-" "WordPress/6.7.2; https://dirata.co.il"
87.71.26.42 - - [24/Jun/2025:13:33:17 +0300] "POST /wp-admin/admin-ajax.php HTTP/1.0" 200 728 "https://dirata.co.il/wp-admin/admin.php?page=dirata-run-cron" "Mozilla/5.0 (Windows NT 10.0; Win64; x64) AppleWebKit/537.36 (KHTML, like Gecko) Chrome/137.0.0.0 Safari/537.36"
87.71.26.42 - - [24/Jun/2025:13:33:48 +0300] "POST /wp-admin/admin-ajax.php HTTP/1.0" 200 728 "https://dirata.co.il/wp-admin/users.php?role=administrator" "Mozilla/5.0 (Windows NT 10.0; Win64; x64) AppleWebKit/537.36 (KHTML, like Gecko) Chrome/137.0.0.0 Safari/537.36"
35.198.151.205 - - [24/Jun/2025:13:33:56 +0300] "POST /wp-cron.php?doing_wp_cron=1750761236.0875000953674316406250 HTTP/1.0" 200 409 "-" "WordPress/6.7.2; https://dirata.co.il"
80.246.130.4 - - [24/Jun/2025:13:33:55 +0300] "POST /wp-admin/admin-ajax.php HTTP/1.0" 200 780 "https://dirata.co.il/wp-admin/post-new.php?post_type=apartment" "Mozilla/5.0 (Windows NT 10.0; Win64; x64) AppleWebKit/537.36 (KHTML, like Gecko) Chrome/137.0.0.0 Safari/537.36"
80.246.130.4 - - [24/Jun/2025:13:33:55 +0300] "GET / HTTP/1.0" 200 144554 "https://dirata.co.il/wp-admin/post-new.php?post_type=apartment" "Mozilla/5.0 (Windows NT 10.0; Win64; x64) AppleWebKit/537.36 (KHTML, like Gecko) Chrome/137.0.0.0 Safari/537.36"
35.198.151.205 - - [24/Jun/2025:13:33:56 +0300] "POST /wp-admin/admin-ajax.php?action=async_litespeed&nonce=TZcTDXDkdeNoyYU5b1nqar9to6OWTLm3&litespeed_type=imgoptm HTTP/1.0" 200 565 "-" "WordPress/6.7.2; https://dirata.co.il"
80.246.130.4 - - [24/Jun/2025:13:33:56 +0300] "GET /wp-content/uploads/2025/06/apartment_image_685a78de72d0e-scaled.webp HTTP/1.0" 200 445 "https://dirata.co.il/" "Mozilla/5.0 (Windows NT 10.0; Win64; x64) AppleWebKit/537.36 (KHTML, like Gecko) Chrome/137.0.0.0 Safari/537.36"
87.71.26.42 - - [24/Jun/2025:13:34:04 +0300] "POST /wp-admin/admin-ajax.php HTTP/1.0" 200 728 "https://dirata.co.il/wp-admin/profile.php?wp_http_referer=%2Fwp-admin%2Fusers.php%3Frole%3Dadministrator" "Mozilla/5.0 (Windows NT 10.0; Win64; x64) AppleWebKit/537.36 (KHTML, like Gecko) Chrome/137.0.0.0 Safari/537.36"
35.198.151.205 - - [24/Jun/2025:13:35:03 +0300] "POST /wp-cron.php?doing_wp_cron=1750761303.9484119415283203125000 HTTP/1.0" 200 409 "-" "WordPress/6.7.2; https://dirata.co.il"
87.71.26.42 - - [24/Jun/2025:13:35:03 +0300] "POST /wp-admin/admin-ajax.php HTTP/1.0" 200 728 "https://dirata.co.il/wp-admin/edit.php?post_type=apartment" "Mozilla/5.0 (Windows NT 10.0; Win64; x64) AppleWebKit/537.36 (KHTML, like Gecko) Chrome/137.0.0.0 Safari/537.36"
35.198.151.205 - - [24/Jun/2025:13:35:04 +0300] "POST /wp-admin/admin-ajax.php?action=async_litespeed&nonce=K5xDyimjckELkiCdUoP65yJl6lm7Lbv2&litespeed_type=imgoptm HTTP/1.0" 200 565 "-" "WordPress/6.7.2; https://dirata.co.il"
87.71.26.42 - - [24/Jun/2025:13:35:19 +0300] "POST /wp-admin/admin-ajax.php HTTP/1.0" 200 728 "https://dirata.co.il/wp-admin/admin.php?page=dirata-run-cron" "Mozilla/5.0 (Windows NT 10.0; Win64; x64) AppleWebKit/537.36 (KHTML, like Gecko) Chrome/137.0.0.0 Safari/537.36"
87.71.26.42 - - [24/Jun/2025:13:35:49 +0300] "POST /wp-admin/admin-ajax.php HTTP/1.0" 200 728 "https://dirata.co.il/wp-admin/users.php?role=administrator" "Mozilla/5.0 (Windows NT 10.0; Win64; x64) AppleWebKit/537.36 (KHTML, like Gecko) Chrome/137.0.0.0 Safari/537.36"
35.198.151.205 - - [24/Jun/2025:13:37:04 +0300] "POST /wp-cron.php?doing_wp_cron=1750761424.3410840034484863281250 HTTP/1.0" 200 409 "-" "WordPress/6.7.2; https://dirata.co.il"
87.71.26.42 - - [24/Jun/2025:13:37:04 +0300] "POST /wp-admin/admin-ajax.php HTTP/1.0" 200 728 "https://dirata.co.il/wp-admin/edit.php?post_type=apartment" "Mozilla/5.0 (Windows NT 10.0; Win64; x64) AppleWebKit/537.36 (KHTML, like Gecko) Chrome/137.0.0.0 Safari/537.36"
35.198.151.205 - - [24/Jun/2025:13:37:04 +0300] "POST /wp-admin/admin-ajax.php?action=async_litespeed&nonce=8DrKNDxPjXBIG67jGTIfBYreVX8OlYHo&litespeed_type=imgoptm HTTP/1.0" 200 565 "-" "WordPress/6.7.2; https://dirata.co.il"
