80.246.130.4 - - [24/Jun/2025:12:07:05 +0300] "POST /wp-admin/admin-ajax.php HTTP/1.0" 200 780 "https://dirata.co.il/wp-admin/post.php?post=646&action=edit" "Mozilla/5.0 (Windows NT 10.0; Win64; x64) AppleWebKit/537.36 (KHTML, like Gecko) Chrome/137.0.0.0 Safari/537.36"
80.246.130.4 - - [24/Jun/2025:12:07:05 +0300] "GET /wp-admin/post-new.php?post_type=apartment HTTP/1.0" 200 583062 "https://dirata.co.il/wp-admin/post.php?post=646&action=edit" "Mozilla/5.0 (Windows NT 10.0; Win64; x64) AppleWebKit/537.36 (KHTML, like Gecko) Chrome/137.0.0.0 Safari/537.36"
35.198.151.205 - - [24/Jun/2025:12:07:06 +0300] "POST /wp-admin/admin-ajax.php?action=async_litespeed&nonce=py3655UxO5z2VTVcNeL7QQvA2qtC6MxA&litespeed_type=imgoptm HTTP/1.0" 200 565 "-" "WordPress/6.7.2; https://dirata.co.il"
80.246.130.4 - - [24/Jun/2025:12:07:06 +0300] "POST /wp-admin/admin-ajax.php HTTP/1.0" 200 675 "https://dirata.co.il/wp-admin/post.php?post=646&action=edit" "Mozilla/5.0 (Windows NT 10.0; Win64; x64) AppleWebKit/537.36 (KHTML, like Gecko) Chrome/137.0.0.0 Safari/537.36"
80.246.130.4 - - [24/Jun/2025:12:07:22 +0300] "POST /wp-admin/admin-ajax.php HTTP/1.0" 200 1133 "https://dirata.co.il/wp-admin/post-new.php?post_type=apartment" "Mozilla/5.0 (Windows NT 10.0; Win64; x64) AppleWebKit/537.36 (KHTML, like Gecko) Chrome/137.0.0.0 Safari/537.36"
80.246.130.4 - - [24/Jun/2025:12:07:22 +0300] "POST /wp-admin/admin-ajax.php HTTP/1.0" 200 780 "https://dirata.co.il/wp-admin/post-new.php?post_type=apartment" "Mozilla/5.0 (Windows NT 10.0; Win64; x64) AppleWebKit/537.36 (KHTML, like Gecko) Chrome/137.0.0.0 Safari/537.36"
80.246.130.4 - - [24/Jun/2025:12:07:22 +0300] "POST /wp-admin/admin-ajax.php HTTP/1.0" 200 898 "https://dirata.co.il/wp-admin/post-new.php?post_type=apartment" "Mozilla/5.0 (Windows NT 10.0; Win64; x64) AppleWebKit/537.36 (KHTML, like Gecko) Chrome/137.0.0.0 Safari/537.36"
80.246.130.4 - - [24/Jun/2025:12:07:22 +0300] "POST /wp-admin/admin-ajax.php HTTP/1.0" 200 1165 "https://dirata.co.il/wp-admin/post-new.php?post_type=apartment" "Mozilla/5.0 (Windows NT 10.0; Win64; x64) AppleWebKit/537.36 (KHTML, like Gecko) Chrome/137.0.0.0 Safari/537.36"
80.246.130.4 - - [24/Jun/2025:12:07:35 +0300] "POST /wp-admin/admin-ajax.php HTTP/1.0" 200 780 "https://dirata.co.il/wp-admin/post-new.php?post_type=apartment" "Mozilla/5.0 (Windows NT 10.0; Win64; x64) AppleWebKit/537.36 (KHTML, like Gecko) Chrome/137.0.0.0 Safari/537.36"
80.246.130.4 - - [24/Jun/2025:12:07:45 +0300] "POST /wp-admin/admin-ajax.php HTTP/1.0" 200 780 "https://dirata.co.il/wp-admin/post-new.php?post_type=apartment" "Mozilla/5.0 (Windows NT 10.0; Win64; x64) AppleWebKit/537.36 (KHTML, like Gecko) Chrome/137.0.0.0 Safari/537.36"
35.198.151.205 - - [24/Jun/2025:12:07:55 +0300] "POST /wp-cron.php?doing_wp_cron=1750756075.9294769763946533203125 HTTP/1.0" 200 409 "-" "WordPress/6.7.2; https://dirata.co.il"
80.246.130.4 - - [24/Jun/2025:12:07:55 +0300] "POST /wp-admin/admin-ajax.php HTTP/1.0" 200 780 "https://dirata.co.il/wp-admin/post-new.php?post_type=apartment" "Mozilla/5.0 (Windows NT 10.0; Win64; x64) AppleWebKit/537.36 (KHTML, like Gecko) Chrome/137.0.0.0 Safari/537.36"
35.198.151.205 - - [24/Jun/2025:12:07:56 +0300] "POST /wp-admin/admin-ajax.php?action=async_litespeed&nonce=95xMaI8UzLFKNweJlm7Vten8YKwoVgEY&litespeed_type=imgoptm HTTP/1.0" 200 565 "-" "WordPress/6.7.2; https://dirata.co.il"
80.246.130.4 - - [24/Jun/2025:12:08:05 +0300] "POST /wp-admin/admin-ajax.php HTTP/1.0" 200 780 "https://dirata.co.il/wp-admin/post-new.php?post_type=apartment" "Mozilla/5.0 (Windows NT 10.0; Win64; x64) AppleWebKit/537.36 (KHTML, like Gecko) Chrome/137.0.0.0 Safari/537.36"
80.246.130.4 - - [24/Jun/2025:12:08:07 +0300] "POST /wp-admin/admin-ajax.php HTTP/1.0" 200 727 "https://dirata.co.il/wp-admin/post-new.php?post_type=apartment&wp-post-new-reload=true" "Mozilla/5.0 (Windows NT 10.0; Win64; x64) AppleWebKit/537.36 (KHTML, like Gecko) Chrome/137.0.0.0 Safari/537.36"
80.246.130.4 - - [24/Jun/2025:12:08:07 +0300] "POST /wp-admin/post.php HTTP/1.0" 302 1153 "https://dirata.co.il/wp-admin/post-new.php?post_type=apartment&wp-post-new-reload=true&wp-post-new-reload=true" "Mozilla/5.0 (Windows NT 10.0; Win64; x64) AppleWebKit/537.36 (KHTML, like Gecko) Chrome/137.0.0.0 Safari/537.36"
80.246.130.4 - - [24/Jun/2025:12:08:07 +0300] "GET /wp-admin/post.php?post=647&action=edit&message=6 HTTP/1.0" 200 584454 "https://dirata.co.il/wp-admin/post-new.php?post_type=apartment&wp-post-new-reload=true&wp-post-new-reload=true" "Mozilla/5.0 (Windows NT 10.0; Win64; x64) AppleWebKit/537.36 (KHTML, like Gecko) Chrome/137.0.0.0 Safari/537.36"
80.246.130.4 - - [24/Jun/2025:12:08:14 +0300] "GET /wp-admin/admin-ajax.php?action=oembed-cache&post=647 HTTP/1.0" 200 584 "https://dirata.co.il/wp-admin/post.php?post=647&action=edit" "Mozilla/5.0 (Windows NT 10.0; Win64; x64) AppleWebKit/537.36 (KHTML, like Gecko) Chrome/137.0.0.0 Safari/537.36"
80.246.130.4 - - [24/Jun/2025:12:08:14 +0300] "GET /wp-admin/post-new.php?post_type=apartment HTTP/1.0" 200 583062 "https://dirata.co.il/wp-admin/post.php?post=647&action=edit" "Mozilla/5.0 (Windows NT 10.0; Win64; x64) AppleWebKit/537.36 (KHTML, like Gecko) Chrome/137.0.0.0 Safari/537.36"
80.246.130.4 - - [24/Jun/2025:12:08:14 +0300] "POST /wp-admin/admin-ajax.php HTTP/1.0" 200 675 "https://dirata.co.il/wp-admin/post.php?post=647&action=edit" "Mozilla/5.0 (Windows NT 10.0; Win64; x64) AppleWebKit/537.36 (KHTML, like Gecko) Chrome/137.0.0.0 Safari/537.36"
80.246.130.4 - - [24/Jun/2025:12:08:26 +0300] "POST /wp-admin/admin-ajax.php HTTP/1.0" 200 1133 "https://dirata.co.il/wp-admin/post-new.php?post_type=apartment" "Mozilla/5.0 (Windows NT 10.0; Win64; x64) AppleWebKit/537.36 (KHTML, like Gecko) Chrome/137.0.0.0 Safari/537.36"
80.246.130.4 - - [24/Jun/2025:12:08:26 +0300] "POST /wp-admin/admin-ajax.php HTTP/1.0" 200 898 "https://dirata.co.il/wp-admin/post-new.php?post_type=apartment" "Mozilla/5.0 (Windows NT 10.0; Win64; x64) AppleWebKit/537.36 (KHTML, like Gecko) Chrome/137.0.0.0 Safari/537.36"
80.246.130.4 - - [24/Jun/2025:12:08:27 +0300] "POST /wp-admin/admin-ajax.php HTTP/1.0" 200 1179 "https://dirata.co.il/wp-admin/post-new.php?post_type=apartment" "Mozilla/5.0 (Windows NT 10.0; Win64; x64) AppleWebKit/537.36 (KHTML, like Gecko) Chrome/137.0.0.0 Safari/537.36"
87.71.26.42 - - [24/Jun/2025:12:08:32 +0300] "POST /wp-admin/admin-ajax.php HTTP/1.0" 200 710 "https://dirata.co.il/wp-admin/admin.php?page=dirata-run-cron" "Mozilla/5.0 (Windows NT 10.0; Win64; x64) AppleWebKit/537.36 (KHTML, like Gecko) Chrome/137.0.0.0 Safari/537.36"
80.246.130.4 - - [24/Jun/2025:12:08:36 +0300] "POST /wp-admin/admin-ajax.php HTTP/1.0" 200 780 "https://dirata.co.il/wp-admin/post-new.php?post_type=apartment" "Mozilla/5.0 (Windows NT 10.0; Win64; x64) AppleWebKit/537.36 (KHTML, like Gecko) Chrome/137.0.0.0 Safari/537.36"
80.246.130.4 - - [24/Jun/2025:12:08:46 +0300] "POST /wp-admin/admin-ajax.php HTTP/1.0" 200 780 "https://dirata.co.il/wp-admin/post-new.php?post_type=apartment" "Mozilla/5.0 (Windows NT 10.0; Win64; x64) AppleWebKit/537.36 (KHTML, like Gecko) Chrome/137.0.0.0 Safari/537.36"
35.198.151.205 - - [24/Jun/2025:12:08:57 +0300] "POST /wp-cron.php?doing_wp_cron=1750756137.6851909160614013671875 HTTP/1.0" 200 409 "-" "WordPress/6.7.2; https://dirata.co.il"
80.246.130.4 - - [24/Jun/2025:12:08:57 +0300] "POST /wp-admin/admin-ajax.php HTTP/1.0" 200 780 "https://dirata.co.il/wp-admin/post-new.php?post_type=apartment" "Mozilla/5.0 (Windows NT 10.0; Win64; x64) AppleWebKit/537.36 (KHTML, like Gecko) Chrome/137.0.0.0 Safari/537.36"
35.198.151.205 - - [24/Jun/2025:12:08:57 +0300] "POST /wp-admin/admin-ajax.php?action=async_litespeed&nonce=awmuw0JgR8jRoUKhanhQnVhwiIqtLHxI&litespeed_type=imgoptm HTTP/1.0" 200 565 "-" "WordPress/6.7.2; https://dirata.co.il"
80.246.130.4 - - [24/Jun/2025:12:09:07 +0300] "POST /wp-admin/admin-ajax.php HTTP/1.0" 200 780 "https://dirata.co.il/wp-admin/post-new.php?post_type=apartment" "Mozilla/5.0 (Windows NT 10.0; Win64; x64) AppleWebKit/537.36 (KHTML, like Gecko) Chrome/137.0.0.0 Safari/537.36"
80.246.130.4 - - [24/Jun/2025:12:09:17 +0300] "POST /wp-admin/admin-ajax.php HTTP/1.0" 200 780 "https://dirata.co.il/wp-admin/post-new.php?post_type=apartment" "Mozilla/5.0 (Windows NT 10.0; Win64; x64) AppleWebKit/537.36 (KHTML, like Gecko) Chrome/137.0.0.0 Safari/537.36"
80.246.130.4 - - [24/Jun/2025:12:09:27 +0300] "POST /wp-admin/admin-ajax.php HTTP/1.0" 200 780 "https://dirata.co.il/wp-admin/post-new.php?post_type=apartment" "Mozilla/5.0 (Windows NT 10.0; Win64; x64) AppleWebKit/537.36 (KHTML, like Gecko) Chrome/137.0.0.0 Safari/537.36"
80.246.130.4 - - [24/Jun/2025:12:09:37 +0300] "POST /wp-admin/admin-ajax.php HTTP/1.0" 200 780 "https://dirata.co.il/wp-admin/post-new.php?post_type=apartment" "Mozilla/5.0 (Windows NT 10.0; Win64; x64) AppleWebKit/537.36 (KHTML, like Gecko) Chrome/137.0.0.0 Safari/537.36"
80.246.130.4 - - [24/Jun/2025:12:09:47 +0300] "POST /wp-admin/admin-ajax.php HTTP/1.0" 200 780 "https://dirata.co.il/wp-admin/post-new.php?post_type=apartment" "Mozilla/5.0 (Windows NT 10.0; Win64; x64) AppleWebKit/537.36 (KHTML, like Gecko) Chrome/137.0.0.0 Safari/537.36"
80.246.130.4 - - [24/Jun/2025:12:09:47 +0300] "POST /wp-admin/admin-ajax.php HTTP/1.0" 200 727 "https://dirata.co.il/wp-admin/post-new.php?post_type=apartment&wp-post-new-reload=true" "Mozilla/5.0 (Windows NT 10.0; Win64; x64) AppleWebKit/537.36 (KHTML, like Gecko) Chrome/137.0.0.0 Safari/537.36"
80.246.130.4 - - [24/Jun/2025:12:09:47 +0300] "POST /wp-admin/post.php HTTP/1.0" 302 1153 "https://dirata.co.il/wp-admin/post-new.php?post_type=apartment&wp-post-new-reload=true&wp-post-new-reload=true" "Mozilla/5.0 (Windows NT 10.0; Win64; x64) AppleWebKit/537.36 (KHTML, like Gecko) Chrome/137.0.0.0 Safari/537.36"
80.246.130.4 - - [24/Jun/2025:12:09:48 +0300] "GET /wp-admin/post.php?post=648&action=edit&message=6 HTTP/1.0" 200 584614 "https://dirata.co.il/wp-admin/post-new.php?post_type=apartment&wp-post-new-reload=true&wp-post-new-reload=true" "Mozilla/5.0 (Windows NT 10.0; Win64; x64) AppleWebKit/537.36 (KHTML, like Gecko) Chrome/137.0.0.0 Safari/537.36"
35.198.151.205 - - [24/Jun/2025:12:09:54 +0300] "POST /wp-cron.php?doing_wp_cron=1750756194.2517340183258056640625 HTTP/1.0" 200 409 "-" "WordPress/6.7.2; https://dirata.co.il"
80.246.130.4 - - [24/Jun/2025:12:09:54 +0300] "GET /wp-admin/admin-ajax.php?action=oembed-cache&post=648 HTTP/1.0" 200 584 "https://dirata.co.il/wp-admin/post.php?post=648&action=edit" "Mozilla/5.0 (Windows NT 10.0; Win64; x64) AppleWebKit/537.36 (KHTML, like Gecko) Chrome/137.0.0.0 Safari/537.36"
35.198.151.205 - - [24/Jun/2025:12:09:54 +0300] "POST /wp-admin/admin-ajax.php?action=async_litespeed&nonce=NBk3za8YAOvfEKqiRkMziGFOOc2MvWJb&litespeed_type=imgoptm HTTP/1.0" 200 565 "-" "WordPress/6.7.2; https://dirata.co.il"
80.246.130.4 - - [24/Jun/2025:12:09:55 +0300] "GET /wp-admin/post-new.php?post_type=apartment HTTP/1.0" 200 583062 "https://dirata.co.il/wp-admin/post.php?post=648&action=edit" "Mozilla/5.0 (Windows NT 10.0; Win64; x64) AppleWebKit/537.36 (KHTML, like Gecko) Chrome/137.0.0.0 Safari/537.36"
80.246.130.4 - - [24/Jun/2025:12:09:56 +0300] "POST /wp-admin/admin-ajax.php HTTP/1.0" 200 675 "https://dirata.co.il/wp-admin/post.php?post=648&action=edit" "Mozilla/5.0 (Windows NT 10.0; Win64; x64) AppleWebKit/537.36 (KHTML, like Gecko) Chrome/137.0.0.0 Safari/537.36"
62.219.58.137 - - [24/Jun/2025:12:09:59 +0300] "GET /index.php HTTP/1.0" 301 463 "-" "Cpanel-HTTP-Client/1.0"
62.219.58.137 - - [24/Jun/2025:12:09:59 +0300] "GET / HTTP/1.0" 200 121343 "-" "Cpanel-HTTP-Client/1.0"
62.219.58.137 - - [24/Jun/2025:12:10:00 +0300] "GET /index.php HTTP/1.0" 301 463 "-" "Cpanel-HTTP-Client/1.0"
62.219.58.137 - - [24/Jun/2025:12:10:00 +0300] "GET / HTTP/1.0" 200 121343 "-" "Cpanel-HTTP-Client/1.0"
80.246.130.4 - - [24/Jun/2025:12:10:10 +0300] "POST /wp-admin/admin-ajax.php HTTP/1.0" 200 1133 "https://dirata.co.il/wp-admin/post-new.php?post_type=apartment" "Mozilla/5.0 (Windows NT 10.0; Win64; x64) AppleWebKit/537.36 (KHTML, like Gecko) Chrome/137.0.0.0 Safari/537.36"
80.246.130.4 - - [24/Jun/2025:12:10:10 +0300] "POST /wp-admin/admin-ajax.php HTTP/1.0" 200 898 "https://dirata.co.il/wp-admin/post-new.php?post_type=apartment" "Mozilla/5.0 (Windows NT 10.0; Win64; x64) AppleWebKit/537.36 (KHTML, like Gecko) Chrome/137.0.0.0 Safari/537.36"
80.246.130.4 - - [24/Jun/2025:12:10:11 +0300] "POST /wp-admin/admin-ajax.php HTTP/1.0" 200 1181 "https://dirata.co.il/wp-admin/post-new.php?post_type=apartment" "Mozilla/5.0 (Windows NT 10.0; Win64; x64) AppleWebKit/537.36 (KHTML, like Gecko) Chrome/137.0.0.0 Safari/537.36"
80.246.130.4 - - [24/Jun/2025:12:10:17 +0300] "POST /wp-admin/admin-ajax.php HTTP/1.0" 200 780 "https://dirata.co.il/wp-admin/post-new.php?post_type=apartment" "Mozilla/5.0 (Windows NT 10.0; Win64; x64) AppleWebKit/537.36 (KHTML, like Gecko) Chrome/137.0.0.0 Safari/537.36"
80.246.130.4 - - [24/Jun/2025:12:10:30 +0300] "POST /wp-admin/admin-ajax.php HTTP/1.0" 200 780 "https://dirata.co.il/wp-admin/post-new.php?post_type=apartment" "Mozilla/5.0 (Windows NT 10.0; Win64; x64) AppleWebKit/537.36 (KHTML, like Gecko) Chrome/137.0.0.0 Safari/537.36"
87.71.26.42 - - [24/Jun/2025:12:10:33 +0300] "POST /wp-admin/admin-ajax.php HTTP/1.0" 200 710 "https://dirata.co.il/wp-admin/admin.php?page=dirata-run-cron" "Mozilla/5.0 (Windows NT 10.0; Win64; x64) AppleWebKit/537.36 (KHTML, like Gecko) Chrome/137.0.0.0 Safari/537.36"
80.246.130.4 - - [24/Jun/2025:12:10:37 +0300] "POST /wp-admin/admin-ajax.php HTTP/1.0" 200 780 "https://dirata.co.il/wp-admin/post-new.php?post_type=apartment" "Mozilla/5.0 (Windows NT 10.0; Win64; x64) AppleWebKit/537.36 (KHTML, like Gecko) Chrome/137.0.0.0 Safari/537.36"
35.198.151.205 - - [24/Jun/2025:12:10:51 +0300] "POST /wp-cron.php?doing_wp_cron=1750756251.2374889850616455078125 HTTP/1.0" 200 409 "-" "WordPress/6.7.2; https://dirata.co.il"
80.246.130.4 - - [24/Jun/2025:12:10:51 +0300] "POST /wp-admin/admin-ajax.php HTTP/1.0" 200 780 "https://dirata.co.il/wp-admin/post-new.php?post_type=apartment" "Mozilla/5.0 (Windows NT 10.0; Win64; x64) AppleWebKit/537.36 (KHTML, like Gecko) Chrome/137.0.0.0 Safari/537.36"
35.198.151.205 - - [24/Jun/2025:12:10:51 +0300] "POST /wp-admin/admin-ajax.php?action=async_litespeed&nonce=pfWOCbXT3wO59ZKmXuSJ0hkCm7aPSsFa&litespeed_type=imgoptm HTTP/1.0" 200 565 "-" "WordPress/6.7.2; https://dirata.co.il"
80.246.130.4 - - [24/Jun/2025:12:10:57 +0300] "POST /wp-admin/admin-ajax.php HTTP/1.0" 200 780 "https://dirata.co.il/wp-admin/post-new.php?post_type=apartment" "Mozilla/5.0 (Windows NT 10.0; Win64; x64) AppleWebKit/537.36 (KHTML, like Gecko) Chrome/137.0.0.0 Safari/537.36"
35.198.151.205 - - [24/Jun/2025:12:11:11 +0300] "POST /wp-cron.php?doing_wp_cron=1750756271.0487239360809326171875 HTTP/1.0" 200 409 "-" "WordPress/6.7.2; https://dirata.co.il"
80.246.130.4 - - [24/Jun/2025:12:11:10 +0300] "POST /wp-admin/admin-ajax.php HTTP/1.0" 200 780 "https://dirata.co.il/wp-admin/post-new.php?post_type=apartment" "Mozilla/5.0 (Windows NT 10.0; Win64; x64) AppleWebKit/537.36 (KHTML, like Gecko) Chrome/137.0.0.0 Safari/537.36"
80.246.130.4 - - [24/Jun/2025:12:11:17 +0300] "POST /wp-admin/admin-ajax.php HTTP/1.0" 200 780 "https://dirata.co.il/wp-admin/post-new.php?post_type=apartment" "Mozilla/5.0 (Windows NT 10.0; Win64; x64) AppleWebKit/537.36 (KHTML, like Gecko) Chrome/137.0.0.0 Safari/537.36"
80.246.130.4 - - [24/Jun/2025:12:11:30 +0300] "POST /wp-admin/admin-ajax.php HTTP/1.0" 200 780 "https://dirata.co.il/wp-admin/post-new.php?post_type=apartment" "Mozilla/5.0 (Windows NT 10.0; Win64; x64) AppleWebKit/537.36 (KHTML, like Gecko) Chrome/137.0.0.0 Safari/537.36"
80.246.130.4 - - [24/Jun/2025:12:11:37 +0300] "POST /wp-admin/admin-ajax.php HTTP/1.0" 200 780 "https://dirata.co.il/wp-admin/post-new.php?post_type=apartment" "Mozilla/5.0 (Windows NT 10.0; Win64; x64) AppleWebKit/537.36 (KHTML, like Gecko) Chrome/137.0.0.0 Safari/537.36"
35.198.151.205 - - [24/Jun/2025:12:11:45 +0300] "POST /wp-cron.php?doing_wp_cron=1750756305.0090630054473876953125 HTTP/1.0" 200 409 "-" "WordPress/6.7.2; https://dirata.co.il"
80.246.130.4 - - [24/Jun/2025:12:11:44 +0300] "POST /wp-admin/admin-ajax.php HTTP/1.0" 200 727 "https://dirata.co.il/wp-admin/post-new.php?post_type=apartment&wp-post-new-reload=true" "Mozilla/5.0 (Windows NT 10.0; Win64; x64) AppleWebKit/537.36 (KHTML, like Gecko) Chrome/137.0.0.0 Safari/537.36"
80.246.130.4 - - [24/Jun/2025:12:11:45 +0300] "POST /wp-admin/post.php HTTP/1.0" 302 1153 "https://dirata.co.il/wp-admin/post-new.php?post_type=apartment&wp-post-new-reload=true&wp-post-new-reload=true" "Mozilla/5.0 (Windows NT 10.0; Win64; x64) AppleWebKit/537.36 (KHTML, like Gecko) Chrome/137.0.0.0 Safari/537.36"
80.246.130.4 - - [24/Jun/2025:12:11:45 +0300] "GET /wp-admin/post.php?post=649&action=edit&message=6 HTTP/1.0" 200 584678 "https://dirata.co.il/wp-admin/post-new.php?post_type=apartment&wp-post-new-reload=true&wp-post-new-reload=true" "Mozilla/5.0 (Windows NT 10.0; Win64; x64) AppleWebKit/537.36 (KHTML, like Gecko) Chrome/137.0.0.0 Safari/537.36"
80.246.130.4 - - [24/Jun/2025:12:11:48 +0300] "GET /wp-admin/admin-ajax.php?action=oembed-cache&post=649 HTTP/1.0" 200 584 "https://dirata.co.il/wp-admin/post.php?post=649&action=edit" "Mozilla/5.0 (Windows NT 10.0; Win64; x64) AppleWebKit/537.36 (KHTML, like Gecko) Chrome/137.0.0.0 Safari/537.36"
80.246.130.4 - - [24/Jun/2025:12:11:48 +0300] "GET /wp-admin/post-new.php?post_type=apartment HTTP/1.0" 200 583062 "https://dirata.co.il/wp-admin/post.php?post=649&action=edit" "Mozilla/5.0 (Windows NT 10.0; Win64; x64) AppleWebKit/537.36 (KHTML, like Gecko) Chrome/137.0.0.0 Safari/537.36"
80.246.130.4 - - [24/Jun/2025:12:11:48 +0300] "POST /wp-admin/admin-ajax.php HTTP/1.0" 200 675 "https://dirata.co.il/wp-admin/post.php?post=649&action=edit" "Mozilla/5.0 (Windows NT 10.0; Win64; x64) AppleWebKit/537.36 (KHTML, like Gecko) Chrome/137.0.0.0 Safari/537.36"
35.198.151.205 - - [24/Jun/2025:12:12:04 +0300] "POST /wp-cron.php?doing_wp_cron=1750756324.0185909271240234375000 HTTP/1.0" 200 409 "-" "WordPress/6.7.2; https://dirata.co.il"
80.246.130.4 - - [24/Jun/2025:12:12:03 +0300] "POST /wp-admin/admin-ajax.php HTTP/1.0" 200 780 "https://dirata.co.il/wp-admin/post-new.php?post_type=apartment" "Mozilla/5.0 (Windows NT 10.0; Win64; x64) AppleWebKit/537.36 (KHTML, like Gecko) Chrome/137.0.0.0 Safari/537.36"
35.198.151.205 - - [24/Jun/2025:12:12:04 +0300] "POST /wp-admin/admin-ajax.php?action=async_litespeed&nonce=D7znK85MHIihdbFZ336nGxQIvRWXpGag&litespeed_type=imgoptm HTTP/1.0" 200 565 "-" "WordPress/6.7.2; https://dirata.co.il"
87.71.26.42 - - [24/Jun/2025:12:12:10 +0300] "POST /wp-login.php HTTP/1.0" 302 1603 "https://dirata.co.il/login/?interim-login=1&wp_lang=he_IL" "Mozilla/5.0 (Windows NT 10.0; Win64; x64) AppleWebKit/537.36 (KHTML, like Gecko) Chrome/137.0.0.0 Safari/537.36"
87.71.26.42 - - [24/Jun/2025:12:12:10 +0300] "GET /%D7%97%D7%A9%D7%91%D7%95%D7%9F-%D7%A8%D7%A9%D7%95%D7%9D/your-profile/ HTTP/1.0" 200 160235 "https://dirata.co.il/login/?interim-login=1&wp_lang=he_IL" "Mozilla/5.0 (Windows NT 10.0; Win64; x64) AppleWebKit/537.36 (KHTML, like Gecko) Chrome/137.0.0.0 Safari/537.36"
80.246.130.4 - - [24/Jun/2025:12:12:13 +0300] "POST /wp-admin/admin-ajax.php HTTP/1.0" 200 1133 "https://dirata.co.il/wp-admin/post-new.php?post_type=apartment" "Mozilla/5.0 (Windows NT 10.0; Win64; x64) AppleWebKit/537.36 (KHTML, like Gecko) Chrome/137.0.0.0 Safari/537.36"
80.246.130.4 - - [24/Jun/2025:12:12:13 +0300] "POST /wp-admin/admin-ajax.php HTTP/1.0" 200 898 "https://dirata.co.il/wp-admin/post-new.php?post_type=apartment" "Mozilla/5.0 (Windows NT 10.0; Win64; x64) AppleWebKit/537.36 (KHTML, like Gecko) Chrome/137.0.0.0 Safari/537.36"
80.246.130.4 - - [24/Jun/2025:12:12:13 +0300] "POST /wp-admin/admin-ajax.php HTTP/1.0" 200 1223 "https://dirata.co.il/wp-admin/post-new.php?post_type=apartment" "Mozilla/5.0 (Windows NT 10.0; Win64; x64) AppleWebKit/537.36 (KHTML, like Gecko) Chrome/137.0.0.0 Safari/537.36"
87.71.26.42 - - [24/Jun/2025:12:12:16 +0300] "GET / HTTP/1.0" 200 144499 "https://dirata.co.il/wp-admin/admin.php?page=dirata-run-cron" "Mozilla/5.0 (Windows NT 10.0; Win64; x64) AppleWebKit/537.36 (KHTML, like Gecko) Chrome/137.0.0.0 Safari/537.36"
87.71.26.42 - - [24/Jun/2025:12:12:20 +0300] "GET /wp-admin/post.php?post=81&action=edit HTTP/1.0" 200 452509 "https://dirata.co.il/wp-admin/edit.php?post_type=acf-field-group" "Mozilla/5.0 (Windows NT 10.0; Win64; x64) AppleWebKit/537.36 (KHTML, like Gecko) Chrome/137.0.0.0 Safari/537.36"
87.71.26.42 - - [24/Jun/2025:12:12:21 +0300] "POST /wp-admin/admin-ajax.php HTTP/1.0" 200 780 "https://dirata.co.il/wp-admin/post.php?post=81&action=edit" "Mozilla/5.0 (Windows NT 10.0; Win64; x64) AppleWebKit/537.36 (KHTML, like Gecko) Chrome/137.0.0.0 Safari/537.36"
80.246.130.4 - - [24/Jun/2025:12:12:23 +0300] "POST /wp-admin/admin-ajax.php HTTP/1.0" 200 780 "https://dirata.co.il/wp-admin/post-new.php?post_type=apartment" "Mozilla/5.0 (Windows NT 10.0; Win64; x64) AppleWebKit/537.36 (KHTML, like Gecko) Chrome/137.0.0.0 Safari/537.36"
80.246.130.4 - - [24/Jun/2025:12:12:23 +0300] "POST /wp-admin/admin-ajax.php HTTP/1.0" 200 1133 "https://dirata.co.il/wp-admin/post-new.php?post_type=apartment" "Mozilla/5.0 (Windows NT 10.0; Win64; x64) AppleWebKit/537.36 (KHTML, like Gecko) Chrome/137.0.0.0 Safari/537.36"
87.71.26.42 - - [24/Jun/2025:12:12:31 +0300] "POST /wp-admin/admin-ajax.php HTTP/1.0" 200 780 "https://dirata.co.il/wp-admin/post.php?post=81&action=edit" "Mozilla/5.0 (Windows NT 10.0; Win64; x64) AppleWebKit/537.36 (KHTML, like Gecko) Chrome/137.0.0.0 Safari/537.36"
80.246.130.4 - - [24/Jun/2025:12:12:33 +0300] "POST /wp-admin/admin-ajax.php HTTP/1.0" 200 780 "https://dirata.co.il/wp-admin/post-new.php?post_type=apartment" "Mozilla/5.0 (Windows NT 10.0; Win64; x64) AppleWebKit/537.36 (KHTML, like Gecko) Chrome/137.0.0.0 Safari/537.36"
80.246.130.4 - - [24/Jun/2025:12:12:43 +0300] "POST /wp-admin/admin-ajax.php HTTP/1.0" 200 780 "https://dirata.co.il/wp-admin/post-new.php?post_type=apartment" "Mozilla/5.0 (Windows NT 10.0; Win64; x64) AppleWebKit/537.36 (KHTML, like Gecko) Chrome/137.0.0.0 Safari/537.36"
35.198.151.205 - - [24/Jun/2025:12:12:53 +0300] "POST /wp-cron.php?doing_wp_cron=1750756373.7771770954132080078125 HTTP/1.0" 200 409 "-" "WordPress/6.7.2; https://dirata.co.il"
80.246.130.4 - - [24/Jun/2025:12:12:53 +0300] "POST /wp-admin/admin-ajax.php HTTP/1.0" 200 780 "https://dirata.co.il/wp-admin/post-new.php?post_type=apartment" "Mozilla/5.0 (Windows NT 10.0; Win64; x64) AppleWebKit/537.36 (KHTML, like Gecko) Chrome/137.0.0.0 Safari/537.36"
35.198.151.205 - - [24/Jun/2025:12:12:53 +0300] "POST /wp-admin/admin-ajax.php?action=async_litespeed&nonce=ObNHodmlq8q9kilI4SGl6XsQ93ytEo3R&litespeed_type=imgoptm HTTP/1.0" 200 565 "-" "WordPress/6.7.2; https://dirata.co.il"
80.246.130.4 - - [24/Jun/2025:12:13:03 +0300] "POST /wp-admin/admin-ajax.php HTTP/1.0" 200 780 "https://dirata.co.il/wp-admin/post-new.php?post_type=apartment" "Mozilla/5.0 (Windows NT 10.0; Win64; x64) AppleWebKit/537.36 (KHTML, like Gecko) Chrome/137.0.0.0 Safari/537.36"
80.246.130.4 - - [24/Jun/2025:12:13:13 +0300] "POST /wp-admin/admin-ajax.php HTTP/1.0" 200 780 "https://dirata.co.il/wp-admin/post-new.php?post_type=apartment" "Mozilla/5.0 (Windows NT 10.0; Win64; x64) AppleWebKit/537.36 (KHTML, like Gecko) Chrome/137.0.0.0 Safari/537.36"
80.246.130.4 - - [24/Jun/2025:12:13:20 +0300] "POST /wp-admin/admin-ajax.php HTTP/1.0" 200 780 "https://dirata.co.il/wp-admin/post-new.php?post_type=apartment" "Mozilla/5.0 (Windows NT 10.0; Win64; x64) AppleWebKit/537.36 (KHTML, like Gecko) Chrome/137.0.0.0 Safari/537.36"
80.246.130.4 - - [24/Jun/2025:12:13:30 +0300] "POST /wp-admin/admin-ajax.php HTTP/1.0" 200 780 "https://dirata.co.il/wp-admin/post-new.php?post_type=apartment" "Mozilla/5.0 (Windows NT 10.0; Win64; x64) AppleWebKit/537.36 (KHTML, like Gecko) Chrome/137.0.0.0 Safari/537.36"
87.71.26.42 - - [24/Jun/2025:12:13:30 +0300] "POST /wp-admin/admin-ajax.php HTTP/1.0" 200 780 "https://dirata.co.il/wp-admin/post.php?post=81&action=edit" "Mozilla/5.0 (Windows NT 10.0; Win64; x64) AppleWebKit/537.36 (KHTML, like Gecko) Chrome/137.0.0.0 Safari/537.36"
87.71.26.42 - - [24/Jun/2025:12:13:42 +0300] "POST /wp-admin/admin-ajax.php HTTP/1.0" 200 780 "https://dirata.co.il/wp-admin/post.php?post=81&action=edit" "Mozilla/5.0 (Windows NT 10.0; Win64; x64) AppleWebKit/537.36 (KHTML, like Gecko) Chrome/137.0.0.0 Safari/537.36"
87.71.26.42 - - [24/Jun/2025:12:13:42 +0300] "GET /wp-admin/profile.php?wp_http_referer=%2Fwp-admin%2Fusers.php%3Frole%3Dadministrator HTTP/1.0" 200 165836 "https://dirata.co.il/wp-admin/users.php?role=administrator" "Mozilla/5.0 (Windows NT 10.0; Win64; x64) AppleWebKit/537.36 (KHTML, like Gecko) Chrome/137.0.0.0 Safari/537.36"
87.71.26.42 - - [24/Jun/2025:12:13:42 +0300] "GET /wp-admin/post.php?post=81&action=edit HTTP/1.0" 200 452509 "https://dirata.co.il/wp-admin/edit.php?post_type=acf-field-group" "Mozilla/5.0 (Windows NT 10.0; Win64; x64) AppleWebKit/537.36 (KHTML, like Gecko) Chrome/137.0.0.0 Safari/537.36"
80.246.130.4 - - [24/Jun/2025:12:13:43 +0300] "POST /wp-admin/admin-ajax.php HTTP/1.0" 200 780 "https://dirata.co.il/wp-admin/post-new.php?post_type=apartment" "Mozilla/5.0 (Windows NT 10.0; Win64; x64) AppleWebKit/537.36 (KHTML, like Gecko) Chrome/137.0.0.0 Safari/537.36"
87.71.26.42 - - [24/Jun/2025:12:13:45 +0300] "POST /wp-admin/admin-ajax.php HTTP/1.0" 200 780 "https://dirata.co.il/wp-admin/post.php?post=81&action=edit" "Mozilla/5.0 (Windows NT 10.0; Win64; x64) AppleWebKit/537.36 (KHTML, like Gecko) Chrome/137.0.0.0 Safari/537.36"
87.71.26.42 - - [24/Jun/2025:12:13:45 +0300] "GET /apartments-search/?listing_type=rent&floor_min=-1&floor_max=55 HTTP/1.0" 200 147442 "https://dirata.co.il/profile-page/?tab=publish" "Mozilla/5.0 (Windows NT 10.0; Win64; x64) AppleWebKit/537.36 (KHTML, like Gecko) Chrome/137.0.0.0 Safari/537.36"
87.71.26.42 - - [24/Jun/2025:12:13:46 +0300] "POST /wp-admin/admin-ajax.php HTTP/1.0" 200 675 "https://dirata.co.il/wp-admin/post.php?post=81&action=edit" "Mozilla/5.0 (Windows NT 10.0; Win64; x64) AppleWebKit/537.36 (KHTML, like Gecko) Chrome/137.0.0.0 Safari/537.36"
80.246.130.4 - - [24/Jun/2025:12:13:46 +0300] "POST /wp-admin/admin-ajax.php HTTP/1.0" 200 727 "https://dirata.co.il/wp-admin/post-new.php?post_type=apartment&wp-post-new-reload=true" "Mozilla/5.0 (Windows NT 10.0; Win64; x64) AppleWebKit/537.36 (KHTML, like Gecko) Chrome/137.0.0.0 Safari/537.36"
87.71.26.42 - - [24/Jun/2025:12:13:46 +0300] "POST /wp-admin/admin-ajax.php HTTP/1.0" 200 11511 "https://dirata.co.il/apartments-search/?listing_type=rent&floor_min=-1&floor_max=55" "Mozilla/5.0 (Windows NT 10.0; Win64; x64) AppleWebKit/537.36 (KHTML, like Gecko) Chrome/137.0.0.0 Safari/537.36"
80.246.130.4 - - [24/Jun/2025:12:13:47 +0300] "POST /wp-admin/post.php HTTP/1.0" 302 1163 "https://dirata.co.il/wp-admin/post-new.php?post_type=apartment&wp-post-new-reload=true&wp-post-new-reload=true" "Mozilla/5.0 (Windows NT 10.0; Win64; x64) AppleWebKit/537.36 (KHTML, like Gecko) Chrome/137.0.0.0 Safari/537.36"
80.246.130.4 - - [24/Jun/2025:12:13:47 +0300] "GET /wp-admin/post.php?post=650&action=edit&message=6 HTTP/1.0" 200 585236 "https://dirata.co.il/wp-admin/post-new.php?post_type=apartment&wp-post-new-reload=true&wp-post-new-reload=true" "Mozilla/5.0 (Windows NT 10.0; Win64; x64) AppleWebKit/537.36 (KHTML, like Gecko) Chrome/137.0.0.0 Safari/537.36"
35.198.151.205 - - [24/Jun/2025:12:13:51 +0300] "POST /wp-cron.php?doing_wp_cron=1750756431.6318058967590332031250 HTTP/1.0" 200 409 "-" "WordPress/6.7.2; https://dirata.co.il"
87.71.26.42 - - [24/Jun/2025:12:13:51 +0300] "POST /wp-admin/admin-ajax.php HTTP/1.0" 200 2545 "https://dirata.co.il/wp-admin/profile.php?wp_http_referer=%2Fwp-admin%2Fusers.php%3Frole%3Dadministrator" "Mozilla/5.0 (Windows NT 10.0; Win64; x64) AppleWebKit/537.36 (KHTML, like Gecko) Chrome/137.0.0.0 Safari/537.36"
35.198.151.205 - - [24/Jun/2025:12:13:51 +0300] "POST /wp-admin/admin-ajax.php?action=async_litespeed&nonce=8xFxpMSG6kC8iDR6NJFbZtmR0TATgbNh&litespeed_type=imgoptm HTTP/1.0" 200 565 "-" "WordPress/6.7.2; https://dirata.co.il"
87.71.26.42 - - [24/Jun/2025:12:13:51 +0300] "GET /wp-admin/edit.php?post_type=apartment HTTP/1.0" 200 220952 "https://dirata.co.il/wp-admin/profile.php?wp_http_referer=%2Fwp-admin%2Fusers.php%3Frole%3Dadministrator" "Mozilla/5.0 (Windows NT 10.0; Win64; x64) AppleWebKit/537.36 (KHTML, like Gecko) Chrome/137.0.0.0 Safari/537.36"
87.71.26.42 - - [24/Jun/2025:12:13:52 +0300] "POST /wp-admin/admin-ajax.php HTTP/1.0" 200 1174 "https://dirata.co.il/wp-admin/edit.php?post_type=apartment" "Mozilla/5.0 (Windows NT 10.0; Win64; x64) AppleWebKit/537.36 (KHTML, like Gecko) Chrome/137.0.0.0 Safari/537.36"
80.246.130.4 - - [24/Jun/2025:12:13:53 +0300] "GET /wp-admin/admin-ajax.php?action=oembed-cache&post=650 HTTP/1.0" 200 584 "https://dirata.co.il/wp-admin/post.php?post=650&action=edit" "Mozilla/5.0 (Windows NT 10.0; Win64; x64) AppleWebKit/537.36 (KHTML, like Gecko) Chrome/137.0.0.0 Safari/537.36"
80.246.130.4 - - [24/Jun/2025:12:13:53 +0300] "GET /wp-admin/post-new.php?post_type=apartment HTTP/1.0" 200 583056 "https://dirata.co.il/wp-admin/post.php?post=650&action=edit" "Mozilla/5.0 (Windows NT 10.0; Win64; x64) AppleWebKit/537.36 (KHTML, like Gecko) Chrome/137.0.0.0 Safari/537.36"
80.246.130.4 - - [24/Jun/2025:12:13:53 +0300] "POST /wp-admin/admin-ajax.php HTTP/1.0" 200 675 "https://dirata.co.il/wp-admin/post.php?post=650&action=edit" "Mozilla/5.0 (Windows NT 10.0; Win64; x64) AppleWebKit/537.36 (KHTML, like Gecko) Chrome/137.0.0.0 Safari/537.36"
87.71.26.42 - - [24/Jun/2025:12:14:02 +0300] "POST /wp-admin/admin-ajax.php HTTP/1.0" 200 728 "https://dirata.co.il/wp-admin/edit.php?post_type=apartment" "Mozilla/5.0 (Windows NT 10.0; Win64; x64) AppleWebKit/537.36 (KHTML, like Gecko) Chrome/137.0.0.0 Safari/537.36"
80.246.130.4 - - [24/Jun/2025:12:14:09 +0300] "POST /wp-admin/admin-ajax.php HTTP/1.0" 200 780 "https://dirata.co.il/wp-admin/post-new.php?post_type=apartment" "Mozilla/5.0 (Windows NT 10.0; Win64; x64) AppleWebKit/537.36 (KHTML, like Gecko) Chrome/137.0.0.0 Safari/537.36"
87.71.26.42 - - [24/Jun/2025:12:14:12 +0300] "POST /wp-admin/admin-ajax.php HTTP/1.0" 200 728 "https://dirata.co.il/wp-admin/edit.php?post_type=apartment" "Mozilla/5.0 (Windows NT 10.0; Win64; x64) AppleWebKit/537.36 (KHTML, like Gecko) Chrome/137.0.0.0 Safari/537.36"
87.71.26.42 - - [24/Jun/2025:12:14:20 +0300] "GET / HTTP/1.0" 200 149324 "https://dirata.co.il/wp-admin/edit.php?post_type=apartment" "Mozilla/5.0 (Windows NT 10.0; Win64; x64) AppleWebKit/537.36 (KHTML, like Gecko) Chrome/137.0.0.0 Safari/537.36"
87.71.26.42 - - [24/Jun/2025:12:14:26 +0300] "POST /wp-admin/admin-ajax.php HTTP/1.0" 200 728 "https://dirata.co.il/wp-admin/edit.php?post_type=apartment" "Mozilla/5.0 (Windows NT 10.0; Win64; x64) AppleWebKit/537.36 (KHTML, like Gecko) Chrome/137.0.0.0 Safari/537.36"
87.71.26.42 - - [24/Jun/2025:12:14:29 +0300] "GET /apartments-search/ HTTP/1.0" 200 147062 "https://dirata.co.il/" "Mozilla/5.0 (Windows NT 10.0; Win64; x64) AppleWebKit/537.36 (KHTML, like Gecko) Chrome/137.0.0.0 Safari/537.36"
87.71.26.42 - - [24/Jun/2025:12:14:30 +0300] "POST /wp-admin/admin-ajax.php HTTP/1.0" 200 11511 "https://dirata.co.il/apartments-search/" "Mozilla/5.0 (Windows NT 10.0; Win64; x64) AppleWebKit/537.36 (KHTML, like Gecko) Chrome/137.0.0.0 Safari/537.36"
87.71.26.42 - - [24/Jun/2025:12:14:31 +0300] "POST /wp-admin/admin-ajax.php HTTP/1.0" 200 56108 "https://dirata.co.il/apartments-search/" "Mozilla/5.0 (Windows NT 10.0; Win64; x64) AppleWebKit/537.36 (KHTML, like Gecko) Chrome/137.0.0.0 Safari/537.36"
87.71.26.42 - - [24/Jun/2025:12:14:31 +0300] "POST /wp-admin/admin-ajax.php HTTP/1.0" 200 56108 "https://dirata.co.il/apartments-search/" "Mozilla/5.0 (Windows NT 10.0; Win64; x64) AppleWebKit/537.36 (KHTML, like Gecko) Chrome/137.0.0.0 Safari/537.36"
87.71.26.42 - - [24/Jun/2025:12:14:32 +0300] "GET /wp-content/uploads/2025/06/apartment_image_685929e171b52-scaled.webp HTTP/1.0" 200 445 "https://dirata.co.il/apartments-search/" "Mozilla/5.0 (Windows NT 10.0; Win64; x64) AppleWebKit/537.36 (KHTML, like Gecko) Chrome/137.0.0.0 Safari/537.36"
87.71.26.42 - - [24/Jun/2025:12:14:32 +0300] "GET /wp-content/uploads/2025/06/apartment_image_6859359439adc.webp HTTP/1.0" 200 438 "https://dirata.co.il/apartments-search/" "Mozilla/5.0 (Windows NT 10.0; Win64; x64) AppleWebKit/537.36 (KHTML, like Gecko) Chrome/137.0.0.0 Safari/537.36"
87.71.26.42 - - [24/Jun/2025:12:14:32 +0300] "GET /wp-content/uploads/2025/06/apartment_image_685930c0ebb72.webp HTTP/1.0" 200 438 "https://dirata.co.il/apartments-search/" "Mozilla/5.0 (Windows NT 10.0; Win64; x64) AppleWebKit/537.36 (KHTML, like Gecko) Chrome/137.0.0.0 Safari/537.36"
35.198.151.205 - - [24/Jun/2025:12:15:13 +0300] "POST /wp-cron.php?doing_wp_cron=1750756513.2859299182891845703125 HTTP/1.0" 200 409 "-" "WordPress/6.7.2; https://dirata.co.il"
80.246.130.4 - - [24/Jun/2025:12:15:13 +0300] "POST /wp-admin/admin-ajax.php HTTP/1.0" 200 780 "https://dirata.co.il/wp-admin/post-new.php?post_type=apartment" "Mozilla/5.0 (Windows NT 10.0; Win64; x64) AppleWebKit/537.36 (KHTML, like Gecko) Chrome/137.0.0.0 Safari/537.36"
35.198.151.205 - - [24/Jun/2025:12:15:13 +0300] "POST /wp-admin/admin-ajax.php?action=async_litespeed&nonce=ZuBWFa9oGIBNPiuZjDxbFN8UQsPooFZc&litespeed_type=imgoptm HTTP/1.0" 200 565 "-" "WordPress/6.7.2; https://dirata.co.il"
80.246.130.4 - - [24/Jun/2025:12:15:19 +0300] "POST /wp-admin/admin-ajax.php HTTP/1.0" 200 780 "https://dirata.co.il/wp-admin/post-new.php?post_type=apartment" "Mozilla/5.0 (Windows NT 10.0; Win64; x64) AppleWebKit/537.36 (KHTML, like Gecko) Chrome/137.0.0.0 Safari/537.36"
80.246.130.4 - - [24/Jun/2025:12:15:20 +0300] "POST /wp-admin/admin-ajax.php HTTP/1.0" 200 1133 "https://dirata.co.il/wp-admin/post-new.php?post_type=apartment" "Mozilla/5.0 (Windows NT 10.0; Win64; x64) AppleWebKit/537.36 (KHTML, like Gecko) Chrome/137.0.0.0 Safari/537.36"
80.246.130.4 - - [24/Jun/2025:12:15:20 +0300] "POST /wp-admin/admin-ajax.php HTTP/1.0" 200 898 "https://dirata.co.il/wp-admin/post-new.php?post_type=apartment" "Mozilla/5.0 (Windows NT 10.0; Win64; x64) AppleWebKit/537.36 (KHTML, like Gecko) Chrome/137.0.0.0 Safari/537.36"
80.246.130.4 - - [24/Jun/2025:12:15:20 +0300] "POST /wp-admin/admin-ajax.php HTTP/1.0" 200 1175 "https://dirata.co.il/wp-admin/post-new.php?post_type=apartment" "Mozilla/5.0 (Windows NT 10.0; Win64; x64) AppleWebKit/537.36 (KHTML, like Gecko) Chrome/137.0.0.0 Safari/537.36"
80.246.130.4 - - [24/Jun/2025:12:15:33 +0300] "POST /wp-admin/admin-ajax.php HTTP/1.0" 200 1133 "https://dirata.co.il/wp-admin/post-new.php?post_type=apartment" "Mozilla/5.0 (Windows NT 10.0; Win64; x64) AppleWebKit/537.36 (KHTML, like Gecko) Chrome/137.0.0.0 Safari/537.36"
80.246.130.4 - - [24/Jun/2025:12:15:33 +0300] "POST /wp-admin/admin-ajax.php HTTP/1.0" 200 780 "https://dirata.co.il/wp-admin/post-new.php?post_type=apartment" "Mozilla/5.0 (Windows NT 10.0; Win64; x64) AppleWebKit/537.36 (KHTML, like Gecko) Chrome/137.0.0.0 Safari/537.36"
87.71.26.42 - - [24/Jun/2025:12:15:42 +0300] "POST /wp-admin/admin-ajax.php HTTP/1.0" 200 780 "https://dirata.co.il/wp-admin/post.php?post=81&action=edit" "Mozilla/5.0 (Windows NT 10.0; Win64; x64) AppleWebKit/537.36 (KHTML, like Gecko) Chrome/137.0.0.0 Safari/537.36"
80.246.130.4 - - [24/Jun/2025:12:15:43 +0300] "POST /wp-admin/admin-ajax.php HTTP/1.0" 200 780 "https://dirata.co.il/wp-admin/post-new.php?post_type=apartment" "Mozilla/5.0 (Windows NT 10.0; Win64; x64) AppleWebKit/537.36 (KHTML, like Gecko) Chrome/137.0.0.0 Safari/537.36"
35.198.151.205 - - [24/Jun/2025:12:15:53 +0300] "POST /wp-cron.php?doing_wp_cron=1750756553.7305409908294677734375 HTTP/1.0" 200 409 "-" "WordPress/6.7.2; https://dirata.co.il"
80.246.130.4 - - [24/Jun/2025:12:15:53 +0300] "POST /wp-admin/admin-ajax.php HTTP/1.0" 200 780 "https://dirata.co.il/wp-admin/post-new.php?post_type=apartment" "Mozilla/5.0 (Windows NT 10.0; Win64; x64) AppleWebKit/537.36 (KHTML, like Gecko) Chrome/137.0.0.0 Safari/537.36"
35.198.151.205 - - [24/Jun/2025:12:15:53 +0300] "POST /wp-admin/admin-ajax.php?action=async_litespeed&nonce=wMCTOHrEQVoHW5dWQpQwa1KYJOSq8byE&litespeed_type=imgoptm HTTP/1.0" 200 565 "-" "WordPress/6.7.2; https://dirata.co.il"
35.198.151.205 - - [24/Jun/2025:12:16:03 +0300] "POST /wp-cron.php?doing_wp_cron=1750756563.7544429302215576171875 HTTP/1.0" 200 409 "-" "WordPress/6.7.2; https://dirata.co.il"
80.246.130.4 - - [24/Jun/2025:12:16:03 +0300] "POST /wp-admin/admin-ajax.php HTTP/1.0" 200 780 "https://dirata.co.il/wp-admin/post-new.php?post_type=apartment" "Mozilla/5.0 (Windows NT 10.0; Win64; x64) AppleWebKit/537.36 (KHTML, like Gecko) Chrome/137.0.0.0 Safari/537.36"
80.246.130.4 - - [24/Jun/2025:12:16:13 +0300] "POST /wp-admin/admin-ajax.php HTTP/1.0" 200 780 "https://dirata.co.il/wp-admin/post-new.php?post_type=apartment" "Mozilla/5.0 (Windows NT 10.0; Win64; x64) AppleWebKit/537.36 (KHTML, like Gecko) Chrome/137.0.0.0 Safari/537.36"
80.246.130.4 - - [24/Jun/2025:12:16:23 +0300] "POST /wp-admin/admin-ajax.php HTTP/1.0" 200 780 "https://dirata.co.il/wp-admin/post-new.php?post_type=apartment" "Mozilla/5.0 (Windows NT 10.0; Win64; x64) AppleWebKit/537.36 (KHTML, like Gecko) Chrome/137.0.0.0 Safari/537.36"
87.71.26.42 - - [24/Jun/2025:12:16:24 +0300] "POST /wp-admin/admin-ajax.php HTTP/1.0" 200 728 "https://dirata.co.il/wp-admin/edit.php?post_type=apartment" "Mozilla/5.0 (Windows NT 10.0; Win64; x64) AppleWebKit/537.36 (KHTML, like Gecko) Chrome/137.0.0.0 Safari/537.36"
80.246.130.4 - - [24/Jun/2025:12:16:33 +0300] "POST /wp-admin/admin-ajax.php HTTP/1.0" 200 780 "https://dirata.co.il/wp-admin/post-new.php?post_type=apartment" "Mozilla/5.0 (Windows NT 10.0; Win64; x64) AppleWebKit/537.36 (KHTML, like Gecko) Chrome/137.0.0.0 Safari/537.36"
80.246.130.4 - - [24/Jun/2025:12:16:39 +0300] "POST /wp-admin/admin-ajax.php HTTP/1.0" 200 727 "https://dirata.co.il/wp-admin/post-new.php?post_type=apartment&wp-post-new-reload=true" "Mozilla/5.0 (Windows NT 10.0; Win64; x64) AppleWebKit/537.36 (KHTML, like Gecko) Chrome/137.0.0.0 Safari/537.36"
80.246.130.4 - - [24/Jun/2025:12:16:40 +0300] "POST /wp-admin/admin-ajax.php HTTP/1.0" 200 780 "https://dirata.co.il/wp-admin/post-new.php?post_type=apartment&wp-post-new-reload=true&wp-post-new-reload=true" "Mozilla/5.0 (Windows NT 10.0; Win64; x64) AppleWebKit/537.36 (KHTML, like Gecko) Chrome/137.0.0.0 Safari/537.36"
80.246.130.4 - - [24/Jun/2025:12:16:40 +0300] "POST /wp-admin/post.php HTTP/1.0" 302 1163 "https://dirata.co.il/wp-admin/post-new.php?post_type=apartment&wp-post-new-reload=true&wp-post-new-reload=true" "Mozilla/5.0 (Windows NT 10.0; Win64; x64) AppleWebKit/537.36 (KHTML, like Gecko) Chrome/137.0.0.0 Safari/537.36"
80.246.130.4 - - [24/Jun/2025:12:16:40 +0300] "GET /wp-admin/post.php?post=651&action=edit&message=6 HTTP/1.0" 200 584580 "https://dirata.co.il/wp-admin/post-new.php?post_type=apartment&wp-post-new-reload=true&wp-post-new-reload=true" "Mozilla/5.0 (Windows NT 10.0; Win64; x64) AppleWebKit/537.36 (KHTML, like Gecko) Chrome/137.0.0.0 Safari/537.36"
80.246.130.4 - - [24/Jun/2025:12:16:42 +0300] "GET /wp-admin/admin-ajax.php?action=oembed-cache&post=651 HTTP/1.0" 200 584 "https://dirata.co.il/wp-admin/post.php?post=651&action=edit" "Mozilla/5.0 (Windows NT 10.0; Win64; x64) AppleWebKit/537.36 (KHTML, like Gecko) Chrome/137.0.0.0 Safari/537.36"
35.198.151.205 - - [24/Jun/2025:12:16:46 +0300] "POST /wp-cron.php?doing_wp_cron=1750756606.4797859191894531250000 HTTP/1.0" 200 409 "-" "WordPress/6.7.2; https://dirata.co.il"
80.246.130.4 - - [24/Jun/2025:12:16:46 +0300] "GET /wp-admin/post-new.php?post_type=apartment HTTP/1.0" 200 583053 "https://dirata.co.il/wp-admin/post.php?post=651&action=edit" "Mozilla/5.0 (Windows NT 10.0; Win64; x64) AppleWebKit/537.36 (KHTML, like Gecko) Chrome/137.0.0.0 Safari/537.36"
80.246.130.4 - - [24/Jun/2025:12:16:46 +0300] "POST /wp-admin/admin-ajax.php HTTP/1.0" 200 675 "https://dirata.co.il/wp-admin/post.php?post=651&action=edit" "Mozilla/5.0 (Windows NT 10.0; Win64; x64) AppleWebKit/537.36 (KHTML, like Gecko) Chrome/137.0.0.0 Safari/537.36"
80.246.130.4 - - [24/Jun/2025:12:17:02 +0300] "POST /wp-admin/admin-ajax.php HTTP/1.0" 200 1133 "https://dirata.co.il/wp-admin/post-new.php?post_type=apartment" "Mozilla/5.0 (Windows NT 10.0; Win64; x64) AppleWebKit/537.36 (KHTML, like Gecko) Chrome/137.0.0.0 Safari/537.36"
35.198.151.205 - - [24/Jun/2025:12:17:02 +0300] "POST /wp-cron.php?doing_wp_cron=1750756622.4258930683135986328125 HTTP/1.0" 200 409 "-" "WordPress/6.7.2; https://dirata.co.il"
80.246.130.4 - - [24/Jun/2025:12:17:02 +0300] "POST /wp-admin/admin-ajax.php HTTP/1.0" 200 780 "https://dirata.co.il/wp-admin/post-new.php?post_type=apartment" "Mozilla/5.0 (Windows NT 10.0; Win64; x64) AppleWebKit/537.36 (KHTML, like Gecko) Chrome/137.0.0.0 Safari/537.36"
80.246.130.4 - - [24/Jun/2025:12:17:02 +0300] "POST /wp-admin/admin-ajax.php HTTP/1.0" 200 898 "https://dirata.co.il/wp-admin/post-new.php?post_type=apartment" "Mozilla/5.0 (Windows NT 10.0; Win64; x64) AppleWebKit/537.36 (KHTML, like Gecko) Chrome/137.0.0.0 Safari/537.36"
35.198.151.205 - - [24/Jun/2025:12:17:02 +0300] "POST /wp-admin/admin-ajax.php?action=async_litespeed&nonce=SwMysIdH20KF3Ax947CG5c7GXmVbWFzr&litespeed_type=imgoptm HTTP/1.0" 200 565 "-" "WordPress/6.7.2; https://dirata.co.il"
80.246.130.4 - - [24/Jun/2025:12:17:02 +0300] "POST /wp-admin/admin-ajax.php HTTP/1.0" 200 1187 "https://dirata.co.il/wp-admin/post-new.php?post_type=apartment" "Mozilla/5.0 (Windows NT 10.0; Win64; x64) AppleWebKit/537.36 (KHTML, like Gecko) Chrome/137.0.0.0 Safari/537.36"
80.246.130.4 - - [24/Jun/2025:12:17:15 +0300] "POST /wp-admin/admin-ajax.php HTTP/1.0" 200 780 "https://dirata.co.il/wp-admin/post-new.php?post_type=apartment" "Mozilla/5.0 (Windows NT 10.0; Win64; x64) AppleWebKit/537.36 (KHTML, like Gecko) Chrome/137.0.0.0 Safari/537.36"
80.246.130.4 - - [24/Jun/2025:12:17:18 +0300] "POST /wp-admin/admin-ajax.php HTTP/1.0" 200 1133 "https://dirata.co.il/wp-admin/post-new.php?post_type=apartment" "Mozilla/5.0 (Windows NT 10.0; Win64; x64) AppleWebKit/537.36 (KHTML, like Gecko) Chrome/137.0.0.0 Safari/537.36"
80.246.130.4 - - [24/Jun/2025:12:17:25 +0300] "POST /wp-admin/admin-ajax.php HTTP/1.0" 200 780 "https://dirata.co.il/wp-admin/post-new.php?post_type=apartment" "Mozilla/5.0 (Windows NT 10.0; Win64; x64) AppleWebKit/537.36 (KHTML, like Gecko) Chrome/137.0.0.0 Safari/537.36"
80.246.130.4 - - [24/Jun/2025:12:17:35 +0300] "POST /wp-admin/admin-ajax.php HTTP/1.0" 200 780 "https://dirata.co.il/wp-admin/post-new.php?post_type=apartment" "Mozilla/5.0 (Windows NT 10.0; Win64; x64) AppleWebKit/537.36 (KHTML, like Gecko) Chrome/137.0.0.0 Safari/537.36"
87.71.26.42 - - [24/Jun/2025:12:17:43 +0300] "POST /wp-admin/admin-ajax.php HTTP/1.0" 200 780 "https://dirata.co.il/wp-admin/post.php?post=81&action=edit" "Mozilla/5.0 (Windows NT 10.0; Win64; x64) AppleWebKit/537.36 (KHTML, like Gecko) Chrome/137.0.0.0 Safari/537.36"
80.246.130.4 - - [24/Jun/2025:12:17:45 +0300] "POST /wp-admin/admin-ajax.php HTTP/1.0" 200 780 "https://dirata.co.il/wp-admin/post-new.php?post_type=apartment" "Mozilla/5.0 (Windows NT 10.0; Win64; x64) AppleWebKit/537.36 (KHTML, like Gecko) Chrome/137.0.0.0 Safari/537.36"
35.198.151.205 - - [24/Jun/2025:12:17:56 +0300] "POST /wp-cron.php?doing_wp_cron=1750756676.1840751171112060546875 HTTP/1.0" 200 409 "-" "WordPress/6.7.2; https://dirata.co.il"
80.246.130.4 - - [24/Jun/2025:12:17:55 +0300] "POST /wp-admin/admin-ajax.php HTTP/1.0" 200 780 "https://dirata.co.il/wp-admin/post-new.php?post_type=apartment" "Mozilla/5.0 (Windows NT 10.0; Win64; x64) AppleWebKit/537.36 (KHTML, like Gecko) Chrome/137.0.0.0 Safari/537.36"
35.198.151.205 - - [24/Jun/2025:12:17:56 +0300] "POST /wp-admin/admin-ajax.php?action=async_litespeed&nonce=nbRwW5glGkVPaIvg5W2TPOAsB25We4S4&litespeed_type=imgoptm HTTP/1.0" 200 565 "-" "WordPress/6.7.2; https://dirata.co.il"
80.246.130.4 - - [24/Jun/2025:12:18:05 +0300] "POST /wp-admin/admin-ajax.php HTTP/1.0" 200 780 "https://dirata.co.il/wp-admin/post-new.php?post_type=apartment" "Mozilla/5.0 (Windows NT 10.0; Win64; x64) AppleWebKit/537.36 (KHTML, like Gecko) Chrome/137.0.0.0 Safari/537.36"
80.246.130.4 - - [24/Jun/2025:12:18:16 +0300] "POST /wp-admin/admin-ajax.php HTTP/1.0" 200 780 "https://dirata.co.il/wp-admin/post-new.php?post_type=apartment" "Mozilla/5.0 (Windows NT 10.0; Win64; x64) AppleWebKit/537.36 (KHTML, like Gecko) Chrome/137.0.0.0 Safari/537.36"
87.71.26.42 - - [24/Jun/2025:12:18:25 +0300] "POST /wp-admin/admin-ajax.php HTTP/1.0" 200 728 "https://dirata.co.il/wp-admin/edit.php?post_type=apartment" "Mozilla/5.0 (Windows NT 10.0; Win64; x64) AppleWebKit/537.36 (KHTML, like Gecko) Chrome/137.0.0.0 Safari/537.36"
80.246.130.4 - - [24/Jun/2025:12:18:26 +0300] "POST /wp-admin/admin-ajax.php HTTP/1.0" 200 780 "https://dirata.co.il/wp-admin/post-new.php?post_type=apartment" "Mozilla/5.0 (Windows NT 10.0; Win64; x64) AppleWebKit/537.36 (KHTML, like Gecko) Chrome/137.0.0.0 Safari/537.36"
80.246.130.4 - - [24/Jun/2025:12:18:28 +0300] "POST /wp-admin/admin-ajax.php HTTP/1.0" 200 727 "https://dirata.co.il/wp-admin/post-new.php?post_type=apartment&wp-post-new-reload=true" "Mozilla/5.0 (Windows NT 10.0; Win64; x64) AppleWebKit/537.36 (KHTML, like Gecko) Chrome/137.0.0.0 Safari/537.36"
80.246.130.4 - - [24/Jun/2025:12:18:28 +0300] "POST /wp-admin/post.php HTTP/1.0" 302 1163 "https://dirata.co.il/wp-admin/post-new.php?post_type=apartment&wp-post-new-reload=true&wp-post-new-reload=true" "Mozilla/5.0 (Windows NT 10.0; Win64; x64) AppleWebKit/537.36 (KHTML, like Gecko) Chrome/137.0.0.0 Safari/537.36"
80.246.130.4 - - [24/Jun/2025:12:18:29 +0300] "GET /wp-admin/post.php?post=652&action=edit&message=6 HTTP/1.0" 200 584720 "https://dirata.co.il/wp-admin/post-new.php?post_type=apartment&wp-post-new-reload=true&wp-post-new-reload=true" "Mozilla/5.0 (Windows NT 10.0; Win64; x64) AppleWebKit/537.36 (KHTML, like Gecko) Chrome/137.0.0.0 Safari/537.36"
80.246.130.4 - - [24/Jun/2025:12:18:31 +0300] "GET /wp-admin/admin-ajax.php?action=oembed-cache&post=652 HTTP/1.0" 200 584 "https://dirata.co.il/wp-admin/post.php?post=652&action=edit" "Mozilla/5.0 (Windows NT 10.0; Win64; x64) AppleWebKit/537.36 (KHTML, like Gecko) Chrome/137.0.0.0 Safari/537.36"
87.71.26.42 - - [24/Jun/2025:12:18:33 +0300] "GET / HTTP/1.0" 200 121725 "https://dirata.co.il/profile-page/?tab=publish" "Mozilla/5.0 (Windows NT 10.0; Win64; x64) AppleWebKit/537.36 (KHTML, like Gecko) Chrome/137.0.0.0 Safari/537.36"
87.71.26.42 - - [24/Jun/2025:12:18:34 +0300] "GET /wp-content/themes/dirata/assets/img/bodyImg.webp HTTP/1.0" 200 425 "https://dirata.co.il/wp-content/themes/dirata/style.css?ver=1.0.0" "Mozilla/5.0 (Windows NT 10.0; Win64; x64) AppleWebKit/537.36 (KHTML, like Gecko) Chrome/137.0.0.0 Safari/537.36"
80.246.130.4 - - [24/Jun/2025:12:18:44 +0300] "POST /wp-admin/admin-ajax.php HTTP/1.0" 200 780 "https://dirata.co.il/wp-admin/post.php?post=652&action=edit" "Mozilla/5.0 (Windows NT 10.0; Win64; x64) AppleWebKit/537.36 (KHTML, like Gecko) Chrome/137.0.0.0 Safari/537.36"
35.198.151.205 - - [24/Jun/2025:12:18:51 +0300] "POST /wp-cron.php?doing_wp_cron=1750756731.5103149414062500000000 HTTP/1.0" 200 409 "-" "WordPress/6.7.2; https://dirata.co.il"
87.71.26.42 - - [24/Jun/2025:12:18:51 +0300] "GET /apartments-search/ HTTP/1.0" 200 122035 "https://dirata.co.il/" "Mozilla/5.0 (Windows NT 10.0; Win64; x64) AppleWebKit/537.36 (KHTML, like Gecko) Chrome/137.0.0.0 Safari/537.36"
35.198.151.205 - - [24/Jun/2025:12:18:51 +0300] "POST /wp-admin/admin-ajax.php?action=async_litespeed&nonce=Ini4kin3G4utEhGJihEM3tYotI0DqDHL&litespeed_type=imgoptm HTTP/1.0" 200 565 "-" "WordPress/6.7.2; https://dirata.co.il"
87.71.26.42 - - [24/Jun/2025:12:18:52 +0300] "POST /wp-admin/admin-ajax.php HTTP/1.0" 200 11511 "https://dirata.co.il/apartments-search/" "Mozilla/5.0 (Windows NT 10.0; Win64; x64) AppleWebKit/537.36 (KHTML, like Gecko) Chrome/137.0.0.0 Safari/537.36"
87.71.26.42 - - [24/Jun/2025:12:18:53 +0300] "POST /wp-admin/admin-ajax.php HTTP/1.0" 200 56108 "https://dirata.co.il/apartments-search/" "Mozilla/5.0 (Windows NT 10.0; Win64; x64) AppleWebKit/537.36 (KHTML, like Gecko) Chrome/137.0.0.0 Safari/537.36"
87.71.26.42 - - [24/Jun/2025:12:18:53 +0300] "POST /wp-admin/admin-ajax.php HTTP/1.0" 200 56108 "https://dirata.co.il/apartments-search/" "Mozilla/5.0 (Windows NT 10.0; Win64; x64) AppleWebKit/537.36 (KHTML, like Gecko) Chrome/137.0.0.0 Safari/537.36"
87.71.26.42 - - [24/Jun/2025:12:18:54 +0300] "GET /wp-content/uploads/2025/06/apartment_image_6859359439adc.webp HTTP/1.0" 200 438 "https://dirata.co.il/apartments-search/" "Mozilla/5.0 (Windows NT 10.0; Win64; x64) AppleWebKit/537.36 (KHTML, like Gecko) Chrome/137.0.0.0 Safari/537.36"
87.71.26.42 - - [24/Jun/2025:12:18:54 +0300] "GET /wp-content/uploads/2025/06/apartment_image_685930c0ebb72.webp HTTP/1.0" 200 438 "https://dirata.co.il/apartments-search/" "Mozilla/5.0 (Windows NT 10.0; Win64; x64) AppleWebKit/537.36 (KHTML, like Gecko) Chrome/137.0.0.0 Safari/537.36"
87.71.26.42 - - [24/Jun/2025:12:18:54 +0300] "GET /wp-content/uploads/2025/06/apartment_image_68519bd924b7c-scaled.webp HTTP/1.0" 200 445 "https://dirata.co.il/apartments-search/" "Mozilla/5.0 (Windows NT 10.0; Win64; x64) AppleWebKit/537.36 (KHTML, like Gecko) Chrome/137.0.0.0 Safari/537.36"
87.71.26.42 - - [24/Jun/2025:12:18:54 +0300] "GET /wp-content/uploads/2025/06/apartment_image_685929e171b52-scaled.webp HTTP/1.0" 200 445 "https://dirata.co.il/apartments-search/" "Mozilla/5.0 (Windows NT 10.0; Win64; x64) AppleWebKit/537.36 (KHTML, like Gecko) Chrome/137.0.0.0 Safari/537.36"
