35.198.151.205 - - [23/Jun/2025:10:36:44 +0300] "POST /wp-cron.php?doing_wp_cron=1750664204.7507491111755371093750 HTTP/1.0" 200 409 "-" "WordPress/6.7.2; https://dirata.co.il"
147.235.211.84 - - [23/Jun/2025:10:36:39 +0300] "GET /apartments-search/ HTTP/1.0" 200 122361 "https://dirata.co.il/apartments-search/" "Mozilla/5.0 (Windows NT 10.0; Win64; x64) AppleWebKit/537.36 (KHTML, like Gecko) Chrome/137.0.0.0 Safari/537.36"
35.198.151.205 - - [23/Jun/2025:10:36:45 +0300] "POST /wp-admin/admin-ajax.php?action=async_litespeed&nonce=996c4KslMfgF9xObhTzUlxUkhpZjfFMF&litespeed_type=imgoptm HTTP/1.0" 200 565 "-" "WordPress/6.7.2; https://dirata.co.il"
147.235.211.84 - - [23/Jun/2025:10:36:46 +0300] "GET /wp-content/uploads/2025/06/apartment_image_685811559d785.webp HTTP/1.0" 200 438 "https://dirata.co.il/apartments-search/" "Mozilla/5.0 (Windows NT 10.0; Win64; x64) AppleWebKit/537.36 (KHTML, like Gecko) Chrome/137.0.0.0 Safari/537.36"
147.235.211.84 - - [23/Jun/2025:10:36:48 +0300] "GET /wp-content/themes/dirata/assets/img/bodyImg.webp HTTP/1.0" 200 425 "https://dirata.co.il/wp-content/themes/dirata/style.css?ver=1.0.0" "Mozilla/5.0 (Windows NT 10.0; Win64; x64) AppleWebKit/537.36 (KHTML, like Gecko) Chrome/137.0.0.0 Safari/537.36"
147.235.211.84 - - [23/Jun/2025:10:36:48 +0300] "POST /wp-admin/admin-ajax.php HTTP/1.0" 200 13173 "https://dirata.co.il/apartments-search/" "Mozilla/5.0 (Windows NT 10.0; Win64; x64) AppleWebKit/537.36 (KHTML, like Gecko) Chrome/137.0.0.0 Safari/537.36"
35.198.151.205 - - [23/Jun/2025:10:40:27 +0300] "POST /wp-cron.php?doing_wp_cron=1750664427.1998269557952880859375 HTTP/1.0" 200 409 "-" "WordPress/6.7.2; https://dirata.co.il"
173.252.87.2 - - [23/Jun/2025:10:40:27 +0300] "GET /index.php HTTP/1.0" 301 463 "-" "facebookexternalhit/1.1 (+http://www.facebook.com/externalhit_uatext.php)"
35.198.151.205 - - [23/Jun/2025:10:40:27 +0300] "POST /wp-admin/admin-ajax.php?action=async_litespeed&nonce=YOVQUnPwFYc9DHrlKUdaZ5GN55nCN9SC&litespeed_type=imgoptm HTTP/1.0" 200 565 "-" "WordPress/6.7.2; https://dirata.co.il"
173.252.87.2 - - [23/Jun/2025:10:40:27 +0300] "GET / HTTP/1.0" 200 122338 "-" "facebookexternalhit/1.1 (+http://www.facebook.com/externalhit_uatext.php)"
81.5.60.51 - - [23/Jun/2025:10:41:16 +0300] "GET /wp-admin HTTP/1.0" 301 647 "-" "Mozilla/5.0 (Windows NT 10.0; Win64; x64) AppleWebKit/537.36 (KHTML, like Gecko) Chrome/137.0.0.0 Safari/537.36"
35.198.151.205 - - [23/Jun/2025:10:41:16 +0300] "POST /wp-cron.php?doing_wp_cron=1750664476.5850150585174560546875 HTTP/1.0" 200 409 "-" "WordPress/6.7.2; https://dirata.co.il"
81.5.60.51 - - [23/Jun/2025:10:41:16 +0300] "GET /wp-admin/ HTTP/1.0" 302 550 "-" "Mozilla/5.0 (Windows NT 10.0; Win64; x64) AppleWebKit/537.36 (KHTML, like Gecko) Chrome/137.0.0.0 Safari/537.36"
81.5.60.51 - - [23/Jun/2025:10:41:16 +0300] "GET /login/?redirect_to=https%3A%2F%2Fdirata.co.il%2Fwp-admin%2F HTTP/1.0" 200 34540 "-" "Mozilla/5.0 (Windows NT 10.0; Win64; x64) AppleWebKit/537.36 (KHTML, like Gecko) Chrome/137.0.0.0 Safari/537.36"
35.198.151.205 - - [23/Jun/2025:10:41:16 +0300] "POST /wp-admin/admin-ajax.php?action=async_litespeed&nonce=bxiAhXKsiVVtox5xNELhWXdIOaNayKIN&litespeed_type=imgoptm HTTP/1.0" 200 565 "-" "WordPress/6.7.2; https://dirata.co.il"
81.5.60.51 - - [23/Jun/2025:10:41:18 +0300] "GET /wp-content/themes/dirata/assets/img/bodyImg.webp HTTP/1.0" 200 425 "https://dirata.co.il/wp-content/themes/dirata/style.css?ver=1.0.0" "Mozilla/5.0 (Windows NT 10.0; Win64; x64) AppleWebKit/537.36 (KHTML, like Gecko) Chrome/137.0.0.0 Safari/537.36"
81.5.60.51 - - [23/Jun/2025:10:41:18 +0300] "GET / HTTP/1.0" 200 122285 "-" "Mozilla/5.0 (Windows NT 10.0; Win64; x64) AppleWebKit/537.36 (KHTML, like Gecko) Chrome/137.0.0.0 Safari/537.36"
81.5.60.51 - - [23/Jun/2025:10:41:18 +0300] "GET /wp-content/uploads/2025/06/apartment_image_685811559d785.webp HTTP/1.0" 200 438 "https://dirata.co.il/" "Mozilla/5.0 (Windows NT 10.0; Win64; x64) AppleWebKit/537.36 (KHTML, like Gecko) Chrome/137.0.0.0 Safari/537.36"
81.5.60.51 - - [23/Jun/2025:10:41:20 +0300] "GET /apartments-search/ HTTP/1.0" 200 122361 "https://dirata.co.il/" "Mozilla/5.0 (Windows NT 10.0; Win64; x64) AppleWebKit/537.36 (KHTML, like Gecko) Chrome/137.0.0.0 Safari/537.36"
81.5.60.51 - - [23/Jun/2025:10:41:21 +0300] "POST /wp-admin/admin-ajax.php HTTP/1.0" 200 13173 "https://dirata.co.il/apartments-search/" "Mozilla/5.0 (Windows NT 10.0; Win64; x64) AppleWebKit/537.36 (KHTML, like Gecko) Chrome/137.0.0.0 Safari/537.36"
81.5.60.51 - - [23/Jun/2025:10:41:23 +0300] "POST /wp-admin/admin-ajax.php HTTP/1.0" 200 56394 "https://dirata.co.il/apartments-search/" "Mozilla/5.0 (Windows NT 10.0; Win64; x64) AppleWebKit/537.36 (KHTML, like Gecko) Chrome/137.0.0.0 Safari/537.36"
81.5.60.51 - - [23/Jun/2025:10:41:23 +0300] "POST /wp-admin/admin-ajax.php HTTP/1.0" 200 56394 "https://dirata.co.il/apartments-search/" "Mozilla/5.0 (Windows NT 10.0; Win64; x64) AppleWebKit/537.36 (KHTML, like Gecko) Chrome/137.0.0.0 Safari/537.36"
81.5.60.51 - - [23/Jun/2025:10:41:23 +0300] "GET /wp-content/uploads/2025/06/apartment_image_68519d087de27.webp HTTP/1.0" 200 438 "https://dirata.co.il/apartments-search/" "Mozilla/5.0 (Windows NT 10.0; Win64; x64) AppleWebKit/537.36 (KHTML, like Gecko) Chrome/137.0.0.0 Safari/537.36"
81.5.60.51 - - [23/Jun/2025:10:41:23 +0300] "GET /wp-content/uploads/2025/06/apartment_image_68519bd924b7c-scaled.webp HTTP/1.0" 200 445 "https://dirata.co.il/apartments-search/" "Mozilla/5.0 (Windows NT 10.0; Win64; x64) AppleWebKit/537.36 (KHTML, like Gecko) Chrome/137.0.0.0 Safari/537.36"
81.5.60.51 - - [23/Jun/2025:10:41:23 +0300] "GET /wp-content/uploads/2025/06/apartment_image_685193f2a01d3.webp HTTP/1.0" 200 438 "https://dirata.co.il/apartments-search/" "Mozilla/5.0 (Windows NT 10.0; Win64; x64) AppleWebKit/537.36 (KHTML, like Gecko) Chrome/137.0.0.0 Safari/537.36"
81.5.60.51 - - [23/Jun/2025:10:41:23 +0300] "GET /wp-content/uploads/2025/06/apartment_image_685198543cc84.webp HTTP/1.0" 200 438 "https://dirata.co.il/apartments-search/" "Mozilla/5.0 (Windows NT 10.0; Win64; x64) AppleWebKit/537.36 (KHTML, like Gecko) Chrome/137.0.0.0 Safari/537.36"
81.5.60.51 - - [23/Jun/2025:10:41:23 +0300] "GET /wp-content/uploads/2025/06/apartment_image_685190106d369.webp HTTP/1.0" 200 438 "https://dirata.co.il/apartments-search/" "Mozilla/5.0 (Windows NT 10.0; Win64; x64) AppleWebKit/537.36 (KHTML, like Gecko) Chrome/137.0.0.0 Safari/537.36"
81.5.60.51 - - [23/Jun/2025:10:41:25 +0300] "POST /wp-admin/admin-ajax.php HTTP/1.0" 200 56394 "https://dirata.co.il/apartments-search/" "Mozilla/5.0 (Windows NT 10.0; Win64; x64) AppleWebKit/537.36 (KHTML, like Gecko) Chrome/137.0.0.0 Safari/537.36"
81.5.60.51 - - [23/Jun/2025:10:41:26 +0300] "POST /wp-admin/admin-ajax.php HTTP/1.0" 200 56394 "https://dirata.co.il/apartments-search/" "Mozilla/5.0 (Windows NT 10.0; Win64; x64) AppleWebKit/537.36 (KHTML, like Gecko) Chrome/137.0.0.0 Safari/537.36"
81.5.60.51 - - [23/Jun/2025:10:41:26 +0300] "POST /wp-admin/admin-ajax.php HTTP/1.0" 200 56394 "https://dirata.co.il/apartments-search/" "Mozilla/5.0 (Windows NT 10.0; Win64; x64) AppleWebKit/537.36 (KHTML, like Gecko) Chrome/137.0.0.0 Safari/537.36"
81.5.60.51 - - [23/Jun/2025:10:41:28 +0300] "POST /wp-admin/admin-ajax.php HTTP/1.0" 200 56394 "https://dirata.co.il/apartments-search/" "Mozilla/5.0 (Windows NT 10.0; Win64; x64) AppleWebKit/537.36 (KHTML, like Gecko) Chrome/137.0.0.0 Safari/537.36"
81.5.60.51 - - [23/Jun/2025:10:41:28 +0300] "POST /wp-admin/admin-ajax.php HTTP/1.0" 200 56394 "https://dirata.co.il/apartments-search/" "Mozilla/5.0 (Windows NT 10.0; Win64; x64) AppleWebKit/537.36 (KHTML, like Gecko) Chrome/137.0.0.0 Safari/537.36"
81.5.60.51 - - [23/Jun/2025:10:41:29 +0300] "POST /wp-admin/admin-ajax.php HTTP/1.0" 200 56394 "https://dirata.co.il/apartments-search/" "Mozilla/5.0 (Windows NT 10.0; Win64; x64) AppleWebKit/537.36 (KHTML, like Gecko) Chrome/137.0.0.0 Safari/537.36"
81.5.60.51 - - [23/Jun/2025:10:41:30 +0300] "POST /wp-admin/admin-ajax.php HTTP/1.0" 200 56394 "https://dirata.co.il/apartments-search/" "Mozilla/5.0 (Windows NT 10.0; Win64; x64) AppleWebKit/537.36 (KHTML, like Gecko) Chrome/137.0.0.0 Safari/537.36"
81.5.60.51 - - [23/Jun/2025:10:41:30 +0300] "POST /wp-admin/admin-ajax.php HTTP/1.0" 200 56394 "https://dirata.co.il/apartments-search/" "Mozilla/5.0 (Windows NT 10.0; Win64; x64) AppleWebKit/537.36 (KHTML, like Gecko) Chrome/137.0.0.0 Safari/537.36"
81.5.60.51 - - [23/Jun/2025:10:41:31 +0300] "POST /wp-admin/admin-ajax.php HTTP/1.0" 200 56394 "https://dirata.co.il/apartments-search/" "Mozilla/5.0 (Windows NT 10.0; Win64; x64) AppleWebKit/537.36 (KHTML, like Gecko) Chrome/137.0.0.0 Safari/537.36"
81.5.60.51 - - [23/Jun/2025:10:41:32 +0300] "POST /wp-admin/admin-ajax.php HTTP/1.0" 200 56394 "https://dirata.co.il/apartments-search/" "Mozilla/5.0 (Windows NT 10.0; Win64; x64) AppleWebKit/537.36 (KHTML, like Gecko) Chrome/137.0.0.0 Safari/537.36"
81.5.60.51 - - [23/Jun/2025:10:41:33 +0300] "POST /wp-admin/admin-ajax.php HTTP/1.0" 200 56394 "https://dirata.co.il/apartments-search/" "Mozilla/5.0 (Windows NT 10.0; Win64; x64) AppleWebKit/537.36 (KHTML, like Gecko) Chrome/137.0.0.0 Safari/537.36"
81.5.60.51 - - [23/Jun/2025:10:41:36 +0300] "POST /wp-admin/admin-ajax.php HTTP/1.0" 200 56394 "https://dirata.co.il/apartments-search/" "Mozilla/5.0 (Windows NT 10.0; Win64; x64) AppleWebKit/537.36 (KHTML, like Gecko) Chrome/137.0.0.0 Safari/537.36"
81.5.60.51 - - [23/Jun/2025:10:41:36 +0300] "POST /wp-admin/admin-ajax.php HTTP/1.0" 200 56394 "https://dirata.co.il/apartments-search/" "Mozilla/5.0 (Windows NT 10.0; Win64; x64) AppleWebKit/537.36 (KHTML, like Gecko) Chrome/137.0.0.0 Safari/537.36"
81.5.60.51 - - [23/Jun/2025:10:41:36 +0300] "POST /wp-admin/admin-ajax.php HTTP/1.0" 200 56394 "https://dirata.co.il/apartments-search/" "Mozilla/5.0 (Windows NT 10.0; Win64; x64) AppleWebKit/537.36 (KHTML, like Gecko) Chrome/137.0.0.0 Safari/537.36"
81.5.60.51 - - [23/Jun/2025:10:41:36 +0300] "POST /wp-admin/admin-ajax.php HTTP/1.0" 200 56394 "https://dirata.co.il/apartments-search/" "Mozilla/5.0 (Windows NT 10.0; Win64; x64) AppleWebKit/537.36 (KHTML, like Gecko) Chrome/137.0.0.0 Safari/537.36"
81.5.60.51 - - [23/Jun/2025:10:41:38 +0300] "POST /wp-admin/admin-ajax.php HTTP/1.0" 200 56232 "https://dirata.co.il/apartments-search/" "Mozilla/5.0 (Windows NT 10.0; Win64; x64) AppleWebKit/537.36 (KHTML, like Gecko) Chrome/137.0.0.0 Safari/537.36"
81.5.60.51 - - [23/Jun/2025:10:41:38 +0300] "POST /wp-admin/admin-ajax.php HTTP/1.0" 200 56232 "https://dirata.co.il/apartments-search/" "Mozilla/5.0 (Windows NT 10.0; Win64; x64) AppleWebKit/537.36 (KHTML, like Gecko) Chrome/137.0.0.0 Safari/537.36"
81.5.60.51 - - [23/Jun/2025:10:41:39 +0300] "GET /wp-content/uploads/2025/06/apartment_image_6851881b724c8.webp HTTP/1.0" 200 438 "https://dirata.co.il/apartments-search/" "Mozilla/5.0 (Windows NT 10.0; Win64; x64) AppleWebKit/537.36 (KHTML, like Gecko) Chrome/137.0.0.0 Safari/537.36"
81.5.60.51 - - [23/Jun/2025:10:41:39 +0300] "GET /wp-content/uploads/2025/06/apartment_image_684e86f895bfb.webp HTTP/1.0" 200 438 "https://dirata.co.il/apartments-search/" "Mozilla/5.0 (Windows NT 10.0; Win64; x64) AppleWebKit/537.36 (KHTML, like Gecko) Chrome/137.0.0.0 Safari/537.36"
81.5.60.51 - - [23/Jun/2025:10:41:39 +0300] "GET /wp-content/uploads/2025/06/apartment_image_683ef7fca8198.webp HTTP/1.0" 200 438 "https://dirata.co.il/apartments-search/" "Mozilla/5.0 (Windows NT 10.0; Win64; x64) AppleWebKit/537.36 (KHTML, like Gecko) Chrome/137.0.0.0 Safari/537.36"
81.5.60.51 - - [23/Jun/2025:10:41:39 +0300] "POST /wp-admin/admin-ajax.php HTTP/1.0" 200 56508 "https://dirata.co.il/apartments-search/" "Mozilla/5.0 (Windows NT 10.0; Win64; x64) AppleWebKit/537.36 (KHTML, like Gecko) Chrome/137.0.0.0 Safari/537.36"
81.5.60.51 - - [23/Jun/2025:10:41:39 +0300] "POST /wp-admin/admin-ajax.php HTTP/1.0" 200 56508 "https://dirata.co.il/apartments-search/" "Mozilla/5.0 (Windows NT 10.0; Win64; x64) AppleWebKit/537.36 (KHTML, like Gecko) Chrome/137.0.0.0 Safari/537.36"
81.5.60.51 - - [23/Jun/2025:10:41:39 +0300] "GET /wp-content/uploads/2025/05/modern-luxury-apartment-with-elegant-home-decor-generated-by-ai-scaled.webp HTTP/1.0" 200 479 "https://dirata.co.il/apartments-search/" "Mozilla/5.0 (Windows NT 10.0; Win64; x64) AppleWebKit/537.36 (KHTML, like Gecko) Chrome/137.0.0.0 Safari/537.36"
81.5.60.51 - - [23/Jun/2025:10:41:39 +0300] "GET /wp-content/uploads/2025/05/apartment_image_683314ac056bc.webp HTTP/1.0" 200 438 "https://dirata.co.il/apartments-search/" "Mozilla/5.0 (Windows NT 10.0; Win64; x64) AppleWebKit/537.36 (KHTML, like Gecko) Chrome/137.0.0.0 Safari/537.36"
81.5.60.51 - - [23/Jun/2025:10:41:39 +0300] "POST /wp-admin/admin-ajax.php HTTP/1.0" 200 34289 "https://dirata.co.il/apartments-search/" "Mozilla/5.0 (Windows NT 10.0; Win64; x64) AppleWebKit/537.36 (KHTML, like Gecko) Chrome/137.0.0.0 Safari/537.36"
81.5.60.51 - - [23/Jun/2025:10:41:40 +0300] "POST /wp-admin/admin-ajax.php HTTP/1.0" 200 28430 "https://dirata.co.il/apartments-search/" "Mozilla/5.0 (Windows NT 10.0; Win64; x64) AppleWebKit/537.36 (KHTML, like Gecko) Chrome/137.0.0.0 Safari/537.36"
81.5.60.51 - - [23/Jun/2025:10:41:40 +0300] "POST /wp-admin/admin-ajax.php HTTP/1.0" 200 28430 "https://dirata.co.il/apartments-search/" "Mozilla/5.0 (Windows NT 10.0; Win64; x64) AppleWebKit/537.36 (KHTML, like Gecko) Chrome/137.0.0.0 Safari/537.36"
81.5.60.51 - - [23/Jun/2025:10:41:44 +0300] "POST /wp-admin/admin-ajax.php HTTP/1.0" 200 40139 "https://dirata.co.il/apartments-search/" "Mozilla/5.0 (Windows NT 10.0; Win64; x64) AppleWebKit/537.36 (KHTML, like Gecko) Chrome/137.0.0.0 Safari/537.36"
81.5.60.51 - - [23/Jun/2025:10:41:44 +0300] "POST /wp-admin/admin-ajax.php HTTP/1.0" 200 40139 "https://dirata.co.il/apartments-search/" "Mozilla/5.0 (Windows NT 10.0; Win64; x64) AppleWebKit/537.36 (KHTML, like Gecko) Chrome/137.0.0.0 Safari/537.36"
35.198.151.205 - - [23/Jun/2025:10:41:45 +0300] "POST /wp-cron.php?doing_wp_cron=1750664505.2865149974822998046875 HTTP/1.0" 200 409 "-" "WordPress/6.7.2; https://dirata.co.il"
81.5.60.51 - - [23/Jun/2025:10:41:45 +0300] "POST /wp-admin/admin-ajax.php HTTP/1.0" 200 56452 "https://dirata.co.il/apartments-search/" "Mozilla/5.0 (Windows NT 10.0; Win64; x64) AppleWebKit/537.36 (KHTML, like Gecko) Chrome/137.0.0.0 Safari/537.36"
81.5.60.51 - - [23/Jun/2025:10:41:45 +0300] "GET /wp-content/uploads/2025/05/apartment_image_6833159a7641d-scaled.webp HTTP/1.0" 200 445 "https://dirata.co.il/apartments-search/" "Mozilla/5.0 (Windows NT 10.0; Win64; x64) AppleWebKit/537.36 (KHTML, like Gecko) Chrome/137.0.0.0 Safari/537.36"
81.5.60.51 - - [23/Jun/2025:10:41:45 +0300] "POST /wp-admin/admin-ajax.php HTTP/1.0" 200 56074 "https://dirata.co.il/apartments-search/" "Mozilla/5.0 (Windows NT 10.0; Win64; x64) AppleWebKit/537.36 (KHTML, like Gecko) Chrome/137.0.0.0 Safari/537.36"
81.5.60.51 - - [23/Jun/2025:10:41:46 +0300] "POST /wp-admin/admin-ajax.php HTTP/1.0" 200 46136 "https://dirata.co.il/apartments-search/" "Mozilla/5.0 (Windows NT 10.0; Win64; x64) AppleWebKit/537.36 (KHTML, like Gecko) Chrome/137.0.0.0 Safari/537.36"
81.5.60.51 - - [23/Jun/2025:10:41:46 +0300] "POST /wp-admin/admin-ajax.php HTTP/1.0" 200 46136 "https://dirata.co.il/apartments-search/" "Mozilla/5.0 (Windows NT 10.0; Win64; x64) AppleWebKit/537.36 (KHTML, like Gecko) Chrome/137.0.0.0 Safari/537.36"
81.5.60.51 - - [23/Jun/2025:10:41:46 +0300] "GET /wp-content/uploads/2025/05/modern-living-room-with-large-windows-overlooking-city-skyline-night-scaled.webp HTTP/1.0" 200 484 "https://dirata.co.il/apartments-search/" "Mozilla/5.0 (Windows NT 10.0; Win64; x64) AppleWebKit/537.36 (KHTML, like Gecko) Chrome/137.0.0.0 Safari/537.36"
81.5.60.51 - - [23/Jun/2025:10:41:46 +0300] "GET /wp-content/uploads/2025/05/modern-high-rise-buildings-white-background-with-clipping-path-scaled.webp HTTP/1.0" 200 478 "https://dirata.co.il/apartments-search/" "Mozilla/5.0 (Windows NT 10.0; Win64; x64) AppleWebKit/537.36 (KHTML, like Gecko) Chrome/137.0.0.0 Safari/537.36"
81.5.60.51 - - [23/Jun/2025:10:41:46 +0300] "GET /wp-content/uploads/2025/05/sunset-illuminates-modern-beijing-skyline-steel-skyscrapers-reflect-generated-by-ai-scaled.webp HTTP/1.0" 200 499 "https://dirata.co.il/apartments-search/" "Mozilla/5.0 (Windows NT 10.0; Win64; x64) AppleWebKit/537.36 (KHTML, like Gecko) Chrome/137.0.0.0 Safari/537.36"
81.5.60.51 - - [23/Jun/2025:10:41:46 +0300] "GET /wp-content/uploads/2025/05/apartment_image_681ca1d194f99.webp HTTP/1.0" 200 438 "https://dirata.co.il/apartments-search/" "Mozilla/5.0 (Windows NT 10.0; Win64; x64) AppleWebKit/537.36 (KHTML, like Gecko) Chrome/137.0.0.0 Safari/537.36"
81.5.60.51 - - [23/Jun/2025:10:41:47 +0300] "POST /wp-admin/admin-ajax.php HTTP/1.0" 200 29169 "https://dirata.co.il/apartments-search/" "Mozilla/5.0 (Windows NT 10.0; Win64; x64) AppleWebKit/537.36 (KHTML, like Gecko) Chrome/137.0.0.0 Safari/537.36"
81.5.60.51 - - [23/Jun/2025:10:41:47 +0300] "POST /wp-admin/admin-ajax.php HTTP/1.0" 200 29169 "https://dirata.co.il/apartments-search/" "Mozilla/5.0 (Windows NT 10.0; Win64; x64) AppleWebKit/537.36 (KHTML, like Gecko) Chrome/137.0.0.0 Safari/537.36"
81.5.60.51 - - [23/Jun/2025:10:41:47 +0300] "POST /wp-admin/admin-ajax.php HTTP/1.0" 200 29169 "https://dirata.co.il/apartments-search/" "Mozilla/5.0 (Windows NT 10.0; Win64; x64) AppleWebKit/537.36 (KHTML, like Gecko) Chrome/137.0.0.0 Safari/537.36"
81.5.60.51 - - [23/Jun/2025:10:41:47 +0300] "POST /wp-admin/admin-ajax.php HTTP/1.0" 200 29169 "https://dirata.co.il/apartments-search/" "Mozilla/5.0 (Windows NT 10.0; Win64; x64) AppleWebKit/537.36 (KHTML, like Gecko) Chrome/137.0.0.0 Safari/537.36"
81.5.60.51 - - [23/Jun/2025:10:41:53 +0300] "POST /wp-admin/admin-ajax.php HTTP/1.0" 200 57010 "https://dirata.co.il/apartments-search/" "Mozilla/5.0 (Windows NT 10.0; Win64; x64) AppleWebKit/537.36 (KHTML, like Gecko) Chrome/137.0.0.0 Safari/537.36"
35.198.151.205 - - [23/Jun/2025:10:41:53 +0300] "POST /wp-cron.php?doing_wp_cron=1750664513.3516790866851806640625 HTTP/1.0" 200 409 "-" "WordPress/6.7.2; https://dirata.co.il"
81.5.60.51 - - [23/Jun/2025:10:41:53 +0300] "POST /wp-admin/admin-ajax.php HTTP/1.0" 200 57010 "https://dirata.co.il/apartments-search/" "Mozilla/5.0 (Windows NT 10.0; Win64; x64) AppleWebKit/537.36 (KHTML, like Gecko) Chrome/137.0.0.0 Safari/537.36"
81.5.60.51 - - [23/Jun/2025:10:41:53 +0300] "GET /wp-content/uploads/2025/05/vibrant-modern-new-york-city-skyline-dusk-scaled.webp HTTP/1.0" 200 457 "https://dirata.co.il/apartments-search/" "Mozilla/5.0 (Windows NT 10.0; Win64; x64) AppleWebKit/537.36 (KHTML, like Gecko) Chrome/137.0.0.0 Safari/537.36"
81.5.60.51 - - [23/Jun/2025:10:41:53 +0300] "GET /wp-content/uploads/2025/05/building-is-tallest-city-scaled.webp HTTP/1.0" 200 440 "https://dirata.co.il/apartments-search/" "Mozilla/5.0 (Windows NT 10.0; Win64; x64) AppleWebKit/537.36 (KHTML, like Gecko) Chrome/137.0.0.0 Safari/537.36"
35.198.151.205 - - [23/Jun/2025:10:41:53 +0300] "POST /wp-admin/admin-ajax.php?action=async_litespeed&nonce=ZU7SNhu4KPN8OznlYlGy9A3Jj4QWRY5i&litespeed_type=imgoptm HTTP/1.0" 200 565 "-" "WordPress/6.7.2; https://dirata.co.il"
81.5.60.51 - - [23/Jun/2025:10:41:54 +0300] "POST /wp-admin/admin-ajax.php HTTP/1.0" 200 56773 "https://dirata.co.il/apartments-search/" "Mozilla/5.0 (Windows NT 10.0; Win64; x64) AppleWebKit/537.36 (KHTML, like Gecko) Chrome/137.0.0.0 Safari/537.36"
81.5.60.51 - - [23/Jun/2025:10:41:54 +0300] "GET /wp-content/uploads/2025/05/view-city-with-apartment-buildings-green-vegetation-scaled.webp HTTP/1.0" 200 467 "https://dirata.co.il/apartments-search/" "Mozilla/5.0 (Windows NT 10.0; Win64; x64) AppleWebKit/537.36 (KHTML, like Gecko) Chrome/137.0.0.0 Safari/537.36"
81.5.60.51 - - [23/Jun/2025:10:41:55 +0300] "POST /wp-admin/admin-ajax.php HTTP/1.0" 200 56611 "https://dirata.co.il/apartments-search/" "Mozilla/5.0 (Windows NT 10.0; Win64; x64) AppleWebKit/537.36 (KHTML, like Gecko) Chrome/137.0.0.0 Safari/537.36"
81.5.60.51 - - [23/Jun/2025:10:41:56 +0300] "POST /wp-admin/admin-ajax.php HTTP/1.0" 200 56963 "https://dirata.co.il/apartments-search/" "Mozilla/5.0 (Windows NT 10.0; Win64; x64) AppleWebKit/537.36 (KHTML, like Gecko) Chrome/137.0.0.0 Safari/537.36"
81.5.60.51 - - [23/Jun/2025:10:41:56 +0300] "POST /wp-admin/admin-ajax.php HTTP/1.0" 200 56963 "https://dirata.co.il/apartments-search/" "Mozilla/5.0 (Windows NT 10.0; Win64; x64) AppleWebKit/537.36 (KHTML, like Gecko) Chrome/137.0.0.0 Safari/537.36"
81.5.60.51 - - [23/Jun/2025:10:41:56 +0300] "GET /wp-content/uploads/2025/05/modern-apartment-with-beautiful-furniture-wide-window-scaled.webp HTTP/1.0" 200 469 "https://dirata.co.il/apartments-search/" "Mozilla/5.0 (Windows NT 10.0; Win64; x64) AppleWebKit/537.36 (KHTML, like Gecko) Chrome/137.0.0.0 Safari/537.36"
81.5.60.51 - - [23/Jun/2025:10:41:56 +0300] "GET /wp-content/uploads/2025/05/beautiful-kitchen-interior-design-scaled.webp HTTP/1.0" 200 449 "https://dirata.co.il/apartments-search/" "Mozilla/5.0 (Windows NT 10.0; Win64; x64) AppleWebKit/537.36 (KHTML, like Gecko) Chrome/137.0.0.0 Safari/537.36"
81.5.60.51 - - [23/Jun/2025:10:41:56 +0300] "POST /wp-admin/admin-ajax.php HTTP/1.0" 200 56720 "https://dirata.co.il/apartments-search/" "Mozilla/5.0 (Windows NT 10.0; Win64; x64) AppleWebKit/537.36 (KHTML, like Gecko) Chrome/137.0.0.0 Safari/537.36"
81.5.60.51 - - [23/Jun/2025:10:41:57 +0300] "POST /wp-admin/admin-ajax.php HTTP/1.0" 200 56720 "https://dirata.co.il/apartments-search/" "Mozilla/5.0 (Windows NT 10.0; Win64; x64) AppleWebKit/537.36 (KHTML, like Gecko) Chrome/137.0.0.0 Safari/537.36"
81.5.60.51 - - [23/Jun/2025:10:41:57 +0300] "POST /wp-admin/admin-ajax.php HTTP/1.0" 200 56720 "https://dirata.co.il/apartments-search/" "Mozilla/5.0 (Windows NT 10.0; Win64; x64) AppleWebKit/537.36 (KHTML, like Gecko) Chrome/137.0.0.0 Safari/537.36"
35.198.151.205 - - [23/Jun/2025:10:46:01 +0300] "POST /wp-cron.php?doing_wp_cron=1750664761.2697169780731201171875 HTTP/1.0" 200 409 "-" "WordPress/6.7.2; https://dirata.co.il"
173.252.87.10 - - [23/Jun/2025:10:46:01 +0300] "GET /index.php HTTP/1.0" 301 463 "-" "facebookexternalhit/1.1 (+http://www.facebook.com/externalhit_uatext.php)"
35.198.151.205 - - [23/Jun/2025:10:46:01 +0300] "POST /wp-admin/admin-ajax.php?action=async_litespeed&nonce=kdKwvCt3pEjYh4uMoE4A0TJzYanzLsZC&litespeed_type=imgoptm HTTP/1.0" 200 565 "-" "WordPress/6.7.2; https://dirata.co.il"
173.252.87.10 - - [23/Jun/2025:10:46:01 +0300] "GET / HTTP/1.0" 200 122338 "-" "facebookexternalhit/1.1 (+http://www.facebook.com/externalhit_uatext.php)"
35.198.151.205 - - [23/Jun/2025:10:56:09 +0300] "POST /wp-cron.php?doing_wp_cron=1750665369.4320259094238281250000 HTTP/1.0" 200 409 "-" "WordPress/6.7.2; https://dirata.co.il"
66.249.79.193 - - [23/Jun/2025:10:56:07 +0300] "GET /apartments/%D7%A9%D7%97%D7%9C-%D7%91%D7%A0%D7%99-%D7%91%D7%A8%D7%A7/ HTTP/1.0" 404 30836 "-" "Mozilla/5.0 (Linux; Android 6.0.1; Nexus 5X Build/MMB29P) AppleWebKit/537.36 (KHTML, like Gecko) Chrome/137.0.7151.103 Mobile Safari/537.36 (compatible; Googlebot/2.1; +http://www.google.com/bot.html)"
35.198.151.205 - - [23/Jun/2025:10:56:09 +0300] "POST /wp-admin/admin-ajax.php?action=async_litespeed&nonce=a8L7VgVhlW3qCWAuD1LIKAk85bqToc9V&litespeed_type=imgoptm HTTP/1.0" 200 565 "-" "WordPress/6.7.2; https://dirata.co.il"
35.198.151.205 - - [23/Jun/2025:11:37:46 +0300] "POST /wp-cron.php?doing_wp_cron=1750667866.1852540969848632812500 HTTP/1.0" 200 409 "-" "WordPress/6.7.2; https://dirata.co.il"
35.198.151.205 - - [23/Jun/2025:11:37:46 +0300] "POST /wp-cron.php?doing_wp_cron=1750667866.1852629184722900390625 HTTP/1.0" 200 409 "-" "WordPress/6.7.2; https://dirata.co.il"
147.235.211.84 - - [23/Jun/2025:11:37:43 +0300] "POST /wp-admin/admin-ajax.php HTTP/1.0" 200 56394 "https://dirata.co.il/apartments-search/" "Mozilla/5.0 (Windows NT 10.0; Win64; x64) AppleWebKit/537.36 (KHTML, like Gecko) Chrome/137.0.0.0 Safari/537.36"
147.235.211.84 - - [23/Jun/2025:11:37:43 +0300] "POST /wp-admin/admin-ajax.php HTTP/1.0" 200 56394 "https://dirata.co.il/apartments-search/" "Mozilla/5.0 (Windows NT 10.0; Win64; x64) AppleWebKit/537.36 (KHTML, like Gecko) Chrome/137.0.0.0 Safari/537.36"
35.198.151.205 - - [23/Jun/2025:11:37:46 +0300] "POST /wp-admin/admin-ajax.php?action=async_litespeed&nonce=qYSQu5Kx6jt11ewo0N4cVAsZBdZt7G5F&litespeed_type=imgoptm HTTP/1.0" 200 565 "-" "WordPress/6.7.2; https://dirata.co.il"
147.235.211.84 - - [23/Jun/2025:11:37:46 +0300] "GET /wp-content/uploads/2025/06/apartment_image_68519d087de27.webp HTTP/1.0" 200 438 "https://dirata.co.il/apartments-search/" "Mozilla/5.0 (Windows NT 10.0; Win64; x64) AppleWebKit/537.36 (KHTML, like Gecko) Chrome/137.0.0.0 Safari/537.36"
147.235.211.84 - - [23/Jun/2025:11:37:46 +0300] "GET /wp-content/uploads/2025/06/apartment_image_68519bd924b7c-scaled.webp HTTP/1.0" 200 445 "https://dirata.co.il/apartments-search/" "Mozilla/5.0 (Windows NT 10.0; Win64; x64) AppleWebKit/537.36 (KHTML, like Gecko) Chrome/137.0.0.0 Safari/537.36"
147.235.211.84 - - [23/Jun/2025:11:37:46 +0300] "GET /wp-content/uploads/2025/06/apartment_image_685198543cc84.webp HTTP/1.0" 200 438 "https://dirata.co.il/apartments-search/" "Mozilla/5.0 (Windows NT 10.0; Win64; x64) AppleWebKit/537.36 (KHTML, like Gecko) Chrome/137.0.0.0 Safari/537.36"
147.235.211.84 - - [23/Jun/2025:11:37:46 +0300] "GET /wp-content/uploads/2025/06/apartment_image_685193f2a01d3.webp HTTP/1.0" 200 438 "https://dirata.co.il/apartments-search/" "Mozilla/5.0 (Windows NT 10.0; Win64; x64) AppleWebKit/537.36 (KHTML, like Gecko) Chrome/137.0.0.0 Safari/537.36"
147.235.211.84 - - [23/Jun/2025:11:37:46 +0300] "GET /wp-content/uploads/2025/06/apartment_image_685190106d369.webp HTTP/1.0" 200 438 "https://dirata.co.il/apartments-search/" "Mozilla/5.0 (Windows NT 10.0; Win64; x64) AppleWebKit/537.36 (KHTML, like Gecko) Chrome/137.0.0.0 Safari/537.36"
35.198.151.205 - - [23/Jun/2025:11:49:40 +0300] "POST /wp-cron.php?doing_wp_cron=1750668580.8508989810943603515625 HTTP/1.0" 200 409 "-" "WordPress/6.7.2; https://dirata.co.il"
212.199.62.8 - - [23/Jun/2025:11:49:38 +0300] "GET / HTTP/1.0" 200 122338 "-" "Mozilla/5.0 (Windows NT 10.0; Win64; x64) AppleWebKit/537.36 (KHTML, like Gecko) Chrome/137.0.0.0 Safari/537.36"
35.198.151.205 - - [23/Jun/2025:11:49:41 +0300] "POST /wp-admin/admin-ajax.php?action=async_litespeed&nonce=MmB83YOoRBsc3oeCgWCRv69dnGOb5BTY&litespeed_type=imgoptm HTTP/1.0" 200 565 "-" "WordPress/6.7.2; https://dirata.co.il"
212.199.62.8 - - [23/Jun/2025:11:49:43 +0300] "GET /wp-content/uploads/2025/06/apartment_image_685811559d785.webp HTTP/1.0" 200 438 "https://dirata.co.il/" "Mozilla/5.0 (Windows NT 10.0; Win64; x64) AppleWebKit/537.36 (KHTML, like Gecko) Chrome/137.0.0.0 Safari/537.36"
212.199.62.8 - - [23/Jun/2025:11:49:43 +0300] "GET /wp-content/themes/dirata/assets/img/bodyImg.webp HTTP/1.0" 200 425 "https://dirata.co.il/wp-content/themes/dirata/style.css?ver=1.0.0" "Mozilla/5.0 (Windows NT 10.0; Win64; x64) AppleWebKit/537.36 (KHTML, like Gecko) Chrome/137.0.0.0 Safari/537.36"
35.198.151.205 - - [23/Jun/2025:12:11:05 +0300] "POST /wp-cron.php?doing_wp_cron=1750669865.4790420532226562500000 HTTP/1.0" 200 409 "-" "WordPress/6.7.2; https://dirata.co.il"
62.219.58.137 - - [23/Jun/2025:12:11:03 +0300] "GET /index.php HTTP/1.0" 301 463 "-" "Cpanel-HTTP-Client/1.0"
62.219.58.137 - - [23/Jun/2025:12:11:05 +0300] "GET / HTTP/1.0" 200 122338 "-" "Cpanel-HTTP-Client/1.0"
35.198.151.205 - - [23/Jun/2025:12:11:05 +0300] "POST /wp-admin/admin-ajax.php?action=async_litespeed&nonce=Y0S9TDsm9KhhuSn7dictEqKMGV6KCm6l&litespeed_type=imgoptm HTTP/1.0" 200 565 "-" "WordPress/6.7.2; https://dirata.co.il"
62.219.58.137 - - [23/Jun/2025:12:11:06 +0300] "GET /index.php HTTP/1.0" 301 463 "-" "Cpanel-HTTP-Client/1.0"
62.219.58.137 - - [23/Jun/2025:12:11:06 +0300] "GET / HTTP/1.0" 200 122338 "-" "Cpanel-HTTP-Client/1.0"
81.5.60.51 - - [23/Jun/2025:12:14:55 +0300] "POST /wp-admin/admin-ajax.php HTTP/1.0" 200 56720 "https://dirata.co.il/apartments-search/" "Mozilla/5.0 (Windows NT 10.0; Win64; x64) AppleWebKit/537.36 (KHTML, like Gecko) Chrome/137.0.0.0 Safari/537.36"
35.198.151.205 - - [23/Jun/2025:12:14:55 +0300] "POST /wp-cron.php?doing_wp_cron=1750670095.4451739788055419921875 HTTP/1.0" 200 409 "-" "WordPress/6.7.2; https://dirata.co.il"
81.5.60.51 - - [23/Jun/2025:12:14:55 +0300] "POST /wp-admin/admin-ajax.php HTTP/1.0" 200 56720 "https://dirata.co.il/apartments-search/" "Mozilla/5.0 (Windows NT 10.0; Win64; x64) AppleWebKit/537.36 (KHTML, like Gecko) Chrome/137.0.0.0 Safari/537.36"
35.198.151.205 - - [23/Jun/2025:12:14:55 +0300] "POST /wp-admin/admin-ajax.php?action=async_litespeed&nonce=BYbnrncTOt5qStp3g9CnMcfjLKRA6nyB&litespeed_type=imgoptm HTTP/1.0" 200 565 "-" "WordPress/6.7.2; https://dirata.co.il"
81.5.60.51 - - [23/Jun/2025:12:14:55 +0300] "POST /wp-admin/admin-ajax.php HTTP/1.0" 200 56861 "https://dirata.co.il/apartments-search/" "Mozilla/5.0 (Windows NT 10.0; Win64; x64) AppleWebKit/537.36 (KHTML, like Gecko) Chrome/137.0.0.0 Safari/537.36"
81.5.60.51 - - [23/Jun/2025:12:14:55 +0300] "POST /wp-admin/admin-ajax.php HTTP/1.0" 200 56861 "https://dirata.co.il/apartments-search/" "Mozilla/5.0 (Windows NT 10.0; Win64; x64) AppleWebKit/537.36 (KHTML, like Gecko) Chrome/137.0.0.0 Safari/537.36"
81.5.60.51 - - [23/Jun/2025:12:14:56 +0300] "GET /wp-content/uploads/2025/05/modern-luxury-apartment-with-elegant-home-decor-generated-by-ai-scaled.webp HTTP/1.0" 200 479 "https://dirata.co.il/apartments-search/" "Mozilla/5.0 (Windows NT 10.0; Win64; x64) AppleWebKit/537.36 (KHTML, like Gecko) Chrome/137.0.0.0 Safari/537.36"
81.5.60.51 - - [23/Jun/2025:12:14:58 +0300] "POST /wp-admin/admin-ajax.php HTTP/1.0" 200 34588 "https://dirata.co.il/apartments-search/" "Mozilla/5.0 (Windows NT 10.0; Win64; x64) AppleWebKit/537.36 (KHTML, like Gecko) Chrome/137.0.0.0 Safari/537.36"
81.5.60.51 - - [23/Jun/2025:12:14:58 +0300] "POST /wp-admin/admin-ajax.php HTTP/1.0" 200 34588 "https://dirata.co.il/apartments-search/" "Mozilla/5.0 (Windows NT 10.0; Win64; x64) AppleWebKit/537.36 (KHTML, like Gecko) Chrome/137.0.0.0 Safari/537.36"
81.5.60.51 - - [23/Jun/2025:12:14:58 +0300] "GET /wp-content/uploads/2025/05/modern-living-room-with-large-windows-overlooking-city-skyline-night-scaled.webp HTTP/1.0" 200 484 "https://dirata.co.il/apartments-search/" "Mozilla/5.0 (Windows NT 10.0; Win64; x64) AppleWebKit/537.36 (KHTML, like Gecko) Chrome/137.0.0.0 Safari/537.36"
81.5.60.51 - - [23/Jun/2025:12:15:00 +0300] "POST /wp-admin/admin-ajax.php HTTP/1.0" 200 28875 "https://dirata.co.il/apartments-search/" "Mozilla/5.0 (Windows NT 10.0; Win64; x64) AppleWebKit/537.36 (KHTML, like Gecko) Chrome/137.0.0.0 Safari/537.36"
81.5.60.51 - - [23/Jun/2025:12:15:01 +0300] "POST /wp-admin/admin-ajax.php HTTP/1.0" 200 28875 "https://dirata.co.il/apartments-search/" "Mozilla/5.0 (Windows NT 10.0; Win64; x64) AppleWebKit/537.36 (KHTML, like Gecko) Chrome/137.0.0.0 Safari/537.36"
81.5.60.51 - - [23/Jun/2025:12:15:02 +0300] "POST /wp-admin/admin-ajax.php HTTP/1.0" 200 28875 "https://dirata.co.il/apartments-search/" "Mozilla/5.0 (Windows NT 10.0; Win64; x64) AppleWebKit/537.36 (KHTML, like Gecko) Chrome/137.0.0.0 Safari/537.36"
81.5.60.51 - - [23/Jun/2025:12:15:02 +0300] "POST /wp-admin/admin-ajax.php HTTP/1.0" 200 28875 "https://dirata.co.il/apartments-search/" "Mozilla/5.0 (Windows NT 10.0; Win64; x64) AppleWebKit/537.36 (KHTML, like Gecko) Chrome/137.0.0.0 Safari/537.36"
81.5.60.51 - - [23/Jun/2025:12:15:03 +0300] "POST /wp-admin/admin-ajax.php HTTP/1.0" 200 28875 "https://dirata.co.il/apartments-search/" "Mozilla/5.0 (Windows NT 10.0; Win64; x64) AppleWebKit/537.36 (KHTML, like Gecko) Chrome/137.0.0.0 Safari/537.36"
81.5.60.51 - - [23/Jun/2025:12:15:10 +0300] "POST /wp-admin/admin-ajax.php HTTP/1.0" 200 28875 "https://dirata.co.il/apartments-search/" "Mozilla/5.0 (Windows NT 10.0; Win64; x64) AppleWebKit/537.36 (KHTML, like Gecko) Chrome/137.0.0.0 Safari/537.36"
81.5.60.51 - - [23/Jun/2025:12:15:10 +0300] "POST /wp-admin/admin-ajax.php HTTP/1.0" 200 28875 "https://dirata.co.il/apartments-search/" "Mozilla/5.0 (Windows NT 10.0; Win64; x64) AppleWebKit/537.36 (KHTML, like Gecko) Chrome/137.0.0.0 Safari/537.36"
81.5.60.51 - - [23/Jun/2025:12:15:11 +0300] "POST /wp-admin/admin-ajax.php HTTP/1.0" 200 28875 "https://dirata.co.il/apartments-search/" "Mozilla/5.0 (Windows NT 10.0; Win64; x64) AppleWebKit/537.36 (KHTML, like Gecko) Chrome/137.0.0.0 Safari/537.36"
81.5.60.51 - - [23/Jun/2025:12:15:11 +0300] "POST /wp-admin/admin-ajax.php HTTP/1.0" 200 28875 "https://dirata.co.il/apartments-search/" "Mozilla/5.0 (Windows NT 10.0; Win64; x64) AppleWebKit/537.36 (KHTML, like Gecko) Chrome/137.0.0.0 Safari/537.36"
81.5.60.51 - - [23/Jun/2025:12:15:11 +0300] "POST /wp-admin/admin-ajax.php HTTP/1.0" 200 28875 "https://dirata.co.il/apartments-search/" "Mozilla/5.0 (Windows NT 10.0; Win64; x64) AppleWebKit/537.36 (KHTML, like Gecko) Chrome/137.0.0.0 Safari/537.36"
81.5.60.51 - - [23/Jun/2025:12:15:11 +0300] "POST /wp-admin/admin-ajax.php HTTP/1.0" 200 28875 "https://dirata.co.il/apartments-search/" "Mozilla/5.0 (Windows NT 10.0; Win64; x64) AppleWebKit/537.36 (KHTML, like Gecko) Chrome/137.0.0.0 Safari/537.36"
81.5.60.51 - - [23/Jun/2025:12:15:12 +0300] "POST /wp-admin/admin-ajax.php HTTP/1.0" 200 28875 "https://dirata.co.il/apartments-search/" "Mozilla/5.0 (Windows NT 10.0; Win64; x64) AppleWebKit/537.36 (KHTML, like Gecko) Chrome/137.0.0.0 Safari/537.36"
81.5.60.51 - - [23/Jun/2025:12:15:12 +0300] "POST /wp-admin/admin-ajax.php HTTP/1.0" 200 28875 "https://dirata.co.il/apartments-search/" "Mozilla/5.0 (Windows NT 10.0; Win64; x64) AppleWebKit/537.36 (KHTML, like Gecko) Chrome/137.0.0.0 Safari/537.36"
81.5.60.51 - - [23/Jun/2025:12:15:12 +0300] "POST /wp-admin/admin-ajax.php HTTP/1.0" 200 34588 "https://dirata.co.il/apartments-search/" "Mozilla/5.0 (Windows NT 10.0; Win64; x64) AppleWebKit/537.36 (KHTML, like Gecko) Chrome/137.0.0.0 Safari/537.36"
81.5.60.51 - - [23/Jun/2025:12:15:13 +0300] "POST /wp-admin/admin-ajax.php HTTP/1.0" 200 17388 "https://dirata.co.il/apartments-search/" "Mozilla/5.0 (Windows NT 10.0; Win64; x64) AppleWebKit/537.36 (KHTML, like Gecko) Chrome/137.0.0.0 Safari/537.36"
35.198.151.205 - - [23/Jun/2025:12:17:01 +0300] "POST /wp-cron.php?doing_wp_cron=1750670221.6090788841247558593750 HTTP/1.0" 200 409 "-" "WordPress/6.7.2; https://dirata.co.il"
81.5.60.51 - - [23/Jun/2025:12:17:01 +0300] "GET /apartments-search/ HTTP/1.0" 200 122361 "https://dirata.co.il/apartments-search/" "Mozilla/5.0 (Windows NT 10.0; Win64; x64) AppleWebKit/537.36 (KHTML, like Gecko) Chrome/137.0.0.0 Safari/537.36"
35.198.151.205 - - [23/Jun/2025:12:17:01 +0300] "POST /wp-admin/admin-ajax.php?action=async_litespeed&nonce=EfiyXleL50HtGz1wp702fR07LGoCOH4Y&litespeed_type=imgoptm HTTP/1.0" 200 565 "-" "WordPress/6.7.2; https://dirata.co.il"
81.5.60.51 - - [23/Jun/2025:12:17:02 +0300] "GET /wp-content/uploads/2025/06/apartment_image_685811559d785.webp HTTP/1.0" 200 438 "https://dirata.co.il/apartments-search/" "Mozilla/5.0 (Windows NT 10.0; Win64; x64) AppleWebKit/537.36 (KHTML, like Gecko) Chrome/137.0.0.0 Safari/537.36"
81.5.60.51 - - [23/Jun/2025:12:17:02 +0300] "POST /wp-admin/admin-ajax.php HTTP/1.0" 200 13173 "https://dirata.co.il/apartments-search/" "Mozilla/5.0 (Windows NT 10.0; Win64; x64) AppleWebKit/537.36 (KHTML, like Gecko) Chrome/137.0.0.0 Safari/537.36"
81.5.60.51 - - [23/Jun/2025:12:17:05 +0300] "POST /wp-admin/admin-ajax.php HTTP/1.0" 200 56394 "https://dirata.co.il/apartments-search/" "Mozilla/5.0 (Windows NT 10.0; Win64; x64) AppleWebKit/537.36 (KHTML, like Gecko) Chrome/137.0.0.0 Safari/537.36"
81.5.60.51 - - [23/Jun/2025:12:17:05 +0300] "POST /wp-admin/admin-ajax.php HTTP/1.0" 200 56394 "https://dirata.co.il/apartments-search/" "Mozilla/5.0 (Windows NT 10.0; Win64; x64) AppleWebKit/537.36 (KHTML, like Gecko) Chrome/137.0.0.0 Safari/537.36"
35.198.151.205 - - [23/Jun/2025:12:42:44 +0300] "POST /wp-cron.php?doing_wp_cron=1750671764.2516748905181884765625 HTTP/1.0" 200 409 "-" "WordPress/6.7.2; https://dirata.co.il"
54.86.50.139 - - [23/Jun/2025:12:42:43 +0300] "GET /wp-json/yedaphone/v1/search HTTP/1.0" 404 1008 "-" "PostmanRuntime/7.44.1"
136.243.228.177 - - [23/Jun/2025:12:42:44 +0300] "GET / HTTP/1.0" 200 122338 "-" "Mozilla/5.0 (compatible; DataForSeoBot/1.0; +https://dataforseo.com/dataforseo-bot)"
35.198.151.205 - - [23/Jun/2025:12:42:44 +0300] "POST /wp-admin/admin-ajax.php?action=async_litespeed&nonce=Cj3b7UT2jcHngvCH5ezbRXM62vK2rZNY&litespeed_type=imgoptm HTTP/1.0" 200 565 "-" "WordPress/6.7.2; https://dirata.co.il"
35.198.151.205 - - [23/Jun/2025:12:42:55 +0300] "POST /wp-cron.php?doing_wp_cron=1750671775.2869288921356201171875 HTTP/1.0" 200 409 "-" "WordPress/6.7.2; https://dirata.co.il"
54.86.50.139 - - [23/Jun/2025:12:42:55 +0300] "GET /wp-json/yedaphone/v1/search HTTP/1.0" 404 1008 "-" "PostmanRuntime/7.44.1"
35.198.151.205 - - [23/Jun/2025:12:42:55 +0300] "POST /wp-admin/admin-ajax.php?action=async_litespeed&nonce=Cqt7Uc2pCjmMp0ugKpwgsxVEZElHXnT3&litespeed_type=imgoptm HTTP/1.0" 200 565 "-" "WordPress/6.7.2; https://dirata.co.il"
54.86.50.139 - - [23/Jun/2025:12:43:08 +0300] "GET /wp-json/yedaphone/v1/search?caller_id=05328555990 HTTP/1.0" 404 1008 "-" "PostmanRuntime/7.44.1"
54.86.50.139 - - [23/Jun/2025:12:43:32 +0300] "POST /wp-json/yedaphone/v1/search/ HTTP/1.0" 400 704 "-" "PostmanRuntime/7.44.1"
54.86.50.139 - - [23/Jun/2025:12:43:47 +0300] "POST /wp-json/yedaphone/v1/search/ HTTP/1.0" 400 704 "-" "PostmanRuntime/7.44.1"
54.86.50.139 - - [23/Jun/2025:12:44:17 +0300] "POST /wp-json/yedaphone/v1/search/ HTTP/1.0" 400 704 "-" "PostmanRuntime/7.44.1"
35.198.151.205 - - [23/Jun/2025:12:44:17 +0300] "POST /wp-cron.php?doing_wp_cron=1750671857.9361679553985595703125 HTTP/1.0" 200 409 "-" "WordPress/6.7.2; https://dirata.co.il"
35.198.151.205 - - [23/Jun/2025:12:44:18 +0300] "POST /wp-admin/admin-ajax.php?action=async_litespeed&nonce=BPICKpOT8TaJvA3JCBMxtrv3rC7S5IKr&litespeed_type=imgoptm HTTP/1.0" 200 565 "-" "WordPress/6.7.2; https://dirata.co.il"
54.86.50.139 - - [23/Jun/2025:12:44:32 +0300] "POST /wp-json/yedaphone/v1/search/ HTTP/1.0" 400 704 "-" "PostmanRuntime/7.44.1"
35.198.151.205 - - [23/Jun/2025:12:45:58 +0300] "POST /wp-cron.php?doing_wp_cron=1750671958.9578580856323242187500 HTTP/1.0" 200 409 "-" "WordPress/6.7.2; https://dirata.co.il"
87.71.26.42 - - [23/Jun/2025:12:45:58 +0300] "POST /wp-admin/admin-ajax.php HTTP/1.0" 200 785 "https://dirata.co.il/wp-admin/profile.php?wp_http_referer=%2Fwp-admin%2Fusers.php%3Frole%3Dadministrator" "Mozilla/5.0 (Windows NT 10.0; Win64; x64) AppleWebKit/537.36 (KHTML, like Gecko) Chrome/137.0.0.0 Safari/537.36"
35.198.151.205 - - [23/Jun/2025:12:45:59 +0300] "POST /wp-admin/admin-ajax.php?action=async_litespeed&nonce=IEeFZHqHH1JdLmFfAdgTNEADKxFcZ8o1&litespeed_type=imgoptm HTTP/1.0" 200 565 "-" "WordPress/6.7.2; https://dirata.co.il"
87.71.26.42 - - [23/Jun/2025:12:45:59 +0300] "GET /wp-admin/post.php?post=81&action=edit HTTP/1.0" 200 450344 "https://dirata.co.il/wp-admin/edit.php?post_type=acf-field-group" "Mozilla/5.0 (Windows NT 10.0; Win64; x64) AppleWebKit/537.36 (KHTML, like Gecko) Chrome/137.0.0.0 Safari/537.36"
87.71.26.42 - - [23/Jun/2025:12:46:00 +0300] "POST /wp-admin/admin-ajax.php HTTP/1.0" 200 780 "https://dirata.co.il/wp-admin/post.php?post=81&action=edit" "Mozilla/5.0 (Windows NT 10.0; Win64; x64) AppleWebKit/537.36 (KHTML, like Gecko) Chrome/137.0.0.0 Safari/537.36"
87.71.26.42 - - [23/Jun/2025:12:46:02 +0300] "GET / HTTP/1.0" 200 145424 "https://dirata.co.il/wp-admin/post.php?post=81&action=edit" "Mozilla/5.0 (Windows NT 10.0; Win64; x64) AppleWebKit/537.36 (KHTML, like Gecko) Chrome/137.0.0.0 Safari/537.36"
87.71.26.42 - - [23/Jun/2025:12:46:03 +0300] "GET /wp-content/uploads/2025/06/apartment_image_685811559d785.webp HTTP/1.0" 200 438 "https://dirata.co.il/" "Mozilla/5.0 (Windows NT 10.0; Win64; x64) AppleWebKit/537.36 (KHTML, like Gecko) Chrome/137.0.0.0 Safari/537.36"
87.71.26.42 - - [23/Jun/2025:12:46:03 +0300] "GET /wp-content/themes/dirata/assets/img/bodyImg.webp HTTP/1.0" 200 425 "https://dirata.co.il/wp-content/themes/dirata/style.css?ver=1.0.0" "Mozilla/5.0 (Windows NT 10.0; Win64; x64) AppleWebKit/537.36 (KHTML, like Gecko) Chrome/137.0.0.0 Safari/537.36"
87.71.26.42 - - [23/Jun/2025:12:46:05 +0300] "GET /profile-page/?tab=publish HTTP/1.0" 200 147877 "https://dirata.co.il/" "Mozilla/5.0 (Windows NT 10.0; Win64; x64) AppleWebKit/537.36 (KHTML, like Gecko) Chrome/137.0.0.0 Safari/537.36"
87.71.26.42 - - [23/Jun/2025:12:46:11 +0300] "POST /wp-admin/admin-ajax.php HTTP/1.0" 200 780 "https://dirata.co.il/wp-admin/post.php?post=81&action=edit" "Mozilla/5.0 (Windows NT 10.0; Win64; x64) AppleWebKit/537.36 (KHTML, like Gecko) Chrome/137.0.0.0 Safari/537.36"
87.71.26.42 - - [23/Jun/2025:12:46:29 +0300] "GET /apartments-search/ HTTP/1.0" 200 147514 "https://dirata.co.il/profile-page/?tab=publish" "Mozilla/5.0 (Windows NT 10.0; Win64; x64) AppleWebKit/537.36 (KHTML, like Gecko) Chrome/137.0.0.0 Safari/537.36"
54.86.50.139 - - [23/Jun/2025:12:46:29 +0300] "GET /wp-json/yedaphone/v1/search/ HTTP/1.0" 404 1008 "-" "PostmanRuntime/7.44.1"
87.71.26.42 - - [23/Jun/2025:12:46:29 +0300] "POST /wp-admin/admin-ajax.php HTTP/1.0" 200 13192 "https://dirata.co.il/apartments-search/" "Mozilla/5.0 (Windows NT 10.0; Win64; x64) AppleWebKit/537.36 (KHTML, like Gecko) Chrome/137.0.0.0 Safari/537.36"
87.71.26.42 - - [23/Jun/2025:12:46:31 +0300] "POST /wp-admin/admin-ajax.php HTTP/1.0" 200 56413 "https://dirata.co.il/apartments-search/" "Mozilla/5.0 (Windows NT 10.0; Win64; x64) AppleWebKit/537.36 (KHTML, like Gecko) Chrome/137.0.0.0 Safari/537.36"
87.71.26.42 - - [23/Jun/2025:12:46:31 +0300] "POST /wp-admin/admin-ajax.php HTTP/1.0" 200 56413 "https://dirata.co.il/apartments-search/" "Mozilla/5.0 (Windows NT 10.0; Win64; x64) AppleWebKit/537.36 (KHTML, like Gecko) Chrome/137.0.0.0 Safari/537.36"
87.71.26.42 - - [23/Jun/2025:12:46:31 +0300] "GET /wp-content/uploads/2025/06/apartment_image_685190106d369.webp HTTP/1.0" 200 438 "https://dirata.co.il/apartments-search/" "Mozilla/5.0 (Windows NT 10.0; Win64; x64) AppleWebKit/537.36 (KHTML, like Gecko) Chrome/137.0.0.0 Safari/537.36"
87.71.26.42 - - [23/Jun/2025:12:46:31 +0300] "GET /wp-content/uploads/2025/06/apartment_image_68519d087de27.webp HTTP/1.0" 200 438 "https://dirata.co.il/apartments-search/" "Mozilla/5.0 (Windows NT 10.0; Win64; x64) AppleWebKit/537.36 (KHTML, like Gecko) Chrome/137.0.0.0 Safari/537.36"
87.71.26.42 - - [23/Jun/2025:12:46:31 +0300] "GET /wp-content/uploads/2025/06/apartment_image_68519bd924b7c-scaled.webp HTTP/1.0" 200 445 "https://dirata.co.il/apartments-search/" "Mozilla/5.0 (Windows NT 10.0; Win64; x64) AppleWebKit/537.36 (KHTML, like Gecko) Chrome/137.0.0.0 Safari/537.36"
87.71.26.42 - - [23/Jun/2025:12:46:31 +0300] "GET /wp-content/uploads/2025/06/apartment_image_685193f2a01d3.webp HTTP/1.0" 200 438 "https://dirata.co.il/apartments-search/" "Mozilla/5.0 (Windows NT 10.0; Win64; x64) AppleWebKit/537.36 (KHTML, like Gecko) Chrome/137.0.0.0 Safari/537.36"
87.71.26.42 - - [23/Jun/2025:12:46:31 +0300] "GET /wp-content/uploads/2025/06/apartment_image_685198543cc84.webp HTTP/1.0" 200 438 "https://dirata.co.il/apartments-search/" "Mozilla/5.0 (Windows NT 10.0; Win64; x64) AppleWebKit/537.36 (KHTML, like Gecko) Chrome/137.0.0.0 Safari/537.36"
35.198.151.205 - - [23/Jun/2025:12:46:48 +0300] "POST /wp-cron.php?doing_wp_cron=1750672008.7149240970611572265625 HTTP/1.0" 200 409 "-" "WordPress/6.7.2; https://dirata.co.il"
87.71.26.42 - - [23/Jun/2025:12:46:48 +0300] "POST /wp-admin/admin-ajax.php HTTP/1.0" 200 11888 "https://dirata.co.il/apartments-search/" "Mozilla/5.0 (Windows NT 10.0; Win64; x64) AppleWebKit/537.36 (KHTML, like Gecko) Chrome/137.0.0.0 Safari/537.36"
87.71.26.42 - - [23/Jun/2025:12:46:49 +0300] "GET /wp-content/uploads/2025/05/modern-luxury-apartment-with-elegant-home-decor-generated-by-ai-scaled.webp HTTP/1.0" 200 479 "https://dirata.co.il/apartments-search/?listing_type=rent&floor_min=-1&floor_max=55" "Mozilla/5.0 (Windows NT 10.0; Win64; x64) AppleWebKit/537.36 (KHTML, like Gecko) Chrome/137.0.0.0 Safari/537.36"
87.71.26.42 - - [23/Jun/2025:12:46:49 +0300] "POST /wp-admin/admin-ajax.php HTTP/1.0" 200 1190 "https://dirata.co.il/apartments-search/?listing_type=rent&floor_min=-1&floor_max=55" "Mozilla/5.0 (Windows NT 10.0; Win64; x64) AppleWebKit/537.36 (KHTML, like Gecko) Chrome/137.0.0.0 Safari/537.36"
35.198.151.205 - - [23/Jun/2025:12:47:03 +0300] "POST /wp-cron.php?doing_wp_cron=1750672023.6167180538177490234375 HTTP/1.0" 200 409 "-" "WordPress/6.7.2; https://dirata.co.il"
87.71.26.42 - - [23/Jun/2025:12:47:03 +0300] "GET /profile-page/ HTTP/1.0" 302 548 "-" "Mozilla/5.0 (Windows NT 10.0; Win64; x64) AppleWebKit/537.36 (KHTML, like Gecko) Chrome/137.0.0.0 Safari/537.36"
87.71.26.42 - - [23/Jun/2025:12:47:03 +0300] "GET /login/ HTTP/1.0" 200 34540 "-" "Mozilla/5.0 (Windows NT 10.0; Win64; x64) AppleWebKit/537.36 (KHTML, like Gecko) Chrome/137.0.0.0 Safari/537.36"
35.198.151.205 - - [23/Jun/2025:12:47:03 +0300] "POST /wp-admin/admin-ajax.php?action=async_litespeed&nonce=6BK27MhdSdlZgRBi4M11p7snUP2a0Yzg&litespeed_type=imgoptm HTTP/1.0" 200 565 "-" "WordPress/6.7.2; https://dirata.co.il"
54.86.50.139 - - [23/Jun/2025:12:47:09 +0300] "GET /wp-json/yedaphone/v1/get_data_house HTTP/1.0" 404 1008 "-" "PostmanRuntime/7.44.1"
87.71.26.42 - - [23/Jun/2025:12:47:09 +0300] "GET /profile-page/ HTTP/1.0" 302 384 "-" "Mozilla/5.0 (Windows NT 10.0; Win64; x64) AppleWebKit/537.36 (KHTML, like Gecko) Chrome/137.0.0.0 Safari/537.36"
87.71.26.42 - - [23/Jun/2025:12:47:09 +0300] "GET /login/ HTTP/1.0" 200 34540 "-" "Mozilla/5.0 (Windows NT 10.0; Win64; x64) AppleWebKit/537.36 (KHTML, like Gecko) Chrome/137.0.0.0 Safari/537.36"
87.71.26.42 - - [23/Jun/2025:12:47:13 +0300] "POST /wp-login.php HTTP/1.0" 200 11672 "https://dirata.co.il/login/" "Mozilla/5.0 (Windows NT 10.0; Win64; x64) AppleWebKit/537.36 (KHTML, like Gecko) Chrome/137.0.0.0 Safari/537.36"
87.71.26.42 - - [23/Jun/2025:12:47:15 +0300] "POST /wp-login.php HTTP/1.0" 302 650 "https://dirata.co.il/wp-login.php" "Mozilla/5.0 (Windows NT 10.0; Win64; x64) AppleWebKit/537.36 (KHTML, like Gecko) Chrome/137.0.0.0 Safari/537.36"
87.71.26.42 - - [23/Jun/2025:12:47:15 +0300] "GET /%D7%97%D7%A9%D7%91%D7%95%D7%9F-%D7%A8%D7%A9%D7%95%D7%9D/your-profile/ HTTP/1.0" 302 523 "https://dirata.co.il/wp-login.php" "Mozilla/5.0 (Windows NT 10.0; Win64; x64) AppleWebKit/537.36 (KHTML, like Gecko) Chrome/137.0.0.0 Safari/537.36"
87.71.26.42 - - [23/Jun/2025:12:47:15 +0300] "GET /profile-page/ HTTP/1.0" 200 447353 "https://dirata.co.il/wp-login.php" "Mozilla/5.0 (Windows NT 10.0; Win64; x64) AppleWebKit/537.36 (KHTML, like Gecko) Chrome/137.0.0.0 Safari/537.36"
87.71.26.42 - - [23/Jun/2025:12:47:16 +0300] "GET /wp-content/uploads/2025/06/apartment_image_685811559d785.webp HTTP/1.0" 200 438 "https://dirata.co.il/profile-page/" "Mozilla/5.0 (Windows NT 10.0; Win64; x64) AppleWebKit/537.36 (KHTML, like Gecko) Chrome/137.0.0.0 Safari/537.36"
87.71.26.42 - - [23/Jun/2025:12:47:16 +0300] "GET /wp-content/uploads/2025/06/apartment_image_685190106d369.webp HTTP/1.0" 200 438 "https://dirata.co.il/profile-page/" "Mozilla/5.0 (Windows NT 10.0; Win64; x64) AppleWebKit/537.36 (KHTML, like Gecko) Chrome/137.0.0.0 Safari/537.36"
87.71.26.42 - - [23/Jun/2025:12:47:16 +0300] "GET /wp-content/uploads/2025/06/apartment_image_68519d087de27.webp HTTP/1.0" 200 438 "https://dirata.co.il/profile-page/" "Mozilla/5.0 (Windows NT 10.0; Win64; x64) AppleWebKit/537.36 (KHTML, like Gecko) Chrome/137.0.0.0 Safari/537.36"
87.71.26.42 - - [23/Jun/2025:12:47:16 +0300] "GET /wp-content/uploads/2025/06/apartment_image_685198543cc84.webp HTTP/1.0" 200 438 "https://dirata.co.il/profile-page/" "Mozilla/5.0 (Windows NT 10.0; Win64; x64) AppleWebKit/537.36 (KHTML, like Gecko) Chrome/137.0.0.0 Safari/537.36"
87.71.26.42 - - [23/Jun/2025:12:47:16 +0300] "GET /wp-content/uploads/2025/06/apartment_image_685193f2a01d3.webp HTTP/1.0" 200 438 "https://dirata.co.il/profile-page/" "Mozilla/5.0 (Windows NT 10.0; Win64; x64) AppleWebKit/537.36 (KHTML, like Gecko) Chrome/137.0.0.0 Safari/537.36"
87.71.26.42 - - [23/Jun/2025:12:47:16 +0300] "GET /wp-content/uploads/2025/06/apartment_image_68519bd924b7c-scaled.webp HTTP/1.0" 200 445 "https://dirata.co.il/profile-page/" "Mozilla/5.0 (Windows NT 10.0; Win64; x64) AppleWebKit/537.36 (KHTML, like Gecko) Chrome/137.0.0.0 Safari/537.36"
87.71.26.42 - - [23/Jun/2025:12:47:16 +0300] "GET /wp-content/uploads/2025/06/apartment_image_68518424ed840.webp HTTP/1.0" 200 438 "https://dirata.co.il/profile-page/" "Mozilla/5.0 (Windows NT 10.0; Win64; x64) AppleWebKit/537.36 (KHTML, like Gecko) Chrome/137.0.0.0 Safari/537.36"
87.71.26.42 - - [23/Jun/2025:12:47:16 +0300] "GET /wp-content/uploads/2025/06/apartment_image_6851881b724c8.webp HTTP/1.0" 200 438 "https://dirata.co.il/profile-page/" "Mozilla/5.0 (Windows NT 10.0; Win64; x64) AppleWebKit/537.36 (KHTML, like Gecko) Chrome/137.0.0.0 Safari/537.36"
87.71.26.42 - - [23/Jun/2025:12:47:16 +0300] "GET /wp-content/uploads/2025/06/apartment_image_684e86f895bfb.webp HTTP/1.0" 200 438 "https://dirata.co.il/profile-page/" "Mozilla/5.0 (Windows NT 10.0; Win64; x64) AppleWebKit/537.36 (KHTML, like Gecko) Chrome/137.0.0.0 Safari/537.36"
87.71.26.42 - - [23/Jun/2025:12:47:16 +0300] "GET /wp-content/uploads/2025/06/%D7%9E%D7%9C%D7%91%D7%9F-65.webp HTTP/1.0" 200 420 "https://dirata.co.il/profile-page/" "Mozilla/5.0 (Windows NT 10.0; Win64; x64) AppleWebKit/537.36 (KHTML, like Gecko) Chrome/137.0.0.0 Safari/537.36"
87.71.26.42 - - [23/Jun/2025:12:47:16 +0300] "POST /wp-admin/admin-ajax.php HTTP/1.0" 200 89922 "https://dirata.co.il/profile-page/" "Mozilla/5.0 (Windows NT 10.0; Win64; x64) AppleWebKit/537.36 (KHTML, like Gecko) Chrome/137.0.0.0 Safari/537.36"
