80.246.130.4 - - [24/Jun/2025:12:33:42 +0300] "POST /wp-admin/admin-ajax.php HTTP/1.0" 200 780 "https://dirata.co.il/wp-admin/post-new.php?post_type=apartment" "Mozilla/5.0 (Windows NT 10.0; Win64; x64) AppleWebKit/537.36 (KHTML, like Gecko) Chrome/137.0.0.0 Safari/537.36"
80.246.130.4 - - [24/Jun/2025:12:33:49 +0300] "POST /wp-admin/admin-ajax.php HTTP/1.0" 200 780 "https://dirata.co.il/wp-admin/post-new.php?post_type=apartment" "Mozilla/5.0 (Windows NT 10.0; Win64; x64) AppleWebKit/537.36 (KHTML, like Gecko) Chrome/137.0.0.0 Safari/537.36"
35.198.151.205 - - [24/Jun/2025:12:34:02 +0300] "POST /wp-cron.php?doing_wp_cron=1750757642.8939020633697509765625 HTTP/1.0" 200 409 "-" "WordPress/6.7.2; https://dirata.co.il"
80.246.130.4 - - [24/Jun/2025:12:34:02 +0300] "POST /wp-admin/admin-ajax.php HTTP/1.0" 200 780 "https://dirata.co.il/wp-admin/post-new.php?post_type=apartment" "Mozilla/5.0 (Windows NT 10.0; Win64; x64) AppleWebKit/537.36 (KHTML, like Gecko) Chrome/137.0.0.0 Safari/537.36"
35.198.151.205 - - [24/Jun/2025:12:34:03 +0300] "POST /wp-admin/admin-ajax.php?action=async_litespeed&nonce=4U0a6ohUjsQPVhw4ew8YEhi4Xbib3osb&litespeed_type=imgoptm HTTP/1.0" 200 565 "-" "WordPress/6.7.2; https://dirata.co.il"
80.246.130.4 - - [24/Jun/2025:12:34:07 +0300] "POST /wp-admin/admin-ajax.php HTTP/1.0" 200 727 "https://dirata.co.il/wp-admin/post-new.php?post_type=apartment&wp-post-new-reload=true" "Mozilla/5.0 (Windows NT 10.0; Win64; x64) AppleWebKit/537.36 (KHTML, like Gecko) Chrome/137.0.0.0 Safari/537.36"
80.246.130.4 - - [24/Jun/2025:12:34:07 +0300] "POST /wp-admin/post.php HTTP/1.0" 302 1163 "https://dirata.co.il/wp-admin/post-new.php?post_type=apartment&wp-post-new-reload=true&wp-post-new-reload=true" "Mozilla/5.0 (Windows NT 10.0; Win64; x64) AppleWebKit/537.36 (KHTML, like Gecko) Chrome/137.0.0.0 Safari/537.36"
80.246.130.4 - - [24/Jun/2025:12:34:08 +0300] "GET /wp-admin/post.php?post=656&action=edit&message=6 HTTP/1.0" 200 584769 "https://dirata.co.il/wp-admin/post-new.php?post_type=apartment&wp-post-new-reload=true&wp-post-new-reload=true" "Mozilla/5.0 (Windows NT 10.0; Win64; x64) AppleWebKit/537.36 (KHTML, like Gecko) Chrome/137.0.0.0 Safari/537.36"
80.246.130.4 - - [24/Jun/2025:12:34:10 +0300] "GET /wp-admin/admin-ajax.php?action=oembed-cache&post=656 HTTP/1.0" 200 584 "https://dirata.co.il/wp-admin/post.php?post=656&action=edit" "Mozilla/5.0 (Windows NT 10.0; Win64; x64) AppleWebKit/537.36 (KHTML, like Gecko) Chrome/137.0.0.0 Safari/537.36"
80.246.130.4 - - [24/Jun/2025:12:34:15 +0300] "GET /wp-admin/post-new.php?post_type=apartment HTTP/1.0" 200 583052 "https://dirata.co.il/wp-admin/post.php?post=656&action=edit" "Mozilla/5.0 (Windows NT 10.0; Win64; x64) AppleWebKit/537.36 (KHTML, like Gecko) Chrome/137.0.0.0 Safari/537.36"
80.246.130.4 - - [24/Jun/2025:12:34:15 +0300] "POST /wp-admin/admin-ajax.php HTTP/1.0" 200 675 "https://dirata.co.il/wp-admin/post.php?post=656&action=edit" "Mozilla/5.0 (Windows NT 10.0; Win64; x64) AppleWebKit/537.36 (KHTML, like Gecko) Chrome/137.0.0.0 Safari/537.36"
80.246.130.4 - - [24/Jun/2025:12:34:31 +0300] "POST /wp-admin/admin-ajax.php HTTP/1.0" 200 780 "https://dirata.co.il/wp-admin/post-new.php?post_type=apartment" "Mozilla/5.0 (Windows NT 10.0; Win64; x64) AppleWebKit/537.36 (KHTML, like Gecko) Chrome/137.0.0.0 Safari/537.36"
80.246.130.4 - - [24/Jun/2025:12:34:31 +0300] "POST /wp-admin/admin-ajax.php HTTP/1.0" 200 1133 "https://dirata.co.il/wp-admin/post-new.php?post_type=apartment" "Mozilla/5.0 (Windows NT 10.0; Win64; x64) AppleWebKit/537.36 (KHTML, like Gecko) Chrome/137.0.0.0 Safari/537.36"
80.246.130.4 - - [24/Jun/2025:12:34:31 +0300] "POST /wp-admin/admin-ajax.php HTTP/1.0" 200 898 "https://dirata.co.il/wp-admin/post-new.php?post_type=apartment" "Mozilla/5.0 (Windows NT 10.0; Win64; x64) AppleWebKit/537.36 (KHTML, like Gecko) Chrome/137.0.0.0 Safari/537.36"
80.246.130.4 - - [24/Jun/2025:12:34:31 +0300] "POST /wp-admin/admin-ajax.php HTTP/1.0" 200 1177 "https://dirata.co.il/wp-admin/post-new.php?post_type=apartment" "Mozilla/5.0 (Windows NT 10.0; Win64; x64) AppleWebKit/537.36 (KHTML, like Gecko) Chrome/137.0.0.0 Safari/537.36"
87.71.26.42 - - [24/Jun/2025:12:34:33 +0300] "POST /wp-admin/admin-ajax.php HTTP/1.0" 200 728 "https://dirata.co.il/wp-admin/edit.php?post_type=apartment" "Mozilla/5.0 (Windows NT 10.0; Win64; x64) AppleWebKit/537.36 (KHTML, like Gecko) Chrome/137.0.0.0 Safari/537.36"
80.246.130.4 - - [24/Jun/2025:12:34:38 +0300] "POST /wp-admin/admin-ajax.php HTTP/1.0" 200 1133 "https://dirata.co.il/wp-admin/post-new.php?post_type=apartment" "Mozilla/5.0 (Windows NT 10.0; Win64; x64) AppleWebKit/537.36 (KHTML, like Gecko) Chrome/137.0.0.0 Safari/537.36"
80.246.130.4 - - [24/Jun/2025:12:34:41 +0300] "POST /wp-admin/admin-ajax.php HTTP/1.0" 200 780 "https://dirata.co.il/wp-admin/post-new.php?post_type=apartment" "Mozilla/5.0 (Windows NT 10.0; Win64; x64) AppleWebKit/537.36 (KHTML, like Gecko) Chrome/137.0.0.0 Safari/537.36"
35.198.151.205 - - [24/Jun/2025:12:34:55 +0300] "POST /wp-cron.php?doing_wp_cron=1750757695.0528030395507812500000 HTTP/1.0" 200 409 "-" "WordPress/6.7.2; https://dirata.co.il"
80.246.130.4 - - [24/Jun/2025:12:34:54 +0300] "POST /wp-admin/admin-ajax.php HTTP/1.0" 200 780 "https://dirata.co.il/wp-admin/post-new.php?post_type=apartment" "Mozilla/5.0 (Windows NT 10.0; Win64; x64) AppleWebKit/537.36 (KHTML, like Gecko) Chrome/137.0.0.0 Safari/537.36"
35.198.151.205 - - [24/Jun/2025:12:34:55 +0300] "POST /wp-admin/admin-ajax.php?action=async_litespeed&nonce=UW0XTw50OGxwgSZYKToWAs4dxvS95RiA&litespeed_type=imgoptm HTTP/1.0" 200 565 "-" "WordPress/6.7.2; https://dirata.co.il"
80.246.130.4 - - [24/Jun/2025:12:35:01 +0300] "POST /wp-admin/admin-ajax.php HTTP/1.0" 200 780 "https://dirata.co.il/wp-admin/post-new.php?post_type=apartment" "Mozilla/5.0 (Windows NT 10.0; Win64; x64) AppleWebKit/537.36 (KHTML, like Gecko) Chrome/137.0.0.0 Safari/537.36"
80.246.130.4 - - [24/Jun/2025:12:35:14 +0300] "POST /wp-admin/admin-ajax.php HTTP/1.0" 200 780 "https://dirata.co.il/wp-admin/post-new.php?post_type=apartment" "Mozilla/5.0 (Windows NT 10.0; Win64; x64) AppleWebKit/537.36 (KHTML, like Gecko) Chrome/137.0.0.0 Safari/537.36"
80.246.130.4 - - [24/Jun/2025:12:35:21 +0300] "POST /wp-admin/admin-ajax.php HTTP/1.0" 200 780 "https://dirata.co.il/wp-admin/post-new.php?post_type=apartment" "Mozilla/5.0 (Windows NT 10.0; Win64; x64) AppleWebKit/537.36 (KHTML, like Gecko) Chrome/137.0.0.0 Safari/537.36"
80.246.130.4 - - [24/Jun/2025:12:35:34 +0300] "POST /wp-admin/admin-ajax.php HTTP/1.0" 200 780 "https://dirata.co.il/wp-admin/post-new.php?post_type=apartment" "Mozilla/5.0 (Windows NT 10.0; Win64; x64) AppleWebKit/537.36 (KHTML, like Gecko) Chrome/137.0.0.0 Safari/537.36"
80.246.130.4 - - [24/Jun/2025:12:35:35 +0300] "POST /wp-admin/admin-ajax.php HTTP/1.0" 200 727 "https://dirata.co.il/wp-admin/post-new.php?post_type=apartment&wp-post-new-reload=true" "Mozilla/5.0 (Windows NT 10.0; Win64; x64) AppleWebKit/537.36 (KHTML, like Gecko) Chrome/137.0.0.0 Safari/537.36"
80.246.130.4 - - [24/Jun/2025:12:35:36 +0300] "POST /wp-admin/post.php HTTP/1.0" 302 1163 "https://dirata.co.il/wp-admin/post-new.php?post_type=apartment&wp-post-new-reload=true&wp-post-new-reload=true" "Mozilla/5.0 (Windows NT 10.0; Win64; x64) AppleWebKit/537.36 (KHTML, like Gecko) Chrome/137.0.0.0 Safari/537.36"
80.246.130.4 - - [24/Jun/2025:12:35:36 +0300] "GET /wp-admin/post.php?post=657&action=edit&message=6 HTTP/1.0" 200 584662 "https://dirata.co.il/wp-admin/post-new.php?post_type=apartment&wp-post-new-reload=true&wp-post-new-reload=true" "Mozilla/5.0 (Windows NT 10.0; Win64; x64) AppleWebKit/537.36 (KHTML, like Gecko) Chrome/137.0.0.0 Safari/537.36"
80.246.130.4 - - [24/Jun/2025:12:35:39 +0300] "GET /wp-admin/admin-ajax.php?action=oembed-cache&post=657 HTTP/1.0" 200 584 "https://dirata.co.il/wp-admin/post.php?post=657&action=edit" "Mozilla/5.0 (Windows NT 10.0; Win64; x64) AppleWebKit/537.36 (KHTML, like Gecko) Chrome/137.0.0.0 Safari/537.36"
87.71.26.42 - - [24/Jun/2025:12:35:41 +0300] "POST /wp-admin/admin-ajax.php HTTP/1.0" 200 780 "https://dirata.co.il/wp-admin/post.php?post=81&action=edit" "Mozilla/5.0 (Windows NT 10.0; Win64; x64) AppleWebKit/537.36 (KHTML, like Gecko) Chrome/137.0.0.0 Safari/537.36"
87.71.26.42 - - [24/Jun/2025:12:35:44 +0300] "GET /wp-admin/edit.php?post_type=apartment HTTP/1.0" 200 221126 "https://dirata.co.il/wp-admin/post.php?post=81&action=edit" "Mozilla/5.0 (Windows NT 10.0; Win64; x64) AppleWebKit/537.36 (KHTML, like Gecko) Chrome/137.0.0.0 Safari/537.36"
87.71.26.42 - - [24/Jun/2025:12:35:44 +0300] "POST /wp-admin/admin-ajax.php HTTP/1.0" 200 675 "https://dirata.co.il/wp-admin/post.php?post=81&action=edit" "Mozilla/5.0 (Windows NT 10.0; Win64; x64) AppleWebKit/537.36 (KHTML, like Gecko) Chrome/137.0.0.0 Safari/537.36"
87.71.26.42 - - [24/Jun/2025:12:35:44 +0300] "POST /wp-admin/admin-ajax.php HTTP/1.0" 200 1174 "https://dirata.co.il/wp-admin/edit.php?post_type=apartment" "Mozilla/5.0 (Windows NT 10.0; Win64; x64) AppleWebKit/537.36 (KHTML, like Gecko) Chrome/137.0.0.0 Safari/537.36"
80.246.130.4 - - [24/Jun/2025:12:35:45 +0300] "GET /wp-admin/edit.php?post_type=apartment HTTP/1.0" 200 220970 "https://dirata.co.il/wp-admin/post.php?post=657&action=edit" "Mozilla/5.0 (Windows NT 10.0; Win64; x64) AppleWebKit/537.36 (KHTML, like Gecko) Chrome/137.0.0.0 Safari/537.36"
80.246.130.4 - - [24/Jun/2025:12:35:46 +0300] "POST /wp-admin/admin-ajax.php HTTP/1.0" 200 675 "https://dirata.co.il/wp-admin/post.php?post=657&action=edit" "Mozilla/5.0 (Windows NT 10.0; Win64; x64) AppleWebKit/537.36 (KHTML, like Gecko) Chrome/137.0.0.0 Safari/537.36"
80.246.130.4 - - [24/Jun/2025:12:35:46 +0300] "POST /wp-admin/admin-ajax.php HTTP/1.0" 200 728 "https://dirata.co.il/wp-admin/edit.php?post_type=apartment" "Mozilla/5.0 (Windows NT 10.0; Win64; x64) AppleWebKit/537.36 (KHTML, like Gecko) Chrome/137.0.0.0 Safari/537.36"
87.71.26.42 - - [24/Jun/2025:12:35:47 +0300] "GET /wp-admin/post.php?post=656&action=edit HTTP/1.0" 200 584115 "https://dirata.co.il/wp-admin/edit.php?post_type=apartment" "Mozilla/5.0 (Windows NT 10.0; Win64; x64) AppleWebKit/537.36 (KHTML, like Gecko) Chrome/137.0.0.0 Safari/537.36"
87.71.26.42 - - [24/Jun/2025:12:35:47 +0300] "GET /wp-admin/load-styles.php?c=1&dir=rtl&load%5Bchunk_0%5D=dashicons,admin-bar,buttons,media-views,common,forms,admin-menu,dashboard,list-tables,edit,revisions,media,themes,about,nav-menu&load%5Bchunk_1%5D=s,wp-pointer,widgets,site-icon,l10n,wp-auth-check,wp-components,wp-color-picker&ver=6.7.2 HTTP/1.0" 200 539589 "https://dirata.co.il/wp-admin/post.php?post=656&action=edit" "Mozilla/5.0 (Windows NT 10.0; Win64; x64) AppleWebKit/537.36 (KHTML, like Gecko) Chrome/137.0.0.0 Safari/537.36"
87.71.26.42 - - [24/Jun/2025:12:35:50 +0300] "GET /wp-json/wp/v2/ HTTP/1.0" 200 350716 "https://dirata.co.il/wp-admin/post.php?post=656&action=edit" "Mozilla/5.0 (Windows NT 10.0; Win64; x64) AppleWebKit/537.36 (KHTML, like Gecko) Chrome/137.0.0.0 Safari/537.36"
35.198.151.205 - - [24/Jun/2025:12:35:55 +0300] "POST /wp-cron.php?doing_wp_cron=1750757755.6008689403533935546875 HTTP/1.0" 200 409 "-" "WordPress/6.7.2; https://dirata.co.il"
87.71.26.42 - - [24/Jun/2025:12:35:55 +0300] "POST /wp-admin/admin-ajax.php HTTP/1.0" 200 728 "https://dirata.co.il/wp-admin/edit.php?post_type=apartment" "Mozilla/5.0 (Windows NT 10.0; Win64; x64) AppleWebKit/537.36 (KHTML, like Gecko) Chrome/137.0.0.0 Safari/537.36"
35.198.151.205 - - [24/Jun/2025:12:35:55 +0300] "POST /wp-admin/admin-ajax.php?action=async_litespeed&nonce=RAmWoFIRzCB3TQGMDXAXYQyl1kSEbunZ&litespeed_type=imgoptm HTTP/1.0" 200 565 "-" "WordPress/6.7.2; https://dirata.co.il"
35.198.151.205 - - [24/Jun/2025:12:36:00 +0300] "POST /wp-cron.php?doing_wp_cron=1750757760.3727591037750244140625 HTTP/1.0" 200 409 "-" "WordPress/6.7.2; https://dirata.co.il"
80.246.130.4 - - [24/Jun/2025:12:36:00 +0300] "POST /wp-admin/admin-ajax.php HTTP/1.0" 200 1064 "https://dirata.co.il/wp-admin/edit.php?post_type=apartment" "Mozilla/5.0 (Windows NT 10.0; Win64; x64) AppleWebKit/537.36 (KHTML, like Gecko) Chrome/137.0.0.0 Safari/537.36"
87.71.26.42 - - [24/Jun/2025:12:36:01 +0300] "POST /wp-admin/admin-ajax.php HTTP/1.0" 200 780 "https://dirata.co.il/wp-admin/post.php?post=656&action=edit" "Mozilla/5.0 (Windows NT 10.0; Win64; x64) AppleWebKit/537.36 (KHTML, like Gecko) Chrome/137.0.0.0 Safari/537.36"
80.246.130.4 - - [24/Jun/2025:12:36:10 +0300] "POST /wp-admin/admin-ajax.php HTTP/1.0" 200 1064 "https://dirata.co.il/wp-admin/edit.php?post_type=apartment" "Mozilla/5.0 (Windows NT 10.0; Win64; x64) AppleWebKit/537.36 (KHTML, like Gecko) Chrome/137.0.0.0 Safari/537.36"
87.71.26.42 - - [24/Jun/2025:12:36:15 +0300] "POST /wp-admin/admin-ajax.php HTTP/1.0" 200 780 "https://dirata.co.il/wp-admin/post.php?post=656&action=edit" "Mozilla/5.0 (Windows NT 10.0; Win64; x64) AppleWebKit/537.36 (KHTML, like Gecko) Chrome/137.0.0.0 Safari/537.36"
80.246.130.4 - - [24/Jun/2025:12:36:19 +0300] "POST /wp-admin/admin-ajax.php HTTP/1.0" 200 1064 "https://dirata.co.il/wp-admin/edit.php?post_type=apartment" "Mozilla/5.0 (Windows NT 10.0; Win64; x64) AppleWebKit/537.36 (KHTML, like Gecko) Chrome/137.0.0.0 Safari/537.36"
87.71.26.42 - - [24/Jun/2025:12:36:25 +0300] "POST /wp-admin/admin-ajax.php HTTP/1.0" 200 780 "https://dirata.co.il/wp-admin/post.php?post=656&action=edit" "Mozilla/5.0 (Windows NT 10.0; Win64; x64) AppleWebKit/537.36 (KHTML, like Gecko) Chrome/137.0.0.0 Safari/537.36"
80.246.130.4 - - [24/Jun/2025:12:36:30 +0300] "POST /wp-admin/admin-ajax.php HTTP/1.0" 200 1064 "https://dirata.co.il/wp-admin/edit.php?post_type=apartment" "Mozilla/5.0 (Windows NT 10.0; Win64; x64) AppleWebKit/537.36 (KHTML, like Gecko) Chrome/137.0.0.0 Safari/537.36"
87.71.26.42 - - [24/Jun/2025:12:36:34 +0300] "POST /wp-admin/admin-ajax.php HTTP/1.0" 200 728 "https://dirata.co.il/wp-admin/edit.php?post_type=apartment" "Mozilla/5.0 (Windows NT 10.0; Win64; x64) AppleWebKit/537.36 (KHTML, like Gecko) Chrome/137.0.0.0 Safari/537.36"
87.71.26.42 - - [24/Jun/2025:12:36:35 +0300] "POST /wp-admin/admin-ajax.php HTTP/1.0" 200 780 "https://dirata.co.il/wp-admin/post.php?post=656&action=edit" "Mozilla/5.0 (Windows NT 10.0; Win64; x64) AppleWebKit/537.36 (KHTML, like Gecko) Chrome/137.0.0.0 Safari/537.36"
35.198.151.205 - - [24/Jun/2025:12:36:46 +0300] "POST /wp-cron.php?doing_wp_cron=1750757806.5946540832519531250000 HTTP/1.0" 200 409 "-" "WordPress/6.7.2; https://dirata.co.il"
87.71.26.42 - - [24/Jun/2025:12:36:46 +0300] "POST /wp-admin/admin-ajax.php HTTP/1.0" 200 780 "https://dirata.co.il/wp-admin/post.php?post=656&action=edit" "Mozilla/5.0 (Windows NT 10.0; Win64; x64) AppleWebKit/537.36 (KHTML, like Gecko) Chrome/137.0.0.0 Safari/537.36"
35.198.151.205 - - [24/Jun/2025:12:37:26 +0300] "POST /wp-cron.php?doing_wp_cron=1750757846.9367370605468750000000 HTTP/1.0" 200 409 "-" "WordPress/6.7.2; https://dirata.co.il"
87.71.26.42 - - [24/Jun/2025:12:37:26 +0300] "POST /wp-admin/admin-ajax.php HTTP/1.0" 200 780 "https://dirata.co.il/wp-admin/post.php?post=656&action=edit" "Mozilla/5.0 (Windows NT 10.0; Win64; x64) AppleWebKit/537.36 (KHTML, like Gecko) Chrome/137.0.0.0 Safari/537.36"
35.198.151.205 - - [24/Jun/2025:12:37:27 +0300] "POST /wp-admin/admin-ajax.php?action=async_litespeed&nonce=QqR4dbji43I3VPnQWqxkb6rlJgsLTTG0&litespeed_type=imgoptm HTTP/1.0" 200 565 "-" "WordPress/6.7.2; https://dirata.co.il"
87.71.26.42 - - [24/Jun/2025:12:37:36 +0300] "POST /wp-admin/admin-ajax.php HTTP/1.0" 200 780 "https://dirata.co.il/wp-admin/post.php?post=656&action=edit" "Mozilla/5.0 (Windows NT 10.0; Win64; x64) AppleWebKit/537.36 (KHTML, like Gecko) Chrome/137.0.0.0 Safari/537.36"
80.246.130.4 - - [24/Jun/2025:12:37:41 +0300] "POST /wp-admin/admin-ajax.php HTTP/1.0" 200 1064 "https://dirata.co.il/wp-admin/edit.php?post_type=apartment" "Mozilla/5.0 (Windows NT 10.0; Win64; x64) AppleWebKit/537.36 (KHTML, like Gecko) Chrome/137.0.0.0 Safari/537.36"
87.71.26.42 - - [24/Jun/2025:12:37:41 +0300] "POST /wp-admin/admin-ajax.php HTTP/1.0" 200 727 "https://dirata.co.il/wp-admin/post.php?post=656&action=edit" "Mozilla/5.0 (Windows NT 10.0; Win64; x64) AppleWebKit/537.36 (KHTML, like Gecko) Chrome/137.0.0.0 Safari/537.36"
87.71.26.42 - - [24/Jun/2025:12:37:42 +0300] "POST /wp-admin/post.php HTTP/1.0" 302 1163 "https://dirata.co.il/wp-admin/post.php?post=656&action=edit" "Mozilla/5.0 (Windows NT 10.0; Win64; x64) AppleWebKit/537.36 (KHTML, like Gecko) Chrome/137.0.0.0 Safari/537.36"
87.71.26.42 - - [24/Jun/2025:12:37:42 +0300] "GET /wp-admin/post.php?post=656&action=edit&message=1 HTTP/1.0" 200 584629 "https://dirata.co.il/wp-admin/post.php?post=656&action=edit" "Mozilla/5.0 (Windows NT 10.0; Win64; x64) AppleWebKit/537.36 (KHTML, like Gecko) Chrome/137.0.0.0 Safari/537.36"
87.71.26.42 - - [24/Jun/2025:12:37:44 +0300] "GET /wp-admin/admin-ajax.php?action=oembed-cache&post=656 HTTP/1.0" 200 584 "https://dirata.co.il/wp-admin/post.php?post=656&action=edit" "Mozilla/5.0 (Windows NT 10.0; Win64; x64) AppleWebKit/537.36 (KHTML, like Gecko) Chrome/137.0.0.0 Safari/537.36"
87.71.26.42 - - [24/Jun/2025:12:37:47 +0300] "GET /apartments-search/ HTTP/1.0" 200 121908 "https://dirata.co.il/" "Mozilla/5.0 (Windows NT 10.0; Win64; x64) AppleWebKit/537.36 (KHTML, like Gecko) Chrome/137.0.0.0 Safari/537.36"
87.71.26.42 - - [24/Jun/2025:12:37:47 +0300] "POST /wp-admin/admin-ajax.php HTTP/1.0" 200 11747 "https://dirata.co.il/apartments-search/" "Mozilla/5.0 (Windows NT 10.0; Win64; x64) AppleWebKit/537.36 (KHTML, like Gecko) Chrome/137.0.0.0 Safari/537.36"
87.71.26.42 - - [24/Jun/2025:12:37:49 +0300] "POST /wp-admin/admin-ajax.php HTTP/1.0" 200 56184 "https://dirata.co.il/apartments-search/" "Mozilla/5.0 (Windows NT 10.0; Win64; x64) AppleWebKit/537.36 (KHTML, like Gecko) Chrome/137.0.0.0 Safari/537.36"
87.71.26.42 - - [24/Jun/2025:12:37:49 +0300] "POST /wp-admin/admin-ajax.php HTTP/1.0" 200 56184 "https://dirata.co.il/apartments-search/" "Mozilla/5.0 (Windows NT 10.0; Win64; x64) AppleWebKit/537.36 (KHTML, like Gecko) Chrome/137.0.0.0 Safari/537.36"
35.198.151.205 - - [24/Jun/2025:12:37:54 +0300] "POST /wp-cron.php?doing_wp_cron=1750757874.6613399982452392578125 HTTP/1.0" 200 409 "-" "WordPress/6.7.2; https://dirata.co.il"
87.71.26.42 - - [24/Jun/2025:12:37:54 +0300] "POST /wp-admin/admin-ajax.php HTTP/1.0" 200 780 "https://dirata.co.il/wp-admin/post.php?post=656&action=edit" "Mozilla/5.0 (Windows NT 10.0; Win64; x64) AppleWebKit/537.36 (KHTML, like Gecko) Chrome/137.0.0.0 Safari/537.36"
35.198.151.205 - - [24/Jun/2025:12:37:54 +0300] "POST /wp-admin/admin-ajax.php?action=async_litespeed&nonce=3Bw9rLFaUlonYccH48NhUfz6t8FxGOwL&litespeed_type=imgoptm HTTP/1.0" 200 565 "-" "WordPress/6.7.2; https://dirata.co.il"
87.71.26.42 - - [24/Jun/2025:12:37:56 +0300] "POST /wp-admin/admin-ajax.php HTTP/1.0" 200 728 "https://dirata.co.il/wp-admin/edit.php?post_type=apartment" "Mozilla/5.0 (Windows NT 10.0; Win64; x64) AppleWebKit/537.36 (KHTML, like Gecko) Chrome/137.0.0.0 Safari/537.36"
87.71.26.42 - - [24/Jun/2025:12:38:05 +0300] "POST /wp-admin/admin-ajax.php HTTP/1.0" 200 780 "https://dirata.co.il/wp-admin/post.php?post=656&action=edit" "Mozilla/5.0 (Windows NT 10.0; Win64; x64) AppleWebKit/537.36 (KHTML, like Gecko) Chrome/137.0.0.0 Safari/537.36"
87.71.26.42 - - [24/Jun/2025:12:38:35 +0300] "POST /wp-admin/admin-ajax.php HTTP/1.0" 200 728 "https://dirata.co.il/wp-admin/edit.php?post_type=apartment" "Mozilla/5.0 (Windows NT 10.0; Win64; x64) AppleWebKit/537.36 (KHTML, like Gecko) Chrome/137.0.0.0 Safari/537.36"
35.198.151.205 - - [24/Jun/2025:12:39:17 +0300] "POST /wp-cron.php?doing_wp_cron=1750757957.8992700576782226562500 HTTP/1.0" 200 409 "-" "WordPress/6.7.2; https://dirata.co.il"
80.246.130.4 - - [24/Jun/2025:12:39:17 +0300] "POST /wp-admin/admin-ajax.php HTTP/1.0" 200 1064 "https://dirata.co.il/wp-admin/edit.php?post_type=apartment" "Mozilla/5.0 (Windows NT 10.0; Win64; x64) AppleWebKit/537.36 (KHTML, like Gecko) Chrome/137.0.0.0 Safari/537.36"
35.198.151.205 - - [24/Jun/2025:12:39:18 +0300] "POST /wp-admin/admin-ajax.php?action=async_litespeed&nonce=RyJbtGggOxRArOgIiiz3kNhrKTLw3Wvq&litespeed_type=imgoptm HTTP/1.0" 200 565 "-" "WordPress/6.7.2; https://dirata.co.il"
80.246.130.4 - - [24/Jun/2025:12:39:28 +0300] "POST /wp-admin/admin-ajax.php HTTP/1.0" 200 1064 "https://dirata.co.il/wp-admin/edit.php?post_type=apartment" "Mozilla/5.0 (Windows NT 10.0; Win64; x64) AppleWebKit/537.36 (KHTML, like Gecko) Chrome/137.0.0.0 Safari/537.36"
35.198.151.205 - - [24/Jun/2025:12:39:57 +0300] "POST /wp-cron.php?doing_wp_cron=1750757997.8601260185241699218750 HTTP/1.0" 200 409 "-" "WordPress/6.7.2; https://dirata.co.il"
87.71.26.42 - - [24/Jun/2025:12:39:57 +0300] "POST /wp-admin/admin-ajax.php HTTP/1.0" 200 728 "https://dirata.co.il/wp-admin/edit.php?post_type=apartment" "Mozilla/5.0 (Windows NT 10.0; Win64; x64) AppleWebKit/537.36 (KHTML, like Gecko) Chrome/137.0.0.0 Safari/537.36"
35.198.151.205 - - [24/Jun/2025:12:39:58 +0300] "POST /wp-admin/admin-ajax.php?action=async_litespeed&nonce=Ul6lzqlkVzgFuEH15s76o8tXGEHGJZ6i&litespeed_type=imgoptm HTTP/1.0" 200 565 "-" "WordPress/6.7.2; https://dirata.co.il"
87.71.26.42 - - [24/Jun/2025:12:40:06 +0300] "POST /wp-admin/admin-ajax.php HTTP/1.0" 200 780 "https://dirata.co.il/wp-admin/post.php?post=656&action=edit" "Mozilla/5.0 (Windows NT 10.0; Win64; x64) AppleWebKit/537.36 (KHTML, like Gecko) Chrome/137.0.0.0 Safari/537.36"
87.71.26.42 - - [24/Jun/2025:12:40:36 +0300] "POST /wp-admin/admin-ajax.php HTTP/1.0" 200 728 "https://dirata.co.il/wp-admin/edit.php?post_type=apartment" "Mozilla/5.0 (Windows NT 10.0; Win64; x64) AppleWebKit/537.36 (KHTML, like Gecko) Chrome/137.0.0.0 Safari/537.36"
80.246.130.4 - - [24/Jun/2025:12:40:44 +0300] "POST /wp-admin/admin-ajax.php HTTP/1.0" 200 1064 "https://dirata.co.il/wp-admin/edit.php?post_type=apartment" "Mozilla/5.0 (Windows NT 10.0; Win64; x64) AppleWebKit/537.36 (KHTML, like Gecko) Chrome/137.0.0.0 Safari/537.36"
80.246.130.4 - - [24/Jun/2025:12:40:46 +0300] "GET /login/?redirect_to=https%3A%2F%2Fdirata.co.il%2Fwp-admin%2Fedit.php%3Fpost_type%3Dapartment HTTP/1.0" 302 547 "-" "Mozilla/5.0 (Windows NT 10.0; Win64; x64) AppleWebKit/537.36 (KHTML, like Gecko) Chrome/137.0.0.0 Safari/537.36"
80.246.130.4 - - [24/Jun/2025:12:40:46 +0300] "GET /wp-admin/edit.php?post_type=apartment HTTP/1.0" 200 221310 "-" "Mozilla/5.0 (Windows NT 10.0; Win64; x64) AppleWebKit/537.36 (KHTML, like Gecko) Chrome/137.0.0.0 Safari/537.36"
80.246.130.4 - - [24/Jun/2025:12:40:47 +0300] "POST /wp-admin/admin-ajax.php HTTP/1.0" 200 1064 "https://dirata.co.il/wp-admin/edit.php?post_type=apartment" "Mozilla/5.0 (Windows NT 10.0; Win64; x64) AppleWebKit/537.36 (KHTML, like Gecko) Chrome/137.0.0.0 Safari/537.36"
35.198.151.205 - - [24/Jun/2025:12:40:52 +0300] "POST /wp-cron.php?doing_wp_cron=1750758052.4095389842987060546875 HTTP/1.0" 200 409 "-" "WordPress/6.7.2; https://dirata.co.il"
80.246.130.4 - - [24/Jun/2025:12:40:52 +0300] "POST /wp-admin/admin-ajax.php HTTP/1.0" 200 1064 "https://dirata.co.il/wp-admin/edit.php?post_type=apartment" "Mozilla/5.0 (Windows NT 10.0; Win64; x64) AppleWebKit/537.36 (KHTML, like Gecko) Chrome/137.0.0.0 Safari/537.36"
35.198.151.205 - - [24/Jun/2025:12:40:52 +0300] "POST /wp-admin/admin-ajax.php?action=async_litespeed&nonce=EhY8Qa9fm13G2UZyI4Fnrj5ViKjrRKvH&litespeed_type=imgoptm HTTP/1.0" 200 565 "-" "WordPress/6.7.2; https://dirata.co.il"
35.198.151.205 - - [24/Jun/2025:12:41:25 +0300] "POST /wp-cron.php?doing_wp_cron=1750758085.0919470787048339843750 HTTP/1.0" 200 409 "-" "WordPress/6.7.2; https://dirata.co.il"
80.246.130.4 - - [24/Jun/2025:12:41:24 +0300] "POST /wp-admin/admin-ajax.php HTTP/1.0" 200 1064 "https://dirata.co.il/wp-admin/edit.php?post_type=apartment" "Mozilla/5.0 (Windows NT 10.0; Win64; x64) AppleWebKit/537.36 (KHTML, like Gecko) Chrome/137.0.0.0 Safari/537.36"
80.246.130.4 - - [24/Jun/2025:12:41:31 +0300] "POST /wp-admin/admin-ajax.php HTTP/1.0" 200 1064 "https://dirata.co.il/wp-admin/edit.php?post_type=apartment" "Mozilla/5.0 (Windows NT 10.0; Win64; x64) AppleWebKit/537.36 (KHTML, like Gecko) Chrome/137.0.0.0 Safari/537.36"
35.198.151.205 - - [24/Jun/2025:12:41:58 +0300] "POST /wp-cron.php?doing_wp_cron=1750758118.8949799537658691406250 HTTP/1.0" 200 409 "-" "WordPress/6.7.2; https://dirata.co.il"
87.71.26.42 - - [24/Jun/2025:12:41:58 +0300] "POST /wp-admin/admin-ajax.php HTTP/1.0" 200 728 "https://dirata.co.il/wp-admin/edit.php?post_type=apartment" "Mozilla/5.0 (Windows NT 10.0; Win64; x64) AppleWebKit/537.36 (KHTML, like Gecko) Chrome/137.0.0.0 Safari/537.36"
35.198.151.205 - - [24/Jun/2025:12:41:59 +0300] "POST /wp-admin/admin-ajax.php?action=async_litespeed&nonce=6A1IuOaMxGembDnrZtdhdFlVbMhXdXBo&litespeed_type=imgoptm HTTP/1.0" 200 565 "-" "WordPress/6.7.2; https://dirata.co.il"
87.71.26.42 - - [24/Jun/2025:12:42:07 +0300] "POST /wp-admin/admin-ajax.php HTTP/1.0" 200 780 "https://dirata.co.il/wp-admin/post.php?post=656&action=edit" "Mozilla/5.0 (Windows NT 10.0; Win64; x64) AppleWebKit/537.36 (KHTML, like Gecko) Chrome/137.0.0.0 Safari/537.36"
87.71.26.42 - - [24/Jun/2025:12:42:37 +0300] "POST /wp-admin/admin-ajax.php HTTP/1.0" 200 728 "https://dirata.co.il/wp-admin/edit.php?post_type=apartment" "Mozilla/5.0 (Windows NT 10.0; Win64; x64) AppleWebKit/537.36 (KHTML, like Gecko) Chrome/137.0.0.0 Safari/537.36"
35.198.151.205 - - [24/Jun/2025:12:43:35 +0300] "POST /wp-cron.php?doing_wp_cron=1750758215.7027380466461181640625 HTTP/1.0" 200 409 "-" "WordPress/6.7.2; https://dirata.co.il"
80.246.130.4 - - [24/Jun/2025:12:43:35 +0300] "POST /wp-admin/admin-ajax.php HTTP/1.0" 200 1064 "https://dirata.co.il/wp-admin/edit.php?post_type=apartment" "Mozilla/5.0 (Windows NT 10.0; Win64; x64) AppleWebKit/537.36 (KHTML, like Gecko) Chrome/137.0.0.0 Safari/537.36"
35.198.151.205 - - [24/Jun/2025:12:43:35 +0300] "POST /wp-admin/admin-ajax.php?action=async_litespeed&nonce=hArcmmkSGVsJum4fznivf2iJFxk4hK5G&litespeed_type=imgoptm HTTP/1.0" 200 565 "-" "WordPress/6.7.2; https://dirata.co.il"
35.198.151.205 - - [24/Jun/2025:12:43:59 +0300] "POST /wp-cron.php?doing_wp_cron=1750758239.7504789829254150390625 HTTP/1.0" 200 409 "-" "WordPress/6.7.2; https://dirata.co.il"
87.71.26.42 - - [24/Jun/2025:12:43:59 +0300] "POST /wp-admin/admin-ajax.php HTTP/1.0" 200 728 "https://dirata.co.il/wp-admin/edit.php?post_type=apartment" "Mozilla/5.0 (Windows NT 10.0; Win64; x64) AppleWebKit/537.36 (KHTML, like Gecko) Chrome/137.0.0.0 Safari/537.36"
35.198.151.205 - - [24/Jun/2025:12:44:00 +0300] "POST /wp-admin/admin-ajax.php?action=async_litespeed&nonce=ulZvTBPzKNk9gjRH4tqYlWXsvQeV38jo&litespeed_type=imgoptm HTTP/1.0" 200 565 "-" "WordPress/6.7.2; https://dirata.co.il"
87.71.26.42 - - [24/Jun/2025:12:44:08 +0300] "POST /wp-admin/admin-ajax.php HTTP/1.0" 200 780 "https://dirata.co.il/wp-admin/post.php?post=656&action=edit" "Mozilla/5.0 (Windows NT 10.0; Win64; x64) AppleWebKit/537.36 (KHTML, like Gecko) Chrome/137.0.0.0 Safari/537.36"
87.71.26.42 - - [24/Jun/2025:12:44:38 +0300] "POST /wp-admin/admin-ajax.php HTTP/1.0" 200 728 "https://dirata.co.il/wp-admin/edit.php?post_type=apartment" "Mozilla/5.0 (Windows NT 10.0; Win64; x64) AppleWebKit/537.36 (KHTML, like Gecko) Chrome/137.0.0.0 Safari/537.36"
80.246.130.4 - - [24/Jun/2025:12:44:49 +0300] "POST /wp-admin/admin-ajax.php HTTP/1.0" 200 1064 "https://dirata.co.il/wp-admin/edit.php?post_type=apartment" "Mozilla/5.0 (Windows NT 10.0; Win64; x64) AppleWebKit/537.36 (KHTML, like Gecko) Chrome/137.0.0.0 Safari/537.36"
35.198.151.205 - - [24/Jun/2025:12:44:56 +0300] "POST /wp-cron.php?doing_wp_cron=1750758296.4284489154815673828125 HTTP/1.0" 200 409 "-" "WordPress/6.7.2; https://dirata.co.il"
80.246.130.4 - - [24/Jun/2025:12:44:56 +0300] "POST /wp-admin/admin-ajax.php HTTP/1.0" 200 1064 "https://dirata.co.il/wp-admin/edit.php?post_type=apartment" "Mozilla/5.0 (Windows NT 10.0; Win64; x64) AppleWebKit/537.36 (KHTML, like Gecko) Chrome/137.0.0.0 Safari/537.36"
35.198.151.205 - - [24/Jun/2025:12:44:56 +0300] "POST /wp-admin/admin-ajax.php?action=async_litespeed&nonce=MRrEIIoo5mIz2wFUUo1VAWpR9UsZzF4S&litespeed_type=imgoptm HTTP/1.0" 200 565 "-" "WordPress/6.7.2; https://dirata.co.il"
80.246.130.4 - - [24/Jun/2025:12:45:09 +0300] "POST /wp-admin/admin-ajax.php HTTP/1.0" 200 1064 "https://dirata.co.il/wp-admin/edit.php?post_type=apartment" "Mozilla/5.0 (Windows NT 10.0; Win64; x64) AppleWebKit/537.36 (KHTML, like Gecko) Chrome/137.0.0.0 Safari/537.36"
80.246.130.4 - - [24/Jun/2025:12:45:16 +0300] "POST /wp-admin/admin-ajax.php HTTP/1.0" 200 1064 "https://dirata.co.il/wp-admin/edit.php?post_type=apartment" "Mozilla/5.0 (Windows NT 10.0; Win64; x64) AppleWebKit/537.36 (KHTML, like Gecko) Chrome/137.0.0.0 Safari/537.36"
80.246.130.4 - - [24/Jun/2025:12:45:29 +0300] "POST /wp-admin/admin-ajax.php HTTP/1.0" 200 1064 "https://dirata.co.il/wp-admin/edit.php?post_type=apartment" "Mozilla/5.0 (Windows NT 10.0; Win64; x64) AppleWebKit/537.36 (KHTML, like Gecko) Chrome/137.0.0.0 Safari/537.36"
80.246.130.4 - - [24/Jun/2025:12:45:36 +0300] "POST /wp-admin/admin-ajax.php HTTP/1.0" 200 1064 "https://dirata.co.il/wp-admin/edit.php?post_type=apartment" "Mozilla/5.0 (Windows NT 10.0; Win64; x64) AppleWebKit/537.36 (KHTML, like Gecko) Chrome/137.0.0.0 Safari/537.36"
80.246.130.4 - - [24/Jun/2025:12:45:49 +0300] "POST /wp-admin/admin-ajax.php HTTP/1.0" 200 1064 "https://dirata.co.il/wp-admin/edit.php?post_type=apartment" "Mozilla/5.0 (Windows NT 10.0; Win64; x64) AppleWebKit/537.36 (KHTML, like Gecko) Chrome/137.0.0.0 Safari/537.36"
35.198.151.205 - - [24/Jun/2025:12:45:56 +0300] "POST /wp-cron.php?doing_wp_cron=1750758356.4958729743957519531250 HTTP/1.0" 200 409 "-" "WordPress/6.7.2; https://dirata.co.il"
80.246.130.4 - - [24/Jun/2025:12:45:56 +0300] "POST /wp-admin/admin-ajax.php HTTP/1.0" 200 1064 "https://dirata.co.il/wp-admin/edit.php?post_type=apartment" "Mozilla/5.0 (Windows NT 10.0; Win64; x64) AppleWebKit/537.36 (KHTML, like Gecko) Chrome/137.0.0.0 Safari/537.36"
35.198.151.205 - - [24/Jun/2025:12:45:56 +0300] "POST /wp-admin/admin-ajax.php?action=async_litespeed&nonce=gqhbNznFErxwJSnCGKfWz1dez3HxAikQ&litespeed_type=imgoptm HTTP/1.0" 200 565 "-" "WordPress/6.7.2; https://dirata.co.il"
35.198.151.205 - - [24/Jun/2025:12:46:00 +0300] "POST /wp-cron.php?doing_wp_cron=1750758360.9113099575042724609375 HTTP/1.0" 200 409 "-" "WordPress/6.7.2; https://dirata.co.il"
87.71.26.42 - - [24/Jun/2025:12:46:00 +0300] "POST /wp-admin/admin-ajax.php HTTP/1.0" 200 728 "https://dirata.co.il/wp-admin/edit.php?post_type=apartment" "Mozilla/5.0 (Windows NT 10.0; Win64; x64) AppleWebKit/537.36 (KHTML, like Gecko) Chrome/137.0.0.0 Safari/537.36"
87.71.26.42 - - [24/Jun/2025:12:46:09 +0300] "POST /wp-admin/admin-ajax.php HTTP/1.0" 200 780 "https://dirata.co.il/wp-admin/post.php?post=656&action=edit" "Mozilla/5.0 (Windows NT 10.0; Win64; x64) AppleWebKit/537.36 (KHTML, like Gecko) Chrome/137.0.0.0 Safari/537.36"
80.246.130.4 - - [24/Jun/2025:12:46:09 +0300] "POST /wp-admin/admin-ajax.php HTTP/1.0" 200 1064 "https://dirata.co.il/wp-admin/edit.php?post_type=apartment" "Mozilla/5.0 (Windows NT 10.0; Win64; x64) AppleWebKit/537.36 (KHTML, like Gecko) Chrome/137.0.0.0 Safari/537.36"
80.246.130.4 - - [24/Jun/2025:12:46:16 +0300] "POST /wp-admin/admin-ajax.php HTTP/1.0" 200 1064 "https://dirata.co.il/wp-admin/edit.php?post_type=apartment" "Mozilla/5.0 (Windows NT 10.0; Win64; x64) AppleWebKit/537.36 (KHTML, like Gecko) Chrome/137.0.0.0 Safari/537.36"
80.246.130.4 - - [24/Jun/2025:12:46:29 +0300] "POST /wp-admin/admin-ajax.php HTTP/1.0" 200 1064 "https://dirata.co.il/wp-admin/edit.php?post_type=apartment" "Mozilla/5.0 (Windows NT 10.0; Win64; x64) AppleWebKit/537.36 (KHTML, like Gecko) Chrome/137.0.0.0 Safari/537.36"
80.246.130.4 - - [24/Jun/2025:12:46:36 +0300] "POST /wp-admin/admin-ajax.php HTTP/1.0" 200 1064 "https://dirata.co.il/wp-admin/edit.php?post_type=apartment" "Mozilla/5.0 (Windows NT 10.0; Win64; x64) AppleWebKit/537.36 (KHTML, like Gecko) Chrome/137.0.0.0 Safari/537.36"
87.71.26.42 - - [24/Jun/2025:12:46:39 +0300] "POST /wp-admin/admin-ajax.php HTTP/1.0" 200 728 "https://dirata.co.il/wp-admin/edit.php?post_type=apartment" "Mozilla/5.0 (Windows NT 10.0; Win64; x64) AppleWebKit/537.36 (KHTML, like Gecko) Chrome/137.0.0.0 Safari/537.36"
35.198.151.205 - - [24/Jun/2025:12:46:49 +0300] "POST /wp-cron.php?doing_wp_cron=1750758409.7448589801788330078125 HTTP/1.0" 200 409 "-" "WordPress/6.7.2; https://dirata.co.il"
80.246.130.4 - - [24/Jun/2025:12:46:49 +0300] "POST /wp-admin/admin-ajax.php HTTP/1.0" 200 1064 "https://dirata.co.il/wp-admin/edit.php?post_type=apartment" "Mozilla/5.0 (Windows NT 10.0; Win64; x64) AppleWebKit/537.36 (KHTML, like Gecko) Chrome/137.0.0.0 Safari/537.36"
35.198.151.205 - - [24/Jun/2025:12:46:56 +0300] "POST /wp-cron.php?doing_wp_cron=1750758416.5737090110778808593750 HTTP/1.0" 200 409 "-" "WordPress/6.7.2; https://dirata.co.il"
80.246.130.4 - - [24/Jun/2025:12:46:56 +0300] "POST /wp-admin/admin-ajax.php HTTP/1.0" 200 1064 "https://dirata.co.il/wp-admin/edit.php?post_type=apartment" "Mozilla/5.0 (Windows NT 10.0; Win64; x64) AppleWebKit/537.36 (KHTML, like Gecko) Chrome/137.0.0.0 Safari/537.36"
35.198.151.205 - - [24/Jun/2025:12:46:56 +0300] "POST /wp-admin/admin-ajax.php?action=async_litespeed&nonce=4Bboypb4jpRS3EM90Aa1NWd9XoHIPnxv&litespeed_type=imgoptm HTTP/1.0" 200 565 "-" "WordPress/6.7.2; https://dirata.co.il"
80.246.130.4 - - [24/Jun/2025:12:47:06 +0300] "POST /wp-admin/admin-ajax.php HTTP/1.0" 200 1064 "https://dirata.co.il/wp-admin/edit.php?post_type=apartment" "Mozilla/5.0 (Windows NT 10.0; Win64; x64) AppleWebKit/537.36 (KHTML, like Gecko) Chrome/137.0.0.0 Safari/537.36"
80.246.130.4 - - [24/Jun/2025:12:47:16 +0300] "POST /wp-admin/admin-ajax.php HTTP/1.0" 200 1064 "https://dirata.co.il/wp-admin/edit.php?post_type=apartment" "Mozilla/5.0 (Windows NT 10.0; Win64; x64) AppleWebKit/537.36 (KHTML, like Gecko) Chrome/137.0.0.0 Safari/537.36"
80.246.130.4 - - [24/Jun/2025:12:47:26 +0300] "POST /wp-admin/admin-ajax.php HTTP/1.0" 200 1064 "https://dirata.co.il/wp-admin/edit.php?post_type=apartment" "Mozilla/5.0 (Windows NT 10.0; Win64; x64) AppleWebKit/537.36 (KHTML, like Gecko) Chrome/137.0.0.0 Safari/537.36"
87.71.26.42 - - [24/Jun/2025:12:47:31 +0300] "GET /apartments/%d7%90%d7%95%d7%a8-%d7%94%d7%97%d7%99%d7%99%d7%9d-%d7%90%d7%95%d7%a4%d7%a7%d7%99%d7%9d/ HTTP/1.0" 200 156621 "-" "Mozilla/5.0 (Windows NT 10.0; Win64; x64) AppleWebKit/537.36 (KHTML, like Gecko) Chrome/137.0.0.0 Safari/537.36"
87.71.26.42 - - [24/Jun/2025:12:47:31 +0300] "GET /wp-content/uploads/2025/06/apartment_image_68518424ed840.webp HTTP/1.0" 200 438 "https://dirata.co.il/apartments/%d7%90%d7%95%d7%a8-%d7%94%d7%97%d7%99%d7%99%d7%9d-%d7%90%d7%95%d7%a4%d7%a7%d7%99%d7%9d/" "Mozilla/5.0 (Windows NT 10.0; Win64; x64) AppleWebKit/537.36 (KHTML, like Gecko) Chrome/137.0.0.0 Safari/537.36"
87.71.26.42 - - [24/Jun/2025:12:47:31 +0300] "GET /wp-content/uploads/2025/06/%D7%9E%D7%9C%D7%91%D7%9F-65.webp HTTP/1.0" 200 420 "https://dirata.co.il/apartments/%d7%90%d7%95%d7%a8-%d7%94%d7%97%d7%99%d7%99%d7%9d-%d7%90%d7%95%d7%a4%d7%a7%d7%99%d7%9d/" "Mozilla/5.0 (Windows NT 10.0; Win64; x64) AppleWebKit/537.36 (KHTML, like Gecko) Chrome/137.0.0.0 Safari/537.36"
87.71.26.42 - - [24/Jun/2025:12:47:31 +0300] "POST /wp-admin/admin-ajax.php HTTP/1.0" 200 11747 "https://dirata.co.il/apartments/%d7%90%d7%95%d7%a8-%d7%94%d7%97%d7%99%d7%99%d7%9d-%d7%90%d7%95%d7%a4%d7%a7%d7%99%d7%9d/" "Mozilla/5.0 (Windows NT 10.0; Win64; x64) AppleWebKit/537.36 (KHTML, like Gecko) Chrome/137.0.0.0 Safari/537.36"
80.246.130.4 - - [24/Jun/2025:12:47:36 +0300] "POST /wp-admin/admin-ajax.php HTTP/1.0" 200 1064 "https://dirata.co.il/wp-admin/edit.php?post_type=apartment" "Mozilla/5.0 (Windows NT 10.0; Win64; x64) AppleWebKit/537.36 (KHTML, like Gecko) Chrome/137.0.0.0 Safari/537.36"
87.71.26.42 - - [24/Jun/2025:12:47:39 +0300] "GET /apartments/%d7%90%d7%95%d7%a8-%d7%94%d7%97%d7%99%d7%99%d7%9d-%d7%90%d7%95%d7%a4%d7%a7%d7%99%d7%9d/ HTTP/1.0" 200 156621 "-" "Mozilla/5.0 (Windows NT 10.0; Win64; x64) AppleWebKit/537.36 (KHTML, like Gecko) Chrome/137.0.0.0 Safari/537.36"
87.71.26.42 - - [24/Jun/2025:12:47:40 +0300] "POST /wp-admin/admin-ajax.php HTTP/1.0" 200 11747 "https://dirata.co.il/apartments/%d7%90%d7%95%d7%a8-%d7%94%d7%97%d7%99%d7%99%d7%9d-%d7%90%d7%95%d7%a4%d7%a7%d7%99%d7%9d/" "Mozilla/5.0 (Windows NT 10.0; Win64; x64) AppleWebKit/537.36 (KHTML, like Gecko) Chrome/137.0.0.0 Safari/537.36"
80.246.130.4 - - [24/Jun/2025:12:47:46 +0300] "POST /wp-admin/admin-ajax.php HTTP/1.0" 200 1064 "https://dirata.co.il/wp-admin/edit.php?post_type=apartment" "Mozilla/5.0 (Windows NT 10.0; Win64; x64) AppleWebKit/537.36 (KHTML, like Gecko) Chrome/137.0.0.0 Safari/537.36"
66.249.70.2 - - [24/Jun/2025:12:47:46 +0300] "GET /apartments/%D7%90%D7%96%D7%95%D7%A8-%D7%91%D7%99%D7%AA-%D7%94%D7%9B%D7%A0%D7%A1%D7%AA-%D7%94%D7%92%D7%93%D7%95%D7%9C/ HTTP/1.0" 200 62133 "-" "Mozilla/5.0 (Linux; Android 6.0.1; Nexus 5X Build/MMB29P) AppleWebKit/537.36 (KHTML, like Gecko) Chrome/137.0.7151.103 Mobile Safari/537.36 (compatible; Googlebot/2.1; +http://www.google.com/bot.html)"
35.198.151.205 - - [24/Jun/2025:12:47:53 +0300] "POST /wp-cron.php?doing_wp_cron=1750758473.5122470855712890625000 HTTP/1.0" 200 409 "-" "WordPress/6.7.2; https://dirata.co.il"
66.249.70.8 - - [24/Jun/2025:12:47:53 +0300] "POST /wp-admin/admin-ajax.php HTTP/1.0" 200 11728 "https://dirata.co.il/apartments/%D7%90%D7%96%D7%95%D7%A8-%D7%91%D7%99%D7%AA-%D7%94%D7%9B%D7%A0%D7%A1%D7%AA-%D7%94%D7%92%D7%93%D7%95%D7%9C/" "Mozilla/5.0 (Linux; Android 6.0.1; Nexus 5X Build/MMB29P) AppleWebKit/537.36 (KHTML, like Gecko) Chrome/137.0.7151.68 Mobile Safari/537.36 (compatible; Googlebot/2.1; +http://www.google.com/bot.html)"
35.198.151.205 - - [24/Jun/2025:12:47:53 +0300] "POST /wp-admin/admin-ajax.php?action=async_litespeed&nonce=FqHuHB6bp5B42QK2sTCzenV09yxdyMyC&litespeed_type=imgoptm HTTP/1.0" 200 565 "-" "WordPress/6.7.2; https://dirata.co.il"
66.249.70.1 - - [24/Jun/2025:12:47:53 +0300] "POST /wp-admin/admin-ajax.php HTTP/1.0" 200 56165 "https://dirata.co.il/apartments/%D7%90%D7%96%D7%95%D7%A8-%D7%91%D7%99%D7%AA-%D7%94%D7%9B%D7%A0%D7%A1%D7%AA-%D7%94%D7%92%D7%93%D7%95%D7%9C/" "Mozilla/5.0 (Linux; Android 6.0.1; Nexus 5X Build/MMB29P) AppleWebKit/537.36 (KHTML, like Gecko) Chrome/137.0.7151.68 Mobile Safari/537.36 (compatible; Googlebot/2.1; +http://www.google.com/bot.html)"
66.249.70.1 - - [24/Jun/2025:12:47:53 +0300] "POST /wp-admin/admin-ajax.php HTTP/1.0" 200 56165 "https://dirata.co.il/apartments/%D7%90%D7%96%D7%95%D7%A8-%D7%91%D7%99%D7%AA-%D7%94%D7%9B%D7%A0%D7%A1%D7%AA-%D7%94%D7%92%D7%93%D7%95%D7%9C/" "Mozilla/5.0 (Linux; Android 6.0.1; Nexus 5X Build/MMB29P) AppleWebKit/537.36 (KHTML, like Gecko) Chrome/137.0.7151.68 Mobile Safari/537.36 (compatible; Googlebot/2.1; +http://www.google.com/bot.html)"
80.246.130.4 - - [24/Jun/2025:12:47:56 +0300] "POST /wp-admin/admin-ajax.php HTTP/1.0" 200 1064 "https://dirata.co.il/wp-admin/edit.php?post_type=apartment" "Mozilla/5.0 (Windows NT 10.0; Win64; x64) AppleWebKit/537.36 (KHTML, like Gecko) Chrome/137.0.0.0 Safari/537.36"
87.71.26.42 - - [24/Jun/2025:12:48:01 +0300] "POST /wp-admin/admin-ajax.php HTTP/1.0" 200 728 "https://dirata.co.il/wp-admin/edit.php?post_type=apartment" "Mozilla/5.0 (Windows NT 10.0; Win64; x64) AppleWebKit/537.36 (KHTML, like Gecko) Chrome/137.0.0.0 Safari/537.36"
87.71.26.42 - - [24/Jun/2025:12:48:10 +0300] "POST /wp-admin/admin-ajax.php HTTP/1.0" 200 780 "https://dirata.co.il/wp-admin/post.php?post=656&action=edit" "Mozilla/5.0 (Windows NT 10.0; Win64; x64) AppleWebKit/537.36 (KHTML, like Gecko) Chrome/137.0.0.0 Safari/537.36"
66.249.70.1 - - [24/Jun/2025:12:48:38 +0300] "GET /apartments/%D7%94%D7%95%D7%A9%D7%A2/ HTTP/1.0" 200 187865 "-" "Mozilla/5.0 (Linux; Android 6.0.1; Nexus 5X Build/MMB29P) AppleWebKit/537.36 (KHTML, like Gecko) Chrome/137.0.7151.103 Mobile Safari/537.36 (compatible; Googlebot/2.1; +http://www.google.com/bot.html)"
87.71.26.42 - - [24/Jun/2025:12:48:40 +0300] "POST /wp-admin/admin-ajax.php HTTP/1.0" 200 728 "https://dirata.co.il/wp-admin/edit.php?post_type=apartment" "Mozilla/5.0 (Windows NT 10.0; Win64; x64) AppleWebKit/537.36 (KHTML, like Gecko) Chrome/137.0.0.0 Safari/537.36"
35.198.151.205 - - [24/Jun/2025:12:50:00 +0300] "POST /wp-cron.php?doing_wp_cron=1750758600.0539340972900390625000 HTTP/1.0" 200 409 "-" "WordPress/6.7.2; https://dirata.co.il"
80.246.130.4 - - [24/Jun/2025:12:49:59 +0300] "POST /wp-admin/admin-ajax.php HTTP/1.0" 200 1064 "https://dirata.co.il/wp-admin/edit.php?post_type=apartment" "Mozilla/5.0 (Windows NT 10.0; Win64; x64) AppleWebKit/537.36 (KHTML, like Gecko) Chrome/137.0.0.0 Safari/537.36"
35.198.151.205 - - [24/Jun/2025:12:50:00 +0300] "POST /wp-admin/admin-ajax.php?action=async_litespeed&nonce=Hr6rayTWZsmEKtIuOlxYjtzG9gfQ3zjS&litespeed_type=imgoptm HTTP/1.0" 200 565 "-" "WordPress/6.7.2; https://dirata.co.il"
87.71.26.42 - - [24/Jun/2025:12:50:02 +0300] "POST /wp-admin/admin-ajax.php HTTP/1.0" 200 728 "https://dirata.co.il/wp-admin/edit.php?post_type=apartment" "Mozilla/5.0 (Windows NT 10.0; Win64; x64) AppleWebKit/537.36 (KHTML, like Gecko) Chrome/137.0.0.0 Safari/537.36"
66.249.70.1 - - [24/Jun/2025:12:50:06 +0300] "POST /wp-admin/admin-ajax.php HTTP/1.0" 200 11728 "https://dirata.co.il/apartments/%D7%94%D7%95%D7%A9%D7%A2/" "Mozilla/5.0 (Linux; Android 6.0.1; Nexus 5X Build/MMB29P) AppleWebKit/537.36 (KHTML, like Gecko) Chrome/137.0.7151.68 Mobile Safari/537.36 (compatible; Googlebot/2.1; +http://www.google.com/bot.html)"
66.249.70.2 - - [24/Jun/2025:12:50:06 +0300] "POST /wp-admin/admin-ajax.php HTTP/1.0" 200 56165 "https://dirata.co.il/apartments/%D7%94%D7%95%D7%A9%D7%A2/" "Mozilla/5.0 (Linux; Android 6.0.1; Nexus 5X Build/MMB29P) AppleWebKit/537.36 (KHTML, like Gecko) Chrome/137.0.7151.68 Mobile Safari/537.36 (compatible; Googlebot/2.1; +http://www.google.com/bot.html)"
66.249.70.2 - - [24/Jun/2025:12:50:06 +0300] "POST /wp-admin/admin-ajax.php HTTP/1.0" 200 56165 "https://dirata.co.il/apartments/%D7%94%D7%95%D7%A9%D7%A2/" "Mozilla/5.0 (Linux; Android 6.0.1; Nexus 5X Build/MMB29P) AppleWebKit/537.36 (KHTML, like Gecko) Chrome/137.0.7151.68 Mobile Safari/537.36 (compatible; Googlebot/2.1; +http://www.google.com/bot.html)"
87.71.26.42 - - [24/Jun/2025:12:50:41 +0300] "POST /wp-admin/admin-ajax.php HTTP/1.0" 200 728 "https://dirata.co.il/wp-admin/edit.php?post_type=apartment" "Mozilla/5.0 (Windows NT 10.0; Win64; x64) AppleWebKit/537.36 (KHTML, like Gecko) Chrome/137.0.0.0 Safari/537.36"
35.198.151.205 - - [24/Jun/2025:12:51:59 +0300] "POST /wp-cron.php?doing_wp_cron=1750758719.8542160987854003906250 HTTP/1.0" 200 409 "-" "WordPress/6.7.2; https://dirata.co.il"
80.246.130.4 - - [24/Jun/2025:12:51:59 +0300] "POST /wp-admin/admin-ajax.php HTTP/1.0" 200 728 "https://dirata.co.il/wp-admin/edit.php?post_type=apartment" "Mozilla/5.0 (Windows NT 10.0; Win64; x64) AppleWebKit/537.36 (KHTML, like Gecko) Chrome/137.0.0.0 Safari/537.36"
35.198.151.205 - - [24/Jun/2025:12:52:00 +0300] "POST /wp-admin/admin-ajax.php?action=async_litespeed&nonce=j85qtcBL8LdbZzrZuJn1tcqBOnxc5GVa&litespeed_type=imgoptm HTTP/1.0" 200 565 "-" "WordPress/6.7.2; https://dirata.co.il"
87.71.26.42 - - [24/Jun/2025:12:52:03 +0300] "POST /wp-admin/admin-ajax.php HTTP/1.0" 200 728 "https://dirata.co.il/wp-admin/edit.php?post_type=apartment" "Mozilla/5.0 (Windows NT 10.0; Win64; x64) AppleWebKit/537.36 (KHTML, like Gecko) Chrome/137.0.0.0 Safari/537.36"
87.71.26.42 - - [24/Jun/2025:12:52:42 +0300] "POST /wp-admin/admin-ajax.php HTTP/1.0" 200 728 "https://dirata.co.il/wp-admin/edit.php?post_type=apartment" "Mozilla/5.0 (Windows NT 10.0; Win64; x64) AppleWebKit/537.36 (KHTML, like Gecko) Chrome/137.0.0.0 Safari/537.36"
35.198.151.205 - - [24/Jun/2025:12:53:06 +0300] "POST /wp-cron.php?doing_wp_cron=1750758786.1790339946746826171875 HTTP/1.0" 200 409 "-" "WordPress/6.7.2; https://dirata.co.il"
80.246.130.4 - - [24/Jun/2025:12:53:05 +0300] "POST /wp-admin/admin-ajax.php HTTP/1.0" 200 728 "https://dirata.co.il/wp-admin/edit.php?post_type=apartment" "Mozilla/5.0 (Windows NT 10.0; Win64; x64) AppleWebKit/537.36 (KHTML, like Gecko) Chrome/137.0.0.0 Safari/537.36"
35.198.151.205 - - [24/Jun/2025:12:53:06 +0300] "POST /wp-admin/admin-ajax.php?action=async_litespeed&nonce=IekbWrFThgs7xNtXc6GUZwU47W7PA8IX&litespeed_type=imgoptm HTTP/1.0" 200 565 "-" "WordPress/6.7.2; https://dirata.co.il"
80.246.130.4 - - [24/Jun/2025:12:53:15 +0300] "POST /wp-admin/admin-ajax.php HTTP/1.0" 200 728 "https://dirata.co.il/wp-admin/edit.php?post_type=apartment" "Mozilla/5.0 (Windows NT 10.0; Win64; x64) AppleWebKit/537.36 (KHTML, like Gecko) Chrome/137.0.0.0 Safari/537.36"
87.71.26.42 - - [24/Jun/2025:12:53:33 +0300] "POST /wp-admin/admin-ajax.php HTTP/1.0" 200 780 "https://dirata.co.il/wp-admin/post.php?post=656&action=edit" "Mozilla/5.0 (Windows NT 10.0; Win64; x64) AppleWebKit/537.36 (KHTML, like Gecko) Chrome/137.0.0.0 Safari/537.36"
87.71.26.42 - - [24/Jun/2025:12:53:44 +0300] "POST /wp-admin/admin-ajax.php HTTP/1.0" 200 780 "https://dirata.co.il/wp-admin/post.php?post=656&action=edit" "Mozilla/5.0 (Windows NT 10.0; Win64; x64) AppleWebKit/537.36 (KHTML, like Gecko) Chrome/137.0.0.0 Safari/537.36"
35.198.151.205 - - [24/Jun/2025:12:54:04 +0300] "POST /wp-cron.php?doing_wp_cron=1750758844.6254699230194091796875 HTTP/1.0" 200 409 "-" "WordPress/6.7.2; https://dirata.co.il"
87.71.26.42 - - [24/Jun/2025:12:54:04 +0300] "POST /wp-admin/admin-ajax.php HTTP/1.0" 200 728 "https://dirata.co.il/wp-admin/edit.php?post_type=apartment" "Mozilla/5.0 (Windows NT 10.0; Win64; x64) AppleWebKit/537.36 (KHTML, like Gecko) Chrome/137.0.0.0 Safari/537.36"
35.198.151.205 - - [24/Jun/2025:12:54:04 +0300] "POST /wp-admin/admin-ajax.php?action=async_litespeed&nonce=zhRn0KEcPcm5MjGME7rcBL9GAFHVpTVQ&litespeed_type=imgoptm HTTP/1.0" 200 565 "-" "WordPress/6.7.2; https://dirata.co.il"
87.71.26.42 - - [24/Jun/2025:12:54:43 +0300] "POST /wp-admin/admin-ajax.php HTTP/1.0" 200 728 "https://dirata.co.il/wp-admin/edit.php?post_type=apartment" "Mozilla/5.0 (Windows NT 10.0; Win64; x64) AppleWebKit/537.36 (KHTML, like Gecko) Chrome/137.0.0.0 Safari/537.36"
35.198.151.205 - - [24/Jun/2025:12:55:16 +0300] "POST /wp-cron.php?doing_wp_cron=1750758916.6213819980621337890625 HTTP/1.0" 200 409 "-" "WordPress/6.7.2; https://dirata.co.il"
80.246.130.4 - - [24/Jun/2025:12:55:16 +0300] "POST /wp-admin/admin-ajax.php HTTP/1.0" 200 1064 "https://dirata.co.il/wp-admin/edit.php?post_type=apartment" "Mozilla/5.0 (Windows NT 10.0; Win64; x64) AppleWebKit/537.36 (KHTML, like Gecko) Chrome/137.0.0.0 Safari/537.36"
35.198.151.205 - - [24/Jun/2025:12:55:16 +0300] "POST /wp-admin/admin-ajax.php?action=async_litespeed&nonce=HpQkPkAYJ5MauDtgMKCJsGgNNOQqjRGu&litespeed_type=imgoptm HTTP/1.0" 200 565 "-" "WordPress/6.7.2; https://dirata.co.il"
87.71.26.42 - - [24/Jun/2025:12:55:44 +0300] "POST /wp-admin/admin-ajax.php HTTP/1.0" 200 780 "https://dirata.co.il/wp-admin/post.php?post=656&action=edit" "Mozilla/5.0 (Windows NT 10.0; Win64; x64) AppleWebKit/537.36 (KHTML, like Gecko) Chrome/137.0.0.0 Safari/537.36"
80.246.130.4 - - [24/Jun/2025:12:55:50 +0300] "POST /wp-admin/admin-ajax.php HTTP/1.0" 200 1064 "https://dirata.co.il/wp-admin/edit.php?post_type=apartment" "Mozilla/5.0 (Windows NT 10.0; Win64; x64) AppleWebKit/537.36 (KHTML, like Gecko) Chrome/137.0.0.0 Safari/537.36"
35.198.151.205 - - [24/Jun/2025:12:55:58 +0300] "POST /wp-cron.php?doing_wp_cron=1750758958.0035459995269775390625 HTTP/1.0" 200 409 "-" "WordPress/6.7.2; https://dirata.co.il"
80.246.130.4 - - [24/Jun/2025:12:55:57 +0300] "POST /wp-admin/admin-ajax.php HTTP/1.0" 200 1064 "https://dirata.co.il/wp-admin/edit.php?post_type=apartment" "Mozilla/5.0 (Windows NT 10.0; Win64; x64) AppleWebKit/537.36 (KHTML, like Gecko) Chrome/137.0.0.0 Safari/537.36"
35.198.151.205 - - [24/Jun/2025:12:55:58 +0300] "POST /wp-admin/admin-ajax.php?action=async_litespeed&nonce=Y5HH1ejkCa0LrCLV6az1nttiCPu69VOO&litespeed_type=imgoptm HTTP/1.0" 200 565 "-" "WordPress/6.7.2; https://dirata.co.il"
35.198.151.205 - - [24/Jun/2025:12:56:05 +0300] "POST /wp-cron.php?doing_wp_cron=1750758965.6211850643157958984375 HTTP/1.0" 200 409 "-" "WordPress/6.7.2; https://dirata.co.il"
87.71.26.42 - - [24/Jun/2025:12:56:05 +0300] "POST /wp-admin/admin-ajax.php HTTP/1.0" 200 728 "https://dirata.co.il/wp-admin/edit.php?post_type=apartment" "Mozilla/5.0 (Windows NT 10.0; Win64; x64) AppleWebKit/537.36 (KHTML, like Gecko) Chrome/137.0.0.0 Safari/537.36"
80.246.130.4 - - [24/Jun/2025:12:56:23 +0300] "POST /wp-admin/admin-ajax.php HTTP/1.0" 200 1064 "https://dirata.co.il/wp-admin/edit.php?post_type=apartment" "Mozilla/5.0 (Windows NT 10.0; Win64; x64) AppleWebKit/537.36 (KHTML, like Gecko) Chrome/137.0.0.0 Safari/537.36"
80.246.130.4 - - [24/Jun/2025:12:56:29 +0300] "POST /wp-admin/admin-ajax.php HTTP/1.0" 200 1064 "https://dirata.co.il/wp-admin/edit.php?post_type=apartment" "Mozilla/5.0 (Windows NT 10.0; Win64; x64) AppleWebKit/537.36 (KHTML, like Gecko) Chrome/137.0.0.0 Safari/537.36"
80.246.130.4 - - [24/Jun/2025:12:56:39 +0300] "POST /wp-admin/admin-ajax.php HTTP/1.0" 200 1064 "https://dirata.co.il/wp-admin/edit.php?post_type=apartment" "Mozilla/5.0 (Windows NT 10.0; Win64; x64) AppleWebKit/537.36 (KHTML, like Gecko) Chrome/137.0.0.0 Safari/537.36"
87.71.26.42 - - [24/Jun/2025:12:56:43 +0300] "POST /wp-admin/admin-ajax.php HTTP/1.0" 200 728 "https://dirata.co.il/wp-admin/edit.php?post_type=apartment" "Mozilla/5.0 (Windows NT 10.0; Win64; x64) AppleWebKit/537.36 (KHTML, like Gecko) Chrome/137.0.0.0 Safari/537.36"
35.198.151.205 - - [24/Jun/2025:12:57:33 +0300] "POST /wp-cron.php?doing_wp_cron=1750759053.2724869251251220703125 HTTP/1.0" 200 409 "-" "WordPress/6.7.2; https://dirata.co.il"
